[2026-07-13T07:42:16.848+0000][7][gc,init] CardTable entry size: 512
[2026-07-13T07:42:16.849+0000][7][gc     ] Using G1
[2026-07-13T07:42:16.987+0000][7][gc,init] Version: 22.0.1+8-16 (release)
[2026-07-13T07:42:16.988+0000][7][gc,init] CPUs: 4 total, 4 available
[2026-07-13T07:42:16.988+0000][7][gc,init] Memory: 32093M
[2026-07-13T07:42:16.989+0000][7][gc,init] Large Page Support: Disabled
[2026-07-13T07:42:16.989+0000][7][gc,init] NUMA Support: Disabled
[2026-07-13T07:42:16.989+0000][7][gc,init] Compressed Oops: Enabled (32-bit)
[2026-07-13T07:42:16.990+0000][7][gc,init] Heap Region Size: 4M
[2026-07-13T07:42:16.990+0000][7][gc,init] Heap Min Capacity: 512M
[2026-07-13T07:42:16.991+0000][7][gc,init] Heap Initial Capacity: 512M
[2026-07-13T07:42:16.992+0000][7][gc,init] Heap Max Capacity: 512M
[2026-07-13T07:42:16.992+0000][7][gc,init] Pre-touch: Enabled
[2026-07-13T07:42:16.992+0000][7][gc,init] Parallel Workers: 4
[2026-07-13T07:42:16.992+0000][7][gc,init] Concurrent Workers: 1
[2026-07-13T07:42:16.993+0000][7][gc,init] Concurrent Refinement Workers: 4
[2026-07-13T07:42:16.993+0000][7][gc,init] Periodic GC: Disabled
[2026-07-13T07:42:17.341+0000][7][gc,metaspace] CDS archive(s) mapped at: [0x00007f3d02000000-0x00007f3d02c74000-0x00007f3d02c74000), size 13058048, SharedBaseAddress: 0x00007f3d02000000, ArchiveRelocationMode: 1.
[2026-07-13T07:42:17.341+0000][7][gc,metaspace] Compressed class space mapped at: 0x00007f3d03000000-0x00007f3d43000000, reserved size: 1073741824
[2026-07-13T07:42:17.342+0000][7][gc,metaspace] Narrow klass base: 0x00007f3d02000000, Narrow klass shift: 0, Narrow klass range: 0x100000000
[2026-07-13T07:42:18.709+0000][7][safepoint   ] Safepoint "Cleanup", Time since last: 1338722097 ns, Reaching safepoint: 3713 ns, Cleanup: 41868 ns, At safepoint: 48831 ns, Total: 94412 ns
[2026-07-13T07:42:19.822+0000][7][safepoint   ] Safepoint "Cleanup", Time since last: 1112766371 ns, Reaching safepoint: 8698 ns, Cleanup: 133916 ns, At safepoint: 13717 ns, Total: 156331 ns
[2026-07-13T07:42:20.895+0000][7][gc,start    ] GC(0) Pause Young (Normal) (G1 Evacuation Pause)
[2026-07-13T07:42:20.898+0000][7][gc,task     ] GC(0) Using 4 workers of 4 for evacuation
[2026-07-13T07:42:20.898+0000][7][gc,age      ] GC(0) Desired survivor size 2097152 bytes, new threshold 15 (max threshold 15)
[2026-07-13T07:42:20.911+0000][7][gc,phases   ] GC(0)   Pre Evacuate Collection Set: 0.84ms
[2026-07-13T07:42:20.911+0000][7][gc,phases   ] GC(0)   Merge Heap Roots: 0.51ms
[2026-07-13T07:42:20.911+0000][7][gc,phases   ] GC(0)   Evacuate Collection Set: 10.00ms
[2026-07-13T07:42:20.912+0000][7][gc,phases   ] GC(0)   Post Evacuate Collection Set: 0.89ms
[2026-07-13T07:42:20.912+0000][7][gc,phases   ] GC(0)   Other: 0.64ms
[2026-07-13T07:42:20.912+0000][7][gc,age      ] GC(0) Age table with threshold 15 (max threshold 15)
[2026-07-13T07:42:20.913+0000][7][gc,age      ] GC(0) - age   1:    4154280 bytes,    4154280 total
[2026-07-13T07:42:20.914+0000][7][gc,heap     ] GC(0) Eden regions: 6->0(5)
[2026-07-13T07:42:20.914+0000][7][gc,heap     ] GC(0) Survivor regions: 0->1(1)
[2026-07-13T07:42:20.914+0000][7][gc,heap     ] GC(0) Old regions: 1->2
[2026-07-13T07:42:20.915+0000][7][gc,heap     ] GC(0) Humongous regions: 0->0
[2026-07-13T07:42:20.915+0000][7][gc,metaspace] GC(0) Metaspace: 9291K(9472K)->9291K(9472K) NonClass: 8242K(8320K)->8242K(8320K) Class: 1048K(1152K)->1048K(1152K)
[2026-07-13T07:42:20.915+0000][7][gc          ] GC(0) Pause Young (Normal) (G1 Evacuation Pause) 25M->5M(512M) 20.518ms
[2026-07-13T07:42:20.915+0000][7][gc,cpu      ] GC(0) User=0.03s Sys=0.01s Real=0.02s
[2026-07-13T07:42:20.916+0000][7][safepoint   ] Safepoint "G1CollectForAllocation", Time since last: 1072339304 ns, Reaching safepoint: 4207 ns, Cleanup: 111228 ns, At safepoint: 21153767 ns, Total: 21269202 ns
[2026-07-13T07:42:21.979+0000][7][safepoint   ] Safepoint "Cleanup", Time since last: 1063329399 ns, Reaching safepoint: 6818 ns, Cleanup: 126067 ns, At safepoint: 52912 ns, Total: 185797 ns
[2026-07-13T07:42:22.087+0000][7][gc,start    ] GC(1) Pause Young (Normal) (G1 Evacuation Pause)
[2026-07-13T07:42:22.104+0000][7][gc,task     ] GC(1) Using 4 workers of 4 for evacuation
[2026-07-13T07:42:22.114+0000][7][gc,age      ] GC(1) Desired survivor size 2097152 bytes, new threshold 1 (max threshold 15)
[2026-07-13T07:42:22.169+0000][7][gc,phases   ] GC(1)   Pre Evacuate Collection Set: 26.70ms
[2026-07-13T07:42:22.169+0000][7][gc,phases   ] GC(1)   Merge Heap Roots: 0.52ms
[2026-07-13T07:42:22.170+0000][7][gc,phases   ] GC(1)   Evacuate Collection Set: 18.83ms
[2026-07-13T07:42:22.170+0000][7][gc,phases   ] GC(1)   Post Evacuate Collection Set: 2.45ms
[2026-07-13T07:42:22.170+0000][7][gc,phases   ] GC(1)   Other: 16.19ms
[2026-07-13T07:42:22.170+0000][7][gc,age      ] GC(1) Age table with threshold 1 (max threshold 15)
[2026-07-13T07:42:22.170+0000][7][gc,age      ] GC(1) - age   1:    2002288 bytes,    2002288 total
[2026-07-13T07:42:22.171+0000][7][gc,heap     ] GC(1) Eden regions: 5->0(7)
[2026-07-13T07:42:22.171+0000][7][gc,heap     ] GC(1) Survivor regions: 1->1(1)
[2026-07-13T07:42:22.171+0000][7][gc,heap     ] GC(1) Old regions: 2->3
[2026-07-13T07:42:22.171+0000][7][gc,heap     ] GC(1) Humongous regions: 0->0
[2026-07-13T07:42:22.171+0000][7][gc,metaspace] GC(1) Metaspace: 12410K(12736K)->12410K(12736K) NonClass: 10906K(11072K)->10906K(11072K) Class: 1503K(1664K)->1503K(1664K)
[2026-07-13T07:42:22.172+0000][7][gc          ] GC(1) Pause Young (Normal) (G1 Evacuation Pause) 25M->7M(512M) 84.519ms
[2026-07-13T07:42:22.172+0000][7][gc,cpu      ] GC(1) User=0.14s Sys=0.02s Real=0.10s
[2026-07-13T07:42:22.175+0000][7][safepoint   ] Safepoint "G1CollectForAllocation", Time since last: 108048741 ns, Reaching safepoint: 7982 ns, Cleanup: 40672 ns, At safepoint: 87500786 ns, Total: 87549440 ns
[2026-07-13T07:42:23.792+0000][7][safepoint   ] Safepoint "Cleanup", Time since last: 1615806120 ns, Reaching safepoint: 1146126 ns, Cleanup: 167392 ns, At safepoint: 93801 ns, Total: 1407319 ns
[2026-07-13T07:42:23.928+0000][7][gc,start    ] GC(2) Pause Young (Normal) (G1 Evacuation Pause)
[2026-07-13T07:42:23.930+0000][7][gc,task     ] GC(2) Using 4 workers of 4 for evacuation
[2026-07-13T07:42:23.930+0000][7][gc,age      ] GC(2) Desired survivor size 2097152 bytes, new threshold 15 (max threshold 15)
[2026-07-13T07:42:23.943+0000][7][gc,phases   ] GC(2)   Pre Evacuate Collection Set: 0.31ms
[2026-07-13T07:42:23.943+0000][7][gc,phases   ] GC(2)   Merge Heap Roots: 1.32ms
[2026-07-13T07:42:23.943+0000][7][gc,phases   ] GC(2)   Evacuate Collection Set: 8.16ms
[2026-07-13T07:42:23.944+0000][7][gc,phases   ] GC(2)   Post Evacuate Collection Set: 3.03ms
[2026-07-13T07:42:23.944+0000][7][gc,phases   ] GC(2)   Other: 0.67ms
[2026-07-13T07:42:23.944+0000][7][gc,age      ] GC(2) Age table with threshold 15 (max threshold 15)
[2026-07-13T07:42:23.944+0000][7][gc,age      ] GC(2) - age   1:     979472 bytes,     979472 total
[2026-07-13T07:42:23.945+0000][7][gc,age      ] GC(2) - age   2:    1927528 bytes,    2907000 total
[2026-07-13T07:42:23.945+0000][7][gc,heap     ] GC(2) Eden regions: 7->0(23)
[2026-07-13T07:42:23.945+0000][7][gc,heap     ] GC(2) Survivor regions: 1->1(1)
[2026-07-13T07:42:23.945+0000][7][gc,heap     ] GC(2) Old regions: 3->3
[2026-07-13T07:42:23.946+0000][7][gc,heap     ] GC(2) Humongous regions: 0->0
[2026-07-13T07:42:23.946+0000][7][gc,metaspace] GC(2) Metaspace: 15563K(16000K)->15563K(16000K) NonClass: 13728K(13952K)->13728K(13952K) Class: 1835K(2048K)->1835K(2048K)
[2026-07-13T07:42:23.946+0000][7][gc          ] GC(2) Pause Young (Normal) (G1 Evacuation Pause) 35M->8M(512M) 18.084ms
[2026-07-13T07:42:23.946+0000][7][gc,cpu      ] GC(2) User=0.03s Sys=0.00s Real=0.02s
[2026-07-13T07:42:23.948+0000][7][safepoint   ] Safepoint "G1CollectForAllocation", Time since last: 136073232 ns, Reaching safepoint: 9558 ns, Cleanup: 36660 ns, At safepoint: 19627681 ns, Total: 19673899 ns
[2026-07-13T07:42:24.950+0000][7][safepoint   ] Safepoint "Cleanup", Time since last: 1000891646 ns, Reaching safepoint: 1010916 ns, Cleanup: 68924 ns, At safepoint: 105659 ns, Total: 1185499 ns
[2026-07-13T07:42:25.681+0000][7][gc,start    ] GC(3) Pause Young (Normal) (G1 Evacuation Pause)
[2026-07-13T07:42:25.682+0000][7][gc,task     ] GC(3) Using 4 workers of 4 for evacuation
[2026-07-13T07:42:25.682+0000][7][gc,age      ] GC(3) Desired survivor size 8388608 bytes, new threshold 15 (max threshold 15)
[2026-07-13T07:42:25.713+0000][7][gc,phases   ] GC(3)   Pre Evacuate Collection Set: 0.38ms
[2026-07-13T07:42:25.714+0000][7][gc,phases   ] GC(3)   Merge Heap Roots: 0.05ms
[2026-07-13T07:42:25.714+0000][7][gc,phases   ] GC(3)   Evacuate Collection Set: 28.54ms
[2026-07-13T07:42:25.714+0000][7][gc,phases   ] GC(3)   Post Evacuate Collection Set: 2.02ms
[2026-07-13T07:42:25.714+0000][7][gc,phases   ] GC(3)   Other: 0.88ms
[2026-07-13T07:42:25.715+0000][7][gc,age      ] GC(3) Age table with threshold 15 (max threshold 15)
[2026-07-13T07:42:25.715+0000][7][gc,age      ] GC(3) - age   1:    2767736 bytes,    2767736 total
[2026-07-13T07:42:25.715+0000][7][gc,age      ] GC(3) - age   2:     881920 bytes,    3649656 total
[2026-07-13T07:42:25.715+0000][7][gc,age      ] GC(3) - age   3:    1916720 bytes,    5566376 total
[2026-07-13T07:42:25.717+0000][7][gc,heap     ] GC(3) Eden regions: 24->0(69)
[2026-07-13T07:42:25.717+0000][7][gc,heap     ] GC(3) Survivor regions: 1->2(4)
[2026-07-13T07:42:25.717+0000][7][gc,heap     ] GC(3) Old regions: 3->3
[2026-07-13T07:42:25.718+0000][7][gc,heap     ] GC(3) Humongous regions: 0->0
[2026-07-13T07:42:25.718+0000][7][gc,metaspace] GC(3) Metaspace: 17952K(18368K)->17952K(18368K) NonClass: 15846K(16064K)->15846K(16064K) Class: 2106K(2304K)->2106K(2304K)
[2026-07-13T07:42:25.718+0000][7][gc          ] GC(3) Pause Young (Normal) (G1 Evacuation Pause) 104M->11M(512M) 37.107ms
[2026-07-13T07:42:25.718+0000][7][gc,cpu      ] GC(3) User=0.05s Sys=0.00s Real=0.04s
[2026-07-13T07:42:25.723+0000][7][safepoint   ] Safepoint "G1CollectForAllocation", Time since last: 731112471 ns, Reaching safepoint: 15852 ns, Cleanup: 138183 ns, At safepoint: 41853638 ns, Total: 42007673 ns
[2026-07-13T07:42:27.330+0000][7][safepoint   ] Safepoint "Cleanup", Time since last: 1606730685 ns, Reaching safepoint: 11388 ns, Cleanup: 189632 ns, At safepoint: 55560 ns, Total: 256580 ns
[2026-07-13T07:42:27.390+0000][7][gc,start    ] GC(4) Pause Young (Normal) (G1 Evacuation Pause)
[2026-07-13T07:42:27.390+0000][7][gc,task     ] GC(4) Using 4 workers of 4 for evacuation
[2026-07-13T07:42:27.391+0000][7][gc,age      ] GC(4) Desired survivor size 18874368 bytes, new threshold 15 (max threshold 15)
[2026-07-13T07:42:27.427+0000][7][gc,phases   ] GC(4)   Pre Evacuate Collection Set: 0.97ms
[2026-07-13T07:42:27.427+0000][7][gc,phases   ] GC(4)   Merge Heap Roots: 0.68ms
[2026-07-13T07:42:27.427+0000][7][gc,phases   ] GC(4)   Evacuate Collection Set: 29.66ms
[2026-07-13T07:42:27.428+0000][7][gc,phases   ] GC(4)   Post Evacuate Collection Set: 2.81ms
[2026-07-13T07:42:27.428+0000][7][gc,phases   ] GC(4)   Other: 2.04ms
[2026-07-13T07:42:27.428+0000][7][gc,age      ] GC(4) Age table with threshold 15 (max threshold 15)
[2026-07-13T07:42:27.429+0000][7][gc,age      ] GC(4) - age   1:    2712496 bytes,    2712496 total
[2026-07-13T07:42:27.429+0000][7][gc,age      ] GC(4) - age   2:    2269776 bytes,    4982272 total
[2026-07-13T07:42:27.429+0000][7][gc,age      ] GC(4) - age   3:     881592 bytes,    5863864 total
[2026-07-13T07:42:27.430+0000][7][gc,age      ] GC(4) - age   4:    1916624 bytes,    7780488 total
[2026-07-13T07:42:27.430+0000][7][gc,heap     ] GC(4) Eden regions: 69->0(74)
[2026-07-13T07:42:27.431+0000][7][gc,heap     ] GC(4) Survivor regions: 2->2(9)
[2026-07-13T07:42:27.431+0000][7][gc,heap     ] GC(4) Old regions: 3->3
[2026-07-13T07:42:27.433+0000][7][gc,heap     ] GC(4) Humongous regions: 0->0
[2026-07-13T07:42:27.435+0000][7][gc,metaspace] GC(4) Metaspace: 19045K(19456K)->19045K(19456K) NonClass: 16741K(16960K)->16741K(16960K) Class: 2304K(2496K)->2304K(2496K)
[2026-07-13T07:42:27.437+0000][7][gc          ] GC(4) Pause Young (Normal) (G1 Evacuation Pause) 287M->13M(512M) 46.555ms
[2026-07-13T07:42:27.437+0000][7][gc,cpu      ] GC(4) User=0.08s Sys=0.01s Real=0.05s
[2026-07-13T07:42:27.441+0000][7][safepoint   ] Safepoint "G1CollectForAllocation", Time since last: 60083115 ns, Reaching safepoint: 14081 ns, Cleanup: 14628 ns, At safepoint: 50792336 ns, Total: 50821045 ns
[2026-07-13T07:42:28.443+0000][7][safepoint   ] Safepoint "Cleanup", Time since last: 1001323544 ns, Reaching safepoint: 505657 ns, Cleanup: 26035 ns, At safepoint: 58431 ns, Total: 590123 ns
[2026-07-13T07:42:29.308+0000][7][gc,start    ] GC(5) Pause Young (Normal) (G1 Evacuation Pause)
[2026-07-13T07:42:29.316+0000][7][gc,task     ] GC(5) Using 4 workers of 4 for evacuation
[2026-07-13T07:42:29.319+0000][7][gc,age      ] GC(5) Desired survivor size 20971520 bytes, new threshold 15 (max threshold 15)
[2026-07-13T07:42:29.357+0000][7][gc,phases   ] GC(5)   Pre Evacuate Collection Set: 1.54ms
[2026-07-13T07:42:29.358+0000][7][gc,phases   ] GC(5)   Merge Heap Roots: 1.05ms
[2026-07-13T07:42:29.358+0000][7][gc,phases   ] GC(5)   Evacuate Collection Set: 23.13ms
[2026-07-13T07:42:29.359+0000][7][gc,phases   ] GC(5)   Post Evacuate Collection Set: 4.40ms
[2026-07-13T07:42:29.359+0000][7][gc,phases   ] GC(5)   Other: 10.66ms
[2026-07-13T07:42:29.359+0000][7][gc,age      ] GC(5) Age table with threshold 15 (max threshold 15)
[2026-07-13T07:42:29.359+0000][7][gc,age      ] GC(5) - age   1:    4260112 bytes,    4260112 total
[2026-07-13T07:42:29.360+0000][7][gc,age      ] GC(5) - age   2:    2689856 bytes,    6949968 total
[2026-07-13T07:42:29.360+0000][7][gc,age      ] GC(5) - age   3:    2269120 bytes,    9219088 total
[2026-07-13T07:42:29.360+0000][7][gc,age      ] GC(5) - age   4:     881320 bytes,   10100408 total
[2026-07-13T07:42:29.361+0000][7][gc,age      ] GC(5) - age   5:    1916560 bytes,   12016968 total
[2026-07-13T07:42:29.361+0000][7][gc,heap     ] GC(5) Eden regions: 74->0(72)
[2026-07-13T07:42:29.361+0000][7][gc,heap     ] GC(5) Survivor regions: 2->4(10)
[2026-07-13T07:42:29.363+0000][7][gc,heap     ] GC(5) Old regions: 3->3
[2026-07-13T07:42:29.364+0000][7][gc,heap     ] GC(5) Humongous regions: 0->0
[2026-07-13T07:42:29.367+0000][7][gc,metaspace] GC(5) Metaspace: 19929K(20416K)->19929K(20416K) NonClass: 17524K(17792K)->17524K(17792K) Class: 2405K(2624K)->2405K(2624K)
[2026-07-13T07:42:29.367+0000][7][gc          ] GC(5) Pause Young (Normal) (G1 Evacuation Pause) 309M->17M(512M) 58.782ms
[2026-07-13T07:42:29.368+0000][7][gc,cpu      ] GC(5) User=0.08s Sys=0.01s Real=0.08s
[2026-07-13T07:42:29.370+0000][7][safepoint   ] Safepoint "G1CollectForAllocation", Time since last: 865559944 ns, Reaching safepoint: 9702 ns, Cleanup: 36363 ns, At safepoint: 61410353 ns, Total: 61456418 ns
[2026-07-13T07:42:30.375+0000][7][safepoint   ] Safepoint "Cleanup", Time since last: 1005523789 ns, Reaching safepoint: 82229 ns, Cleanup: 66713 ns, At safepoint: 15225 ns, Total: 164167 ns
[2026-07-13T07:42:31.285+0000][7][gc,start    ] GC(6) Pause Young (Normal) (G1 Evacuation Pause)
[2026-07-13T07:42:31.286+0000][7][gc,task     ] GC(6) Using 4 workers of 4 for evacuation
[2026-07-13T07:42:31.287+0000][7][gc,age      ] GC(6) Desired survivor size 20971520 bytes, new threshold 15 (max threshold 15)
[2026-07-13T07:42:31.314+0000][7][gc,phases   ] GC(6)   Pre Evacuate Collection Set: 0.92ms
[2026-07-13T07:42:31.314+0000][7][gc,phases   ] GC(6)   Merge Heap Roots: 0.21ms
[2026-07-13T07:42:31.314+0000][7][gc,phases   ] GC(6)   Evacuate Collection Set: 21.67ms
[2026-07-13T07:42:31.315+0000][7][gc,phases   ] GC(6)   Post Evacuate Collection Set: 2.34ms
[2026-07-13T07:42:31.315+0000][7][gc,phases   ] GC(6)   Other: 2.92ms
[2026-07-13T07:42:31.315+0000][7][gc,age      ] GC(6) Age table with threshold 15 (max threshold 15)
[2026-07-13T07:42:31.316+0000][7][gc,age      ] GC(6) - age   1:    1279384 bytes,    1279384 total
[2026-07-13T07:42:31.316+0000][7][gc,age      ] GC(6) - age   2:    3369952 bytes,    4649336 total
[2026-07-13T07:42:31.316+0000][7][gc,age      ] GC(6) - age   3:    2688944 bytes,    7338280 total
[2026-07-13T07:42:31.317+0000][7][gc,age      ] GC(6) - age   4:    2268768 bytes,    9607048 total
[2026-07-13T07:42:31.318+0000][7][gc,age      ] GC(6) - age   5:     881320 bytes,   10488368 total
[2026-07-13T07:42:31.318+0000][7][gc,age      ] GC(6) - age   6:    1916560 bytes,   12404928 total
[2026-07-13T07:42:31.319+0000][7][gc,heap     ] GC(6) Eden regions: 72->0(72)
[2026-07-13T07:42:31.319+0000][7][gc,heap     ] GC(6) Survivor regions: 4->4(10)
[2026-07-13T07:42:31.319+0000][7][gc,heap     ] GC(6) Old regions: 3->3
[2026-07-13T07:42:31.321+0000][7][gc,heap     ] GC(6) Humongous regions: 0->0
[2026-07-13T07:42:31.321+0000][7][gc,metaspace] GC(6) Metaspace: 20392K(20864K)->20392K(20864K) NonClass: 17906K(18176K)->17906K(18176K) Class: 2485K(2688K)->2485K(2688K)
[2026-07-13T07:42:31.321+0000][7][gc          ] GC(6) Pause Young (Normal) (G1 Evacuation Pause) 305M->18M(512M) 36.250ms
[2026-07-13T07:42:31.322+0000][7][gc,cpu      ] GC(6) User=0.06s Sys=0.01s Real=0.03s
[2026-07-13T07:42:31.322+0000][7][safepoint   ] Safepoint "G1CollectForAllocation", Time since last: 909545560 ns, Reaching safepoint: 7828 ns, Cleanup: 36422 ns, At safepoint: 36830865 ns, Total: 36875115 ns
[2026-07-13T07:42:32.325+0000][7][safepoint   ] Safepoint "Cleanup", Time since last: 1001853545 ns, Reaching safepoint: 920732 ns, Cleanup: 43903 ns, At safepoint: 27387 ns, Total: 992022 ns
[2026-07-13T07:42:32.595+0000][7][gc,start    ] GC(7) Pause Young (Concurrent Start) (Metadata GC Threshold)
[2026-07-13T07:42:32.596+0000][7][gc,task     ] GC(7) Using 4 workers of 4 for evacuation
[2026-07-13T07:42:32.598+0000][7][gc,age      ] GC(7) Desired survivor size 20971520 bytes, new threshold 15 (max threshold 15)
[2026-07-13T07:42:32.767+0000][7][gc,phases   ] GC(7)   Pre Evacuate Collection Set: 13.06ms
[2026-07-13T07:42:32.769+0000][7][gc,phases   ] GC(7)   Merge Heap Roots: 0.06ms
[2026-07-13T07:42:32.770+0000][7][gc,phases   ] GC(7)   Evacuate Collection Set: 137.43ms
[2026-07-13T07:42:32.773+0000][7][gc,phases   ] GC(7)   Post Evacuate Collection Set: 10.61ms
[2026-07-13T07:42:32.773+0000][7][gc,phases   ] GC(7)   Other: 10.46ms
[2026-07-13T07:42:32.773+0000][7][gc,age      ] GC(7) Age table with threshold 15 (max threshold 15)
[2026-07-13T07:42:32.773+0000][7][gc,age      ] GC(7) - age   1:    1519592 bytes,    1519592 total
[2026-07-13T07:42:32.773+0000][7][gc,age      ] GC(7) - age   2:     393536 bytes,    1913128 total
[2026-07-13T07:42:32.774+0000][7][gc,age      ] GC(7) - age   3:    3368848 bytes,    5281976 total
[2026-07-13T07:42:32.774+0000][7][gc,age      ] GC(7) - age   4:    2685960 bytes,    7967936 total
[2026-07-13T07:42:32.774+0000][7][gc,age      ] GC(7) - age   5:    2267808 bytes,   10235744 total
[2026-07-13T07:42:32.774+0000][7][gc,age      ] GC(7) - age   6:     881320 bytes,   11117064 total
[2026-07-13T07:42:32.775+0000][7][gc,age      ] GC(7) - age   7:    1916560 bytes,   13033624 total
[2026-07-13T07:42:32.777+0000][7][gc,heap     ] GC(7) Eden regions: 29->0(72)
[2026-07-13T07:42:32.777+0000][7][gc,heap     ] GC(7) Survivor regions: 4->4(10)
[2026-07-13T07:42:32.777+0000][7][gc,heap     ] GC(7) Old regions: 3->3
[2026-07-13T07:42:32.777+0000][7][gc,heap     ] GC(7) Humongous regions: 0->0
[2026-07-13T07:42:32.778+0000][7][gc,metaspace] GC(7) Metaspace: 21026K(21504K)->21026K(21504K) NonClass: 18459K(18752K)->18459K(18752K) Class: 2566K(2752K)->2566K(2752K)
[2026-07-13T07:42:32.778+0000][7][gc          ] GC(7) Pause Young (Concurrent Start) (Metadata GC Threshold) 134M->19M(512M) 182.876ms
[2026-07-13T07:42:32.778+0000][7][gc,cpu      ] GC(7) User=0.05s Sys=0.00s Real=0.18s
[2026-07-13T07:42:32.778+0000][7][gc          ] GC(8) Concurrent Mark Cycle
[2026-07-13T07:42:32.781+0000][7][gc,marking  ] GC(8) Concurrent Scan Root Regions
[2026-07-13T07:42:32.785+0000][7][safepoint   ] Safepoint "CollectForMetadataAllocation", Time since last: 270478612 ns, Reaching safepoint: 6129 ns, Cleanup: 20109 ns, At safepoint: 189375235 ns, Total: 189401473 ns
[2026-07-13T07:42:32.949+0000][7][gc,marking  ] GC(8) Concurrent Scan Root Regions 167.833ms
[2026-07-13T07:42:32.953+0000][7][gc,marking  ] GC(8) Concurrent Mark
[2026-07-13T07:42:32.972+0000][7][gc,marking  ] GC(8) Concurrent Mark From Roots
[2026-07-13T07:42:32.973+0000][7][gc,task     ] GC(8) Using 1 workers of 1 for marking
[2026-07-13T07:42:33.709+0000][7][gc,marking  ] GC(8) Concurrent Mark From Roots 736.637ms
[2026-07-13T07:42:33.710+0000][7][gc,marking  ] GC(8) Concurrent Preclean
[2026-07-13T07:42:33.710+0000][7][gc,marking  ] GC(8) Concurrent Preclean 0.329ms
[2026-07-13T07:42:33.724+0000][7][gc,start    ] GC(8) Pause Remark
[2026-07-13T07:42:33.823+0000][7][gc          ] GC(8) Pause Remark 22M->22M(512M) 99.558ms
[2026-07-13T07:42:33.826+0000][7][gc,cpu      ] GC(8) User=0.02s Sys=0.00s Real=0.10s
[2026-07-13T07:42:33.830+0000][7][safepoint   ] Safepoint "G1PauseRemark", Time since last: 926311623 ns, Reaching safepoint: 12850992 ns, Cleanup: 40157 ns, At safepoint: 105760402 ns, Total: 118651551 ns
[2026-07-13T07:42:33.836+0000][7][gc,marking  ] GC(8) Concurrent Mark 882.590ms
[2026-07-13T07:42:33.836+0000][7][gc,marking  ] GC(8) Concurrent Rebuild Remembered Sets and Scrub Regions
[2026-07-13T07:42:33.851+0000][7][gc,marking  ] GC(8) Concurrent Rebuild Remembered Sets and Scrub Regions 14.906ms
[2026-07-13T07:42:33.856+0000][7][gc,start    ] GC(8) Pause Cleanup
[2026-07-13T07:42:33.858+0000][7][gc          ] GC(8) Pause Cleanup 22M->22M(512M) 1.201ms
[2026-07-13T07:42:33.858+0000][7][gc,cpu      ] GC(8) User=0.00s Sys=0.00s Real=0.00s
[2026-07-13T07:42:33.858+0000][7][safepoint   ] Safepoint "G1PauseCleanup", Time since last: 24205836 ns, Reaching safepoint: 933718 ns, Cleanup: 22328 ns, At safepoint: 3350407 ns, Total: 4306453 ns
[2026-07-13T07:42:33.861+0000][7][gc,marking  ] GC(8) Concurrent Clear Claimed Marks
[2026-07-13T07:42:33.861+0000][7][gc,marking  ] GC(8) Concurrent Clear Claimed Marks 0.483ms
[2026-07-13T07:42:33.862+0000][7][gc,marking  ] GC(8) Concurrent Cleanup for Next Mark
[2026-07-13T07:42:33.866+0000][7][gc,marking  ] GC(8) Concurrent Cleanup for Next Mark 3.783ms
[2026-07-13T07:42:33.866+0000][7][gc          ] GC(8) Concurrent Mark Cycle 1087.620ms
[2026-07-13T07:42:34.878+0000][7][safepoint   ] Safepoint "Cleanup", Time since last: 1010300937 ns, Reaching safepoint: 9268936 ns, Cleanup: 161197 ns, At safepoint: 78125 ns, Total: 9508258 ns
[2026-07-13T07:42:35.919+0000][7][safepoint   ] Safepoint "Cleanup", Time since last: 1039744438 ns, Reaching safepoint: 988565 ns, Cleanup: 28051 ns, At safepoint: 30752 ns, Total: 1047368 ns
[2026-07-13T07:42:36.946+0000][7][safepoint   ] Safepoint "Cleanup", Time since last: 1025643631 ns, Reaching safepoint: 1811007 ns, Cleanup: 139342 ns, At safepoint: 81354 ns, Total: 2031703 ns
[2026-07-13T07:42:37.846+0000][7][gc,start    ] GC(9) Pause Young (Prepare Mixed) (G1 Evacuation Pause)
[2026-07-13T07:42:37.847+0000][7][gc,task     ] GC(9) Using 4 workers of 4 for evacuation
[2026-07-13T07:42:37.847+0000][7][gc,age      ] GC(9) Desired survivor size 20971520 bytes, new threshold 15 (max threshold 15)
[2026-07-13T07:42:37.969+0000][7][gc,phases   ] GC(9)   Pre Evacuate Collection Set: 0.14ms
[2026-07-13T07:42:37.969+0000][7][gc,phases   ] GC(9)   Merge Heap Roots: 0.10ms
[2026-07-13T07:42:37.969+0000][7][gc,phases   ] GC(9)   Evacuate Collection Set: 120.14ms
[2026-07-13T07:42:37.969+0000][7][gc,phases   ] GC(9)   Post Evacuate Collection Set: 1.05ms
[2026-07-13T07:42:37.970+0000][7][gc,phases   ] GC(9)   Other: 0.62ms
[2026-07-13T07:42:37.970+0000][7][gc,age      ] GC(9) Age table with threshold 15 (max threshold 15)
[2026-07-13T07:42:37.971+0000][7][gc,age      ] GC(9) - age   1:    1938416 bytes,    1938416 total
[2026-07-13T07:42:37.972+0000][7][gc,age      ] GC(9) - age   2:    1506728 bytes,    3445144 total
[2026-07-13T07:42:37.972+0000][7][gc,age      ] GC(9) - age   3:     392744 bytes,    3837888 total
[2026-07-13T07:42:37.973+0000][7][gc,age      ] GC(9) - age   4:    3368176 bytes,    7206064 total
[2026-07-13T07:42:37.973+0000][7][gc,age      ] GC(9) - age   5:    2684824 bytes,    9890888 total
[2026-07-13T07:42:37.973+0000][7][gc,age      ] GC(9) - age   6:    2266304 bytes,   12157192 total
[2026-07-13T07:42:37.974+0000][7][gc,age      ] GC(9) - age   7:     872744 bytes,   13029936 total
[2026-07-13T07:42:37.975+0000][7][gc,age      ] GC(9) - age   8:    1915312 bytes,   14945248 total
[2026-07-13T07:42:37.975+0000][7][gc,heap     ] GC(9) Eden regions: 72->0(72)
[2026-07-13T07:42:37.976+0000][7][gc,heap     ] GC(9) Survivor regions: 4->4(10)
[2026-07-13T07:42:37.976+0000][7][gc,heap     ] GC(9) Old regions: 3->3
[2026-07-13T07:42:37.976+0000][7][gc,heap     ] GC(9) Humongous regions: 0->0
[2026-07-13T07:42:37.976+0000][7][gc,metaspace] GC(9) Metaspace: 21531K(22144K)->21531K(22144K) NonClass: 18884K(19264K)->18884K(19264K) Class: 2647K(2880K)->2647K(2880K)
[2026-07-13T07:42:37.977+0000][7][gc          ] GC(9) Pause Young (Prepare Mixed) (G1 Evacuation Pause) 307M->21M(512M) 130.536ms
[2026-07-13T07:42:37.978+0000][7][gc,cpu      ] GC(9) User=0.06s Sys=0.01s Real=0.13s
[2026-07-13T07:42:37.979+0000][7][safepoint   ] Safepoint "G1CollectForAllocation", Time since last: 900016316 ns, Reaching safepoint: 7658 ns, Cleanup: 22365 ns, At safepoint: 132409293 ns, Total: 132439316 ns
[2026-07-13T07:42:39.040+0000][7][safepoint   ] Safepoint "Cleanup", Time since last: 1060853994 ns, Reaching safepoint: 6623 ns, Cleanup: 18532 ns, At safepoint: 18751 ns, Total: 43906 ns
[2026-07-13T07:42:40.050+0000][7][safepoint   ] Safepoint "Cleanup", Time since last: 1009614618 ns, Reaching safepoint: 693847 ns, Cleanup: 31342 ns, At safepoint: 15884 ns, Total: 741073 ns
[2026-07-13T07:42:41.065+0000][7][safepoint   ] Safepoint "Cleanup", Time since last: 1012783072 ns, Reaching safepoint: 1956692 ns, Cleanup: 27445 ns, At safepoint: 22048 ns, Total: 2006185 ns
[2026-07-13T07:42:42.903+0000][7][safepoint   ] Safepoint "Cleanup", Time since last: 1836725125 ns, Reaching safepoint: 1157459 ns, Cleanup: 88148 ns, At safepoint: 17315 ns, Total: 1262922 ns
[2026-07-13T07:42:43.955+0000][7][safepoint   ] Safepoint "Cleanup", Time since last: 1020758850 ns, Reaching safepoint: 30643422 ns, Cleanup: 49850 ns, At safepoint: 314264 ns, Total: 31007536 ns
[2026-07-13T07:42:45.003+0000][7][safepoint   ] Safepoint "Cleanup", Time since last: 1031742168 ns, Reaching safepoint: 2351738 ns, Cleanup: 26681 ns, At safepoint: 14977019 ns, Total: 17355438 ns
[2026-07-13T07:42:46.010+0000][7][safepoint   ] Safepoint "Cleanup", Time since last: 1001575630 ns, Reaching safepoint: 5231217 ns, Cleanup: 39755 ns, At safepoint: 65492 ns, Total: 5336464 ns
[2026-07-13T07:42:47.838+0000][7][safepoint   ] Safepoint "Cleanup", Time since last: 1820546745 ns, Reaching safepoint: 7446981 ns, Cleanup: 48764 ns, At safepoint: 185027 ns, Total: 7680772 ns
[2026-07-13T07:42:48.843+0000][7][safepoint   ] Safepoint "Cleanup", Time since last: 1001855264 ns, Reaching safepoint: 1951427 ns, Cleanup: 30332 ns, At safepoint: 774768 ns, Total: 2756527 ns
[2026-07-13T07:42:49.866+0000][7][safepoint   ] Safepoint "Cleanup", Time since last: 1018160925 ns, Reaching safepoint: 5195091 ns, Cleanup: 51288 ns, At safepoint: 65542 ns, Total: 5311921 ns
[2026-07-13T07:42:50.869+0000][7][safepoint   ] Safepoint "Cleanup", Time since last: 1002432635 ns, Reaching safepoint: 270342 ns, Cleanup: 49584 ns, At safepoint: 56577 ns, Total: 376503 ns
[2026-07-13T07:42:51.129+0000][7][gc,start    ] GC(10) Pause Young (Mixed) (G1 Evacuation Pause)
[2026-07-13T07:42:51.132+0000][7][gc,task     ] GC(10) Using 4 workers of 4 for evacuation
[2026-07-13T07:42:51.132+0000][7][gc,age      ] GC(10) Desired survivor size 20971520 bytes, new threshold 15 (max threshold 15)
[2026-07-13T07:42:51.322+0000][7][gc,phases   ] GC(10)   Pre Evacuate Collection Set: 0.11ms
[2026-07-13T07:42:51.323+0000][7][gc,phases   ] GC(10)   Merge Heap Roots: 0.07ms
[2026-07-13T07:42:51.323+0000][7][gc,phases   ] GC(10)   Evacuate Collection Set: 159.59ms
[2026-07-13T07:42:51.323+0000][7][gc,phases   ] GC(10)   Post Evacuate Collection Set: 29.49ms
[2026-07-13T07:42:51.323+0000][7][gc,phases   ] GC(10)   Other: 0.40ms
[2026-07-13T07:42:51.324+0000][7][gc,age      ] GC(10) Age table with threshold 15 (max threshold 15)
[2026-07-13T07:42:51.324+0000][7][gc,age      ] GC(10) - age   1:    9145424 bytes,    9145424 total
[2026-07-13T07:42:51.324+0000][7][gc,age      ] GC(10) - age   2:     912032 bytes,   10057456 total
[2026-07-13T07:42:51.324+0000][7][gc,age      ] GC(10) - age   3:    1491576 bytes,   11549032 total
[2026-07-13T07:42:51.324+0000][7][gc,age      ] GC(10) - age   4:     380232 bytes,   11929264 total
[2026-07-13T07:42:51.325+0000][7][gc,age      ] GC(10) - age   5:    3353512 bytes,   15282776 total
[2026-07-13T07:42:51.325+0000][7][gc,age      ] GC(10) - age   6:    2666048 bytes,   17948824 total
[2026-07-13T07:42:51.326+0000][7][gc,age      ] GC(10) - age   7:    2191248 bytes,   20140072 total
[2026-07-13T07:42:51.326+0000][7][gc,age      ] GC(10) - age   8:     846936 bytes,   20987008 total
[2026-07-13T07:42:51.326+0000][7][gc,age      ] GC(10) - age   9:    1907592 bytes,   22894600 total
[2026-07-13T07:42:51.326+0000][7][gc,heap     ] GC(10) Eden regions: 72->0(70)
[2026-07-13T07:42:51.326+0000][7][gc,heap     ] GC(10) Survivor regions: 4->6(10)
[2026-07-13T07:42:51.327+0000][7][gc,heap     ] GC(10) Old regions: 3->2
[2026-07-13T07:42:51.327+0000][7][gc,heap     ] GC(10) Humongous regions: 0->0
[2026-07-13T07:42:51.327+0000][7][gc,metaspace] GC(10) Metaspace: 30088K(31104K)->30088K(31104K) NonClass: 26216K(26816K)->26216K(26816K) Class: 3871K(4288K)->3871K(4288K)
[2026-07-13T07:42:51.328+0000][7][gc          ] GC(10) Pause Young (Mixed) (G1 Evacuation Pause) 309M->29M(512M) 198.483ms
[2026-07-13T07:42:51.328+0000][7][gc,cpu      ] GC(10) User=0.14s Sys=0.04s Real=0.20s
[2026-07-13T07:42:51.331+0000][7][safepoint   ] Safepoint "G1CollectForAllocation", Time since last: 259958730 ns, Reaching safepoint: 9117 ns, Cleanup: 16925 ns, At safepoint: 201983696 ns, Total: 202009738 ns
[2026-07-13T07:42:52.341+0000][7][safepoint   ] Safepoint "Cleanup", Time since last: 1007567701 ns, Reaching safepoint: 2295018 ns, Cleanup: 30607 ns, At safepoint: 90204 ns, Total: 2415829 ns
[2026-07-13T07:42:53.344+0000][7][safepoint   ] Safepoint "Cleanup", Time since last: 1002006868 ns, Reaching safepoint: 905355 ns, Cleanup: 22862 ns, At safepoint: 47542 ns, Total: 975759 ns
[2026-07-13T07:42:54.352+0000][7][safepoint   ] Safepoint "Cleanup", Time since last: 1002761778 ns, Reaching safepoint: 5371467 ns, Cleanup: 42292 ns, At safepoint: 61739 ns, Total: 5475498 ns
[2026-07-13T07:42:55.359+0000][7][safepoint   ] Safepoint "Cleanup", Time since last: 1002770817 ns, Reaching safepoint: 3877377 ns, Cleanup: 34004 ns, At safepoint: 62068 ns, Total: 3973449 ns
[2026-07-13T07:42:56.522+0000][7][safepoint   ] Safepoint "Cleanup", Time since last: 1002834381 ns, Reaching safepoint: 37270710 ns, Cleanup: 52917 ns, At safepoint: 122740770 ns, Total: 160064397 ns
[2026-07-13T07:42:57.539+0000][7][safepoint   ] Safepoint "Cleanup", Time since last: 1009515504 ns, Reaching safepoint: 532010 ns, Cleanup: 20435 ns, At safepoint: 7465437 ns, Total: 8017882 ns
[2026-07-13T07:42:58.555+0000][7][safepoint   ] Safepoint "Cleanup", Time since last: 1005841508 ns, Reaching safepoint: 9069772 ns, Cleanup: 33261 ns, At safepoint: 120265 ns, Total: 9223298 ns
[2026-07-13T07:42:59.557+0000][7][safepoint   ] Safepoint "Cleanup", Time since last: 1002376995 ns, Reaching safepoint: 6998 ns, Cleanup: 58538 ns, At safepoint: 203067 ns, Total: 268603 ns
[2026-07-13T07:43:00.582+0000][7][safepoint   ] Safepoint "Cleanup", Time since last: 1023688390 ns, Reaching safepoint: 1356874 ns, Cleanup: 33428 ns, At safepoint: 84689 ns, Total: 1474991 ns
[2026-07-13T07:43:01.436+0000][7][gc,start    ] GC(11) Pause Young (Concurrent Start) (Metadata GC Threshold)
[2026-07-13T07:43:01.437+0000][7][gc,task     ] GC(11) Using 4 workers of 4 for evacuation
[2026-07-13T07:43:01.437+0000][7][gc,age      ] GC(11) Desired survivor size 20971520 bytes, new threshold 8 (max threshold 15)
[2026-07-13T07:43:01.750+0000][7][gc,mmu      ] GC(11) MMU target violated: 201.0ms (200.0ms/201.0ms)
[2026-07-13T07:43:01.750+0000][7][gc,phases   ] GC(11)   Pre Evacuate Collection Set: 0.09ms
[2026-07-13T07:43:01.750+0000][7][gc,phases   ] GC(11)   Merge Heap Roots: 0.04ms
[2026-07-13T07:43:01.751+0000][7][gc,phases   ] GC(11)   Evacuate Collection Set: 303.30ms
[2026-07-13T07:43:01.751+0000][7][gc,phases   ] GC(11)   Post Evacuate Collection Set: 9.10ms
[2026-07-13T07:43:01.751+0000][7][gc,phases   ] GC(11)   Other: 0.60ms
[2026-07-13T07:43:01.753+0000][7][gc,age      ] GC(11) Age table with threshold 8 (max threshold 15)
[2026-07-13T07:43:01.753+0000][7][gc,age      ] GC(11) - age   1:   18937904 bytes,   18937904 total
[2026-07-13T07:43:01.753+0000][7][gc,age      ] GC(11) - age   2:    8781200 bytes,   27719104 total
[2026-07-13T07:43:01.753+0000][7][gc,age      ] GC(11) - age   3:     900456 bytes,   28619560 total
[2026-07-13T07:43:01.753+0000][7][gc,age      ] GC(11) - age   4:    1491576 bytes,   30111136 total
[2026-07-13T07:43:01.753+0000][7][gc,age      ] GC(11) - age   5:     380168 bytes,   30491304 total
[2026-07-13T07:43:01.754+0000][7][gc,age      ] GC(11) - age   6:    3347264 bytes,   33838568 total
[2026-07-13T07:43:01.754+0000][7][gc,age      ] GC(11) - age   7:    2662040 bytes,   36500608 total
[2026-07-13T07:43:01.754+0000][7][gc,age      ] GC(11) - age   8:    2190864 bytes,   38691472 total
[2026-07-13T07:43:01.754+0000][7][gc,heap     ] GC(11) Eden regions: 49->0(5)
[2026-07-13T07:43:01.754+0000][7][gc,heap     ] GC(11) Survivor regions: 6->10(10)
[2026-07-13T07:43:01.754+0000][7][gc,heap     ] GC(11) Old regions: 2->3
[2026-07-13T07:43:01.755+0000][7][gc,heap     ] GC(11) Humongous regions: 0->0
[2026-07-13T07:43:01.755+0000][7][gc,metaspace] GC(11) Metaspace: 35271K(36288K)->35271K(36288K) NonClass: 30611K(31232K)->30611K(31232K) Class: 4659K(5056K)->4659K(5056K)
[2026-07-13T07:43:01.755+0000][7][gc          ] GC(11) Pause Young (Concurrent Start) (Metadata GC Threshold) 223M->48M(512M) 318.987ms
[2026-07-13T07:43:01.755+0000][7][gc          ] GC(12) Concurrent Mark Cycle
[2026-07-13T07:43:01.755+0000][7][gc,marking  ] GC(12) Concurrent Scan Root Regions
[2026-07-13T07:43:01.755+0000][7][gc,cpu      ] GC(11) User=0.23s Sys=0.02s Real=0.32s
[2026-07-13T07:43:01.756+0000][7][safepoint   ] Safepoint "CollectForMetadataAllocation", Time since last: 850473110 ns, Reaching safepoint: 3231342 ns, Cleanup: 34790 ns, At safepoint: 319920880 ns, Total: 323187012 ns
[2026-07-13T07:43:01.927+0000][7][gc,marking  ] GC(12) Concurrent Scan Root Regions 172.009ms
[2026-07-13T07:43:01.928+0000][7][gc,marking  ] GC(12) Concurrent Mark
[2026-07-13T07:43:01.928+0000][7][gc,marking  ] GC(12) Concurrent Mark From Roots
[2026-07-13T07:43:01.928+0000][7][gc,task     ] GC(12) Using 1 workers of 1 for marking
[2026-07-13T07:43:01.937+0000][7][gc,marking  ] GC(12) Concurrent Mark From Roots 9.068ms
[2026-07-13T07:43:01.937+0000][7][gc,marking  ] GC(12) Concurrent Preclean
[2026-07-13T07:43:01.937+0000][7][gc,marking  ] GC(12) Concurrent Preclean 0.151ms
[2026-07-13T07:43:01.938+0000][7][gc,start    ] GC(12) Pause Remark
[2026-07-13T07:43:01.969+0000][7][gc          ] GC(12) Pause Remark 50M->50M(512M) 30.509ms
[2026-07-13T07:43:01.969+0000][7][gc,cpu      ] GC(12) User=0.03s Sys=0.00s Real=0.03s
[2026-07-13T07:43:02.015+0000][7][safepoint   ] Safepoint "G1PauseRemark", Time since last: 181527560 ns, Reaching safepoint: 568107 ns, Cleanup: 24601 ns, At safepoint: 76423274 ns, Total: 77015982 ns
[2026-07-13T07:43:02.021+0000][7][gc,marking  ] GC(12) Concurrent Mark 93.585ms
[2026-07-13T07:43:02.022+0000][7][gc,marking  ] GC(12) Concurrent Rebuild Remembered Sets and Scrub Regions
[2026-07-13T07:43:02.100+0000][7][gc,marking  ] GC(12) Concurrent Rebuild Remembered Sets and Scrub Regions 77.782ms
[2026-07-13T07:43:02.104+0000][7][gc,start    ] GC(12) Pause Cleanup
[2026-07-13T07:43:02.104+0000][7][gc          ] GC(12) Pause Cleanup 50M->50M(512M) 0.395ms
[2026-07-13T07:43:02.105+0000][7][gc,cpu      ] GC(12) User=0.00s Sys=0.00s Real=0.00s
[2026-07-13T07:43:02.105+0000][7][safepoint   ] Safepoint "G1PauseCleanup", Time since last: 89305238 ns, Reaching safepoint: 121211 ns, Cleanup: 13049 ns, At safepoint: 851063 ns, Total: 985323 ns
[2026-07-13T07:43:02.105+0000][7][gc,marking  ] GC(12) Concurrent Clear Claimed Marks
[2026-07-13T07:43:02.106+0000][7][gc,marking  ] GC(12) Concurrent Clear Claimed Marks 0.267ms
[2026-07-13T07:43:02.106+0000][7][gc,marking  ] GC(12) Concurrent Cleanup for Next Mark
[2026-07-13T07:43:02.121+0000][7][gc,marking  ] GC(12) Concurrent Cleanup for Next Mark 15.109ms
[2026-07-13T07:43:02.121+0000][7][gc          ] GC(12) Concurrent Mark Cycle 365.975ms
[2026-07-13T07:43:02.524+0000][7][gc,start    ] GC(13) Pause Young (Normal) (G1 Evacuation Pause)
[2026-07-13T07:43:02.524+0000][7][gc,task     ] GC(13) Using 4 workers of 4 for evacuation
[2026-07-13T07:43:02.524+0000][7][gc,age      ] GC(13) Desired survivor size 4194304 bytes, new threshold 1 (max threshold 15)
[2026-07-13T07:43:02.808+0000][7][gc,mmu      ] GC(13) MMU target violated: 201.0ms (200.0ms/201.0ms)
[2026-07-13T07:43:02.809+0000][7][gc,phases   ] GC(13)   Pre Evacuate Collection Set: 0.14ms
[2026-07-13T07:43:02.809+0000][7][gc,phases   ] GC(13)   Merge Heap Roots: 0.11ms
[2026-07-13T07:43:02.810+0000][7][gc,phases   ] GC(13)   Evacuate Collection Set: 267.74ms
[2026-07-13T07:43:02.810+0000][7][gc,phases   ] GC(13)   Post Evacuate Collection Set: 13.91ms
[2026-07-13T07:43:02.810+0000][7][gc,phases   ] GC(13)   Other: 3.00ms
[2026-07-13T07:43:02.810+0000][7][gc,age      ] GC(13) Age table with threshold 1 (max threshold 15)
[2026-07-13T07:43:02.811+0000][7][gc,age      ] GC(13) - age   1:     236680 bytes,     236680 total
[2026-07-13T07:43:02.811+0000][7][gc,heap     ] GC(13) Eden regions: 1->0(74)
[2026-07-13T07:43:02.812+0000][7][gc,heap     ] GC(13) Survivor regions: 10->2(2)
[2026-07-13T07:43:02.812+0000][7][gc,heap     ] GC(13) Old regions: 3->12
[2026-07-13T07:43:02.812+0000][7][gc,heap     ] GC(13) Humongous regions: 0->0
[2026-07-13T07:43:02.812+0000][7][gc,metaspace] GC(13) Metaspace: 36175K(37248K)->36175K(37248K) NonClass: 31431K(32064K)->31431K(32064K) Class: 4743K(5184K)->4743K(5184K)
[2026-07-13T07:43:02.812+0000][7][gc          ] GC(13) Pause Young (Normal) (G1 Evacuation Pause) 52M->53M(512M) 288.622ms
[2026-07-13T07:43:02.813+0000][7][gc,cpu      ] GC(13) User=0.16s Sys=0.00s Real=0.29s
[2026-07-13T07:43:02.857+0000][7][safepoint   ] Safepoint "G1CollectForAllocation", Time since last: 413454594 ns, Reaching safepoint: 5426222 ns, Cleanup: 83019 ns, At safepoint: 333175314 ns, Total: 338684555 ns
[2026-07-13T07:43:03.862+0000][7][safepoint   ] Safepoint "Cleanup", Time since last: 1004286936 ns, Reaching safepoint: 1096300 ns, Cleanup: 61490 ns, At safepoint: 31532 ns, Total: 1189322 ns
[2026-07-13T07:43:04.876+0000][7][safepoint   ] Safepoint "Cleanup", Time since last: 1009723523 ns, Reaching safepoint: 3802504 ns, Cleanup: 62519 ns, At safepoint: 78817 ns, Total: 3943840 ns
[2026-07-13T07:43:05.889+0000][7][safepoint   ] Safepoint "Cleanup", Time since last: 1009035463 ns, Reaching safepoint: 3309505 ns, Cleanup: 42681 ns, At safepoint: 255512 ns, Total: 3607698 ns
[2026-07-13T07:43:06.892+0000][7][safepoint   ] Safepoint "Cleanup", Time since last: 1001560205 ns, Reaching safepoint: 1698139 ns, Cleanup: 28263 ns, At safepoint: 22717 ns, Total: 1749119 ns
[2026-07-13T07:43:08.092+0000][7][safepoint   ] Safepoint "Cleanup", Time since last: 1198944472 ns, Reaching safepoint: 1220809 ns, Cleanup: 78309 ns, At safepoint: 62088 ns, Total: 1361206 ns
[2026-07-13T07:43:09.095+0000][7][safepoint   ] Safepoint "Cleanup", Time since last: 1001568745 ns, Reaching safepoint: 973929 ns, Cleanup: 24848 ns, At safepoint: 14117 ns, Total: 1012894 ns
[2026-07-13T07:43:10.623+0000][7][safepoint   ] Safepoint "Cleanup", Time since last: 1516271623 ns, Reaching safepoint: 11829921 ns, Cleanup: 93151 ns, At safepoint: 97603 ns, Total: 12020675 ns
[2026-07-13T07:43:11.656+0000][7][safepoint   ] Safepoint "Cleanup", Time since last: 1009502383 ns, Reaching safepoint: 18641375 ns, Cleanup: 151886 ns, At safepoint: 4314004 ns, Total: 23107265 ns
[2026-07-13T07:43:12.658+0000][7][safepoint   ] Safepoint "Cleanup", Time since last: 1001142666 ns, Reaching safepoint: 1124229 ns, Cleanup: 71447 ns, At safepoint: 56114 ns, Total: 1251790 ns
[2026-07-13T07:43:13.669+0000][7][safepoint   ] Safepoint "Cleanup", Time since last: 1010052449 ns, Reaching safepoint: 748864 ns, Cleanup: 35017 ns, At safepoint: 22468 ns, Total: 806349 ns
[2026-07-13T07:43:14.016+0000][7][gc,start    ] GC(14) Pause Young (Normal) (G1 Evacuation Pause)
[2026-07-13T07:43:14.016+0000][7][gc,task     ] GC(14) Using 4 workers of 4 for evacuation
[2026-07-13T07:43:14.016+0000][7][gc,age      ] GC(14) Desired survivor size 18874368 bytes, new threshold 15 (max threshold 15)
[2026-07-13T07:43:14.058+0000][7][gc,phases   ] GC(14)   Pre Evacuate Collection Set: 0.18ms
[2026-07-13T07:43:14.058+0000][7][gc,phases   ] GC(14)   Merge Heap Roots: 0.05ms
[2026-07-13T07:43:14.058+0000][7][gc,phases   ] GC(14)   Evacuate Collection Set: 36.34ms
[2026-07-13T07:43:14.058+0000][7][gc,phases   ] GC(14)   Post Evacuate Collection Set: 4.69ms
[2026-07-13T07:43:14.058+0000][7][gc,phases   ] GC(14)   Other: 0.34ms
[2026-07-13T07:43:14.058+0000][7][gc,age      ] GC(14) Age table with threshold 15 (max threshold 15)
[2026-07-13T07:43:14.059+0000][7][gc,age      ] GC(14) - age   1:    5643032 bytes,    5643032 total
[2026-07-13T07:43:14.059+0000][7][gc,age      ] GC(14) - age   2:     228088 bytes,    5871120 total
[2026-07-13T07:43:14.059+0000][7][gc,heap     ] GC(14) Eden regions: 69->0(74)
[2026-07-13T07:43:14.059+0000][7][gc,heap     ] GC(14) Survivor regions: 2->2(9)
[2026-07-13T07:43:14.059+0000][7][gc,heap     ] GC(14) Old regions: 12->12
[2026-07-13T07:43:14.059+0000][7][gc,heap     ] GC(14) Humongous regions: 0->0
[2026-07-13T07:43:14.059+0000][7][gc,metaspace] GC(14) Metaspace: 51600K(52928K)->51600K(52928K) NonClass: 44592K(45376K)->44592K(45376K) Class: 7008K(7552K)->7008K(7552K)
[2026-07-13T07:43:14.059+0000][7][gc          ] GC(14) Pause Young (Normal) (G1 Evacuation Pause) 329M->54M(512M) 43.151ms
[2026-07-13T07:43:14.059+0000][7][gc,cpu      ] GC(14) User=0.03s Sys=0.00s Real=0.04s
[2026-07-13T07:43:14.067+0000][7][safepoint   ] Safepoint "G1CollectForAllocation", Time since last: 346986179 ns, Reaching safepoint: 6552 ns, Cleanup: 5051 ns, At safepoint: 50671106 ns, Total: 50682709 ns
[2026-07-13T07:43:16.074+0000][7][safepoint   ] Safepoint "Cleanup", Time since last: 2001318259 ns, Reaching safepoint: 901290 ns, Cleanup: 35925 ns, At safepoint: 1991341 ns, Total: 2928556 ns
[2026-07-13T07:43:17.970+0000][7][safepoint   ] Safepoint "Cleanup", Time since last: 1895161034 ns, Reaching safepoint: 1061062 ns, Cleanup: 72849 ns, At safepoint: 66525 ns, Total: 1200436 ns
[2026-07-13T07:43:19.349+0000][7][safepoint   ] Safepoint "Cleanup", Time since last: 1369744722 ns, Reaching safepoint: 9483503 ns, Cleanup: 35714 ns, At safepoint: 63240 ns, Total: 9582457 ns
[2026-07-13T07:43:20.361+0000][7][safepoint   ] Safepoint "Cleanup", Time since last: 1004071711 ns, Reaching safepoint: 7396291 ns, Cleanup: 49560 ns, At safepoint: 69966 ns, Total: 7515817 ns
[2026-07-13T07:43:21.367+0000][7][safepoint   ] Safepoint "Cleanup", Time since last: 1002386554 ns, Reaching safepoint: 3728260 ns, Cleanup: 54527 ns, At safepoint: 107983 ns, Total: 3890770 ns
[2026-07-13T07:43:22.374+0000][7][safepoint   ] Safepoint "Cleanup", Time since last: 1005526740 ns, Reaching safepoint: 1081881 ns, Cleanup: 60093 ns, At safepoint: 63140 ns, Total: 1205114 ns
[2026-07-13T07:43:23.827+0000][7][gc,start    ] GC(15) Pause Young (Concurrent Start) (Metadata GC Threshold)
[2026-07-13T07:43:23.828+0000][7][gc,task     ] GC(15) Using 4 workers of 4 for evacuation
[2026-07-13T07:43:23.830+0000][7][gc,age      ] GC(15) Desired survivor size 20971520 bytes, new threshold 15 (max threshold 15)
[2026-07-13T07:43:23.941+0000][7][gc,phases   ] GC(15)   Pre Evacuate Collection Set: 0.25ms
[2026-07-13T07:43:23.942+0000][7][gc,phases   ] GC(15)   Merge Heap Roots: 0.17ms
[2026-07-13T07:43:23.942+0000][7][gc,phases   ] GC(15)   Evacuate Collection Set: 97.94ms
[2026-07-13T07:43:23.942+0000][7][gc,phases   ] GC(15)   Post Evacuate Collection Set: 13.08ms
[2026-07-13T07:43:23.942+0000][7][gc,phases   ] GC(15)   Other: 2.05ms
[2026-07-13T07:43:23.943+0000][7][gc,age      ] GC(15) Age table with threshold 15 (max threshold 15)
[2026-07-13T07:43:23.943+0000][7][gc,age      ] GC(15) - age   1:    5656352 bytes,    5656352 total
[2026-07-13T07:43:23.947+0000][7][gc,age      ] GC(15) - age   2:    5387648 bytes,   11044000 total
[2026-07-13T07:43:23.947+0000][7][gc,age      ] GC(15) - age   3:     227832 bytes,   11271832 total
[2026-07-13T07:43:23.947+0000][7][gc,heap     ] GC(15) Eden regions: 44->0(73)
[2026-07-13T07:43:23.947+0000][7][gc,heap     ] GC(15) Survivor regions: 2->3(10)
[2026-07-13T07:43:23.948+0000][7][gc,heap     ] GC(15) Old regions: 12->12
[2026-07-13T07:43:23.948+0000][7][gc,heap     ] GC(15) Humongous regions: 0->0
[2026-07-13T07:43:23.948+0000][7][gc,metaspace] GC(15) Metaspace: 59437K(60736K)->59437K(60736K) NonClass: 51343K(52096K)->51343K(52096K) Class: 8093K(8640K)->8093K(8640K)
[2026-07-13T07:43:23.948+0000][7][gc          ] GC(15) Pause Young (Concurrent Start) (Metadata GC Threshold) 230M->59M(512M) 120.809ms
[2026-07-13T07:43:23.948+0000][7][gc,cpu      ] GC(15) User=0.14s Sys=0.01s Real=0.12s
[2026-07-13T07:43:23.948+0000][7][gc          ] GC(16) Concurrent Mark Cycle
[2026-07-13T07:43:23.950+0000][7][gc,marking  ] GC(16) Concurrent Scan Root Regions
[2026-07-13T07:43:23.954+0000][7][safepoint   ] Safepoint "CollectForMetadataAllocation", Time since last: 1453190878 ns, Reaching safepoint: 9759 ns, Cleanup: 72572 ns, At safepoint: 127221777 ns, Total: 127304108 ns
[2026-07-13T07:43:24.032+0000][7][gc,marking  ] GC(16) Concurrent Scan Root Regions 81.513ms
[2026-07-13T07:43:24.032+0000][7][gc,marking  ] GC(16) Concurrent Mark
[2026-07-13T07:43:24.032+0000][7][gc,marking  ] GC(16) Concurrent Mark From Roots
[2026-07-13T07:43:24.032+0000][7][gc,task     ] GC(16) Using 1 workers of 1 for marking
[2026-07-13T07:43:24.497+0000][7][safepoint   ] Safepoint "CollectForMetadataAllocation", Time since last: 527971005 ns, Reaching safepoint: 3629129 ns, Cleanup: 35268 ns, At safepoint: 10621237 ns, Total: 14285634 ns
[2026-07-13T07:43:24.635+0000][7][gc,marking  ] GC(16) Concurrent Mark From Roots 603.469ms
[2026-07-13T07:43:24.636+0000][7][gc,marking  ] GC(16) Concurrent Preclean
[2026-07-13T07:43:24.636+0000][7][gc,marking  ] GC(16) Concurrent Preclean 0.339ms
[2026-07-13T07:43:24.640+0000][7][gc,start    ] GC(16) Pause Remark
[2026-07-13T07:43:24.672+0000][7][gc          ] GC(16) Pause Remark 65M->65M(512M) 32.641ms
[2026-07-13T07:43:24.673+0000][7][gc,cpu      ] GC(16) User=0.03s Sys=0.00s Real=0.03s
[2026-07-13T07:43:24.673+0000][7][safepoint   ] Safepoint "G1PauseRemark", Time since last: 139555970 ns, Reaching safepoint: 3397155 ns, Cleanup: 18317 ns, At safepoint: 33111267 ns, Total: 36526739 ns
[2026-07-13T07:43:24.677+0000][7][gc,marking  ] GC(16) Concurrent Mark 645.104ms
[2026-07-13T07:43:24.677+0000][7][gc,marking  ] GC(16) Concurrent Rebuild Remembered Sets and Scrub Regions
[2026-07-13T07:43:24.970+0000][7][gc,marking  ] GC(16) Concurrent Rebuild Remembered Sets and Scrub Regions 292.825ms
[2026-07-13T07:43:24.996+0000][7][gc,start    ] GC(16) Pause Cleanup
[2026-07-13T07:43:24.999+0000][7][gc          ] GC(16) Pause Cleanup 67M->67M(512M) 2.694ms
[2026-07-13T07:43:25.014+0000][7][gc,cpu      ] GC(16) User=0.01s Sys=0.01s Real=0.02s
[2026-07-13T07:43:25.020+0000][7][safepoint   ] Safepoint "G1PauseCleanup", Time since last: 297977217 ns, Reaching safepoint: 25149880 ns, Cleanup: 124118 ns, At safepoint: 23923875 ns, Total: 49197873 ns
[2026-07-13T07:43:25.021+0000][7][gc,marking  ] GC(16) Concurrent Clear Claimed Marks
[2026-07-13T07:43:25.025+0000][7][gc,marking  ] GC(16) Concurrent Clear Claimed Marks 3.431ms
[2026-07-13T07:43:25.030+0000][7][gc,marking  ] GC(16) Concurrent Cleanup for Next Mark
[2026-07-13T07:43:25.036+0000][7][gc,marking  ] GC(16) Concurrent Cleanup for Next Mark 5.937ms
[2026-07-13T07:43:25.043+0000][7][gc          ] GC(16) Concurrent Mark Cycle 1095.051ms
[2026-07-13T07:43:26.030+0000][7][safepoint   ] Safepoint "Cleanup", Time since last: 1002138321 ns, Reaching safepoint: 550652 ns, Cleanup: 432592 ns, At safepoint: 6687777 ns, Total: 7671021 ns
[2026-07-13T07:43:27.033+0000][7][safepoint   ] Safepoint "Cleanup", Time since last: 1002067718 ns, Reaching safepoint: 1250376 ns, Cleanup: 54512 ns, At safepoint: 23539 ns, Total: 1328427 ns
[2026-07-13T07:43:28.038+0000][7][safepoint   ] Safepoint "Cleanup", Time since last: 1003353571 ns, Reaching safepoint: 1504516 ns, Cleanup: 27939 ns, At safepoint: 25321 ns, Total: 1557776 ns
[2026-07-13T07:43:29.045+0000][7][safepoint   ] Safepoint "Cleanup", Time since last: 1003566991 ns, Reaching safepoint: 3027382 ns, Cleanup: 34779 ns, At safepoint: 67375 ns, Total: 3129536 ns
[2026-07-13T07:43:30.119+0000][7][safepoint   ] Safepoint "Cleanup", Time since last: 1032409033 ns, Reaching safepoint: 10890354 ns, Cleanup: 72134 ns, At safepoint: 30806697 ns, Total: 41769185 ns
[2026-07-13T07:43:31.611+0000][7][safepoint   ] Safepoint "Cleanup", Time since last: 1490378556 ns, Reaching safepoint: 1416988 ns, Cleanup: 98387 ns, At safepoint: 54667 ns, Total: 1570042 ns
[2026-07-13T07:43:32.338+0000][7][gc,start    ] GC(17) Pause Young (Normal) (G1 Evacuation Pause)
[2026-07-13T07:43:32.338+0000][7][gc,task     ] GC(17) Using 4 workers of 4 for evacuation
[2026-07-13T07:43:32.338+0000][7][gc,age      ] GC(17) Desired survivor size 10485760 bytes, new threshold 2 (max threshold 15)
[2026-07-13T07:43:32.499+0000][7][gc,phases   ] GC(17)   Pre Evacuate Collection Set: 0.10ms
[2026-07-13T07:43:32.500+0000][7][gc,phases   ] GC(17)   Merge Heap Roots: 0.12ms
[2026-07-13T07:43:32.500+0000][7][gc,phases   ] GC(17)   Evacuate Collection Set: 154.77ms
[2026-07-13T07:43:32.500+0000][7][gc,phases   ] GC(17)   Post Evacuate Collection Set: 5.44ms
[2026-07-13T07:43:32.500+0000][7][gc,phases   ] GC(17)   Other: 0.44ms
[2026-07-13T07:43:32.502+0000][7][gc,age      ] GC(17) Age table with threshold 2 (max threshold 15)
[2026-07-13T07:43:32.503+0000][7][gc,age      ] GC(17) - age   1:    7976752 bytes,    7976752 total
[2026-07-13T07:43:32.503+0000][7][gc,age      ] GC(17) - age   2:    5494504 bytes,   13471256 total
[2026-07-13T07:43:32.503+0000][7][gc,heap     ] GC(17) Eden regions: 31->0(33)
[2026-07-13T07:43:32.503+0000][7][gc,heap     ] GC(17) Survivor regions: 3->4(5)
[2026-07-13T07:43:32.503+0000][7][gc,heap     ] GC(17) Old regions: 12->14
[2026-07-13T07:43:32.503+0000][7][gc,heap     ] GC(17) Humongous regions: 0->0
[2026-07-13T07:43:32.504+0000][7][gc,metaspace] GC(17) Metaspace: 78989K(80640K)->78989K(80640K) NonClass: 68049K(69056K)->68049K(69056K) Class: 10940K(11584K)->10940K(11584K)
[2026-07-13T07:43:32.504+0000][7][gc          ] GC(17) Pause Young (Normal) (G1 Evacuation Pause) 183M->67M(512M) 165.883ms
[2026-07-13T07:43:32.505+0000][7][gc,cpu      ] GC(17) User=0.10s Sys=0.01s Real=0.17s
[2026-07-13T07:43:32.519+0000][7][safepoint   ] Safepoint "G1CollectForAllocation", Time since last: 727014461 ns, Reaching safepoint: 6812 ns, Cleanup: 46660 ns, At safepoint: 181054228 ns, Total: 181107700 ns
[2026-07-13T07:43:33.523+0000][7][safepoint   ] Safepoint "Cleanup", Time since last: 1002344066 ns, Reaching safepoint: 1033852 ns, Cleanup: 60580 ns, At safepoint: 21347 ns, Total: 1115779 ns
[2026-07-13T07:43:34.528+0000][7][safepoint   ] Safepoint "Cleanup", Time since last: 1005273727 ns, Reaching safepoint: 7931 ns, Cleanup: 94934 ns, At safepoint: 85576 ns, Total: 188441 ns
[2026-07-13T07:43:36.031+0000][7][safepoint   ] Safepoint "ICBufferFull", Time since last: 1501987389 ns, Reaching safepoint: 943801 ns, Cleanup: 115962 ns, At safepoint: 50898 ns, Total: 1110661 ns
[2026-07-13T07:43:36.364+0000][7][gc,start    ] GC(18) Pause Young (Normal) (G1 Evacuation Pause)
[2026-07-13T07:43:36.364+0000][7][gc,task     ] GC(18) Using 4 workers of 4 for evacuation
[2026-07-13T07:43:36.365+0000][7][gc,age      ] GC(18) Desired survivor size 8388608 bytes, new threshold 2 (max threshold 15)
[2026-07-13T07:43:36.392+0000][7][gc,phases   ] GC(18)   Pre Evacuate Collection Set: 0.28ms
[2026-07-13T07:43:36.392+0000][7][gc,phases   ] GC(18)   Merge Heap Roots: 0.19ms
[2026-07-13T07:43:36.392+0000][7][gc,phases   ] GC(18)   Evacuate Collection Set: 23.63ms
[2026-07-13T07:43:36.393+0000][7][gc,phases   ] GC(18)   Post Evacuate Collection Set: 2.55ms
[2026-07-13T07:43:36.393+0000][7][gc,phases   ] GC(18)   Other: 0.61ms
[2026-07-13T07:43:36.393+0000][7][gc,age      ] GC(18) Age table with threshold 2 (max threshold 15)
[2026-07-13T07:43:36.393+0000][7][gc,age      ] GC(18) - age   1:    6366536 bytes,    6366536 total
[2026-07-13T07:43:36.393+0000][7][gc,age      ] GC(18) - age   2:    7346752 bytes,   13713288 total
[2026-07-13T07:43:36.394+0000][7][gc,heap     ] GC(18) Eden regions: 27->0(53)
[2026-07-13T07:43:36.394+0000][7][gc,heap     ] GC(18) Survivor regions: 4->4(4)
[2026-07-13T07:43:36.394+0000][7][gc,heap     ] GC(18) Old regions: 14->15
[2026-07-13T07:43:36.394+0000][7][gc,heap     ] GC(18) Humongous regions: 0->0
[2026-07-13T07:43:36.395+0000][7][gc,metaspace] GC(18) Metaspace: 92258K(95104K)->92258K(95104K) NonClass: 79108K(80704K)->79108K(80704K) Class: 13149K(14400K)->13149K(14400K)
[2026-07-13T07:43:36.395+0000][7][gc          ] GC(18) Pause Young (Normal) (G1 Evacuation Pause) 175M->74M(512M) 30.916ms
[2026-07-13T07:43:36.395+0000][7][gc,cpu      ] GC(18) User=0.10s Sys=0.01s Real=0.03s
[2026-07-13T07:43:36.395+0000][7][safepoint   ] Safepoint "G1CollectForAllocation", Time since last: 332083960 ns, Reaching safepoint: 586594 ns, Cleanup: 58984 ns, At safepoint: 31587289 ns, Total: 32232867 ns
[2026-07-13T07:43:37.175+0000][7][safepoint   ] Safepoint "ICBufferFull", Time since last: 779212522 ns, Reaching safepoint: 11123 ns, Cleanup: 200688 ns, At safepoint: 63657 ns, Total: 275468 ns
[2026-07-13T07:43:37.619+0000][7][safepoint   ] Safepoint "ICBufferFull", Time since last: 444336242 ns, Reaching safepoint: 8394 ns, Cleanup: 97282 ns, At safepoint: 8421 ns, Total: 114097 ns
[2026-07-13T07:43:38.358+0000][7][safepoint   ] Safepoint "ICBufferFull", Time since last: 738097520 ns, Reaching safepoint: 583379 ns, Cleanup: 297342 ns, At safepoint: 24259 ns, Total: 904980 ns
[2026-07-13T07:43:38.706+0000][7][safepoint   ] Safepoint "ICBufferFull", Time since last: 347348740 ns, Reaching safepoint: 9716 ns, Cleanup: 96317 ns, At safepoint: 7889 ns, Total: 113922 ns
[2026-07-13T07:43:39.708+0000][7][safepoint   ] Safepoint "Cleanup", Time since last: 1001307521 ns, Reaching safepoint: 633782 ns, Cleanup: 128979 ns, At safepoint: 20690 ns, Total: 783451 ns
[2026-07-13T07:43:39.756+0000][7][gc,start    ] GC(19) Pause Young (Normal) (G1 Evacuation Pause)
[2026-07-13T07:43:39.756+0000][7][gc,task     ] GC(19) Using 4 workers of 4 for evacuation
[2026-07-13T07:43:39.756+0000][7][gc,age      ] GC(19) Desired survivor size 12582912 bytes, new threshold 2 (max threshold 15)
[2026-07-13T07:43:39.787+0000][7][gc,phases   ] GC(19)   Pre Evacuate Collection Set: 0.51ms
[2026-07-13T07:43:39.788+0000][7][gc,phases   ] GC(19)   Merge Heap Roots: 0.17ms
[2026-07-13T07:43:39.788+0000][7][gc,phases   ] GC(19)   Evacuate Collection Set: 28.13ms
[2026-07-13T07:43:39.788+0000][7][gc,phases   ] GC(19)   Post Evacuate Collection Set: 2.01ms
[2026-07-13T07:43:39.788+0000][7][gc,phases   ] GC(19)   Other: 0.54ms
[2026-07-13T07:43:39.789+0000][7][gc,age      ] GC(19) Age table with threshold 2 (max threshold 15)
[2026-07-13T07:43:39.789+0000][7][gc,age      ] GC(19) - age   1:    3590056 bytes,    3590056 total
[2026-07-13T07:43:39.789+0000][7][gc,age      ] GC(19) - age   2:    6017536 bytes,    9607592 total
[2026-07-13T07:43:39.789+0000][7][gc,heap     ] GC(19) Eden regions: 40->0(73)
[2026-07-13T07:43:39.790+0000][7][gc,heap     ] GC(19) Survivor regions: 4->3(6)
[2026-07-13T07:43:39.790+0000][7][gc,heap     ] GC(19) Old regions: 15->17
[2026-07-13T07:43:39.790+0000][7][gc,heap     ] GC(19) Humongous regions: 2->2
[2026-07-13T07:43:39.790+0000][7][gc,metaspace] GC(19) Metaspace: 98405K(101120K)->98405K(101120K) NonClass: 84338K(85824K)->84338K(85824K) Class: 14067K(15296K)->14067K(15296K)
[2026-07-13T07:43:39.790+0000][7][gc          ] GC(19) Pause Young (Normal) (G1 Evacuation Pause) 242M->85M(512M) 34.682ms
[2026-07-13T07:43:39.791+0000][7][gc,cpu      ] GC(19) User=0.10s Sys=0.03s Real=0.03s
[2026-07-13T07:43:39.791+0000][7][safepoint   ] Safepoint "G1CollectForAllocation", Time since last: 46974452 ns, Reaching safepoint: 907798 ns, Cleanup: 8744 ns, At safepoint: 35304147 ns, Total: 36220689 ns
[2026-07-13T07:43:40.243+0000][7][gc,start    ] GC(20) Pause Young (Concurrent Start) (Metadata GC Threshold)
[2026-07-13T07:43:40.244+0000][7][gc,task     ] GC(20) Using 4 workers of 4 for evacuation
[2026-07-13T07:43:40.247+0000][7][gc,age      ] GC(20) Desired survivor size 20971520 bytes, new threshold 15 (max threshold 15)
[2026-07-13T07:43:40.277+0000][7][gc,phases   ] GC(20)   Pre Evacuate Collection Set: 0.49ms
[2026-07-13T07:43:40.278+0000][7][gc,phases   ] GC(20)   Merge Heap Roots: 0.45ms
[2026-07-13T07:43:40.278+0000][7][gc,phases   ] GC(20)   Evacuate Collection Set: 25.05ms
[2026-07-13T07:43:40.279+0000][7][gc,phases   ] GC(20)   Post Evacuate Collection Set: 3.86ms
[2026-07-13T07:43:40.279+0000][7][gc,phases   ] GC(20)   Other: 3.11ms
[2026-07-13T07:43:40.279+0000][7][gc,age      ] GC(20) Age table with threshold 15 (max threshold 15)
[2026-07-13T07:43:40.280+0000][7][gc,age      ] GC(20) - age   1:     400864 bytes,     400864 total
[2026-07-13T07:43:40.281+0000][7][gc,age      ] GC(20) - age   2:    3466944 bytes,    3867808 total
[2026-07-13T07:43:40.281+0000][7][gc,age      ] GC(20) - age   3:    6015824 bytes,    9883632 total
[2026-07-13T07:43:40.282+0000][7][gc,heap     ] GC(20) Eden regions: 8->0(73)
[2026-07-13T07:43:40.282+0000][7][gc,heap     ] GC(20) Survivor regions: 3->3(10)
[2026-07-13T07:43:40.284+0000][7][gc,heap     ] GC(20) Old regions: 17->17
[2026-07-13T07:43:40.284+0000][7][gc,heap     ] GC(20) Humongous regions: 2->2
[2026-07-13T07:43:40.284+0000][7][gc,metaspace] GC(20) Metaspace: 99549K(102336K)->99549K(102336K) NonClass: 85324K(86848K)->85324K(86848K) Class: 14224K(15488K)->14224K(15488K)
[2026-07-13T07:43:40.285+0000][7][gc          ] GC(20) Pause Young (Concurrent Start) (Metadata GC Threshold) 116M->85M(512M) 41.885ms
[2026-07-13T07:43:40.285+0000][7][gc,cpu      ] GC(20) User=0.07s Sys=0.00s Real=0.05s
[2026-07-13T07:43:40.285+0000][7][gc          ] GC(21) Concurrent Mark Cycle
[2026-07-13T07:43:40.286+0000][7][gc,marking  ] GC(21) Concurrent Scan Root Regions
[2026-07-13T07:43:40.286+0000][7][safepoint   ] Safepoint "CollectForMetadataAllocation", Time since last: 451046160 ns, Reaching safepoint: 617884 ns, Cleanup: 61750 ns, At safepoint: 42859771 ns, Total: 43539405 ns
[2026-07-13T07:43:40.319+0000][7][gc,marking  ] GC(21) Concurrent Scan Root Regions 33.240ms
[2026-07-13T07:43:40.320+0000][7][gc,marking  ] GC(21) Concurrent Mark
[2026-07-13T07:43:40.320+0000][7][gc,marking  ] GC(21) Concurrent Mark From Roots
[2026-07-13T07:43:40.321+0000][7][gc,task     ] GC(21) Using 1 workers of 1 for marking
[2026-07-13T07:43:40.390+0000][7][safepoint   ] Safepoint "CollectForMetadataAllocation", Time since last: 97706396 ns, Reaching safepoint: 5279330 ns, Cleanup: 64017 ns, At safepoint: 1135451 ns, Total: 6478798 ns
[2026-07-13T07:43:40.583+0000][7][gc,marking  ] GC(21) Concurrent Mark From Roots 263.377ms
[2026-07-13T07:43:40.584+0000][7][gc,marking  ] GC(21) Concurrent Preclean
[2026-07-13T07:43:40.585+0000][7][gc,marking  ] GC(21) Concurrent Preclean 0.817ms
[2026-07-13T07:43:40.586+0000][7][gc,start    ] GC(21) Pause Remark
[2026-07-13T07:43:40.608+0000][7][gc          ] GC(21) Pause Remark 95M->95M(512M) 22.503ms
[2026-07-13T07:43:40.608+0000][7][gc,cpu      ] GC(21) User=0.06s Sys=0.00s Real=0.02s
[2026-07-13T07:43:40.611+0000][7][safepoint   ] Safepoint "G1PauseRemark", Time since last: 195369255 ns, Reaching safepoint: 427215 ns, Cleanup: 40519 ns, At safepoint: 25080686 ns, Total: 25548420 ns
[2026-07-13T07:43:40.613+0000][7][gc,marking  ] GC(21) Concurrent Mark 293.203ms
[2026-07-13T07:43:40.613+0000][7][gc,marking  ] GC(21) Concurrent Rebuild Remembered Sets and Scrub Regions
[2026-07-13T07:43:40.762+0000][7][gc,marking  ] GC(21) Concurrent Rebuild Remembered Sets and Scrub Regions 149.120ms
[2026-07-13T07:43:40.764+0000][7][gc,start    ] GC(21) Pause Cleanup
[2026-07-13T07:43:40.764+0000][7][gc          ] GC(21) Pause Cleanup 97M->97M(512M) 0.300ms
[2026-07-13T07:43:40.764+0000][7][gc,cpu      ] GC(21) User=0.00s Sys=0.00s Real=0.00s
[2026-07-13T07:43:40.765+0000][7][safepoint   ] Safepoint "G1PauseCleanup", Time since last: 151691174 ns, Reaching safepoint: 1332438 ns, Cleanup: 27131 ns, At safepoint: 705879 ns, Total: 2065448 ns
[2026-07-13T07:43:40.766+0000][7][gc,marking  ] GC(21) Concurrent Clear Claimed Marks
[2026-07-13T07:43:40.766+0000][7][gc,marking  ] GC(21) Concurrent Clear Claimed Marks 0.503ms
[2026-07-13T07:43:40.766+0000][7][gc,marking  ] GC(21) Concurrent Cleanup for Next Mark
[2026-07-13T07:43:40.768+0000][7][gc,marking  ] GC(21) Concurrent Cleanup for Next Mark 1.597ms
[2026-07-13T07:43:40.768+0000][7][gc          ] GC(21) Concurrent Mark Cycle 483.270ms
[2026-07-13T07:43:41.903+0000][7][safepoint   ] Safepoint "Cleanup", Time since last: 1137695703 ns, Reaching safepoint: 483408 ns, Cleanup: 148484 ns, At safepoint: 88003 ns, Total: 719895 ns
[2026-07-13T07:43:42.452+0000][7][safepoint   ] Safepoint "ICBufferFull", Time since last: 548465241 ns, Reaching safepoint: 12884 ns, Cleanup: 380359 ns, At safepoint: 52786 ns, Total: 446029 ns
[2026-07-13T07:43:43.883+0000][7][safepoint   ] Safepoint "Cleanup", Time since last: 1430996402 ns, Reaching safepoint: 11425 ns, Cleanup: 135931 ns, At safepoint: 18956 ns, Total: 166312 ns
[2026-07-13T07:43:44.887+0000][7][safepoint   ] Safepoint "Cleanup", Time since last: 1001728338 ns, Reaching safepoint: 972927 ns, Cleanup: 93980 ns, At safepoint: 283397 ns, Total: 1350304 ns
[2026-07-13T07:43:45.895+0000][7][safepoint   ] Safepoint "Cleanup", Time since last: 1002725005 ns, Reaching safepoint: 15193 ns, Cleanup: 5774047 ns, At safepoint: 37924 ns, Total: 5827164 ns
[2026-07-13T07:43:46.901+0000][7][safepoint   ] Safepoint "Cleanup", Time since last: 1005375882 ns, Reaching safepoint: 56395 ns, Cleanup: 23870 ns, At safepoint: 14249 ns, Total: 94514 ns
[2026-07-13T07:43:47.923+0000][7][safepoint   ] Safepoint "Cleanup", Time since last: 1001758278 ns, Reaching safepoint: 18298309 ns, Cleanup: 100940 ns, At safepoint: 2352382 ns, Total: 20751631 ns
[2026-07-13T07:43:48.945+0000][7][safepoint   ] Safepoint "Cleanup", Time since last: 1021316830 ns, Reaching safepoint: 873553 ns, Cleanup: 18892 ns, At safepoint: 25545 ns, Total: 917990 ns
[2026-07-13T07:43:49.961+0000][7][safepoint   ] Safepoint "Cleanup", Time since last: 1009813845 ns, Reaching safepoint: 6081123 ns, Cleanup: 75291 ns, At safepoint: 80003 ns, Total: 6236417 ns
[2026-07-13T07:43:50.963+0000][7][safepoint   ] Safepoint "Cleanup", Time since last: 1001457203 ns, Reaching safepoint: 14459 ns, Cleanup: 48856 ns, At safepoint: 11068 ns, Total: 74383 ns
[2026-07-13T07:43:51.969+0000][7][safepoint   ] Safepoint "Cleanup", Time since last: 1001325891 ns, Reaching safepoint: 935884 ns, Cleanup: 39142 ns, At safepoint: 3960518 ns, Total: 4935544 ns
[2026-07-13T07:43:53.696+0000][7][safepoint   ] Safepoint "Cleanup", Time since last: 1720112946 ns, Reaching safepoint: 6026476 ns, Cleanup: 180984 ns, At safepoint: 101557 ns, Total: 6309017 ns
[2026-07-13T07:43:54.702+0000][7][safepoint   ] Safepoint "Cleanup", Time since last: 1006317941 ns, Reaching safepoint: 245361 ns, Cleanup: 41395 ns, At safepoint: 22121 ns, Total: 308877 ns
[2026-07-13T07:43:55.711+0000][7][safepoint   ] Safepoint "Cleanup", Time since last: 1006066957 ns, Reaching safepoint: 2972932 ns, Cleanup: 27995 ns, At safepoint: 71898 ns, Total: 3072825 ns
[2026-07-13T07:43:56.717+0000][7][safepoint   ] Safepoint "Cleanup", Time since last: 1001794620 ns, Reaching safepoint: 1004526 ns, Cleanup: 20243 ns, At safepoint: 2987189 ns, Total: 4011958 ns
[2026-07-13T07:43:57.013+0000][7][gc,start    ] GC(22) Pause Young (Prepare Mixed) (G1 Evacuation Pause)
[2026-07-13T07:43:57.014+0000][7][gc,task     ] GC(22) Using 4 workers of 4 for evacuation
[2026-07-13T07:43:57.014+0000][7][gc,age      ] GC(22) Desired survivor size 20971520 bytes, new threshold 15 (max threshold 15)
[2026-07-13T07:43:57.074+0000][7][gc,phases   ] GC(22)   Pre Evacuate Collection Set: 0.14ms
[2026-07-13T07:43:57.075+0000][7][gc,phases   ] GC(22)   Merge Heap Roots: 0.24ms
[2026-07-13T07:43:57.075+0000][7][gc,phases   ] GC(22)   Evacuate Collection Set: 49.37ms
[2026-07-13T07:43:57.075+0000][7][gc,phases   ] GC(22)   Post Evacuate Collection Set: 10.63ms
[2026-07-13T07:43:57.079+0000][7][gc,phases   ] GC(22)   Other: 0.50ms
[2026-07-13T07:43:57.079+0000][7][gc,age      ] GC(22) Age table with threshold 15 (max threshold 15)
[2026-07-13T07:43:57.080+0000][7][gc,age      ] GC(22) - age   1:   10961632 bytes,   10961632 total
[2026-07-13T07:43:57.080+0000][7][gc,age      ] GC(22) - age   2:     313408 bytes,   11275040 total
[2026-07-13T07:43:57.081+0000][7][gc,age      ] GC(22) - age   3:    3371936 bytes,   14646976 total
[2026-07-13T07:43:57.083+0000][7][gc,age      ] GC(22) - age   4:    5885984 bytes,   20532960 total
[2026-07-13T07:43:57.084+0000][7][gc,heap     ] GC(22) Eden regions: 73->0(70)
[2026-07-13T07:43:57.084+0000][7][gc,heap     ] GC(22) Survivor regions: 3->6(10)
[2026-07-13T07:43:57.085+0000][7][gc,heap     ] GC(22) Old regions: 17->17
[2026-07-13T07:43:57.086+0000][7][gc,heap     ] GC(22) Humongous regions: 2->2
[2026-07-13T07:43:57.088+0000][7][gc,metaspace] GC(22) Metaspace: 107241K(110080K)->107241K(110080K) NonClass: 91896K(93440K)->91896K(93440K) Class: 15344K(16640K)->15344K(16640K)
[2026-07-13T07:43:57.091+0000][7][gc          ] GC(22) Pause Young (Prepare Mixed) (G1 Evacuation Pause) 377M->95M(512M) 77.812ms
[2026-07-13T07:43:57.094+0000][7][gc,cpu      ] GC(22) User=0.07s Sys=0.00s Real=0.08s
[2026-07-13T07:43:57.095+0000][7][safepoint   ] Safepoint "G1CollectForAllocation", Time since last: 295998725 ns, Reaching safepoint: 11635 ns, Cleanup: 19165 ns, At safepoint: 82201318 ns, Total: 82232118 ns
[2026-07-13T07:43:58.102+0000][7][safepoint   ] Safepoint "Cleanup", Time since last: 1003904424 ns, Reaching safepoint: 2908515 ns, Cleanup: 29749 ns, At safepoint: 62068 ns, Total: 3000332 ns
[2026-07-13T07:43:59.106+0000][7][safepoint   ] Safepoint "Cleanup", Time since last: 1001021202 ns, Reaching safepoint: 2405153 ns, Cleanup: 25669 ns, At safepoint: 234303 ns, Total: 2665125 ns
[2026-07-13T07:44:00.122+0000][7][safepoint   ] Safepoint "Cleanup", Time since last: 1016371373 ns, Reaching safepoint: 19167 ns, Cleanup: 26698 ns, At safepoint: 11456 ns, Total: 57321 ns
[2026-07-13T07:44:01.132+0000][7][safepoint   ] Safepoint "Cleanup", Time since last: 1009900224 ns, Reaching safepoint: 51724 ns, Cleanup: 27848 ns, At safepoint: 17845 ns, Total: 97417 ns
[2026-07-13T07:44:02.138+0000][7][safepoint   ] Safepoint "Cleanup", Time since last: 1003171879 ns, Reaching safepoint: 1840829 ns, Cleanup: 29285 ns, At safepoint: 250429 ns, Total: 2120543 ns
[2026-07-13T07:44:03.162+0000][7][safepoint   ] Safepoint "Cleanup", Time since last: 1010606793 ns, Reaching safepoint: 6064943 ns, Cleanup: 38847 ns, At safepoint: 7790226 ns, Total: 13894016 ns
[2026-07-13T07:44:04.756+0000][7][safepoint   ] Safepoint "Cleanup", Time since last: 1589923814 ns, Reaching safepoint: 3131473 ns, Cleanup: 82134 ns, At safepoint: 222604 ns, Total: 3436211 ns
[2026-07-13T07:44:05.038+0000][7][gc,start    ] GC(23) Pause Young (Mixed) (G1 Evacuation Pause)
[2026-07-13T07:44:05.039+0000][7][gc,task     ] GC(23) Using 4 workers of 4 for evacuation
[2026-07-13T07:44:05.039+0000][7][gc,age      ] GC(23) Desired survivor size 20971520 bytes, new threshold 15 (max threshold 15)
[2026-07-13T07:44:05.134+0000][7][gc,phases   ] GC(23)   Pre Evacuate Collection Set: 2.00ms
[2026-07-13T07:44:05.135+0000][7][gc,phases   ] GC(23)   Merge Heap Roots: 0.28ms
[2026-07-13T07:44:05.135+0000][7][gc,phases   ] GC(23)   Evacuate Collection Set: 84.57ms
[2026-07-13T07:44:05.135+0000][7][gc,phases   ] GC(23)   Post Evacuate Collection Set: 8.10ms
[2026-07-13T07:44:05.135+0000][7][gc,phases   ] GC(23)   Other: 0.99ms
[2026-07-13T07:44:05.136+0000][7][gc,age      ] GC(23) Age table with threshold 15 (max threshold 15)
[2026-07-13T07:44:05.136+0000][7][gc,age      ] GC(23) - age   1:    6011952 bytes,    6011952 total
[2026-07-13T07:44:05.136+0000][7][gc,age      ] GC(23) - age   2:    7191448 bytes,   13203400 total
[2026-07-13T07:44:05.138+0000][7][gc,age      ] GC(23) - age   3:     313312 bytes,   13516712 total
[2026-07-13T07:44:05.139+0000][7][gc,age      ] GC(23) - age   4:    3371520 bytes,   16888232 total
[2026-07-13T07:44:05.139+0000][7][gc,age      ] GC(23) - age   5:    5885912 bytes,   22774144 total
[2026-07-13T07:44:05.139+0000][7][gc,heap     ] GC(23) Eden regions: 70->0(69)
[2026-07-13T07:44:05.139+0000][7][gc,heap     ] GC(23) Survivor regions: 6->7(10)
[2026-07-13T07:44:05.139+0000][7][gc,heap     ] GC(23) Old regions: 17->17
[2026-07-13T07:44:05.140+0000][7][gc,heap     ] GC(23) Humongous regions: 2->2
[2026-07-13T07:44:05.140+0000][7][gc,metaspace] GC(23) Metaspace: 107834K(110656K)->107834K(110656K) NonClass: 92430K(93952K)->92430K(93952K) Class: 15403K(16704K)->15403K(16704K)
[2026-07-13T07:44:05.140+0000][7][gc          ] GC(23) Pause Young (Mixed) (G1 Evacuation Pause) 375M->98M(512M) 101.751ms
[2026-07-13T07:44:05.140+0000][7][gc,cpu      ] GC(23) User=0.11s Sys=0.01s Real=0.10s
[2026-07-13T07:44:05.147+0000][7][safepoint   ] Safepoint "G1CollectForAllocation", Time since last: 280380354 ns, Reaching safepoint: 2185802 ns, Cleanup: 44856 ns, At safepoint: 108764039 ns, Total: 110994697 ns
[2026-07-13T07:44:06.156+0000][7][safepoint   ] Safepoint "Cleanup", Time since last: 1008320861 ns, Reaching safepoint: 16121 ns, Cleanup: 76003 ns, At safepoint: 115172 ns, Total: 207296 ns
[2026-07-13T07:44:07.169+0000][7][safepoint   ] Safepoint "Cleanup", Time since last: 1013020476 ns, Reaching safepoint: 11926 ns, Cleanup: 54587 ns, At safepoint: 10317 ns, Total: 76830 ns
[2026-07-13T07:44:09.171+0000][7][safepoint   ] Safepoint "Cleanup", Time since last: 2001918655 ns, Reaching safepoint: 22696 ns, Cleanup: 21359 ns, At safepoint: 12266 ns, Total: 56321 ns
[2026-07-13T07:44:12.174+0000][7][safepoint   ] Safepoint "Cleanup", Time since last: 3003763707 ns, Reaching safepoint: 19346 ns, Cleanup: 19267 ns, At safepoint: 10931 ns, Total: 49544 ns
[2026-07-13T07:44:13.176+0000][7][safepoint   ] Safepoint "Cleanup", Time since last: 1001094894 ns, Reaching safepoint: 17530 ns, Cleanup: 18075 ns, At safepoint: 12023 ns, Total: 47628 ns
[2026-07-13T07:44:16.221+0000][7][safepoint   ] Safepoint "Cleanup", Time since last: 3044412918 ns, Reaching safepoint: 355303 ns, Cleanup: 42058 ns, At safepoint: 66491 ns, Total: 463852 ns
[2026-07-13T07:44:17.999+0000][7][safepoint   ] Safepoint "Cleanup", Time since last: 1777802042 ns, Reaching safepoint: 13930 ns, Cleanup: 13018 ns, At safepoint: 9470 ns, Total: 36418 ns
[2026-07-13T07:44:23.045+0000][7][safepoint   ] Safepoint "Cleanup", Time since last: 5046301095 ns, Reaching safepoint: 17106 ns, Cleanup: 19540 ns, At safepoint: 10632 ns, Total: 47278 ns
[2026-07-13T07:44:25.055+0000][7][safepoint   ] Safepoint "Cleanup", Time since last: 2009708901 ns, Reaching safepoint: 26890 ns, Cleanup: 32275 ns, At safepoint: 19990 ns, Total: 79155 ns
[2026-07-13T07:44:26.056+0000][7][safepoint   ] Safepoint "Cleanup", Time since last: 1001439768 ns, Reaching safepoint: 12560 ns, Cleanup: 14325 ns, At safepoint: 8086 ns, Total: 34971 ns
[2026-07-13T07:44:27.060+0000][7][safepoint   ] Safepoint "Cleanup", Time since last: 1003451377 ns, Reaching safepoint: 9845 ns, Cleanup: 12870 ns, At safepoint: 7696 ns, Total: 30411 ns
[2026-07-13T07:44:30.063+0000][7][safepoint   ] Safepoint "Cleanup", Time since last: 3002026215 ns, Reaching safepoint: 857649 ns, Cleanup: 17633 ns, At safepoint: 56967 ns, Total: 932249 ns
[2026-07-13T07:44:36.067+0000][7][safepoint   ] Safepoint "Cleanup", Time since last: 6004159933 ns, Reaching safepoint: 42680 ns, Cleanup: 16212 ns, At safepoint: 11376 ns, Total: 70268 ns
[2026-07-13T07:44:37.068+0000][7][safepoint   ] Safepoint "Cleanup", Time since last: 1000675718 ns, Reaching safepoint: 15366 ns, Cleanup: 15840 ns, At safepoint: 8628 ns, Total: 39834 ns
[2026-07-13T07:44:38.069+0000][7][safepoint   ] Safepoint "Cleanup", Time since last: 1000907479 ns, Reaching safepoint: 12159 ns, Cleanup: 8514 ns, At safepoint: 7269 ns, Total: 27942 ns
[2026-07-13T07:44:42.073+0000][7][safepoint   ] Safepoint "Cleanup", Time since last: 4004127046 ns, Reaching safepoint: 14009 ns, Cleanup: 19798 ns, At safepoint: 16323 ns, Total: 50130 ns
[2026-07-13T07:44:45.078+0000][7][safepoint   ] Safepoint "Cleanup", Time since last: 3003032767 ns, Reaching safepoint: 16151 ns, Cleanup: 12507 ns, At safepoint: 8984 ns, Total: 37642 ns
[2026-07-13T07:44:47.080+0000][7][safepoint   ] Safepoint "Cleanup", Time since last: 2001892747 ns, Reaching safepoint: 19049 ns, Cleanup: 19863 ns, At safepoint: 15141 ns, Total: 54053 ns
[2026-07-13T07:44:51.084+0000][7][safepoint   ] Safepoint "Cleanup", Time since last: 4003981004 ns, Reaching safepoint: 17637 ns, Cleanup: 18701 ns, At safepoint: 13138 ns, Total: 49476 ns
[2026-07-13T07:44:57.090+0000][7][safepoint   ] Safepoint "Cleanup", Time since last: 6005833906 ns, Reaching safepoint: 11075 ns, Cleanup: 12673 ns, At safepoint: 7751 ns, Total: 31499 ns
[2026-07-13T07:44:58.091+0000][7][safepoint   ] Safepoint "Cleanup", Time since last: 1001016099 ns, Reaching safepoint: 12715 ns, Cleanup: 13940 ns, At safepoint: 10115 ns, Total: 36770 ns
[2026-07-13T07:45:07.100+0000][7][safepoint   ] Safepoint "Cleanup", Time since last: 9008868095 ns, Reaching safepoint: 41584 ns, Cleanup: 17524 ns, At safepoint: 9780 ns, Total: 68888 ns
[2026-07-13T07:45:09.101+0000][7][safepoint   ] Safepoint "Cleanup", Time since last: 2000979417 ns, Reaching safepoint: 15218 ns, Cleanup: 13818 ns, At safepoint: 9356 ns, Total: 38392 ns
[2026-07-13T07:45:12.103+0000][7][safepoint   ] Safepoint "Cleanup", Time since last: 3002048416 ns, Reaching safepoint: 10562 ns, Cleanup: 13718 ns, At safepoint: 7388 ns, Total: 31668 ns
[2026-07-13T07:45:27.116+0000][7][safepoint   ] Safepoint "Cleanup", Time since last: 15012909733 ns, Reaching safepoint: 12446 ns, Cleanup: 18767 ns, At safepoint: 8906 ns, Total: 40119 ns
[2026-07-13T07:45:37.126+0000][7][safepoint   ] Safepoint "Cleanup", Time since last: 10009913130 ns, Reaching safepoint: 45806 ns, Cleanup: 16162 ns, At safepoint: 9155 ns, Total: 71123 ns
[2026-07-13T07:45:42.144+0000][7][safepoint   ] Safepoint "Cleanup", Time since last: 5018076424 ns, Reaching safepoint: 15294 ns, Cleanup: 15341 ns, At safepoint: 9618 ns, Total: 40253 ns
[2026-07-13T07:45:52.155+0000][7][safepoint   ] Safepoint "Cleanup", Time since last: 10008983891 ns, Reaching safepoint: 15147 ns, Cleanup: 16721 ns, At safepoint: 12170 ns, Total: 44038 ns
[2026-07-13T07:45:57.159+0000][7][safepoint   ] Safepoint "Cleanup", Time since last: 5003999867 ns, Reaching safepoint: 13874 ns, Cleanup: 15205 ns, At safepoint: 10088 ns, Total: 39167 ns
[2026-07-13T07:46:01.162+0000][7][safepoint   ] Safepoint "Cleanup", Time since last: 4003700892 ns, Reaching safepoint: 12426 ns, Cleanup: 12414 ns, At safepoint: 8310 ns, Total: 33150 ns
[2026-07-13T07:46:07.169+0000][7][safepoint   ] Safepoint "Cleanup", Time since last: 6005221472 ns, Reaching safepoint: 935625 ns, Cleanup: 22990 ns, At safepoint: 87542 ns, Total: 1046157 ns
[2026-07-13T07:46:17.182+0000][7][safepoint   ] Safepoint "Cleanup", Time since last: 10012736256 ns, Reaching safepoint: 14635 ns, Cleanup: 13380 ns, At safepoint: 12167 ns, Total: 40182 ns
[2026-07-13T07:46:19.244+0000][7][safepoint   ] Safepoint "Cleanup", Time since last: 2062001503 ns, Reaching safepoint: 11458 ns, Cleanup: 12818 ns, At safepoint: 7417 ns, Total: 31693 ns
[2026-07-13T07:46:24.250+0000][7][safepoint   ] Safepoint "Cleanup", Time since last: 5004984916 ns, Reaching safepoint: 33734 ns, Cleanup: 14058 ns, At safepoint: 7399 ns, Total: 55191 ns
[2026-07-13T07:46:37.263+0000][7][safepoint   ] Safepoint "Cleanup", Time since last: 13012989000 ns, Reaching safepoint: 34500 ns, Cleanup: 20093 ns, At safepoint: 9052 ns, Total: 63645 ns
[2026-07-13T07:46:39.264+0000][7][safepoint   ] Safepoint "Cleanup", Time since last: 2001773158 ns, Reaching safepoint: 13672 ns, Cleanup: 14936 ns, At safepoint: 8017 ns, Total: 36625 ns
[2026-07-13T07:46:42.268+0000][7][safepoint   ] Safepoint "Cleanup", Time since last: 3003222214 ns, Reaching safepoint: 14777 ns, Cleanup: 21277 ns, At safepoint: 11199 ns, Total: 47253 ns
[2026-07-13T07:46:57.281+0000][7][safepoint   ] Safepoint "Cleanup", Time since last: 15011816602 ns, Reaching safepoint: 31411 ns, Cleanup: 13750 ns, At safepoint: 6931 ns, Total: 52092 ns
[2026-07-13T07:47:05.288+0000][7][safepoint   ] Safepoint "Cleanup", Time since last: 8007786161 ns, Reaching safepoint: 11629 ns, Cleanup: 12713 ns, At safepoint: 6768 ns, Total: 31110 ns
[2026-07-13T07:47:07.291+0000][7][safepoint   ] Safepoint "Cleanup", Time since last: 2002087888 ns, Reaching safepoint: 80667 ns, Cleanup: 24066 ns, At safepoint: 12281 ns, Total: 117014 ns
[2026-07-13T07:47:18.267+0000][7][safepoint   ] Safepoint "Cleanup", Time since last: 10975903152 ns, Reaching safepoint: 11468 ns, Cleanup: 14400 ns, At safepoint: 6687 ns, Total: 32555 ns
[2026-07-13T07:47:28.274+0000][7][safepoint   ] Safepoint "Cleanup", Time since last: 10006877721 ns, Reaching safepoint: 34771 ns, Cleanup: 13544 ns, At safepoint: 8820 ns, Total: 57135 ns
[2026-07-13T07:47:30.276+0000][7][safepoint   ] Safepoint "Cleanup", Time since last: 2002107728 ns, Reaching safepoint: 14252 ns, Cleanup: 15189 ns, At safepoint: 10460 ns, Total: 39901 ns
[2026-07-13T07:47:35.281+0000][7][safepoint   ] Safepoint "Cleanup", Time since last: 5004954485 ns, Reaching safepoint: 14837 ns, Cleanup: 30608 ns, At safepoint: 10822 ns, Total: 56267 ns
[2026-07-13T07:47:37.283+0000][7][safepoint   ] Safepoint "Cleanup", Time since last: 2001809204 ns, Reaching safepoint: 34708 ns, Cleanup: 13963 ns, At safepoint: 6763 ns, Total: 55434 ns
[2026-07-13T07:47:38.284+0000][7][safepoint   ] Safepoint "Cleanup", Time since last: 1001125864 ns, Reaching safepoint: 13217 ns, Cleanup: 14052 ns, At safepoint: 10200 ns, Total: 37469 ns
[2026-07-13T07:47:48.294+0000][7][safepoint   ] Safepoint "Cleanup", Time since last: 10008859095 ns, Reaching safepoint: 10982 ns, Cleanup: 19822 ns, At safepoint: 7515 ns, Total: 38319 ns
[2026-07-13T07:47:58.301+0000][7][safepoint   ] Safepoint "Cleanup", Time since last: 10006955828 ns, Reaching safepoint: 29262 ns, Cleanup: 10093 ns, At safepoint: 6700 ns, Total: 46055 ns
[2026-07-13T07:48:07.310+0000][7][safepoint   ] Safepoint "Cleanup", Time since last: 9008999305 ns, Reaching safepoint: 36870 ns, Cleanup: 17957 ns, At safepoint: 10160 ns, Total: 64987 ns
[2026-07-13T07:48:13.316+0000][7][safepoint   ] Safepoint "Cleanup", Time since last: 6005864040 ns, Reaching safepoint: 11940 ns, Cleanup: 13680 ns, At safepoint: 7748 ns, Total: 33368 ns
[2026-07-13T07:48:18.287+0000][7][safepoint   ] Safepoint "Cleanup", Time since last: 4970054096 ns, Reaching safepoint: 13250 ns, Cleanup: 18225 ns, At safepoint: 7373 ns, Total: 38848 ns
[2026-07-13T07:48:28.297+0000][7][safepoint   ] Safepoint "Cleanup", Time since last: 10010052936 ns, Reaching safepoint: 45682 ns, Cleanup: 16019 ns, At safepoint: 11631 ns, Total: 73332 ns
[2026-07-13T07:48:33.303+0000][7][safepoint   ] Safepoint "Cleanup", Time since last: 5005943648 ns, Reaching safepoint: 13764 ns, Cleanup: 15030 ns, At safepoint: 9989 ns, Total: 38783 ns
[2026-07-13T07:48:36.305+0000][7][safepoint   ] Safepoint "Cleanup", Time since last: 3001826774 ns, Reaching safepoint: 11257 ns, Cleanup: 12247 ns, At safepoint: 6117 ns, Total: 29621 ns
[2026-07-13T07:48:37.306+0000][7][safepoint   ] Safepoint "Cleanup", Time since last: 1000992946 ns, Reaching safepoint: 15146 ns, Cleanup: 49868 ns, At safepoint: 21672 ns, Total: 86686 ns
[2026-07-13T07:48:38.307+0000][7][safepoint   ] Safepoint "Cleanup", Time since last: 1000941310 ns, Reaching safepoint: 36010 ns, Cleanup: 14486 ns, At safepoint: 9629 ns, Total: 60125 ns
[2026-07-13T07:48:47.315+0000][7][safepoint   ] Safepoint "Cleanup", Time since last: 9006915772 ns, Reaching safepoint: 14423 ns, Cleanup: 22289 ns, At safepoint: 8887 ns, Total: 45599 ns
[2026-07-13T07:48:48.316+0000][7][safepoint   ] Safepoint "Cleanup", Time since last: 1000929623 ns, Reaching safepoint: 15298 ns, Cleanup: 20571 ns, At safepoint: 9264 ns, Total: 45133 ns
[2026-07-13T07:48:57.324+0000][7][safepoint   ] Safepoint "Cleanup", Time since last: 9007839683 ns, Reaching safepoint: 42232 ns, Cleanup: 15683 ns, At safepoint: 7979 ns, Total: 65894 ns
[2026-07-13T07:48:58.325+0000][7][safepoint   ] Safepoint "Cleanup", Time since last: 1000945025 ns, Reaching safepoint: 17899 ns, Cleanup: 14942 ns, At safepoint: 9061 ns, Total: 41902 ns
[2026-07-13T07:49:03.330+0000][7][safepoint   ] Safepoint "Cleanup", Time since last: 5004909461 ns, Reaching safepoint: 13631 ns, Cleanup: 15666 ns, At safepoint: 8648 ns, Total: 37945 ns
[2026-07-13T07:49:08.335+0000][7][safepoint   ] Safepoint "Cleanup", Time since last: 5005063943 ns, Reaching safepoint: 51433 ns, Cleanup: 23756 ns, At safepoint: 9520 ns, Total: 84709 ns
[2026-07-13T07:49:17.538+0000][7][safepoint   ] Safepoint "Cleanup", Time since last: 9202447799 ns, Reaching safepoint: 5782 ns, Cleanup: 11910 ns, At safepoint: 5690 ns, Total: 23382 ns
[2026-07-13T07:50:06.584+0000][7][safepoint   ] Safepoint "Cleanup", Time since last: 49044553508 ns, Reaching safepoint: 40855 ns, Cleanup: 16193 ns, At safepoint: 9217 ns, Total: 66265 ns
[2026-07-13T07:50:13.591+0000][7][safepoint   ] Safepoint "Cleanup", Time since last: 7006818465 ns, Reaching safepoint: 26727 ns, Cleanup: 11036 ns, At safepoint: 5932 ns, Total: 43695 ns
[2026-07-13T07:50:17.596+0000][7][safepoint   ] Safepoint "Cleanup", Time since last: 4004010812 ns, Reaching safepoint: 9436 ns, Cleanup: 12407 ns, At safepoint: 6091 ns, Total: 27934 ns
[2026-07-13T07:50:18.597+0000][7][safepoint   ] Safepoint "Cleanup", Time since last: 1000939447 ns, Reaching safepoint: 15824 ns, Cleanup: 15958 ns, At safepoint: 12273 ns, Total: 44055 ns
[2026-07-13T07:50:19.598+0000][7][safepoint   ] Safepoint "Cleanup", Time since last: 1001088034 ns, Reaching safepoint: 21085 ns, Cleanup: 22983 ns, At safepoint: 44620 ns, Total: 88688 ns
[2026-07-13T07:50:29.607+0000][7][safepoint   ] Safepoint "Cleanup", Time since last: 10008742342 ns, Reaching safepoint: 13115 ns, Cleanup: 13880 ns, At safepoint: 9944 ns, Total: 36939 ns
[2026-07-13T07:50:37.614+0000][7][safepoint   ] Safepoint "Cleanup", Time since last: 8006966465 ns, Reaching safepoint: 13277 ns, Cleanup: 13666 ns, At safepoint: 9174 ns, Total: 36117 ns
[2026-07-13T07:51:39.805+0000][7][safepoint   ] Safepoint "Cleanup", Time since last: 62191054750 ns, Reaching safepoint: 12229 ns, Cleanup: 16043 ns, At safepoint: 8331 ns, Total: 36603 ns
[2026-07-13T07:51:49.816+0000][7][safepoint   ] Safepoint "Cleanup", Time since last: 10008853585 ns, Reaching safepoint: 14341 ns, Cleanup: 21270 ns, At safepoint: 9428 ns, Total: 45039 ns
[2026-07-13T07:51:56.822+0000][7][safepoint   ] Safepoint "Cleanup", Time since last: 7006016341 ns, Reaching safepoint: 15818 ns, Cleanup: 13596 ns, At safepoint: 9767 ns, Total: 39181 ns
[2026-07-13T07:52:09.835+0000][7][safepoint   ] Safepoint "Cleanup", Time since last: 13012955280 ns, Reaching safepoint: 15208 ns, Cleanup: 16746 ns, At safepoint: 9362 ns, Total: 41316 ns
[2026-07-13T07:52:16.843+0000][7][safepoint   ] Safepoint "Cleanup", Time since last: 7006947667 ns, Reaching safepoint: 40632 ns, Cleanup: 14222 ns, At safepoint: 8527 ns, Total: 63381 ns
[2026-07-13T07:52:20.012+0000][7][safepoint   ] Safepoint "Cleanup", Time since last: 3168180340 ns, Reaching safepoint: 119829 ns, Cleanup: 19827 ns, At safepoint: 67139 ns, Total: 206795 ns
[2026-07-13T07:52:30.022+0000][7][safepoint   ] Safepoint "Cleanup", Time since last: 10010659037 ns, Reaching safepoint: 11475 ns, Cleanup: 16426 ns, At safepoint: 7320 ns, Total: 35221 ns
[2026-07-13T07:52:37.028+0000][7][safepoint   ] Safepoint "Cleanup", Time since last: 7005916442 ns, Reaching safepoint: 20399 ns, Cleanup: 14460 ns, At safepoint: 9574 ns, Total: 44433 ns
[2026-07-13T07:52:47.968+0000][7][safepoint   ] Safepoint "Cleanup", Time since last: 11009027084 ns, Reaching safepoint: 31022 ns, Cleanup: 11828 ns, At safepoint: 7506 ns, Total: 50356 ns
[2026-07-13T07:52:53.974+0000][7][safepoint   ] Safepoint "Cleanup", Time since last: 6005995811 ns, Reaching safepoint: 15887 ns, Cleanup: 29182 ns, At safepoint: 13276 ns, Total: 58345 ns
[2026-07-13T07:53:00.984+0000][7][safepoint   ] Safepoint "Cleanup", Time since last: 7010099664 ns, Reaching safepoint: 25391 ns, Cleanup: 20574 ns, At safepoint: 14120 ns, Total: 60085 ns
[2026-07-13T07:53:11.995+0000][7][safepoint   ] Safepoint "Cleanup", Time since last: 11010605651 ns, Reaching safepoint: 14832 ns, Cleanup: 14369 ns, At safepoint: 9123 ns, Total: 38324 ns
[2026-07-13T07:53:37.169+0000][7][safepoint   ] Safepoint "Cleanup", Time since last: 25171895035 ns, Reaching safepoint: 12036 ns, Cleanup: 33566 ns, At safepoint: 7396 ns, Total: 52998 ns
[2026-07-13T07:53:51.181+0000][7][safepoint   ] Safepoint "Cleanup", Time since last: 14011892098 ns, Reaching safepoint: 21149 ns, Cleanup: 81967 ns, At safepoint: 81131 ns, Total: 184247 ns
[2026-07-13T07:54:07.196+0000][7][safepoint   ] Safepoint "Cleanup", Time since last: 16014882201 ns, Reaching safepoint: 51894 ns, Cleanup: 19341 ns, At safepoint: 10452 ns, Total: 81687 ns
[2026-07-13T07:54:12.201+0000][7][safepoint   ] Safepoint "Cleanup", Time since last: 5004999514 ns, Reaching safepoint: 13066 ns, Cleanup: 13802 ns, At safepoint: 9034 ns, Total: 35902 ns
[2026-07-13T07:54:18.214+0000][7][safepoint   ] Safepoint "Cleanup", Time since last: 6011993466 ns, Reaching safepoint: 22851 ns, Cleanup: 21455 ns, At safepoint: 12884 ns, Total: 57190 ns
[2026-07-13T07:54:41.402+0000][7][safepoint   ] Safepoint "Cleanup", Time since last: 23187984923 ns, Reaching safepoint: 37477 ns, Cleanup: 52399 ns, At safepoint: 9246 ns, Total: 99122 ns
[2026-07-13T07:54:42.403+0000][7][safepoint   ] Safepoint "Cleanup", Time since last: 1000901646 ns, Reaching safepoint: 13715 ns, Cleanup: 13285 ns, At safepoint: 9989 ns, Total: 36989 ns
[2026-07-13T07:54:45.406+0000][7][safepoint   ] Safepoint "Cleanup", Time since last: 3002903537 ns, Reaching safepoint: 13469 ns, Cleanup: 13259 ns, At safepoint: 9355 ns, Total: 36083 ns
[2026-07-13T07:54:51.412+0000][7][safepoint   ] Safepoint "Cleanup", Time since last: 6006210264 ns, Reaching safepoint: 63696 ns, Cleanup: 19269 ns, At safepoint: 14816 ns, Total: 97781 ns
[2026-07-13T07:54:58.419+0000][7][safepoint   ] Safepoint "Cleanup", Time since last: 7006683608 ns, Reaching safepoint: 14528 ns, Cleanup: 13180 ns, At safepoint: 8646 ns, Total: 36354 ns
[2026-07-13T07:55:11.431+0000][7][safepoint   ] Safepoint "Cleanup", Time since last: 13012050721 ns, Reaching safepoint: 184232 ns, Cleanup: 32249 ns, At safepoint: 15699 ns, Total: 232180 ns
[2026-07-13T07:55:13.434+0000][7][safepoint   ] Safepoint "Cleanup", Time since last: 2002580203 ns, Reaching safepoint: 13009 ns, Cleanup: 16228 ns, At safepoint: 7914 ns, Total: 37151 ns
[2026-07-13T07:55:18.440+0000][7][safepoint   ] Safepoint "Cleanup", Time since last: 5004988070 ns, Reaching safepoint: 17097 ns, Cleanup: 13320 ns, At safepoint: 8933 ns, Total: 39350 ns
[2026-07-13T07:55:26.520+0000][7][gc,heap,exit] Heap
[2026-07-13T07:55:26.520+0000][7][gc,heap,exit]  garbage-first heap   total reserved 524288K, committed 524288K, used 331079K [0x00000000e0000000, 0x0000000100000000)
[2026-07-13T07:55:26.520+0000][7][gc,heap,exit]   region size 4096K, 64 young (262144K), 7 survivors (28672K)
[2026-07-13T07:55:26.520+0000][7][gc,heap,exit]  Metaspace       used 108868K, committed 111680K, reserved 1179648K
[2026-07-13T07:55:26.520+0000][7][gc,heap,exit]   class space    used 15508K, committed 16768K, reserved 1048576K
