[2026-07-13T11:54:20.157+0000][7][gc,init] CardTable entry size: 512
[2026-07-13T11:54:20.158+0000][7][gc     ] Using G1
[2026-07-13T11:54:20.209+0000][7][gc,init] Version: 22.0.1+8-16 (release)
[2026-07-13T11:54:20.209+0000][7][gc,init] CPUs: 4 total, 4 available
[2026-07-13T11:54:20.209+0000][7][gc,init] Memory: 32093M
[2026-07-13T11:54:20.209+0000][7][gc,init] Large Page Support: Disabled
[2026-07-13T11:54:20.209+0000][7][gc,init] NUMA Support: Disabled
[2026-07-13T11:54:20.210+0000][7][gc,init] Compressed Oops: Enabled (32-bit)
[2026-07-13T11:54:20.210+0000][7][gc,init] Heap Region Size: 4M
[2026-07-13T11:54:20.211+0000][7][gc,init] Heap Min Capacity: 512M
[2026-07-13T11:54:20.211+0000][7][gc,init] Heap Initial Capacity: 512M
[2026-07-13T11:54:20.211+0000][7][gc,init] Heap Max Capacity: 512M
[2026-07-13T11:54:20.212+0000][7][gc,init] Pre-touch: Enabled
[2026-07-13T11:54:20.212+0000][7][gc,init] Parallel Workers: 4
[2026-07-13T11:54:20.212+0000][7][gc,init] Concurrent Workers: 1
[2026-07-13T11:54:20.212+0000][7][gc,init] Concurrent Refinement Workers: 4
[2026-07-13T11:54:20.213+0000][7][gc,init] Periodic GC: Disabled
[2026-07-13T11:54:20.227+0000][7][gc,metaspace] CDS archive(s) mapped at: [0x00007f64ae000000-0x00007f64aec74000-0x00007f64aec74000), size 13058048, SharedBaseAddress: 0x00007f64ae000000, ArchiveRelocationMode: 1.
[2026-07-13T11:54:20.227+0000][7][gc,metaspace] Compressed class space mapped at: 0x00007f64af000000-0x00007f64ef000000, reserved size: 1073741824
[2026-07-13T11:54:20.227+0000][7][gc,metaspace] Narrow klass base: 0x00007f64ae000000, Narrow klass shift: 0, Narrow klass range: 0x100000000
[2026-07-13T11:54:22.044+0000][7][safepoint   ] Safepoint "ICBufferFull", Time since last: 1809483122 ns, Reaching safepoint: 3562 ns, Cleanup: 131781 ns, At safepoint: 42067 ns, Total: 177410 ns
[2026-07-13T11:54:22.971+0000][7][gc,start    ] GC(0) Pause Young (Normal) (G1 Evacuation Pause)
[2026-07-13T11:54:22.972+0000][7][gc,task     ] GC(0) Using 4 workers of 4 for evacuation
[2026-07-13T11:54:22.974+0000][7][gc,age      ] GC(0) Desired survivor size 2097152 bytes, new threshold 15 (max threshold 15)
[2026-07-13T11:54:22.986+0000][7][gc,phases   ] GC(0)   Pre Evacuate Collection Set: 0.44ms
[2026-07-13T11:54:22.986+0000][7][gc,phases   ] GC(0)   Merge Heap Roots: 0.05ms
[2026-07-13T11:54:22.987+0000][7][gc,phases   ] GC(0)   Evacuate Collection Set: 9.57ms
[2026-07-13T11:54:22.987+0000][7][gc,phases   ] GC(0)   Post Evacuate Collection Set: 0.85ms
[2026-07-13T11:54:22.988+0000][7][gc,phases   ] GC(0)   Other: 2.30ms
[2026-07-13T11:54:22.988+0000][7][gc,age      ] GC(0) Age table with threshold 15 (max threshold 15)
[2026-07-13T11:54:22.988+0000][7][gc,age      ] GC(0) - age   1:    4175432 bytes,    4175432 total
[2026-07-13T11:54:22.989+0000][7][gc,heap     ] GC(0) Eden regions: 6->0(5)
[2026-07-13T11:54:22.989+0000][7][gc,heap     ] GC(0) Survivor regions: 0->1(1)
[2026-07-13T11:54:22.989+0000][7][gc,heap     ] GC(0) Old regions: 1->2
[2026-07-13T11:54:22.990+0000][7][gc,heap     ] GC(0) Humongous regions: 0->0
[2026-07-13T11:54:22.990+0000][7][gc,metaspace] GC(0) Metaspace: 9332K(9536K)->9332K(9536K) NonClass: 8282K(8384K)->8282K(8384K) Class: 1049K(1152K)->1049K(1152K)
[2026-07-13T11:54:22.992+0000][7][gc          ] GC(0) Pause Young (Normal) (G1 Evacuation Pause) 25M->5M(512M) 20.944ms
[2026-07-13T11:54:22.992+0000][7][gc,cpu      ] GC(0) User=0.01s Sys=0.00s Real=0.02s
[2026-07-13T11:54:22.993+0000][7][safepoint   ] Safepoint "G1CollectForAllocation", Time since last: 927289806 ns, Reaching safepoint: 6900 ns, Cleanup: 87948 ns, At safepoint: 21675735 ns, Total: 21770583 ns
[2026-07-13T11:54:24.054+0000][7][safepoint   ] Safepoint "Cleanup", Time since last: 1060378589 ns, Reaching safepoint: 953203 ns, Cleanup: 100202 ns, At safepoint: 73616 ns, Total: 1127021 ns
[2026-07-13T11:54:24.259+0000][7][gc,start    ] GC(1) Pause Young (Normal) (G1 Evacuation Pause)
[2026-07-13T11:54:24.259+0000][7][gc,task     ] GC(1) Using 4 workers of 4 for evacuation
[2026-07-13T11:54:24.260+0000][7][gc,age      ] GC(1) Desired survivor size 2097152 bytes, new threshold 1 (max threshold 15)
[2026-07-13T11:54:24.278+0000][7][gc,phases   ] GC(1)   Pre Evacuate Collection Set: 0.18ms
[2026-07-13T11:54:24.278+0000][7][gc,phases   ] GC(1)   Merge Heap Roots: 2.28ms
[2026-07-13T11:54:24.278+0000][7][gc,phases   ] GC(1)   Evacuate Collection Set: 13.99ms
[2026-07-13T11:54:24.279+0000][7][gc,phases   ] GC(1)   Post Evacuate Collection Set: 0.71ms
[2026-07-13T11:54:24.279+0000][7][gc,phases   ] GC(1)   Other: 1.19ms
[2026-07-13T11:54:24.279+0000][7][gc,age      ] GC(1) Age table with threshold 1 (max threshold 15)
[2026-07-13T11:54:24.279+0000][7][gc,age      ] GC(1) - age   1:    1951512 bytes,    1951512 total
[2026-07-13T11:54:24.280+0000][7][gc,heap     ] GC(1) Eden regions: 5->0(7)
[2026-07-13T11:54:24.280+0000][7][gc,heap     ] GC(1) Survivor regions: 1->1(1)
[2026-07-13T11:54:24.280+0000][7][gc,heap     ] GC(1) Old regions: 2->3
[2026-07-13T11:54:24.280+0000][7][gc,heap     ] GC(1) Humongous regions: 0->0
[2026-07-13T11:54:24.281+0000][7][gc,metaspace] GC(1) Metaspace: 12386K(12672K)->12386K(12672K) NonClass: 10883K(11008K)->10883K(11008K) Class: 1503K(1664K)->1503K(1664K)
[2026-07-13T11:54:24.281+0000][7][gc          ] GC(1) Pause Young (Normal) (G1 Evacuation Pause) 25M->7M(512M) 21.673ms
[2026-07-13T11:54:24.281+0000][7][gc,cpu      ] GC(1) User=0.05s Sys=0.00s Real=0.02s
[2026-07-13T11:54:24.284+0000][7][safepoint   ] Safepoint "G1CollectForAllocation", Time since last: 204915112 ns, Reaching safepoint: 4722 ns, Cleanup: 39374 ns, At safepoint: 24856570 ns, Total: 24900666 ns
[2026-07-13T11:54:25.917+0000][7][gc,start    ] GC(2) Pause Young (Normal) (G1 Evacuation Pause)
[2026-07-13T11:54:25.930+0000][7][gc,task     ] GC(2) Using 4 workers of 4 for evacuation
[2026-07-13T11:54:25.937+0000][7][gc,age      ] GC(2) Desired survivor size 2097152 bytes, new threshold 15 (max threshold 15)
[2026-07-13T11:54:25.956+0000][7][gc,phases   ] GC(2)   Pre Evacuate Collection Set: 2.40ms
[2026-07-13T11:54:25.956+0000][7][gc,phases   ] GC(2)   Merge Heap Roots: 0.04ms
[2026-07-13T11:54:25.957+0000][7][gc,phases   ] GC(2)   Evacuate Collection Set: 11.72ms
[2026-07-13T11:54:25.957+0000][7][gc,phases   ] GC(2)   Post Evacuate Collection Set: 4.23ms
[2026-07-13T11:54:25.957+0000][7][gc,phases   ] GC(2)   Other: 7.56ms
[2026-07-13T11:54:25.957+0000][7][gc,age      ] GC(2) Age table with threshold 15 (max threshold 15)
[2026-07-13T11:54:25.958+0000][7][gc,age      ] GC(2) - age   1:     982616 bytes,     982616 total
[2026-07-13T11:54:25.958+0000][7][gc,age      ] GC(2) - age   2:    1924008 bytes,    2906624 total
[2026-07-13T11:54:25.958+0000][7][gc,heap     ] GC(2) Eden regions: 7->0(25)
[2026-07-13T11:54:25.958+0000][7][gc,heap     ] GC(2) Survivor regions: 1->1(1)
[2026-07-13T11:54:25.959+0000][7][gc,heap     ] GC(2) Old regions: 3->3
[2026-07-13T11:54:25.959+0000][7][gc,heap     ] GC(2) Humongous regions: 0->0
[2026-07-13T11:54:25.959+0000][7][gc,metaspace] GC(2) Metaspace: 15517K(15872K)->15517K(15872K) NonClass: 13682K(13824K)->13682K(13824K) Class: 1835K(2048K)->1835K(2048K)
[2026-07-13T11:54:25.961+0000][7][gc          ] GC(2) Pause Young (Normal) (G1 Evacuation Pause) 35M->8M(512M) 44.105ms
[2026-07-13T11:54:25.963+0000][7][gc,cpu      ] GC(2) User=0.05s Sys=0.01s Real=0.05s
[2026-07-13T11:54:25.966+0000][7][safepoint   ] Safepoint "G1CollectForAllocation", Time since last: 1645247527 ns, Reaching safepoint: 4173 ns, Cleanup: 113456 ns, At safepoint: 48661178 ns, Total: 48778807 ns
[2026-07-13T11:54:26.969+0000][7][safepoint   ] Safepoint "Cleanup", Time since last: 1002700723 ns, Reaching safepoint: 628273 ns, Cleanup: 59382 ns, At safepoint: 13478 ns, Total: 701133 ns
[2026-07-13T11:54:28.007+0000][7][safepoint   ] Safepoint "Cleanup", Time since last: 1036730989 ns, Reaching safepoint: 1543365 ns, Cleanup: 39760 ns, At safepoint: 16710 ns, Total: 1599835 ns
[2026-07-13T11:54:29.068+0000][7][safepoint   ] Safepoint "Cleanup", Time since last: 1041721413 ns, Reaching safepoint: 18278834 ns, Cleanup: 24950 ns, At safepoint: 158092 ns, Total: 18461876 ns
[2026-07-13T11:54:30.113+0000][7][safepoint   ] Safepoint "Cleanup", Time since last: 1041477775 ns, Reaching safepoint: 835975 ns, Cleanup: 73424 ns, At safepoint: 3104785 ns, Total: 4014184 ns
[2026-07-13T11:54:31.121+0000][7][safepoint   ] Safepoint "Cleanup", Time since last: 1006799246 ns, Reaching safepoint: 927802 ns, Cleanup: 21020 ns, At safepoint: 49214 ns, Total: 998036 ns
[2026-07-13T11:54:32.146+0000][7][safepoint   ] Safepoint "Cleanup", Time since last: 1009024499 ns, Reaching safepoint: 1185939 ns, Cleanup: 33804 ns, At safepoint: 14545271 ns, Total: 15765014 ns
[2026-07-13T11:54:32.447+0000][7][gc,start    ] GC(3) Pause Young (Normal) (G1 Evacuation Pause)
[2026-07-13T11:54:32.448+0000][7][gc,task     ] GC(3) Using 4 workers of 4 for evacuation
[2026-07-13T11:54:32.449+0000][7][gc,age      ] GC(3) Desired survivor size 8388608 bytes, new threshold 15 (max threshold 15)
[2026-07-13T11:54:32.521+0000][7][gc,phases   ] GC(3)   Pre Evacuate Collection Set: 1.76ms
[2026-07-13T11:54:32.521+0000][7][gc,phases   ] GC(3)   Merge Heap Roots: 0.08ms
[2026-07-13T11:54:32.524+0000][7][gc,phases   ] GC(3)   Evacuate Collection Set: 60.66ms
[2026-07-13T11:54:32.524+0000][7][gc,phases   ] GC(3)   Post Evacuate Collection Set: 9.44ms
[2026-07-13T11:54:32.524+0000][7][gc,phases   ] GC(3)   Other: 1.07ms
[2026-07-13T11:54:32.524+0000][7][gc,age      ] GC(3) Age table with threshold 15 (max threshold 15)
[2026-07-13T11:54:32.524+0000][7][gc,age      ] GC(3) - age   1:    2296088 bytes,    2296088 total
[2026-07-13T11:54:32.524+0000][7][gc,age      ] GC(3) - age   2:     884352 bytes,    3180440 total
[2026-07-13T11:54:32.525+0000][7][gc,age      ] GC(3) - age   3:    1913200 bytes,    5093640 total
[2026-07-13T11:54:32.525+0000][7][gc,heap     ] GC(3) Eden regions: 26->0(74)
[2026-07-13T11:54:32.529+0000][7][gc,heap     ] GC(3) Survivor regions: 1->2(4)
[2026-07-13T11:54:32.530+0000][7][gc,heap     ] GC(3) Old regions: 3->3
[2026-07-13T11:54:32.530+0000][7][gc,heap     ] GC(3) Humongous regions: 0->0
[2026-07-13T11:54:32.534+0000][7][gc,metaspace] GC(3) Metaspace: 17958K(18368K)->17958K(18368K) NonClass: 15851K(16064K)->15851K(16064K) Class: 2106K(2304K)->2106K(2304K)
[2026-07-13T11:54:32.541+0000][7][gc          ] GC(3) Pause Young (Normal) (G1 Evacuation Pause) 112M->10M(512M) 94.098ms
[2026-07-13T11:54:32.542+0000][7][gc,cpu      ] GC(3) User=0.03s Sys=0.00s Real=0.09s
[2026-07-13T11:54:32.553+0000][7][safepoint   ] Safepoint "G1CollectForAllocation", Time since last: 301176464 ns, Reaching safepoint: 5124 ns, Cleanup: 22543 ns, At safepoint: 105710428 ns, Total: 105738095 ns
[2026-07-13T11:54:33.831+0000][7][safepoint   ] Safepoint "Cleanup", Time since last: 1276539553 ns, Reaching safepoint: 1526145 ns, Cleanup: 99376 ns, At safepoint: 48329 ns, Total: 1673850 ns
[2026-07-13T11:54:34.585+0000][7][gc,start    ] GC(4) Pause Young (Normal) (G1 Evacuation Pause)
[2026-07-13T11:54:34.587+0000][7][gc,task     ] GC(4) Using 4 workers of 4 for evacuation
[2026-07-13T11:54:34.590+0000][7][gc,age      ] GC(4) Desired survivor size 20971520 bytes, new threshold 15 (max threshold 15)
[2026-07-13T11:54:34.675+0000][7][gc,phases   ] GC(4)   Pre Evacuate Collection Set: 9.54ms
[2026-07-13T11:54:34.677+0000][7][gc,phases   ] GC(4)   Merge Heap Roots: 0.09ms
[2026-07-13T11:54:34.679+0000][7][gc,phases   ] GC(4)   Evacuate Collection Set: 68.67ms
[2026-07-13T11:54:34.680+0000][7][gc,phases   ] GC(4)   Post Evacuate Collection Set: 6.30ms
[2026-07-13T11:54:34.684+0000][7][gc,phases   ] GC(4)   Other: 3.54ms
[2026-07-13T11:54:34.685+0000][7][gc,age      ] GC(4) Age table with threshold 15 (max threshold 15)
[2026-07-13T11:54:34.688+0000][7][gc,age      ] GC(4) - age   1:    6073672 bytes,    6073672 total
[2026-07-13T11:54:34.691+0000][7][gc,age      ] GC(4) - age   2:    2272536 bytes,    8346208 total
[2026-07-13T11:54:34.694+0000][7][gc,age      ] GC(4) - age   3:     883896 bytes,    9230104 total
[2026-07-13T11:54:34.698+0000][7][gc,age      ] GC(4) - age   4:    1913040 bytes,   11143144 total
[2026-07-13T11:54:34.698+0000][7][gc,heap     ] GC(4) Eden regions: 74->0(73)
[2026-07-13T11:54:34.699+0000][7][gc,heap     ] GC(4) Survivor regions: 2->3(10)
[2026-07-13T11:54:34.700+0000][7][gc,heap     ] GC(4) Old regions: 3->3
[2026-07-13T11:54:34.700+0000][7][gc,heap     ] GC(4) Humongous regions: 0->0
[2026-07-13T11:54:34.700+0000][7][gc,metaspace] GC(4) Metaspace: 19397K(19840K)->19397K(19840K) NonClass: 17063K(17280K)->17063K(17280K) Class: 2334K(2560K)->2334K(2560K)
[2026-07-13T11:54:34.700+0000][7][gc          ] GC(4) Pause Young (Normal) (G1 Evacuation Pause) 306M->16M(512M) 114.840ms
[2026-07-13T11:54:34.701+0000][7][gc,cpu      ] GC(4) User=0.06s Sys=0.01s Real=0.11s
[2026-07-13T11:54:34.708+0000][7][safepoint   ] Safepoint "G1CollectForAllocation", Time since last: 754562733 ns, Reaching safepoint: 8908 ns, Cleanup: 32533 ns, At safepoint: 122569540 ns, Total: 122610981 ns
[2026-07-13T11:54:35.721+0000][7][safepoint   ] Safepoint "Cleanup", Time since last: 1009891351 ns, Reaching safepoint: 3255078 ns, Cleanup: 27952 ns, At safepoint: 105428 ns, Total: 3388458 ns
[2026-07-13T11:54:36.728+0000][7][safepoint   ] Safepoint "Cleanup", Time since last: 1006103532 ns, Reaching safepoint: 446074 ns, Cleanup: 33731 ns, At safepoint: 14750 ns, Total: 494555 ns
[2026-07-13T11:54:37.733+0000][7][safepoint   ] Safepoint "Cleanup", Time since last: 1000845632 ns, Reaching safepoint: 4554731 ns, Cleanup: 19982 ns, At safepoint: 22986 ns, Total: 4597699 ns
[2026-07-13T11:54:38.754+0000][7][safepoint   ] Safepoint "Cleanup", Time since last: 1009565134 ns, Reaching safepoint: 11357903 ns, Cleanup: 91239 ns, At safepoint: 54742 ns, Total: 11503884 ns
[2026-07-13T11:54:39.014+0000][7][gc,start    ] GC(5) Pause Young (Normal) (G1 Evacuation Pause)
[2026-07-13T11:54:39.019+0000][7][gc,task     ] GC(5) Using 4 workers of 4 for evacuation
[2026-07-13T11:54:39.022+0000][7][gc,age      ] GC(5) Desired survivor size 20971520 bytes, new threshold 15 (max threshold 15)
[2026-07-13T11:54:39.072+0000][7][gc,phases   ] GC(5)   Pre Evacuate Collection Set: 0.10ms
[2026-07-13T11:54:39.073+0000][7][gc,phases   ] GC(5)   Merge Heap Roots: 0.04ms
[2026-07-13T11:54:39.073+0000][7][gc,phases   ] GC(5)   Evacuate Collection Set: 49.58ms
[2026-07-13T11:54:39.075+0000][7][gc,phases   ] GC(5)   Post Evacuate Collection Set: 0.80ms
[2026-07-13T11:54:39.076+0000][7][gc,phases   ] GC(5)   Other: 2.56ms
[2026-07-13T11:54:39.076+0000][7][gc,age      ] GC(5) Age table with threshold 15 (max threshold 15)
[2026-07-13T11:54:39.076+0000][7][gc,age      ] GC(5) - age   1:    2437584 bytes,    2437584 total
[2026-07-13T11:54:39.076+0000][7][gc,age      ] GC(5) - age   2:    4224824 bytes,    6662408 total
[2026-07-13T11:54:39.076+0000][7][gc,age      ] GC(5) - age   3:    2272120 bytes,    8934528 total
[2026-07-13T11:54:39.076+0000][7][gc,age      ] GC(5) - age   4:     883752 bytes,    9818280 total
[2026-07-13T11:54:39.077+0000][7][gc,age      ] GC(5) - age   5:    1913040 bytes,   11731320 total
[2026-07-13T11:54:39.077+0000][7][gc,heap     ] GC(5) Eden regions: 73->0(72)
[2026-07-13T11:54:39.077+0000][7][gc,heap     ] GC(5) Survivor regions: 3->4(10)
[2026-07-13T11:54:39.077+0000][7][gc,heap     ] GC(5) Old regions: 3->3
[2026-07-13T11:54:39.078+0000][7][gc,heap     ] GC(5) Humongous regions: 0->0
[2026-07-13T11:54:39.078+0000][7][gc,metaspace] GC(5) Metaspace: 20333K(20864K)->20333K(20864K) NonClass: 17857K(18176K)->17857K(18176K) Class: 2476K(2688K)->2476K(2688K)
[2026-07-13T11:54:39.081+0000][7][gc          ] GC(5) Pause Young (Normal) (G1 Evacuation Pause) 308M->18M(512M) 67.076ms
[2026-07-13T11:54:39.081+0000][7][gc,cpu      ] GC(5) User=0.03s Sys=0.00s Real=0.06s
[2026-07-13T11:54:39.084+0000][7][safepoint   ] Safepoint "G1CollectForAllocation", Time since last: 259257331 ns, Reaching safepoint: 4868 ns, Cleanup: 13637 ns, At safepoint: 70627368 ns, Total: 70645873 ns
[2026-07-13T11:54:40.087+0000][7][safepoint   ] Safepoint "Cleanup", Time since last: 1002096793 ns, Reaching safepoint: 314908 ns, Cleanup: 105863 ns, At safepoint: 43609 ns, Total: 464380 ns
[2026-07-13T11:54:40.204+0000][7][gc,start    ] GC(6) Pause Young (Concurrent Start) (Metadata GC Threshold)
[2026-07-13T11:54:40.205+0000][7][gc,task     ] GC(6) Using 4 workers of 4 for evacuation
[2026-07-13T11:54:40.206+0000][7][gc,age      ] GC(6) Desired survivor size 20971520 bytes, new threshold 15 (max threshold 15)
[2026-07-13T11:54:40.304+0000][7][gc,phases   ] GC(6)   Pre Evacuate Collection Set: 1.12ms
[2026-07-13T11:54:40.304+0000][7][gc,phases   ] GC(6)   Merge Heap Roots: 0.93ms
[2026-07-13T11:54:40.304+0000][7][gc,phases   ] GC(6)   Evacuate Collection Set: 90.17ms
[2026-07-13T11:54:40.305+0000][7][gc,phases   ] GC(6)   Post Evacuate Collection Set: 1.68ms
[2026-07-13T11:54:40.305+0000][7][gc,phases   ] GC(6)   Other: 4.53ms
[2026-07-13T11:54:40.305+0000][7][gc,age      ] GC(6) Age table with threshold 15 (max threshold 15)
[2026-07-13T11:54:40.305+0000][7][gc,age      ] GC(6) - age   1:    1601576 bytes,    1601576 total
[2026-07-13T11:54:40.305+0000][7][gc,age      ] GC(6) - age   2:    2143288 bytes,    3744864 total
[2026-07-13T11:54:40.306+0000][7][gc,age      ] GC(6) - age   3:    4220768 bytes,    7965632 total
[2026-07-13T11:54:40.306+0000][7][gc,age      ] GC(6) - age   4:    2271160 bytes,   10236792 total
[2026-07-13T11:54:40.306+0000][7][gc,age      ] GC(6) - age   5:     883752 bytes,   11120544 total
[2026-07-13T11:54:40.306+0000][7][gc,age      ] GC(6) - age   6:    1913040 bytes,   13033584 total
[2026-07-13T11:54:40.307+0000][7][gc,heap     ] GC(6) Eden regions: 45->0(72)
[2026-07-13T11:54:40.307+0000][7][gc,heap     ] GC(6) Survivor regions: 4->4(10)
[2026-07-13T11:54:40.307+0000][7][gc,heap     ] GC(6) Old regions: 3->3
[2026-07-13T11:54:40.307+0000][7][gc,heap     ] GC(6) Humongous regions: 0->0
[2026-07-13T11:54:40.307+0000][7][gc,metaspace] GC(6) Metaspace: 21033K(21504K)->21033K(21504K) NonClass: 18466K(18752K)->18466K(18752K) Class: 2566K(2752K)->2566K(2752K)
[2026-07-13T11:54:40.308+0000][7][gc          ] GC(6) Pause Young (Concurrent Start) (Metadata GC Threshold) 196M->20M(512M) 103.841ms
[2026-07-13T11:54:40.308+0000][7][gc          ] GC(7) Concurrent Mark Cycle
[2026-07-13T11:54:40.308+0000][7][gc,marking  ] GC(7) Concurrent Scan Root Regions
[2026-07-13T11:54:40.308+0000][7][gc,cpu      ] GC(6) User=0.14s Sys=0.01s Real=0.10s
[2026-07-13T11:54:40.312+0000][7][safepoint   ] Safepoint "CollectForMetadataAllocation", Time since last: 116953421 ns, Reaching safepoint: 6719 ns, Cleanup: 14002 ns, At safepoint: 108168757 ns, Total: 108189478 ns
[2026-07-13T11:54:40.330+0000][7][gc,marking  ] GC(7) Concurrent Scan Root Regions 21.640ms
[2026-07-13T11:54:40.330+0000][7][gc,marking  ] GC(7) Concurrent Mark
[2026-07-13T11:54:40.330+0000][7][gc,marking  ] GC(7) Concurrent Mark From Roots
[2026-07-13T11:54:40.330+0000][7][gc,task     ] GC(7) Using 1 workers of 1 for marking
[2026-07-13T11:54:40.351+0000][7][gc,marking  ] GC(7) Concurrent Mark From Roots 21.361ms
[2026-07-13T11:54:40.352+0000][7][gc,marking  ] GC(7) Concurrent Preclean
[2026-07-13T11:54:40.353+0000][7][gc,marking  ] GC(7) Concurrent Preclean 1.152ms
[2026-07-13T11:54:40.359+0000][7][gc,start    ] GC(7) Pause Remark
[2026-07-13T11:54:40.384+0000][7][gc          ] GC(7) Pause Remark 22M->22M(512M) 25.278ms
[2026-07-13T11:54:40.384+0000][7][gc,cpu      ] GC(7) User=0.03s Sys=0.00s Real=0.03s
[2026-07-13T11:54:40.385+0000][7][safepoint   ] Safepoint "G1PauseRemark", Time since last: 41088200 ns, Reaching safepoint: 5649754 ns, Cleanup: 8089 ns, At safepoint: 25768385 ns, Total: 31426228 ns
[2026-07-13T11:54:40.387+0000][7][gc,marking  ] GC(7) Concurrent Mark 56.841ms
[2026-07-13T11:54:40.387+0000][7][gc,marking  ] GC(7) Concurrent Rebuild Remembered Sets and Scrub Regions
[2026-07-13T11:54:40.399+0000][7][gc,marking  ] GC(7) Concurrent Rebuild Remembered Sets and Scrub Regions 11.484ms
[2026-07-13T11:54:40.402+0000][7][gc,start    ] GC(7) Pause Cleanup
[2026-07-13T11:54:40.402+0000][7][gc          ] GC(7) Pause Cleanup 22M->22M(512M) 0.304ms
[2026-07-13T11:54:40.402+0000][7][gc,cpu      ] GC(7) User=0.00s Sys=0.00s Real=0.00s
[2026-07-13T11:54:40.403+0000][7][safepoint   ] Safepoint "G1PauseCleanup", Time since last: 15633228 ns, Reaching safepoint: 1717818 ns, Cleanup: 12000 ns, At safepoint: 834478 ns, Total: 2564296 ns
[2026-07-13T11:54:40.406+0000][7][gc,marking  ] GC(7) Concurrent Clear Claimed Marks
[2026-07-13T11:54:40.406+0000][7][gc,marking  ] GC(7) Concurrent Clear Claimed Marks 0.217ms
[2026-07-13T11:54:40.407+0000][7][gc,marking  ] GC(7) Concurrent Cleanup for Next Mark
[2026-07-13T11:54:40.409+0000][7][gc,marking  ] GC(7) Concurrent Cleanup for Next Mark 2.072ms
[2026-07-13T11:54:40.409+0000][7][gc          ] GC(7) Concurrent Mark Cycle 101.150ms
[2026-07-13T11:54:41.445+0000][7][safepoint   ] Safepoint "Cleanup", Time since last: 1040923768 ns, Reaching safepoint: 1048741 ns, Cleanup: 68686 ns, At safepoint: 44050 ns, Total: 1161477 ns
[2026-07-13T11:54:42.449+0000][7][safepoint   ] Safepoint "Cleanup", Time since last: 1002933632 ns, Reaching safepoint: 1252651 ns, Cleanup: 197638 ns, At safepoint: 62465 ns, Total: 1512754 ns
[2026-07-13T11:54:42.544+0000][7][gc,start    ] GC(8) Pause Young (Prepare Mixed) (G1 Evacuation Pause)
[2026-07-13T11:54:42.545+0000][7][gc,task     ] GC(8) Using 4 workers of 4 for evacuation
[2026-07-13T11:54:42.545+0000][7][gc,age      ] GC(8) Desired survivor size 20971520 bytes, new threshold 15 (max threshold 15)
[2026-07-13T11:54:42.622+0000][7][gc,phases   ] GC(8)   Pre Evacuate Collection Set: 0.14ms
[2026-07-13T11:54:42.623+0000][7][gc,phases   ] GC(8)   Merge Heap Roots: 0.09ms
[2026-07-13T11:54:42.623+0000][7][gc,phases   ] GC(8)   Evacuate Collection Set: 72.89ms
[2026-07-13T11:54:42.623+0000][7][gc,phases   ] GC(8)   Post Evacuate Collection Set: 2.26ms
[2026-07-13T11:54:42.623+0000][7][gc,phases   ] GC(8)   Other: 1.49ms
[2026-07-13T11:54:42.623+0000][7][gc,age      ] GC(8) Age table with threshold 15 (max threshold 15)
[2026-07-13T11:54:42.623+0000][7][gc,age      ] GC(8) - age   1:    1853848 bytes,    1853848 total
[2026-07-13T11:54:42.624+0000][7][gc,age      ] GC(8) - age   2:    1588336 bytes,    3442184 total
[2026-07-13T11:54:42.625+0000][7][gc,age      ] GC(8) - age   3:    2142168 bytes,    5584352 total
[2026-07-13T11:54:42.625+0000][7][gc,age      ] GC(8) - age   4:    4219264 bytes,    9803616 total
[2026-07-13T11:54:42.625+0000][7][gc,age      ] GC(8) - age   5:    2269656 bytes,   12073272 total
[2026-07-13T11:54:42.625+0000][7][gc,age      ] GC(8) - age   6:     875176 bytes,   12948448 total
[2026-07-13T11:54:42.625+0000][7][gc,age      ] GC(8) - age   7:    1911792 bytes,   14860240 total
[2026-07-13T11:54:42.626+0000][7][gc,heap     ] GC(8) Eden regions: 72->0(72)
[2026-07-13T11:54:42.626+0000][7][gc,heap     ] GC(8) Survivor regions: 4->4(10)
[2026-07-13T11:54:42.627+0000][7][gc,heap     ] GC(8) Old regions: 3->3
[2026-07-13T11:54:42.627+0000][7][gc,heap     ] GC(8) Humongous regions: 0->0
[2026-07-13T11:54:42.628+0000][7][gc,metaspace] GC(8) Metaspace: 21579K(22144K)->21579K(22144K) NonClass: 18925K(19264K)->18925K(19264K) Class: 2653K(2880K)->2653K(2880K)
[2026-07-13T11:54:42.628+0000][7][gc          ] GC(8) Pause Young (Prepare Mixed) (G1 Evacuation Pause) 308M->21M(512M) 84.038ms
[2026-07-13T11:54:42.628+0000][7][gc,cpu      ] GC(8) User=0.03s Sys=0.00s Real=0.08s
[2026-07-13T11:54:42.634+0000][7][safepoint   ] Safepoint "G1CollectForAllocation", Time since last: 94972346 ns, Reaching safepoint: 10193 ns, Cleanup: 7773 ns, At safepoint: 89413642 ns, Total: 89431608 ns
[2026-07-13T11:54:43.641+0000][7][safepoint   ] Safepoint "Cleanup", Time since last: 1001425595 ns, Reaching safepoint: 5755527 ns, Cleanup: 63316 ns, At safepoint: 93504 ns, Total: 5912347 ns
[2026-07-13T11:54:45.015+0000][7][safepoint   ] Safepoint "Cleanup", Time since last: 1372763350 ns, Reaching safepoint: 1003205 ns, Cleanup: 95487 ns, At safepoint: 66543 ns, Total: 1165235 ns
[2026-07-13T11:54:46.432+0000][7][safepoint   ] Safepoint "Cleanup", Time since last: 1415727228 ns, Reaching safepoint: 1134605 ns, Cleanup: 74142 ns, At safepoint: 52391 ns, Total: 1261138 ns
[2026-07-13T11:54:47.438+0000][7][safepoint   ] Safepoint "Cleanup", Time since last: 1001866491 ns, Reaching safepoint: 4215794 ns, Cleanup: 37618 ns, At safepoint: 56737 ns, Total: 4310149 ns
[2026-07-13T11:54:48.449+0000][7][safepoint   ] Safepoint "Cleanup", Time since last: 1003738911 ns, Reaching safepoint: 6890202 ns, Cleanup: 43633 ns, At safepoint: 26206 ns, Total: 6960041 ns
[2026-07-13T11:54:49.412+0000][7][gc,start    ] GC(9) Pause Young (Mixed) (G1 Evacuation Pause)
[2026-07-13T11:54:49.412+0000][7][gc,task     ] GC(9) Using 4 workers of 4 for evacuation
[2026-07-13T11:54:49.412+0000][7][gc,age      ] GC(9) Desired survivor size 20971520 bytes, new threshold 15 (max threshold 15)
[2026-07-13T11:54:49.513+0000][7][gc,phases   ] GC(9)   Pre Evacuate Collection Set: 0.73ms
[2026-07-13T11:54:49.514+0000][7][gc,phases   ] GC(9)   Merge Heap Roots: 0.06ms
[2026-07-13T11:54:49.514+0000][7][gc,phases   ] GC(9)   Evacuate Collection Set: 94.96ms
[2026-07-13T11:54:49.515+0000][7][gc,phases   ] GC(9)   Post Evacuate Collection Set: 5.45ms
[2026-07-13T11:54:49.515+0000][7][gc,phases   ] GC(9)   Other: 0.27ms
[2026-07-13T11:54:49.515+0000][7][gc,age      ] GC(9) Age table with threshold 15 (max threshold 15)
[2026-07-13T11:54:49.515+0000][7][gc,age      ] GC(9) - age   1:   18501232 bytes,   18501232 total
[2026-07-13T11:54:49.515+0000][7][gc,age      ] GC(9) - age   2:    1068920 bytes,   19570152 total
[2026-07-13T11:54:49.515+0000][7][gc,age      ] GC(9) - age   3:    1569032 bytes,   21139184 total
[2026-07-13T11:54:49.515+0000][7][gc,age      ] GC(9) - age   4:    2124832 bytes,   23264016 total
[2026-07-13T11:54:49.517+0000][7][gc,age      ] GC(9) - age   5:    4194880 bytes,   27458896 total
[2026-07-13T11:54:49.517+0000][7][gc,age      ] GC(9) - age   6:    2194512 bytes,   29653408 total
[2026-07-13T11:54:49.517+0000][7][gc,age      ] GC(9) - age   7:     849304 bytes,   30502712 total
[2026-07-13T11:54:49.517+0000][7][gc,age      ] GC(9) - age   8:    1904200 bytes,   32406912 total
[2026-07-13T11:54:49.517+0000][7][gc,heap     ] GC(9) Eden regions: 72->0(67)
[2026-07-13T11:54:49.517+0000][7][gc,heap     ] GC(9) Survivor regions: 4->9(10)
[2026-07-13T11:54:49.517+0000][7][gc,heap     ] GC(9) Old regions: 3->2
[2026-07-13T11:54:49.517+0000][7][gc,heap     ] GC(9) Humongous regions: 0->0
[2026-07-13T11:54:49.517+0000][7][gc,metaspace] GC(9) Metaspace: 30224K(31296K)->30224K(31296K) NonClass: 26337K(27008K)->26337K(27008K) Class: 3887K(4288K)->3887K(4288K)
[2026-07-13T11:54:49.517+0000][7][gc          ] GC(9) Pause Young (Mixed) (G1 Evacuation Pause) 309M->38M(512M) 105.689ms
[2026-07-13T11:54:49.518+0000][7][gc,cpu      ] GC(9) User=0.09s Sys=0.00s Real=0.11s
[2026-07-13T11:54:49.524+0000][7][safepoint   ] Safepoint "G1CollectForAllocation", Time since last: 962897245 ns, Reaching safepoint: 6273 ns, Cleanup: 25974 ns, At safepoint: 111980889 ns, Total: 112013136 ns
[2026-07-13T11:54:50.543+0000][7][safepoint   ] Safepoint "Cleanup", Time since last: 1013993129 ns, Reaching safepoint: 1983814 ns, Cleanup: 26769 ns, At safepoint: 3219392 ns, Total: 5229975 ns
[2026-07-13T11:54:51.546+0000][7][safepoint   ] Safepoint "Cleanup", Time since last: 1002873435 ns, Reaching safepoint: 16376 ns, Cleanup: 133670 ns, At safepoint: 22451 ns, Total: 172497 ns
[2026-07-13T11:54:52.636+0000][7][gc,start    ] GC(10) Pause Young (Concurrent Start) (Metadata GC Threshold)
[2026-07-13T11:54:52.637+0000][7][gc,task     ] GC(10) Using 4 workers of 4 for evacuation
[2026-07-13T11:54:52.637+0000][7][gc,age      ] GC(10) Desired survivor size 20971520 bytes, new threshold 3 (max threshold 15)
[2026-07-13T11:54:52.846+0000][7][gc,mmu      ] GC(10) MMU target violated: 201.0ms (200.0ms/201.0ms)
[2026-07-13T11:54:52.846+0000][7][gc,phases   ] GC(10)   Pre Evacuate Collection Set: 1.90ms
[2026-07-13T11:54:52.846+0000][7][gc,phases   ] GC(10)   Merge Heap Roots: 0.07ms
[2026-07-13T11:54:52.847+0000][7][gc,phases   ] GC(10)   Evacuate Collection Set: 196.50ms
[2026-07-13T11:54:52.847+0000][7][gc,phases   ] GC(10)   Post Evacuate Collection Set: 9.03ms
[2026-07-13T11:54:52.847+0000][7][gc,phases   ] GC(10)   Other: 1.94ms
[2026-07-13T11:54:52.847+0000][7][gc,age      ] GC(10) Age table with threshold 3 (max threshold 15)
[2026-07-13T11:54:52.847+0000][7][gc,age      ] GC(10) - age   1:    9461792 bytes,    9461792 total
[2026-07-13T11:54:52.848+0000][7][gc,age      ] GC(10) - age   2:   18070400 bytes,   27532192 total
[2026-07-13T11:54:52.848+0000][7][gc,age      ] GC(10) - age   3:    1057312 bytes,   28589504 total
[2026-07-13T11:54:52.848+0000][7][gc,heap     ] GC(10) Eden regions: 24->0(5)
[2026-07-13T11:54:52.848+0000][7][gc,heap     ] GC(10) Survivor regions: 9->8(10)
[2026-07-13T11:54:52.848+0000][7][gc,heap     ] GC(10) Old regions: 2->5
[2026-07-13T11:54:52.848+0000][7][gc,heap     ] GC(10) Humongous regions: 0->0
[2026-07-13T11:54:52.848+0000][7][gc,metaspace] GC(10) Metaspace: 35054K(36096K)->35054K(36096K) NonClass: 30418K(31040K)->30418K(31040K) Class: 4635K(5056K)->4635K(5056K)
[2026-07-13T11:54:52.849+0000][7][gc          ] GC(10) Pause Young (Concurrent Start) (Metadata GC Threshold) 134M->47M(512M) 212.109ms
[2026-07-13T11:54:52.849+0000][7][gc          ] GC(11) Concurrent Mark Cycle
[2026-07-13T11:54:52.849+0000][7][gc,marking  ] GC(11) Concurrent Scan Root Regions
[2026-07-13T11:54:52.849+0000][7][gc,cpu      ] GC(10) User=0.14s Sys=0.00s Real=0.21s
[2026-07-13T11:54:52.855+0000][7][safepoint   ] Safepoint "CollectForMetadataAllocation", Time since last: 1090343900 ns, Reaching safepoint: 7663 ns, Cleanup: 48220 ns, At safepoint: 218654075 ns, Total: 218709958 ns
[2026-07-13T11:54:52.941+0000][7][gc,marking  ] GC(11) Concurrent Scan Root Regions 92.148ms
[2026-07-13T11:54:52.941+0000][7][gc,marking  ] GC(11) Concurrent Mark
[2026-07-13T11:54:52.941+0000][7][gc,marking  ] GC(11) Concurrent Mark From Roots
[2026-07-13T11:54:52.942+0000][7][gc,task     ] GC(11) Using 1 workers of 1 for marking
[2026-07-13T11:54:52.953+0000][7][gc,marking  ] GC(11) Concurrent Mark From Roots 11.781ms
[2026-07-13T11:54:52.953+0000][7][gc,marking  ] GC(11) Concurrent Preclean
[2026-07-13T11:54:52.954+0000][7][gc,marking  ] GC(11) Concurrent Preclean 0.253ms
[2026-07-13T11:54:52.958+0000][7][gc,start    ] GC(11) Pause Remark
[2026-07-13T11:54:52.978+0000][7][gc          ] GC(11) Pause Remark 50M->50M(512M) 20.721ms
[2026-07-13T11:54:52.979+0000][7][gc,cpu      ] GC(11) User=0.02s Sys=0.00s Real=0.02s
[2026-07-13T11:54:52.982+0000][7][safepoint   ] Safepoint "G1PauseRemark", Time since last: 98928292 ns, Reaching safepoint: 3736951 ns, Cleanup: 10948 ns, At safepoint: 23921027 ns, Total: 27668926 ns
[2026-07-13T11:54:52.988+0000][7][gc,marking  ] GC(11) Concurrent Mark 46.533ms
[2026-07-13T11:54:52.988+0000][7][gc,marking  ] GC(11) Concurrent Rebuild Remembered Sets and Scrub Regions
[2026-07-13T11:54:53.032+0000][7][gc,marking  ] GC(11) Concurrent Rebuild Remembered Sets and Scrub Regions 43.793ms
[2026-07-13T11:54:53.033+0000][7][gc,start    ] GC(11) Pause Cleanup
[2026-07-13T11:54:53.033+0000][7][gc          ] GC(11) Pause Cleanup 50M->50M(512M) 0.293ms
[2026-07-13T11:54:53.033+0000][7][gc,cpu      ] GC(11) User=0.00s Sys=0.00s Real=0.00s
[2026-07-13T11:54:53.036+0000][7][safepoint   ] Safepoint "G1PauseCleanup", Time since last: 50332486 ns, Reaching safepoint: 722034 ns, Cleanup: 15110 ns, At safepoint: 3005731 ns, Total: 3742875 ns
[2026-07-13T11:54:53.038+0000][7][gc,marking  ] GC(11) Concurrent Clear Claimed Marks
[2026-07-13T11:54:53.038+0000][7][gc,marking  ] GC(11) Concurrent Clear Claimed Marks 0.309ms
[2026-07-13T11:54:53.038+0000][7][gc,marking  ] GC(11) Concurrent Cleanup for Next Mark
[2026-07-13T11:54:53.040+0000][7][gc,marking  ] GC(11) Concurrent Cleanup for Next Mark 1.720ms
[2026-07-13T11:54:53.040+0000][7][gc          ] GC(11) Concurrent Mark Cycle 191.530ms
[2026-07-13T11:54:53.128+0000][7][gc,start    ] GC(12) Pause Young (Normal) (G1 Evacuation Pause)
[2026-07-13T11:54:53.128+0000][7][gc,task     ] GC(12) Using 4 workers of 4 for evacuation
[2026-07-13T11:54:53.128+0000][7][gc,age      ] GC(12) Desired survivor size 4194304 bytes, new threshold 1 (max threshold 15)
[2026-07-13T11:54:53.195+0000][7][gc,phases   ] GC(12)   Pre Evacuate Collection Set: 0.82ms
[2026-07-13T11:54:53.206+0000][7][gc,phases   ] GC(12)   Merge Heap Roots: 0.08ms
[2026-07-13T11:54:53.206+0000][7][gc,phases   ] GC(12)   Evacuate Collection Set: 64.92ms
[2026-07-13T11:54:53.206+0000][7][gc,phases   ] GC(12)   Post Evacuate Collection Set: 0.89ms
[2026-07-13T11:54:53.207+0000][7][gc,phases   ] GC(12)   Other: 0.29ms
[2026-07-13T11:54:53.207+0000][7][gc,age      ] GC(12) Age table with threshold 1 (max threshold 15)
[2026-07-13T11:54:53.207+0000][7][gc,age      ] GC(12) - age   1:     164136 bytes,     164136 total
[2026-07-13T11:54:53.207+0000][7][gc,heap     ] GC(12) Eden regions: 1->0(74)
[2026-07-13T11:54:53.207+0000][7][gc,heap     ] GC(12) Survivor regions: 8->2(2)
[2026-07-13T11:54:53.208+0000][7][gc,heap     ] GC(12) Old regions: 5->12
[2026-07-13T11:54:53.208+0000][7][gc,heap     ] GC(12) Humongous regions: 0->0
[2026-07-13T11:54:53.208+0000][7][gc,metaspace] GC(12) Metaspace: 35915K(36928K)->35915K(36928K) NonClass: 31188K(31808K)->31188K(31808K) Class: 4726K(5120K)->4726K(5120K)
[2026-07-13T11:54:53.208+0000][7][gc          ] GC(12) Pause Young (Normal) (G1 Evacuation Pause) 51M->51M(512M) 80.296ms
[2026-07-13T11:54:53.208+0000][7][gc,cpu      ] GC(12) User=0.08s Sys=0.00s Real=0.08s
[2026-07-13T11:54:53.218+0000][7][safepoint   ] Safepoint "G1CollectForAllocation", Time since last: 90763541 ns, Reaching safepoint: 1144824 ns, Cleanup: 26617 ns, At safepoint: 90143741 ns, Total: 91315182 ns
[2026-07-13T11:54:54.230+0000][7][safepoint   ] Safepoint "Cleanup", Time since last: 1008069457 ns, Reaching safepoint: 2951392 ns, Cleanup: 129388 ns, At safepoint: 953743 ns, Total: 4034523 ns
[2026-07-13T11:54:55.236+0000][7][safepoint   ] Safepoint "Cleanup", Time since last: 1004908313 ns, Reaching safepoint: 2001756 ns, Cleanup: 29502 ns, At safepoint: 54894 ns, Total: 2086152 ns
[2026-07-13T11:54:56.243+0000][7][safepoint   ] Safepoint "Cleanup", Time since last: 1004884108 ns, Reaching safepoint: 1926864 ns, Cleanup: 57242 ns, At safepoint: 79636 ns, Total: 2063742 ns
[2026-07-13T11:54:57.870+0000][7][safepoint   ] Safepoint "Cleanup", Time since last: 1625905793 ns, Reaching safepoint: 913774 ns, Cleanup: 65826 ns, At safepoint: 21400 ns, Total: 1001000 ns
[2026-07-13T11:54:58.872+0000][7][safepoint   ] Safepoint "Cleanup", Time since last: 1001072632 ns, Reaching safepoint: 865235 ns, Cleanup: 53285 ns, At safepoint: 51722 ns, Total: 970242 ns
[2026-07-13T11:54:59.697+0000][7][gc,start    ] GC(13) Pause Young (Normal) (G1 Evacuation Pause)
[2026-07-13T11:54:59.697+0000][7][gc,task     ] GC(13) Using 4 workers of 4 for evacuation
[2026-07-13T11:54:59.697+0000][7][gc,age      ] GC(13) Desired survivor size 20971520 bytes, new threshold 15 (max threshold 15)
[2026-07-13T11:54:59.738+0000][7][gc,phases   ] GC(13)   Pre Evacuate Collection Set: 7.61ms
[2026-07-13T11:54:59.750+0000][7][gc,phases   ] GC(13)   Merge Heap Roots: 0.09ms
[2026-07-13T11:54:59.750+0000][7][gc,phases   ] GC(13)   Evacuate Collection Set: 30.94ms
[2026-07-13T11:54:59.750+0000][7][gc,phases   ] GC(13)   Post Evacuate Collection Set: 1.27ms
[2026-07-13T11:54:59.751+0000][7][gc,phases   ] GC(13)   Other: 0.47ms
[2026-07-13T11:54:59.751+0000][7][gc,age      ] GC(13) Age table with threshold 15 (max threshold 15)
[2026-07-13T11:54:59.752+0000][7][gc,age      ] GC(13) - age   1:    5726656 bytes,    5726656 total
[2026-07-13T11:54:59.752+0000][7][gc,age      ] GC(13) - age   2:     162016 bytes,    5888672 total
[2026-07-13T11:54:59.752+0000][7][gc,heap     ] GC(13) Eden regions: 74->0(74)
[2026-07-13T11:54:59.752+0000][7][gc,heap     ] GC(13) Survivor regions: 2->2(10)
[2026-07-13T11:54:59.752+0000][7][gc,heap     ] GC(13) Old regions: 12->12
[2026-07-13T11:54:59.753+0000][7][gc,heap     ] GC(13) Humongous regions: 0->0
[2026-07-13T11:54:59.753+0000][7][gc,metaspace] GC(13) Metaspace: 51623K(52864K)->51623K(52864K) NonClass: 44618K(45376K)->44618K(45376K) Class: 7004K(7488K)->7004K(7488K)
[2026-07-13T11:54:59.753+0000][7][gc          ] GC(13) Pause Young (Normal) (G1 Evacuation Pause) 347M->52M(512M) 56.268ms
[2026-07-13T11:54:59.754+0000][7][gc,cpu      ] GC(13) User=0.07s Sys=0.00s Real=0.06s
[2026-07-13T11:54:59.756+0000][7][safepoint   ] Safepoint "G1CollectForAllocation", Time since last: 824709558 ns, Reaching safepoint: 4065 ns, Cleanup: 20481 ns, At safepoint: 59322557 ns, Total: 59347103 ns
[2026-07-13T11:55:01.159+0000][7][safepoint   ] Safepoint "Cleanup", Time since last: 1401540584 ns, Reaching safepoint: 459893 ns, Cleanup: 172644 ns, At safepoint: 135463 ns, Total: 768000 ns
[2026-07-13T11:55:02.184+0000][7][safepoint   ] Safepoint "Cleanup", Time since last: 1024881775 ns, Reaching safepoint: 714733 ns, Cleanup: 48965 ns, At safepoint: 62899 ns, Total: 826597 ns
[2026-07-13T11:55:03.187+0000][7][safepoint   ] Safepoint "Cleanup", Time since last: 1002346722 ns, Reaching safepoint: 18595 ns, Cleanup: 72404 ns, At safepoint: 30649 ns, Total: 121648 ns
[2026-07-13T11:55:03.944+0000][7][gc,start    ] GC(14) Pause Young (Concurrent Start) (Metadata GC Threshold)
[2026-07-13T11:55:03.944+0000][7][gc,task     ] GC(14) Using 4 workers of 4 for evacuation
[2026-07-13T11:55:03.945+0000][7][gc,age      ] GC(14) Desired survivor size 20971520 bytes, new threshold 15 (max threshold 15)
[2026-07-13T11:55:03.982+0000][7][gc,phases   ] GC(14)   Pre Evacuate Collection Set: 0.10ms
[2026-07-13T11:55:03.982+0000][7][gc,phases   ] GC(14)   Merge Heap Roots: 0.05ms
[2026-07-13T11:55:03.982+0000][7][gc,phases   ] GC(14)   Evacuate Collection Set: 34.28ms
[2026-07-13T11:55:03.982+0000][7][gc,phases   ] GC(14)   Post Evacuate Collection Set: 2.72ms
[2026-07-13T11:55:03.983+0000][7][gc,phases   ] GC(14)   Other: 0.36ms
[2026-07-13T11:55:03.983+0000][7][gc,age      ] GC(14) Age table with threshold 15 (max threshold 15)
[2026-07-13T11:55:03.983+0000][7][gc,age      ] GC(14) - age   1:    5155072 bytes,    5155072 total
[2026-07-13T11:55:03.983+0000][7][gc,age      ] GC(14) - age   2:    5489312 bytes,   10644384 total
[2026-07-13T11:55:03.983+0000][7][gc,age      ] GC(14) - age   3:     161760 bytes,   10806144 total
[2026-07-13T11:55:03.983+0000][7][gc,heap     ] GC(14) Eden regions: 40->0(73)
[2026-07-13T11:55:03.983+0000][7][gc,heap     ] GC(14) Survivor regions: 2->3(10)
[2026-07-13T11:55:03.983+0000][7][gc,heap     ] GC(14) Old regions: 12->12
[2026-07-13T11:55:03.983+0000][7][gc,heap     ] GC(14) Humongous regions: 0->0
[2026-07-13T11:55:03.983+0000][7][gc,metaspace] GC(14) Metaspace: 59120K(60480K)->59120K(60480K) NonClass: 51069K(51840K)->51069K(51840K) Class: 8050K(8640K)->8050K(8640K)
[2026-07-13T11:55:03.984+0000][7][gc          ] GC(14) Pause Young (Concurrent Start) (Metadata GC Threshold) 212M->57M(512M) 39.388ms
[2026-07-13T11:55:03.984+0000][7][gc          ] GC(15) Concurrent Mark Cycle
[2026-07-13T11:55:03.984+0000][7][gc,marking  ] GC(15) Concurrent Scan Root Regions
[2026-07-13T11:55:03.984+0000][7][gc,cpu      ] GC(14) User=0.05s Sys=0.00s Real=0.04s
[2026-07-13T11:55:03.984+0000][7][safepoint   ] Safepoint "CollectForMetadataAllocation", Time since last: 757389934 ns, Reaching safepoint: 8041 ns, Cleanup: 43690 ns, At safepoint: 39948000 ns, Total: 39999731 ns
[2026-07-13T11:55:04.017+0000][7][gc,marking  ] GC(15) Concurrent Scan Root Regions 33.348ms
[2026-07-13T11:55:04.017+0000][7][gc,marking  ] GC(15) Concurrent Mark
[2026-07-13T11:55:04.017+0000][7][gc,marking  ] GC(15) Concurrent Mark From Roots
[2026-07-13T11:55:04.018+0000][7][gc,task     ] GC(15) Using 1 workers of 1 for marking
[2026-07-13T11:55:04.267+0000][7][safepoint   ] Safepoint "CollectForMetadataAllocation", Time since last: 282315077 ns, Reaching safepoint: 17396 ns, Cleanup: 22885 ns, At safepoint: 109726 ns, Total: 150007 ns
[2026-07-13T11:55:04.267+0000][7][gc,marking  ] GC(15) Concurrent Mark From Roots 249.464ms
[2026-07-13T11:55:04.267+0000][7][gc,marking  ] GC(15) Concurrent Preclean
[2026-07-13T11:55:04.268+0000][7][gc,marking  ] GC(15) Concurrent Preclean 0.278ms
[2026-07-13T11:55:04.268+0000][7][gc,start    ] GC(15) Pause Remark
[2026-07-13T11:55:04.288+0000][7][gc          ] GC(15) Pause Remark 63M->63M(512M) 19.972ms
[2026-07-13T11:55:04.289+0000][7][gc,cpu      ] GC(15) User=0.02s Sys=0.00s Real=0.02s
[2026-07-13T11:55:04.291+0000][7][safepoint   ] Safepoint "G1PauseRemark", Time since last: 1045490 ns, Reaching safepoint: 583831 ns, Cleanup: 33863 ns, At safepoint: 22840419 ns, Total: 23458113 ns
[2026-07-13T11:55:04.294+0000][7][gc,marking  ] GC(15) Concurrent Mark 276.987ms
[2026-07-13T11:55:04.294+0000][7][gc,marking  ] GC(15) Concurrent Rebuild Remembered Sets and Scrub Regions
[2026-07-13T11:55:04.416+0000][7][gc,marking  ] GC(15) Concurrent Rebuild Remembered Sets and Scrub Regions 121.760ms
[2026-07-13T11:55:04.419+0000][7][gc,start    ] GC(15) Pause Cleanup
[2026-07-13T11:55:04.419+0000][7][gc          ] GC(15) Pause Cleanup 65M->65M(512M) 0.251ms
[2026-07-13T11:55:04.420+0000][7][gc,cpu      ] GC(15) User=0.00s Sys=0.00s Real=0.00s
[2026-07-13T11:55:04.420+0000][7][safepoint   ] Safepoint "G1PauseCleanup", Time since last: 127251539 ns, Reaching safepoint: 744293 ns, Cleanup: 25678 ns, At safepoint: 1212350 ns, Total: 1982321 ns
[2026-07-13T11:55:04.421+0000][7][gc,marking  ] GC(15) Concurrent Clear Claimed Marks
[2026-07-13T11:55:04.421+0000][7][gc,marking  ] GC(15) Concurrent Clear Claimed Marks 0.226ms
[2026-07-13T11:55:04.421+0000][7][gc,marking  ] GC(15) Concurrent Cleanup for Next Mark
[2026-07-13T11:55:04.422+0000][7][gc,marking  ] GC(15) Concurrent Cleanup for Next Mark 1.222ms
[2026-07-13T11:55:04.422+0000][7][gc          ] GC(15) Concurrent Mark Cycle 438.768ms
[2026-07-13T11:55:05.422+0000][7][safepoint   ] Safepoint "Cleanup", Time since last: 1000904197 ns, Reaching safepoint: 942552 ns, Cleanup: 30386 ns, At safepoint: 55926 ns, Total: 1028864 ns
[2026-07-13T11:55:06.424+0000][7][safepoint   ] Safepoint "Cleanup", Time since last: 1000883595 ns, Reaching safepoint: 1037266 ns, Cleanup: 40313 ns, At safepoint: 53350 ns, Total: 1130929 ns
[2026-07-13T11:55:07.434+0000][7][safepoint   ] Safepoint "Cleanup", Time since last: 1003919223 ns, Reaching safepoint: 5863474 ns, Cleanup: 17568 ns, At safepoint: 50632 ns, Total: 5931674 ns
[2026-07-13T11:55:08.438+0000][7][safepoint   ] Safepoint "Cleanup", Time since last: 1001172253 ns, Reaching safepoint: 792295 ns, Cleanup: 22896 ns, At safepoint: 2129167 ns, Total: 2944358 ns
[2026-07-13T11:55:09.826+0000][7][safepoint   ] Safepoint "Cleanup", Time since last: 1387823716 ns, Reaching safepoint: 3408 ns, Cleanup: 113988 ns, At safepoint: 8401 ns, Total: 125797 ns
[2026-07-13T11:55:10.831+0000][7][safepoint   ] Safepoint "Cleanup", Time since last: 1000947474 ns, Reaching safepoint: 1076915 ns, Cleanup: 201281 ns, At safepoint: 3072820 ns, Total: 4351016 ns
[2026-07-13T11:55:11.842+0000][7][safepoint   ] Safepoint "Cleanup", Time since last: 1009636126 ns, Reaching safepoint: 1055662 ns, Cleanup: 142030 ns, At safepoint: 25934 ns, Total: 1223626 ns
[2026-07-13T11:55:12.995+0000][7][safepoint   ] Safepoint "ICBufferFull", Time since last: 1152890660 ns, Reaching safepoint: 5840 ns, Cleanup: 108532 ns, At safepoint: 7274 ns, Total: 121646 ns
[2026-07-13T11:55:13.597+0000][7][safepoint   ] Safepoint "ICBufferFull", Time since last: 601324512 ns, Reaching safepoint: 549378 ns, Cleanup: 105621 ns, At safepoint: 41879 ns, Total: 696878 ns
[2026-07-13T11:55:13.800+0000][7][gc,start    ] GC(16) Pause Young (Normal) (G1 Evacuation Pause)
[2026-07-13T11:55:13.800+0000][7][gc,task     ] GC(16) Using 4 workers of 4 for evacuation
[2026-07-13T11:55:13.800+0000][7][gc,age      ] GC(16) Desired survivor size 20971520 bytes, new threshold 15 (max threshold 15)
[2026-07-13T11:55:13.842+0000][7][gc,phases   ] GC(16)   Pre Evacuate Collection Set: 0.15ms
[2026-07-13T11:55:13.843+0000][7][gc,phases   ] GC(16)   Merge Heap Roots: 0.19ms
[2026-07-13T11:55:13.843+0000][7][gc,phases   ] GC(16)   Evacuate Collection Set: 36.08ms
[2026-07-13T11:55:13.843+0000][7][gc,phases   ] GC(16)   Post Evacuate Collection Set: 5.85ms
[2026-07-13T11:55:13.843+0000][7][gc,phases   ] GC(16)   Other: 0.45ms
[2026-07-13T11:55:13.844+0000][7][gc,age      ] GC(16) Age table with threshold 15 (max threshold 15)
[2026-07-13T11:55:13.844+0000][7][gc,age      ] GC(16) - age   1:   17082632 bytes,   17082632 total
[2026-07-13T11:55:13.844+0000][7][gc,age      ] GC(16) - age   2:    4989920 bytes,   22072552 total
[2026-07-13T11:55:13.844+0000][7][gc,age      ] GC(16) - age   3:    5198856 bytes,   27271408 total
[2026-07-13T11:55:13.845+0000][7][gc,age      ] GC(16) - age   4:     158848 bytes,   27430256 total
[2026-07-13T11:55:13.845+0000][7][gc,heap     ] GC(16) Eden regions: 73->0(69)
[2026-07-13T11:55:13.845+0000][7][gc,heap     ] GC(16) Survivor regions: 3->7(10)
[2026-07-13T11:55:13.845+0000][7][gc,heap     ] GC(16) Old regions: 12->12
[2026-07-13T11:55:13.845+0000][7][gc,heap     ] GC(16) Humongous regions: 2->2
[2026-07-13T11:55:13.846+0000][7][gc,metaspace] GC(16) Metaspace: 96547K(99264K)->96547K(99264K) NonClass: 82688K(84160K)->82688K(84160K) Class: 13858K(15104K)->13858K(15104K)
[2026-07-13T11:55:13.846+0000][7][gc          ] GC(16) Pause Young (Normal) (G1 Evacuation Pause) 357M->80M(512M) 46.287ms
[2026-07-13T11:55:13.846+0000][7][gc,cpu      ] GC(16) User=0.14s Sys=0.00s Real=0.05s
[2026-07-13T11:55:13.846+0000][7][safepoint   ] Safepoint "G1CollectForAllocation", Time since last: 202083643 ns, Reaching safepoint: 6984 ns, Cleanup: 35090 ns, At safepoint: 46806257 ns, Total: 46848331 ns
[2026-07-13T11:55:14.320+0000][7][safepoint   ] Safepoint "ICBufferFull", Time since last: 473268826 ns, Reaching safepoint: 6606 ns, Cleanup: 106212 ns, At safepoint: 25281 ns, Total: 138099 ns
[2026-07-13T11:55:14.690+0000][7][gc,start    ] GC(17) Pause Young (Concurrent Start) (Metadata GC Threshold)
[2026-07-13T11:55:14.691+0000][7][gc,task     ] GC(17) Using 4 workers of 4 for evacuation
[2026-07-13T11:55:14.691+0000][7][gc,age      ] GC(17) Desired survivor size 20971520 bytes, new threshold 2 (max threshold 15)
[2026-07-13T11:55:14.719+0000][7][gc,phases   ] GC(17)   Pre Evacuate Collection Set: 0.17ms
[2026-07-13T11:55:14.720+0000][7][gc,phases   ] GC(17)   Merge Heap Roots: 0.12ms
[2026-07-13T11:55:14.720+0000][7][gc,phases   ] GC(17)   Evacuate Collection Set: 24.77ms
[2026-07-13T11:55:14.720+0000][7][gc,phases   ] GC(17)   Post Evacuate Collection Set: 2.79ms
[2026-07-13T11:55:14.720+0000][7][gc,phases   ] GC(17)   Other: 0.89ms
[2026-07-13T11:55:14.720+0000][7][gc,age      ] GC(17) Age table with threshold 2 (max threshold 15)
[2026-07-13T11:55:14.721+0000][7][gc,age      ] GC(17) - age   1:     716744 bytes,     716744 total
[2026-07-13T11:55:14.721+0000][7][gc,age      ] GC(17) - age   2:   16585320 bytes,   17302064 total
[2026-07-13T11:55:14.721+0000][7][gc,heap     ] GC(17) Eden regions: 14->0(71)
[2026-07-13T11:55:14.721+0000][7][gc,heap     ] GC(17) Survivor regions: 7->5(10)
[2026-07-13T11:55:14.721+0000][7][gc,heap     ] GC(17) Old regions: 12->15
[2026-07-13T11:55:14.722+0000][7][gc,heap     ] GC(17) Humongous regions: 2->2
[2026-07-13T11:55:14.722+0000][7][gc,metaspace] GC(17) Metaspace: 98698K(101440K)->98698K(101440K) NonClass: 84551K(86016K)->84551K(86016K) Class: 14147K(15424K)->14147K(15424K)
[2026-07-13T11:55:14.722+0000][7][gc          ] GC(17) Pause Young (Concurrent Start) (Metadata GC Threshold) 136M->84M(512M) 31.808ms
[2026-07-13T11:55:14.723+0000][7][gc,cpu      ] GC(17) User=0.08s Sys=0.01s Real=0.04s
[2026-07-13T11:55:14.723+0000][7][gc          ] GC(18) Concurrent Mark Cycle
[2026-07-13T11:55:14.723+0000][7][gc,marking  ] GC(18) Concurrent Scan Root Regions
[2026-07-13T11:55:14.723+0000][7][safepoint   ] Safepoint "CollectForMetadataAllocation", Time since last: 369149512 ns, Reaching safepoint: 1440469 ns, Cleanup: 101855 ns, At safepoint: 32766825 ns, Total: 34309149 ns
[2026-07-13T11:55:14.761+0000][7][gc,marking  ] GC(18) Concurrent Scan Root Regions 38.067ms
[2026-07-13T11:55:14.762+0000][7][gc,marking  ] GC(18) Concurrent Mark
[2026-07-13T11:55:14.762+0000][7][gc,marking  ] GC(18) Concurrent Mark From Roots
[2026-07-13T11:55:14.763+0000][7][gc,task     ] GC(18) Using 1 workers of 1 for marking
[2026-07-13T11:55:14.912+0000][7][gc,marking  ] GC(18) Concurrent Mark From Roots 149.108ms
[2026-07-13T11:55:14.913+0000][7][gc,marking  ] GC(18) Concurrent Preclean
[2026-07-13T11:55:14.913+0000][7][gc,marking  ] GC(18) Concurrent Preclean 0.357ms
[2026-07-13T11:55:14.914+0000][7][gc,start    ] GC(18) Pause Remark
[2026-07-13T11:55:14.928+0000][7][gc          ] GC(18) Pause Remark 97M->97M(512M) 13.799ms
[2026-07-13T11:55:14.928+0000][7][gc,cpu      ] GC(18) User=0.02s Sys=0.00s Real=0.01s
[2026-07-13T11:55:14.929+0000][7][safepoint   ] Safepoint "G1PauseRemark", Time since last: 190229498 ns, Reaching safepoint: 750762 ns, Cleanup: 34571 ns, At safepoint: 14437562 ns, Total: 15222895 ns
[2026-07-13T11:55:14.929+0000][7][gc,marking  ] GC(18) Concurrent Mark 166.611ms
[2026-07-13T11:55:14.929+0000][7][gc,marking  ] GC(18) Concurrent Rebuild Remembered Sets and Scrub Regions
[2026-07-13T11:55:14.989+0000][7][gc,marking  ] GC(18) Concurrent Rebuild Remembered Sets and Scrub Regions 59.496ms
[2026-07-13T11:55:14.990+0000][7][gc,start    ] GC(18) Pause Cleanup
[2026-07-13T11:55:14.991+0000][7][gc          ] GC(18) Pause Cleanup 98M->98M(512M) 0.946ms
[2026-07-13T11:55:14.993+0000][7][gc,cpu      ] GC(18) User=0.00s Sys=0.01s Real=0.01s
[2026-07-13T11:55:14.994+0000][7][safepoint   ] Safepoint "G1PauseCleanup", Time since last: 60528275 ns, Reaching safepoint: 1034505 ns, Cleanup: 10024 ns, At safepoint: 3511850 ns, Total: 4556379 ns
[2026-07-13T11:55:14.999+0000][7][gc,marking  ] GC(18) Concurrent Clear Claimed Marks
[2026-07-13T11:55:14.999+0000][7][gc,marking  ] GC(18) Concurrent Clear Claimed Marks 0.621ms
[2026-07-13T11:55:15.000+0000][7][gc,marking  ] GC(18) Concurrent Cleanup for Next Mark
[2026-07-13T11:55:15.000+0000][7][gc,marking  ] GC(18) Concurrent Cleanup for Next Mark 0.798ms
[2026-07-13T11:55:15.001+0000][7][gc          ] GC(18) Concurrent Mark Cycle 277.982ms
[2026-07-13T11:55:16.001+0000][7][safepoint   ] Safepoint "Cleanup", Time since last: 1004558575 ns, Reaching safepoint: 2809803 ns, Cleanup: 106246 ns, At safepoint: 17954 ns, Total: 2934003 ns
[2026-07-13T11:55:17.011+0000][7][safepoint   ] Safepoint "Cleanup", Time since last: 1004945594 ns, Reaching safepoint: 5124973 ns, Cleanup: 63394 ns, At safepoint: 65368 ns, Total: 5253735 ns
[2026-07-13T11:55:18.016+0000][7][safepoint   ] Safepoint "Cleanup", Time since last: 1003962606 ns, Reaching safepoint: 744442 ns, Cleanup: 64519 ns, At safepoint: 29351 ns, Total: 838312 ns
[2026-07-13T11:55:19.030+0000][7][safepoint   ] Safepoint "Cleanup", Time since last: 1013199809 ns, Reaching safepoint: 771568 ns, Cleanup: 66002 ns, At safepoint: 34153 ns, Total: 871723 ns
[2026-07-13T11:55:20.037+0000][7][safepoint   ] Safepoint "Cleanup", Time since last: 1000925299 ns, Reaching safepoint: 6003281 ns, Cleanup: 78701 ns, At safepoint: 22911 ns, Total: 6104893 ns
[2026-07-13T11:55:21.235+0000][7][safepoint   ] Safepoint "Cleanup", Time since last: 1196302663 ns, Reaching safepoint: 709162 ns, Cleanup: 105415 ns, At safepoint: 75152 ns, Total: 889729 ns
[2026-07-13T11:55:22.409+0000][7][safepoint   ] Safepoint "Cleanup", Time since last: 1173349437 ns, Reaching safepoint: 5076 ns, Cleanup: 82913 ns, At safepoint: 1460238 ns, Total: 1548227 ns
[2026-07-13T11:55:23.440+0000][7][safepoint   ] Safepoint "Cleanup", Time since last: 1024595471 ns, Reaching safepoint: 5601005 ns, Cleanup: 27804 ns, At safepoint: 24367 ns, Total: 5653176 ns
[2026-07-13T11:55:24.461+0000][7][safepoint   ] Safepoint "Cleanup", Time since last: 1020600316 ns, Reaching safepoint: 4028 ns, Cleanup: 85415 ns, At safepoint: 3814 ns, Total: 93257 ns
[2026-07-13T11:55:25.454+0000][7][safepoint   ] Safepoint "ICBufferFull", Time since last: 992799211 ns, Reaching safepoint: 10403 ns, Cleanup: 192951 ns, At safepoint: 55139 ns, Total: 258493 ns
[2026-07-13T11:55:25.455+0000][7][safepoint   ] Safepoint "ICBufferFull", Time since last: 755957 ns, Reaching safepoint: 6117 ns, Cleanup: 2558 ns, At safepoint: 5747 ns, Total: 14422 ns
[2026-07-13T11:55:26.459+0000][7][safepoint   ] Safepoint "Cleanup", Time since last: 1003216027 ns, Reaching safepoint: 690810 ns, Cleanup: 100455 ns, At safepoint: 15532 ns, Total: 806797 ns
[2026-07-13T11:55:26.884+0000][7][gc,start    ] GC(19) Pause Young (Prepare Mixed) (G1 Evacuation Pause)
[2026-07-13T11:55:26.884+0000][7][gc,task     ] GC(19) Using 4 workers of 4 for evacuation
[2026-07-13T11:55:26.884+0000][7][gc,age      ] GC(19) Desired survivor size 20971520 bytes, new threshold 15 (max threshold 15)
[2026-07-13T11:55:26.959+0000][7][gc,phases   ] GC(19)   Pre Evacuate Collection Set: 0.24ms
[2026-07-13T11:55:26.959+0000][7][gc,phases   ] GC(19)   Merge Heap Roots: 0.16ms
[2026-07-13T11:55:26.959+0000][7][gc,phases   ] GC(19)   Evacuate Collection Set: 66.43ms
[2026-07-13T11:55:26.959+0000][7][gc,phases   ] GC(19)   Post Evacuate Collection Set: 7.24ms
[2026-07-13T11:55:26.959+0000][7][gc,phases   ] GC(19)   Other: 0.37ms
[2026-07-13T11:55:26.959+0000][7][gc,age      ] GC(19) Age table with threshold 15 (max threshold 15)
[2026-07-13T11:55:26.959+0000][7][gc,age      ] GC(19) - age   1:    5274416 bytes,    5274416 total
[2026-07-13T11:55:26.959+0000][7][gc,age      ] GC(19) - age   2:     592648 bytes,    5867064 total
[2026-07-13T11:55:26.959+0000][7][gc,age      ] GC(19) - age   3:   16386488 bytes,   22253552 total
[2026-07-13T11:55:26.960+0000][7][gc,heap     ] GC(19) Eden regions: 71->0(70)
[2026-07-13T11:55:26.960+0000][7][gc,heap     ] GC(19) Survivor regions: 5->6(10)
[2026-07-13T11:55:26.960+0000][7][gc,heap     ] GC(19) Old regions: 15->15
[2026-07-13T11:55:26.960+0000][7][gc,heap     ] GC(19) Humongous regions: 2->2
[2026-07-13T11:55:26.960+0000][7][gc,metaspace] GC(19) Metaspace: 105235K(108032K)->105235K(108032K) NonClass: 90210K(91712K)->90210K(91712K) Class: 15024K(16320K)->15024K(16320K)
[2026-07-13T11:55:26.960+0000][7][gc          ] GC(19) Pause Young (Prepare Mixed) (G1 Evacuation Pause) 368M->88M(512M) 76.214ms
[2026-07-13T11:55:26.960+0000][7][gc,cpu      ] GC(19) User=0.07s Sys=0.00s Real=0.07s
[2026-07-13T11:55:26.961+0000][7][safepoint   ] Safepoint "G1CollectForAllocation", Time since last: 423799325 ns, Reaching safepoint: 1032162 ns, Cleanup: 63191 ns, At safepoint: 76921096 ns, Total: 78016449 ns
[2026-07-13T11:55:28.524+0000][7][safepoint   ] Safepoint "Cleanup", Time since last: 1562086984 ns, Reaching safepoint: 1078600 ns, Cleanup: 79914 ns, At safepoint: 60539 ns, Total: 1219053 ns
[2026-07-13T11:55:29.532+0000][7][safepoint   ] Safepoint "Cleanup", Time since last: 1007952617 ns, Reaching safepoint: 14406 ns, Cleanup: 34945 ns, At safepoint: 10976 ns, Total: 60327 ns
[2026-07-13T11:55:30.534+0000][7][safepoint   ] Safepoint "Cleanup", Time since last: 1000803128 ns, Reaching safepoint: 1158297 ns, Cleanup: 87680 ns, At safepoint: 66709 ns, Total: 1312686 ns
[2026-07-13T11:55:31.535+0000][7][safepoint   ] Safepoint "Cleanup", Time since last: 1000812353 ns, Reaching safepoint: 16121 ns, Cleanup: 27494 ns, At safepoint: 9999 ns, Total: 53614 ns
[2026-07-13T11:55:32.545+0000][7][safepoint   ] Safepoint "Cleanup", Time since last: 1006105211 ns, Reaching safepoint: 3799408 ns, Cleanup: 149344 ns, At safepoint: 85518 ns, Total: 4034270 ns
[2026-07-13T11:55:32.735+0000][7][gc,start    ] GC(20) Pause Young (Mixed) (G1 Evacuation Pause)
[2026-07-13T11:55:32.736+0000][7][gc,task     ] GC(20) Using 4 workers of 4 for evacuation
[2026-07-13T11:55:32.736+0000][7][gc,age      ] GC(20) Desired survivor size 20971520 bytes, new threshold 3 (max threshold 15)
[2026-07-13T11:55:33.109+0000][7][gc,mmu      ] GC(20) MMU target violated: 201.0ms (200.0ms/201.0ms)
[2026-07-13T11:55:33.109+0000][7][gc,phases   ] GC(20)   Pre Evacuate Collection Set: 0.58ms
[2026-07-13T11:55:33.109+0000][7][gc,phases   ] GC(20)   Merge Heap Roots: 0.22ms
[2026-07-13T11:55:33.115+0000][7][gc,phases   ] GC(20)   Evacuate Collection Set: 329.66ms
[2026-07-13T11:55:33.116+0000][7][gc,phases   ] GC(20)   Post Evacuate Collection Set: 41.43ms
[2026-07-13T11:55:33.116+0000][7][gc,phases   ] GC(20)   Other: 1.41ms
[2026-07-13T11:55:33.118+0000][7][gc,age      ] GC(20) Age table with threshold 3 (max threshold 15)
[2026-07-13T11:55:33.119+0000][7][gc,age      ] GC(20) - age   1:    6560888 bytes,    6560888 total
[2026-07-13T11:55:33.120+0000][7][gc,age      ] GC(20) - age   2:    4772144 bytes,   11333032 total
[2026-07-13T11:55:33.120+0000][7][gc,age      ] GC(20) - age   3:     592504 bytes,   11925536 total
[2026-07-13T11:55:33.120+0000][7][gc,heap     ] GC(20) Eden regions: 70->0(72)
[2026-07-13T11:55:33.120+0000][7][gc,heap     ] GC(20) Survivor regions: 6->4(10)
[2026-07-13T11:55:33.120+0000][7][gc,heap     ] GC(20) Old regions: 15->19
[2026-07-13T11:55:33.120+0000][7][gc,heap     ] GC(20) Humongous regions: 2->2
[2026-07-13T11:55:33.121+0000][7][gc,metaspace] GC(20) Metaspace: 107081K(109888K)->107081K(109888K) NonClass: 91767K(93248K)->91767K(93248K) Class: 15313K(16640K)->15313K(16640K)
[2026-07-13T11:55:33.121+0000][7][gc          ] GC(20) Pause Young (Mixed) (G1 Evacuation Pause) 368M->95M(512M) 385.913ms
[2026-07-13T11:55:33.121+0000][7][gc,cpu      ] GC(20) User=0.28s Sys=0.02s Real=0.38s
[2026-07-13T11:55:33.154+0000][7][safepoint   ] Safepoint "G1CollectForAllocation", Time since last: 156752778 ns, Reaching safepoint: 32926505 ns, Cleanup: 42957 ns, At safepoint: 419067452 ns, Total: 452036914 ns
[2026-07-13T11:55:34.290+0000][7][safepoint   ] Safepoint "Cleanup", Time since last: 1010574697 ns, Reaching safepoint: 97300669 ns, Cleanup: 26390 ns, At safepoint: 28523843 ns, Total: 125850902 ns
[2026-07-13T11:55:35.298+0000][7][safepoint   ] Safepoint "Cleanup", Time since last: 1007445602 ns, Reaching safepoint: 18213 ns, Cleanup: 76689 ns, At safepoint: 22015 ns, Total: 116917 ns
[2026-07-13T11:55:36.301+0000][7][safepoint   ] Safepoint "Cleanup", Time since last: 1003072999 ns, Reaching safepoint: 17072 ns, Cleanup: 50322 ns, At safepoint: 55094 ns, Total: 122488 ns
[2026-07-13T11:55:37.350+0000][7][safepoint   ] Safepoint "Cleanup", Time since last: 1014012023 ns, Reaching safepoint: 13751399 ns, Cleanup: 99137 ns, At safepoint: 20869744 ns, Total: 34720280 ns
[2026-07-13T11:55:38.354+0000][7][safepoint   ] Safepoint "Cleanup", Time since last: 1003062445 ns, Reaching safepoint: 1127717 ns, Cleanup: 32425 ns, At safepoint: 55723 ns, Total: 1215865 ns
[2026-07-13T11:55:39.360+0000][7][safepoint   ] Safepoint "Cleanup", Time since last: 1004775908 ns, Reaching safepoint: 1368544 ns, Cleanup: 83397 ns, At safepoint: 33076 ns, Total: 1485017 ns
[2026-07-13T11:55:40.650+0000][7][safepoint   ] Safepoint "Cleanup", Time since last: 1289508770 ns, Reaching safepoint: 12908 ns, Cleanup: 34633 ns, At safepoint: 8846 ns, Total: 56387 ns
[2026-07-13T11:55:42.651+0000][7][safepoint   ] Safepoint "Cleanup", Time since last: 2000908053 ns, Reaching safepoint: 12367 ns, Cleanup: 12487 ns, At safepoint: 8808 ns, Total: 33662 ns
[2026-07-13T11:55:43.652+0000][7][safepoint   ] Safepoint "Cleanup", Time since last: 1000993180 ns, Reaching safepoint: 11449 ns, Cleanup: 20497 ns, At safepoint: 7792 ns, Total: 39738 ns
[2026-07-13T11:55:45.655+0000][7][safepoint   ] Safepoint "Cleanup", Time since last: 2003317815 ns, Reaching safepoint: 13651 ns, Cleanup: 16553 ns, At safepoint: 8964 ns, Total: 39168 ns
[2026-07-13T11:55:47.690+0000][7][safepoint   ] Safepoint "Cleanup", Time since last: 2034460841 ns, Reaching safepoint: 11132 ns, Cleanup: 20094 ns, At safepoint: 7059 ns, Total: 38285 ns
[2026-07-13T11:55:49.692+0000][7][safepoint   ] Safepoint "Cleanup", Time since last: 2001995038 ns, Reaching safepoint: 13597 ns, Cleanup: 14060 ns, At safepoint: 6996 ns, Total: 34653 ns
[2026-07-13T11:55:54.695+0000][7][safepoint   ] Safepoint "Cleanup", Time since last: 5004128391 ns, Reaching safepoint: 17672 ns, Cleanup: 16536 ns, At safepoint: 10196 ns, Total: 44404 ns
[2026-07-13T11:55:55.705+0000][7][safepoint   ] Safepoint "Cleanup", Time since last: 1009818910 ns, Reaching safepoint: 12148 ns, Cleanup: 14919 ns, At safepoint: 8319 ns, Total: 35386 ns
[2026-07-13T11:55:56.706+0000][7][safepoint   ] Safepoint "Cleanup", Time since last: 1000932520 ns, Reaching safepoint: 11759 ns, Cleanup: 19250 ns, At safepoint: 13473 ns, Total: 44482 ns
[2026-07-13T11:56:01.716+0000][7][safepoint   ] Safepoint "Cleanup", Time since last: 5009984925 ns, Reaching safepoint: 30735 ns, Cleanup: 12424 ns, At safepoint: 6252 ns, Total: 49411 ns
[2026-07-13T11:56:05.720+0000][7][safepoint   ] Safepoint "Cleanup", Time since last: 4003898286 ns, Reaching safepoint: 10459 ns, Cleanup: 15125 ns, At safepoint: 6768 ns, Total: 32352 ns
[2026-07-13T11:56:06.721+0000][7][safepoint   ] Safepoint "Cleanup", Time since last: 1001047542 ns, Reaching safepoint: 12400 ns, Cleanup: 13115 ns, At safepoint: 53057 ns, Total: 78572 ns
[2026-07-13T11:56:07.722+0000][7][safepoint   ] Safepoint "Cleanup", Time since last: 1001058315 ns, Reaching safepoint: 10791 ns, Cleanup: 13959 ns, At safepoint: 7560 ns, Total: 32310 ns
[2026-07-13T11:56:09.724+0000][7][safepoint   ] Safepoint "Cleanup", Time since last: 2001717266 ns, Reaching safepoint: 11500 ns, Cleanup: 13919 ns, At safepoint: 7334 ns, Total: 32753 ns
[2026-07-13T11:56:13.728+0000][7][safepoint   ] Safepoint "Cleanup", Time since last: 4004127490 ns, Reaching safepoint: 11772 ns, Cleanup: 11514 ns, At safepoint: 6643 ns, Total: 29929 ns
[2026-07-13T11:56:14.729+0000][7][safepoint   ] Safepoint "Cleanup", Time since last: 1001008380 ns, Reaching safepoint: 10943 ns, Cleanup: 11625 ns, At safepoint: 5773 ns, Total: 28341 ns
[2026-07-13T11:56:16.731+0000][7][safepoint   ] Safepoint "Cleanup", Time since last: 2001950617 ns, Reaching safepoint: 13342 ns, Cleanup: 16006 ns, At safepoint: 6915 ns, Total: 36263 ns
[2026-07-13T11:56:24.480+0000][7][safepoint   ] Safepoint "Cleanup", Time since last: 7745953945 ns, Reaching safepoint: 11139 ns, Cleanup: 13521 ns, At safepoint: 7574 ns, Total: 32234 ns
[2026-07-13T11:56:26.482+0000][7][safepoint   ] Safepoint "Cleanup", Time since last: 2001999670 ns, Reaching safepoint: 11781 ns, Cleanup: 13281 ns, At safepoint: 7708 ns, Total: 32770 ns
[2026-07-13T11:56:27.483+0000][7][safepoint   ] Safepoint "Cleanup", Time since last: 1000940022 ns, Reaching safepoint: 15523 ns, Cleanup: 13636 ns, At safepoint: 9281 ns, Total: 38440 ns
[2026-07-13T11:56:32.488+0000][7][safepoint   ] Safepoint "Cleanup", Time since last: 5004978037 ns, Reaching safepoint: 27085 ns, Cleanup: 14964 ns, At safepoint: 9292 ns, Total: 51341 ns
[2026-07-13T11:56:33.489+0000][7][safepoint   ] Safepoint "Cleanup", Time since last: 1000959990 ns, Reaching safepoint: 22689 ns, Cleanup: 18211 ns, At safepoint: 12352 ns, Total: 53252 ns
[2026-07-13T11:56:35.500+0000][7][safepoint   ] Safepoint "Cleanup", Time since last: 2010803683 ns, Reaching safepoint: 14618 ns, Cleanup: 12810 ns, At safepoint: 8417 ns, Total: 35845 ns
[2026-07-13T11:56:43.514+0000][7][safepoint   ] Safepoint "Cleanup", Time since last: 8014599174 ns, Reaching safepoint: 14041 ns, Cleanup: 16446 ns, At safepoint: 9378 ns, Total: 39865 ns
[2026-07-13T11:56:50.579+0000][7][safepoint   ] Safepoint "Cleanup", Time since last: 7064419695 ns, Reaching safepoint: 11722 ns, Cleanup: 13015 ns, At safepoint: 6893 ns, Total: 31630 ns
[2026-07-13T11:56:54.584+0000][7][safepoint   ] Safepoint "Cleanup", Time since last: 4003929627 ns, Reaching safepoint: 11124 ns, Cleanup: 12360 ns, At safepoint: 7119 ns, Total: 30603 ns
[2026-07-13T11:56:55.585+0000][7][safepoint   ] Safepoint "Cleanup", Time since last: 1000874278 ns, Reaching safepoint: 11761 ns, Cleanup: 11272 ns, At safepoint: 7200 ns, Total: 30233 ns
[2026-07-13T11:56:56.586+0000][7][safepoint   ] Safepoint "Cleanup", Time since last: 1001120181 ns, Reaching safepoint: 13422 ns, Cleanup: 13601 ns, At safepoint: 6935 ns, Total: 33958 ns
[2026-07-13T11:57:13.604+0000][7][safepoint   ] Safepoint "Cleanup", Time since last: 17017775120 ns, Reaching safepoint: 16516 ns, Cleanup: 11116 ns, At safepoint: 6797 ns, Total: 34429 ns
[2026-07-13T11:57:19.448+0000][7][gc,start    ] GC(21) Pause Young (Normal) (G1 Evacuation Pause)
[2026-07-13T11:57:19.449+0000][7][gc,task     ] GC(21) Using 4 workers of 4 for evacuation
[2026-07-13T11:57:19.449+0000][7][gc,age      ] GC(21) Desired survivor size 20971520 bytes, new threshold 15 (max threshold 15)
[2026-07-13T11:57:19.455+0000][7][gc,phases   ] GC(21)   Pre Evacuate Collection Set: 0.26ms
[2026-07-13T11:57:19.455+0000][7][gc,phases   ] GC(21)   Merge Heap Roots: 0.14ms
[2026-07-13T11:57:19.455+0000][7][gc,phases   ] GC(21)   Evacuate Collection Set: 4.16ms
[2026-07-13T11:57:19.455+0000][7][gc,phases   ] GC(21)   Post Evacuate Collection Set: 1.00ms
[2026-07-13T11:57:19.455+0000][7][gc,phases   ] GC(21)   Other: 0.30ms
[2026-07-13T11:57:19.455+0000][7][gc,age      ] GC(21) Age table with threshold 15 (max threshold 15)
[2026-07-13T11:57:19.455+0000][7][gc,age      ] GC(21) - age   1:     539840 bytes,     539840 total
[2026-07-13T11:57:19.456+0000][7][gc,age      ] GC(21) - age   2:    2675808 bytes,    3215648 total
[2026-07-13T11:57:19.456+0000][7][gc,age      ] GC(21) - age   3:    4643312 bytes,    7858960 total
[2026-07-13T11:57:19.456+0000][7][gc,age      ] GC(21) - age   4:     591904 bytes,    8450864 total
[2026-07-13T11:57:19.456+0000][7][gc,heap     ] GC(21) Eden regions: 72->0(73)
[2026-07-13T11:57:19.456+0000][7][gc,heap     ] GC(21) Survivor regions: 4->3(10)
[2026-07-13T11:57:19.456+0000][7][gc,heap     ] GC(21) Old regions: 19->19
[2026-07-13T11:57:19.456+0000][7][gc,heap     ] GC(21) Humongous regions: 2->2
[2026-07-13T11:57:19.456+0000][7][gc,metaspace] GC(21) Metaspace: 108077K(110912K)->108077K(110912K) NonClass: 92666K(94208K)->92666K(94208K) Class: 15410K(16704K)->15410K(16704K)
[2026-07-13T11:57:19.456+0000][7][gc          ] GC(21) Pause Young (Normal) (G1 Evacuation Pause) 383M->91M(512M) 7.932ms
[2026-07-13T11:57:19.456+0000][7][gc,cpu      ] GC(21) User=0.01s Sys=0.00s Real=0.01s
[2026-07-13T11:57:19.457+0000][7][safepoint   ] Safepoint "G1CollectForAllocation", Time since last: 5844729049 ns, Reaching safepoint: 32474 ns, Cleanup: 8366 ns, At safepoint: 8290622 ns, Total: 8331462 ns
[2026-07-13T11:57:20.458+0000][7][safepoint   ] Safepoint "Cleanup", Time since last: 1000994595 ns, Reaching safepoint: 16097 ns, Cleanup: 14028 ns, At safepoint: 6630 ns, Total: 36755 ns
[2026-07-13T11:57:23.597+0000][7][safepoint   ] Safepoint "Cleanup", Time since last: 3139104556 ns, Reaching safepoint: 14656 ns, Cleanup: 11564 ns, At safepoint: 6966 ns, Total: 33186 ns
[2026-07-13T11:57:31.604+0000][7][safepoint   ] Safepoint "Cleanup", Time since last: 8006862092 ns, Reaching safepoint: 38801 ns, Cleanup: 11903 ns, At safepoint: 9159 ns, Total: 59863 ns
[2026-07-13T11:57:36.608+0000][7][safepoint   ] Safepoint "Cleanup", Time since last: 5003897634 ns, Reaching safepoint: 12329 ns, Cleanup: 11082 ns, At safepoint: 6585 ns, Total: 29996 ns
[2026-07-13T11:57:38.610+0000][7][safepoint   ] Safepoint "Cleanup", Time since last: 2002037213 ns, Reaching safepoint: 14844 ns, Cleanup: 10920 ns, At safepoint: 6787 ns, Total: 32551 ns
[2026-07-13T11:57:39.612+0000][7][safepoint   ] Safepoint "Cleanup", Time since last: 1001007000 ns, Reaching safepoint: 17124 ns, Cleanup: 17385 ns, At safepoint: 6938 ns, Total: 41447 ns
[2026-07-13T11:57:43.614+0000][7][safepoint   ] Safepoint "Cleanup", Time since last: 4002825824 ns, Reaching safepoint: 16928 ns, Cleanup: 14327 ns, At safepoint: 10296 ns, Total: 41551 ns
[2026-07-13T11:57:46.617+0000][7][safepoint   ] Safepoint "Cleanup", Time since last: 3002984322 ns, Reaching safepoint: 48407 ns, Cleanup: 18254 ns, At safepoint: 12696 ns, Total: 79357 ns
[2026-07-13T11:58:17.647+0000][7][safepoint   ] Safepoint "Cleanup", Time since last: 31028113470 ns, Reaching safepoint: 29164 ns, Cleanup: 12911 ns, At safepoint: 9498 ns, Total: 51573 ns
[2026-07-13T11:58:24.804+0000][7][safepoint   ] Safepoint "Cleanup", Time since last: 7155913061 ns, Reaching safepoint: 12852 ns, Cleanup: 13299 ns, At safepoint: 8528 ns, Total: 34679 ns
[2026-07-13T11:58:26.805+0000][7][safepoint   ] Safepoint "Cleanup", Time since last: 2001761118 ns, Reaching safepoint: 12846 ns, Cleanup: 16877 ns, At safepoint: 7818 ns, Total: 37541 ns
[2026-07-13T11:58:39.817+0000][7][safepoint   ] Safepoint "Cleanup", Time since last: 13011116848 ns, Reaching safepoint: 31974 ns, Cleanup: 12050 ns, At safepoint: 5969 ns, Total: 49993 ns
[2026-07-13T11:58:43.821+0000][7][safepoint   ] Safepoint "Cleanup", Time since last: 4003997564 ns, Reaching safepoint: 12491 ns, Cleanup: 14757 ns, At safepoint: 15124 ns, Total: 42372 ns
[2026-07-13T11:58:44.821+0000][7][safepoint   ] Safepoint "Cleanup", Time since last: 1000889115 ns, Reaching safepoint: 10670 ns, Cleanup: 10577 ns, At safepoint: 6520 ns, Total: 27767 ns
[2026-07-13T11:58:47.825+0000][7][safepoint   ] Safepoint "Cleanup", Time since last: 3003033450 ns, Reaching safepoint: 28577 ns, Cleanup: 11414 ns, At safepoint: 8383 ns, Total: 48374 ns
[2026-07-13T11:58:54.832+0000][7][safepoint   ] Safepoint "Cleanup", Time since last: 7006826036 ns, Reaching safepoint: 10537 ns, Cleanup: 12560 ns, At safepoint: 5703 ns, Total: 28800 ns
[2026-07-13T11:58:57.835+0000][7][safepoint   ] Safepoint "Cleanup", Time since last: 3003027432 ns, Reaching safepoint: 17410 ns, Cleanup: 15235 ns, At safepoint: 10054 ns, Total: 42699 ns
[2026-07-13T11:59:02.840+0000][7][safepoint   ] Safepoint "Cleanup", Time since last: 5004128227 ns, Reaching safepoint: 63397 ns, Cleanup: 43461 ns, At safepoint: 60427 ns, Total: 167285 ns
[2026-07-13T11:59:07.845+0000][7][safepoint   ] Safepoint "Cleanup", Time since last: 5005762505 ns, Reaching safepoint: 41682 ns, Cleanup: 12948 ns, At safepoint: 6903 ns, Total: 61533 ns
[2026-07-13T11:59:13.851+0000][7][safepoint   ] Safepoint "Cleanup", Time since last: 6005946267 ns, Reaching safepoint: 12257 ns, Cleanup: 17304 ns, At safepoint: 7514 ns, Total: 37075 ns
[2026-07-13T11:59:14.852+0000][7][safepoint   ] Safepoint "Cleanup", Time since last: 1000898180 ns, Reaching safepoint: 11033 ns, Cleanup: 11530 ns, At safepoint: 6967 ns, Total: 29530 ns
[2026-07-13T11:59:17.855+0000][7][safepoint   ] Safepoint "Cleanup", Time since last: 3003079516 ns, Reaching safepoint: 17010 ns, Cleanup: 21176 ns, At safepoint: 9715 ns, Total: 47901 ns
[2026-07-13T11:59:30.388+0000][7][gc,heap,exit] Heap
[2026-07-13T11:59:30.389+0000][7][gc,heap,exit]  garbage-first heap   total reserved 524288K, committed 524288K, used 157807K [0x00000000e0000000, 0x0000000100000000)
[2026-07-13T11:59:30.389+0000][7][gc,heap,exit]   region size 4096K, 19 young (77824K), 3 survivors (12288K)
[2026-07-13T11:59:30.389+0000][7][gc,heap,exit]  Metaspace       used 108396K, committed 111168K, reserved 1179648K
[2026-07-13T11:59:30.389+0000][7][gc,heap,exit]   class space    used 15444K, committed 16704K, reserved 1048576K
