[2026-07-13T05:46:22.273+0000][7][gc,init] CardTable entry size: 512
[2026-07-13T05:46:22.274+0000][7][gc     ] Using G1
[2026-07-13T05:46:22.333+0000][7][gc,init] Version: 22.0.1+8-16 (release)
[2026-07-13T05:46:22.334+0000][7][gc,init] CPUs: 4 total, 4 available
[2026-07-13T05:46:22.334+0000][7][gc,init] Memory: 32093M
[2026-07-13T05:46:22.335+0000][7][gc,init] Large Page Support: Disabled
[2026-07-13T05:46:22.335+0000][7][gc,init] NUMA Support: Disabled
[2026-07-13T05:46:22.336+0000][7][gc,init] Compressed Oops: Enabled (32-bit)
[2026-07-13T05:46:22.336+0000][7][gc,init] Heap Region Size: 4M
[2026-07-13T05:46:22.336+0000][7][gc,init] Heap Min Capacity: 512M
[2026-07-13T05:46:22.336+0000][7][gc,init] Heap Initial Capacity: 512M
[2026-07-13T05:46:22.336+0000][7][gc,init] Heap Max Capacity: 512M
[2026-07-13T05:46:22.337+0000][7][gc,init] Pre-touch: Enabled
[2026-07-13T05:46:22.337+0000][7][gc,init] Parallel Workers: 4
[2026-07-13T05:46:22.337+0000][7][gc,init] Concurrent Workers: 1
[2026-07-13T05:46:22.337+0000][7][gc,init] Concurrent Refinement Workers: 4
[2026-07-13T05:46:22.337+0000][7][gc,init] Periodic GC: Disabled
[2026-07-13T05:46:22.366+0000][7][gc,metaspace] CDS archive(s) mapped at: [0x00007f86fe000000-0x00007f86fec74000-0x00007f86fec74000), size 13058048, SharedBaseAddress: 0x00007f86fe000000, ArchiveRelocationMode: 1.
[2026-07-13T05:46:22.367+0000][7][gc,metaspace] Compressed class space mapped at: 0x00007f86ff000000-0x00007f873f000000, reserved size: 1073741824
[2026-07-13T05:46:22.367+0000][7][gc,metaspace] Narrow klass base: 0x00007f86fe000000, Narrow klass shift: 0, Narrow klass range: 0x100000000
[2026-07-13T05:46:23.619+0000][7][safepoint   ] Safepoint "ICBufferFull", Time since last: 1232535260 ns, Reaching safepoint: 5062 ns, Cleanup: 194805 ns, At safepoint: 10828 ns, Total: 210695 ns
[2026-07-13T05:46:24.178+0000][7][gc,start    ] GC(0) Pause Young (Normal) (G1 Evacuation Pause)
[2026-07-13T05:46:24.179+0000][7][gc,task     ] GC(0) Using 4 workers of 4 for evacuation
[2026-07-13T05:46:24.179+0000][7][gc,age      ] GC(0) Desired survivor size 2097152 bytes, new threshold 15 (max threshold 15)
[2026-07-13T05:46:24.187+0000][7][gc,phases   ] GC(0)   Pre Evacuate Collection Set: 0.15ms
[2026-07-13T05:46:24.188+0000][7][gc,phases   ] GC(0)   Merge Heap Roots: 0.04ms
[2026-07-13T05:46:24.188+0000][7][gc,phases   ] GC(0)   Evacuate Collection Set: 7.27ms
[2026-07-13T05:46:24.188+0000][7][gc,phases   ] GC(0)   Post Evacuate Collection Set: 0.79ms
[2026-07-13T05:46:24.190+0000][7][gc,phases   ] GC(0)   Other: 0.50ms
[2026-07-13T05:46:24.190+0000][7][gc,age      ] GC(0) Age table with threshold 15 (max threshold 15)
[2026-07-13T05:46:24.191+0000][7][gc,age      ] GC(0) - age   1:    4081200 bytes,    4081200 total
[2026-07-13T05:46:24.191+0000][7][gc,heap     ] GC(0) Eden regions: 6->0(5)
[2026-07-13T05:46:24.191+0000][7][gc,heap     ] GC(0) Survivor regions: 0->1(1)
[2026-07-13T05:46:24.191+0000][7][gc,heap     ] GC(0) Old regions: 1->2
[2026-07-13T05:46:24.191+0000][7][gc,heap     ] GC(0) Humongous regions: 0->0
[2026-07-13T05:46:24.192+0000][7][gc,metaspace] GC(0) Metaspace: 9361K(9600K)->9361K(9600K) NonClass: 8306K(8448K)->8306K(8448K) Class: 1054K(1152K)->1054K(1152K)
[2026-07-13T05:46:24.192+0000][7][gc          ] GC(0) Pause Young (Normal) (G1 Evacuation Pause) 25M->5M(512M) 13.601ms
[2026-07-13T05:46:24.192+0000][7][gc,cpu      ] GC(0) User=0.03s Sys=0.01s Real=0.02s
[2026-07-13T05:46:24.192+0000][7][safepoint   ] Safepoint "G1CollectForAllocation", Time since last: 558771135 ns, Reaching safepoint: 549672 ns, Cleanup: 56074 ns, At safepoint: 14076500 ns, Total: 14682246 ns
[2026-07-13T05:46:24.856+0000][7][gc,start    ] GC(1) Pause Young (Normal) (G1 Evacuation Pause)
[2026-07-13T05:46:24.857+0000][7][gc,task     ] GC(1) Using 4 workers of 4 for evacuation
[2026-07-13T05:46:24.857+0000][7][gc,age      ] GC(1) Desired survivor size 2097152 bytes, new threshold 1 (max threshold 15)
[2026-07-13T05:46:24.874+0000][7][gc,phases   ] GC(1)   Pre Evacuate Collection Set: 0.09ms
[2026-07-13T05:46:24.875+0000][7][gc,phases   ] GC(1)   Merge Heap Roots: 0.03ms
[2026-07-13T05:46:24.876+0000][7][gc,phases   ] GC(1)   Evacuate Collection Set: 14.72ms
[2026-07-13T05:46:24.877+0000][7][gc,phases   ] GC(1)   Post Evacuate Collection Set: 2.15ms
[2026-07-13T05:46:24.877+0000][7][gc,phases   ] GC(1)   Other: 0.79ms
[2026-07-13T05:46:24.877+0000][7][gc,age      ] GC(1) Age table with threshold 1 (max threshold 15)
[2026-07-13T05:46:24.878+0000][7][gc,age      ] GC(1) - age   1:    1959040 bytes,    1959040 total
[2026-07-13T05:46:24.881+0000][7][gc,heap     ] GC(1) Eden regions: 5->0(8)
[2026-07-13T05:46:24.882+0000][7][gc,heap     ] GC(1) Survivor regions: 1->1(1)
[2026-07-13T05:46:24.882+0000][7][gc,heap     ] GC(1) Old regions: 2->3
[2026-07-13T05:46:24.883+0000][7][gc,heap     ] GC(1) Humongous regions: 0->0
[2026-07-13T05:46:24.883+0000][7][gc,metaspace] GC(1) Metaspace: 12403K(12736K)->12403K(12736K) NonClass: 10897K(11072K)->10897K(11072K) Class: 1506K(1664K)->1506K(1664K)
[2026-07-13T05:46:24.883+0000][7][gc          ] GC(1) Pause Young (Normal) (G1 Evacuation Pause) 25M->7M(512M) 26.722ms
[2026-07-13T05:46:24.883+0000][7][gc,cpu      ] GC(1) User=0.04s Sys=0.00s Real=0.03s
[2026-07-13T05:46:24.886+0000][7][safepoint   ] Safepoint "G1CollectForAllocation", Time since last: 663832056 ns, Reaching safepoint: 4236 ns, Cleanup: 73774 ns, At safepoint: 29847799 ns, Total: 29925809 ns
[2026-07-13T05:46:26.239+0000][7][safepoint   ] Safepoint "Cleanup", Time since last: 1351125667 ns, Reaching safepoint: 1061503 ns, Cleanup: 198363 ns, At safepoint: 970684 ns, Total: 2230550 ns
[2026-07-13T05:46:26.323+0000][7][gc,start    ] GC(2) Pause Young (Normal) (G1 Evacuation Pause)
[2026-07-13T05:46:26.323+0000][7][gc,task     ] GC(2) Using 4 workers of 4 for evacuation
[2026-07-13T05:46:26.324+0000][7][gc,age      ] GC(2) Desired survivor size 4194304 bytes, new threshold 15 (max threshold 15)
[2026-07-13T05:46:26.344+0000][7][gc,phases   ] GC(2)   Pre Evacuate Collection Set: 0.28ms
[2026-07-13T05:46:26.344+0000][7][gc,phases   ] GC(2)   Merge Heap Roots: 1.02ms
[2026-07-13T05:46:26.344+0000][7][gc,phases   ] GC(2)   Evacuate Collection Set: 15.85ms
[2026-07-13T05:46:26.345+0000][7][gc,phases   ] GC(2)   Post Evacuate Collection Set: 2.56ms
[2026-07-13T05:46:26.345+0000][7][gc,phases   ] GC(2)   Other: 0.57ms
[2026-07-13T05:46:26.345+0000][7][gc,age      ] GC(2) Age table with threshold 15 (max threshold 15)
[2026-07-13T05:46:26.346+0000][7][gc,age      ] GC(2) - age   1:    1117672 bytes,    1117672 total
[2026-07-13T05:46:26.346+0000][7][gc,age      ] GC(2) - age   2:    1928816 bytes,    3046488 total
[2026-07-13T05:46:26.346+0000][7][gc,heap     ] GC(2) Eden regions: 8->0(26)
[2026-07-13T05:46:26.346+0000][7][gc,heap     ] GC(2) Survivor regions: 1->1(2)
[2026-07-13T05:46:26.347+0000][7][gc,heap     ] GC(2) Old regions: 3->3
[2026-07-13T05:46:26.347+0000][7][gc,heap     ] GC(2) Humongous regions: 0->0
[2026-07-13T05:46:26.347+0000][7][gc,metaspace] GC(2) Metaspace: 15520K(15936K)->15520K(15936K) NonClass: 13686K(13888K)->13686K(13888K) Class: 1834K(2048K)->1834K(2048K)
[2026-07-13T05:46:26.347+0000][7][gc          ] GC(2) Pause Young (Normal) (G1 Evacuation Pause) 39M->8M(512M) 24.073ms
[2026-07-13T05:46:26.347+0000][7][gc,cpu      ] GC(2) User=0.01s Sys=0.00s Real=0.02s
[2026-07-13T05:46:26.355+0000][7][safepoint   ] Safepoint "G1CollectForAllocation", Time since last: 83743212 ns, Reaching safepoint: 5279 ns, Cleanup: 9847 ns, At safepoint: 31908208 ns, Total: 31923334 ns
[2026-07-13T05:46:27.357+0000][7][safepoint   ] Safepoint "Cleanup", Time since last: 1001061498 ns, Reaching safepoint: 972458 ns, Cleanup: 58578 ns, At safepoint: 14477 ns, Total: 1045513 ns
[2026-07-13T05:46:27.605+0000][7][gc,start    ] GC(3) Pause Young (Normal) (G1 Evacuation Pause)
[2026-07-13T05:46:27.606+0000][7][gc,task     ] GC(3) Using 4 workers of 4 for evacuation
[2026-07-13T05:46:27.606+0000][7][gc,age      ] GC(3) Desired survivor size 8388608 bytes, new threshold 15 (max threshold 15)
[2026-07-13T05:46:27.618+0000][7][gc,phases   ] GC(3)   Pre Evacuate Collection Set: 0.17ms
[2026-07-13T05:46:27.619+0000][7][gc,phases   ] GC(3)   Merge Heap Roots: 0.02ms
[2026-07-13T05:46:27.619+0000][7][gc,phases   ] GC(3)   Evacuate Collection Set: 10.94ms
[2026-07-13T05:46:27.619+0000][7][gc,phases   ] GC(3)   Post Evacuate Collection Set: 1.26ms
[2026-07-13T05:46:27.619+0000][7][gc,phases   ] GC(3)   Other: 0.33ms
[2026-07-13T05:46:27.620+0000][7][gc,age      ] GC(3) Age table with threshold 15 (max threshold 15)
[2026-07-13T05:46:27.620+0000][7][gc,age      ] GC(3) - age   1:    2137248 bytes,    2137248 total
[2026-07-13T05:46:27.620+0000][7][gc,age      ] GC(3) - age   2:    1034584 bytes,    3171832 total
[2026-07-13T05:46:27.620+0000][7][gc,age      ] GC(3) - age   3:    1918008 bytes,    5089840 total
[2026-07-13T05:46:27.620+0000][7][gc,heap     ] GC(3) Eden regions: 27->0(74)
[2026-07-13T05:46:27.620+0000][7][gc,heap     ] GC(3) Survivor regions: 1->2(4)
[2026-07-13T05:46:27.621+0000][7][gc,heap     ] GC(3) Old regions: 3->3
[2026-07-13T05:46:27.621+0000][7][gc,heap     ] GC(3) Humongous regions: 0->0
[2026-07-13T05:46:27.621+0000][7][gc,metaspace] GC(3) Metaspace: 17927K(18304K)->17927K(18304K) NonClass: 15821K(16000K)->15821K(16000K) Class: 2106K(2304K)->2106K(2304K)
[2026-07-13T05:46:27.621+0000][7][gc          ] GC(3) Pause Young (Normal) (G1 Evacuation Pause) 116M->10M(512M) 15.907ms
[2026-07-13T05:46:27.621+0000][7][gc,cpu      ] GC(3) User=0.03s Sys=0.00s Real=0.02s
[2026-07-13T05:46:27.622+0000][7][safepoint   ] Safepoint "G1CollectForAllocation", Time since last: 248119319 ns, Reaching safepoint: 4317 ns, Cleanup: 38601 ns, At safepoint: 16959678 ns, Total: 17002596 ns
[2026-07-13T05:46:28.819+0000][7][safepoint   ] Safepoint "Cleanup", Time since last: 1196837404 ns, Reaching safepoint: 4918 ns, Cleanup: 67231 ns, At safepoint: 7305 ns, Total: 79454 ns
[2026-07-13T05:46:28.990+0000][7][gc,start    ] GC(4) Pause Young (Normal) (G1 Evacuation Pause)
[2026-07-13T05:46:28.991+0000][7][gc,task     ] GC(4) Using 4 workers of 4 for evacuation
[2026-07-13T05:46:28.991+0000][7][gc,age      ] GC(4) Desired survivor size 20971520 bytes, new threshold 15 (max threshold 15)
[2026-07-13T05:46:29.009+0000][7][gc,phases   ] GC(4)   Pre Evacuate Collection Set: 0.25ms
[2026-07-13T05:46:29.009+0000][7][gc,phases   ] GC(4)   Merge Heap Roots: 0.04ms
[2026-07-13T05:46:29.009+0000][7][gc,phases   ] GC(4)   Evacuate Collection Set: 16.48ms
[2026-07-13T05:46:29.009+0000][7][gc,phases   ] GC(4)   Post Evacuate Collection Set: 1.35ms
[2026-07-13T05:46:29.010+0000][7][gc,phases   ] GC(4)   Other: 0.36ms
[2026-07-13T05:46:29.010+0000][7][gc,age      ] GC(4) Age table with threshold 15 (max threshold 15)
[2026-07-13T05:46:29.010+0000][7][gc,age      ] GC(4) - age   1:    4580608 bytes,    4580608 total
[2026-07-13T05:46:29.010+0000][7][gc,age      ] GC(4) - age   2:    2113664 bytes,    6694272 total
[2026-07-13T05:46:29.010+0000][7][gc,age      ] GC(4) - age   3:    1034128 bytes,    7728400 total
[2026-07-13T05:46:29.010+0000][7][gc,age      ] GC(4) - age   4:    1917848 bytes,    9646248 total
[2026-07-13T05:46:29.010+0000][7][gc,heap     ] GC(4) Eden regions: 74->0(73)
[2026-07-13T05:46:29.011+0000][7][gc,heap     ] GC(4) Survivor regions: 2->3(10)
[2026-07-13T05:46:29.011+0000][7][gc,heap     ] GC(4) Old regions: 3->3
[2026-07-13T05:46:29.011+0000][7][gc,heap     ] GC(4) Humongous regions: 0->0
[2026-07-13T05:46:29.011+0000][7][gc,metaspace] GC(4) Metaspace: 19261K(19648K)->19261K(19648K) NonClass: 16934K(17152K)->16934K(17152K) Class: 2327K(2496K)->2327K(2496K)
[2026-07-13T05:46:29.011+0000][7][gc          ] GC(4) Pause Young (Normal) (G1 Evacuation Pause) 306M->15M(512M) 21.018ms
[2026-07-13T05:46:29.011+0000][7][gc,cpu      ] GC(4) User=0.02s Sys=0.00s Real=0.03s
[2026-07-13T05:46:29.014+0000][7][safepoint   ] Safepoint "G1CollectForAllocation", Time since last: 171050808 ns, Reaching safepoint: 7202 ns, Cleanup: 10544 ns, At safepoint: 24041096 ns, Total: 24058842 ns
[2026-07-13T05:46:29.786+0000][7][gc,start    ] GC(5) Pause Young (Normal) (G1 Evacuation Pause)
[2026-07-13T05:46:29.787+0000][7][gc,task     ] GC(5) Using 4 workers of 4 for evacuation
[2026-07-13T05:46:29.787+0000][7][gc,age      ] GC(5) Desired survivor size 20971520 bytes, new threshold 15 (max threshold 15)
[2026-07-13T05:46:29.805+0000][7][gc,phases   ] GC(5)   Pre Evacuate Collection Set: 0.82ms
[2026-07-13T05:46:29.806+0000][7][gc,phases   ] GC(5)   Merge Heap Roots: 0.14ms
[2026-07-13T05:46:29.807+0000][7][gc,phases   ] GC(5)   Evacuate Collection Set: 13.87ms
[2026-07-13T05:46:29.807+0000][7][gc,phases   ] GC(5)   Post Evacuate Collection Set: 2.87ms
[2026-07-13T05:46:29.807+0000][7][gc,phases   ] GC(5)   Other: 0.92ms
[2026-07-13T05:46:29.807+0000][7][gc,age      ] GC(5) Age table with threshold 15 (max threshold 15)
[2026-07-13T05:46:29.807+0000][7][gc,age      ] GC(5) - age   1:    2993400 bytes,    2993400 total
[2026-07-13T05:46:29.807+0000][7][gc,age      ] GC(5) - age   2:    3987912 bytes,    6981312 total
[2026-07-13T05:46:29.807+0000][7][gc,age      ] GC(5) - age   3:    2113600 bytes,    9094912 total
[2026-07-13T05:46:29.808+0000][7][gc,age      ] GC(5) - age   4:    1033984 bytes,   10128896 total
[2026-07-13T05:46:29.808+0000][7][gc,age      ] GC(5) - age   5:    1917848 bytes,   12046744 total
[2026-07-13T05:46:29.808+0000][7][gc,heap     ] GC(5) Eden regions: 73->0(72)
[2026-07-13T05:46:29.808+0000][7][gc,heap     ] GC(5) Survivor regions: 3->4(10)
[2026-07-13T05:46:29.808+0000][7][gc,heap     ] GC(5) Old regions: 3->3
[2026-07-13T05:46:29.808+0000][7][gc,heap     ] GC(5) Humongous regions: 0->0
[2026-07-13T05:46:29.808+0000][7][gc,metaspace] GC(5) Metaspace: 19979K(20416K)->19979K(20416K) NonClass: 17558K(17792K)->17558K(17792K) Class: 2420K(2624K)->2420K(2624K)
[2026-07-13T05:46:29.809+0000][7][gc          ] GC(5) Pause Young (Normal) (G1 Evacuation Pause) 307M->17M(512M) 22.132ms
[2026-07-13T05:46:29.809+0000][7][gc,cpu      ] GC(5) User=0.02s Sys=0.00s Real=0.02s
[2026-07-13T05:46:29.809+0000][7][safepoint   ] Safepoint "G1CollectForAllocation", Time since last: 771998463 ns, Reaching safepoint: 3996 ns, Cleanup: 63364 ns, At safepoint: 22462580 ns, Total: 22529940 ns
[2026-07-13T05:46:30.392+0000][7][gc,start    ] GC(6) Pause Young (Normal) (G1 Evacuation Pause)
[2026-07-13T05:46:30.393+0000][7][gc,task     ] GC(6) Using 4 workers of 4 for evacuation
[2026-07-13T05:46:30.393+0000][7][gc,age      ] GC(6) Desired survivor size 20971520 bytes, new threshold 15 (max threshold 15)
[2026-07-13T05:46:30.410+0000][7][gc,phases   ] GC(6)   Pre Evacuate Collection Set: 0.31ms
[2026-07-13T05:46:30.410+0000][7][gc,phases   ] GC(6)   Merge Heap Roots: 0.08ms
[2026-07-13T05:46:30.410+0000][7][gc,phases   ] GC(6)   Evacuate Collection Set: 12.57ms
[2026-07-13T05:46:30.411+0000][7][gc,phases   ] GC(6)   Post Evacuate Collection Set: 3.25ms
[2026-07-13T05:46:30.412+0000][7][gc,phases   ] GC(6)   Other: 0.92ms
[2026-07-13T05:46:30.413+0000][7][gc,age      ] GC(6) Age table with threshold 15 (max threshold 15)
[2026-07-13T05:46:30.413+0000][7][gc,age      ] GC(6) - age   1:    1509688 bytes,    1509688 total
[2026-07-13T05:46:30.413+0000][7][gc,age      ] GC(6) - age   2:    2118896 bytes,    3628584 total
[2026-07-13T05:46:30.413+0000][7][gc,age      ] GC(6) - age   3:    3987000 bytes,    7615584 total
[2026-07-13T05:46:30.414+0000][7][gc,age      ] GC(6) - age   4:    2113248 bytes,    9728832 total
[2026-07-13T05:46:30.414+0000][7][gc,age      ] GC(6) - age   5:    1033984 bytes,   10762816 total
[2026-07-13T05:46:30.414+0000][7][gc,age      ] GC(6) - age   6:    1917848 bytes,   12680664 total
[2026-07-13T05:46:30.415+0000][7][gc,heap     ] GC(6) Eden regions: 72->0(72)
[2026-07-13T05:46:30.415+0000][7][gc,heap     ] GC(6) Survivor regions: 4->4(10)
[2026-07-13T05:46:30.415+0000][7][gc,heap     ] GC(6) Old regions: 3->3
[2026-07-13T05:46:30.415+0000][7][gc,heap     ] GC(6) Humongous regions: 0->0
[2026-07-13T05:46:30.415+0000][7][gc,metaspace] GC(6) Metaspace: 20369K(20928K)->20369K(20928K) NonClass: 17880K(18240K)->17880K(18240K) Class: 2488K(2688K)->2488K(2688K)
[2026-07-13T05:46:30.416+0000][7][gc          ] GC(6) Pause Young (Normal) (G1 Evacuation Pause) 305M->18M(512M) 23.681ms
[2026-07-13T05:46:30.416+0000][7][gc,cpu      ] GC(6) User=0.03s Sys=0.00s Real=0.02s
[2026-07-13T05:46:30.418+0000][7][safepoint   ] Safepoint "G1CollectForAllocation", Time since last: 583529742 ns, Reaching safepoint: 5070 ns, Cleanup: 60714 ns, At safepoint: 25091894 ns, Total: 25157678 ns
[2026-07-13T05:46:30.670+0000][7][gc,start    ] GC(7) Pause Young (Concurrent Start) (Metadata GC Threshold)
[2026-07-13T05:46:30.670+0000][7][gc,task     ] GC(7) Using 4 workers of 4 for evacuation
[2026-07-13T05:46:30.671+0000][7][gc,age      ] GC(7) Desired survivor size 20971520 bytes, new threshold 15 (max threshold 15)
[2026-07-13T05:46:30.682+0000][7][gc,phases   ] GC(7)   Pre Evacuate Collection Set: 0.20ms
[2026-07-13T05:46:30.682+0000][7][gc,phases   ] GC(7)   Merge Heap Roots: 0.14ms
[2026-07-13T05:46:30.683+0000][7][gc,phases   ] GC(7)   Evacuate Collection Set: 9.00ms
[2026-07-13T05:46:30.684+0000][7][gc,phases   ] GC(7)   Post Evacuate Collection Set: 1.11ms
[2026-07-13T05:46:30.684+0000][7][gc,phases   ] GC(7)   Other: 1.45ms
[2026-07-13T05:46:30.684+0000][7][gc,age      ] GC(7) Age table with threshold 15 (max threshold 15)
[2026-07-13T05:46:30.685+0000][7][gc,age      ] GC(7) - age   1:    1310936 bytes,    1310936 total
[2026-07-13T05:46:30.685+0000][7][gc,age      ] GC(7) - age   2:     565336 bytes,    1876272 total
[2026-07-13T05:46:30.685+0000][7][gc,age      ] GC(7) - age   3:    2118800 bytes,    3995072 total
[2026-07-13T05:46:30.685+0000][7][gc,age      ] GC(7) - age   4:    3982976 bytes,    7978048 total
[2026-07-13T05:46:30.685+0000][7][gc,age      ] GC(7) - age   5:    2112288 bytes,   10090336 total
[2026-07-13T05:46:30.685+0000][7][gc,age      ] GC(7) - age   6:    1033984 bytes,   11124320 total
[2026-07-13T05:46:30.686+0000][7][gc,age      ] GC(7) - age   7:    1917848 bytes,   13042168 total
[2026-07-13T05:46:30.686+0000][7][gc,heap     ] GC(7) Eden regions: 20->0(72)
[2026-07-13T05:46:30.686+0000][7][gc,heap     ] GC(7) Survivor regions: 4->4(10)
[2026-07-13T05:46:30.686+0000][7][gc,heap     ] GC(7) Old regions: 3->3
[2026-07-13T05:46:30.686+0000][7][gc,heap     ] GC(7) Humongous regions: 0->0
[2026-07-13T05:46:30.686+0000][7][gc,metaspace] GC(7) Metaspace: 21035K(21504K)->21035K(21504K) NonClass: 18461K(18752K)->18461K(18752K) Class: 2573K(2752K)->2573K(2752K)
[2026-07-13T05:46:30.687+0000][7][gc          ] GC(7) Pause Young (Concurrent Start) (Metadata GC Threshold) 96M->19M(512M) 16.838ms
[2026-07-13T05:46:30.687+0000][7][gc          ] GC(8) Concurrent Mark Cycle
[2026-07-13T05:46:30.688+0000][7][gc,marking  ] GC(8) Concurrent Scan Root Regions
[2026-07-13T05:46:30.687+0000][7][gc,cpu      ] GC(7) User=0.02s Sys=0.00s Real=0.02s
[2026-07-13T05:46:30.689+0000][7][safepoint   ] Safepoint "CollectForMetadataAllocation", Time since last: 251630209 ns, Reaching safepoint: 972506 ns, Cleanup: 25017 ns, At safepoint: 19214187 ns, Total: 20211710 ns
[2026-07-13T05:46:30.701+0000][7][gc,marking  ] GC(8) Concurrent Scan Root Regions 13.364ms
[2026-07-13T05:46:30.701+0000][7][gc,marking  ] GC(8) Concurrent Mark
[2026-07-13T05:46:30.703+0000][7][gc,marking  ] GC(8) Concurrent Mark From Roots
[2026-07-13T05:46:30.703+0000][7][gc,task     ] GC(8) Using 1 workers of 1 for marking
[2026-07-13T05:46:30.717+0000][7][gc,marking  ] GC(8) Concurrent Mark From Roots 13.610ms
[2026-07-13T05:46:30.717+0000][7][gc,marking  ] GC(8) Concurrent Preclean
[2026-07-13T05:46:30.718+0000][7][gc,marking  ] GC(8) Concurrent Preclean 0.855ms
[2026-07-13T05:46:30.718+0000][7][gc,start    ] GC(8) Pause Remark
[2026-07-13T05:46:30.726+0000][7][gc          ] GC(8) Pause Remark 21M->21M(512M) 7.612ms
[2026-07-13T05:46:30.726+0000][7][gc,cpu      ] GC(8) User=0.01s Sys=0.00s Real=0.01s
[2026-07-13T05:46:30.726+0000][7][safepoint   ] Safepoint "G1PauseRemark", Time since last: 28430747 ns, Reaching safepoint: 429657 ns, Cleanup: 77310 ns, At safepoint: 8106771 ns, Total: 8613738 ns
[2026-07-13T05:46:30.727+0000][7][gc,marking  ] GC(8) Concurrent Mark 25.809ms
[2026-07-13T05:46:30.728+0000][7][gc,marking  ] GC(8) Concurrent Rebuild Remembered Sets and Scrub Regions
[2026-07-13T05:46:30.736+0000][7][gc,marking  ] GC(8) Concurrent Rebuild Remembered Sets and Scrub Regions 8.540ms
[2026-07-13T05:46:30.737+0000][7][gc,start    ] GC(8) Pause Cleanup
[2026-07-13T05:46:30.738+0000][7][gc          ] GC(8) Pause Cleanup 21M->21M(512M) 0.452ms
[2026-07-13T05:46:30.738+0000][7][gc,cpu      ] GC(8) User=0.00s Sys=0.00s Real=0.00s
[2026-07-13T05:46:30.738+0000][7][safepoint   ] Safepoint "G1PauseCleanup", Time since last: 9911045 ns, Reaching safepoint: 1134437 ns, Cleanup: 7629 ns, At safepoint: 990928 ns, Total: 2132994 ns
[2026-07-13T05:46:30.739+0000][7][gc,marking  ] GC(8) Concurrent Clear Claimed Marks
[2026-07-13T05:46:30.739+0000][7][gc,marking  ] GC(8) Concurrent Clear Claimed Marks 0.371ms
[2026-07-13T05:46:30.740+0000][7][gc,marking  ] GC(8) Concurrent Cleanup for Next Mark
[2026-07-13T05:46:30.743+0000][7][gc,marking  ] GC(8) Concurrent Cleanup for Next Mark 3.450ms
[2026-07-13T05:46:30.744+0000][7][gc          ] GC(8) Concurrent Mark Cycle 56.289ms
[2026-07-13T05:46:31.769+0000][7][safepoint   ] Safepoint "Cleanup", Time since last: 1017092846 ns, Reaching safepoint: 13009339 ns, Cleanup: 34072 ns, At safepoint: 19540 ns, Total: 13062951 ns
[2026-07-13T05:46:32.737+0000][7][gc,start    ] GC(9) Pause Young (Prepare Mixed) (G1 Evacuation Pause)
[2026-07-13T05:46:32.738+0000][7][gc,task     ] GC(9) Using 4 workers of 4 for evacuation
[2026-07-13T05:46:32.738+0000][7][gc,age      ] GC(9) Desired survivor size 20971520 bytes, new threshold 15 (max threshold 15)
[2026-07-13T05:46:32.798+0000][7][gc,phases   ] GC(9)   Pre Evacuate Collection Set: 1.59ms
[2026-07-13T05:46:32.798+0000][7][gc,phases   ] GC(9)   Merge Heap Roots: 1.35ms
[2026-07-13T05:46:32.798+0000][7][gc,phases   ] GC(9)   Evacuate Collection Set: 53.97ms
[2026-07-13T05:46:32.798+0000][7][gc,phases   ] GC(9)   Post Evacuate Collection Set: 0.96ms
[2026-07-13T05:46:32.798+0000][7][gc,phases   ] GC(9)   Other: 2.10ms
[2026-07-13T05:46:32.799+0000][7][gc,age      ] GC(9) Age table with threshold 15 (max threshold 15)
[2026-07-13T05:46:32.799+0000][7][gc,age      ] GC(9) - age   1:    1806408 bytes,    1806408 total
[2026-07-13T05:46:32.799+0000][7][gc,age      ] GC(9) - age   2:    1297056 bytes,    3103464 total
[2026-07-13T05:46:32.799+0000][7][gc,age      ] GC(9) - age   3:     564544 bytes,    3668008 total
[2026-07-13T05:46:32.800+0000][7][gc,age      ] GC(9) - age   4:    2118192 bytes,    5786200 total
[2026-07-13T05:46:32.800+0000][7][gc,age      ] GC(9) - age   5:    3981776 bytes,    9767976 total
[2026-07-13T05:46:32.801+0000][7][gc,age      ] GC(9) - age   6:    2110784 bytes,   11878760 total
[2026-07-13T05:46:32.803+0000][7][gc,age      ] GC(9) - age   7:    1025376 bytes,   12904136 total
[2026-07-13T05:46:32.803+0000][7][gc,age      ] GC(9) - age   8:    1916600 bytes,   14820736 total
[2026-07-13T05:46:32.803+0000][7][gc,heap     ] GC(9) Eden regions: 72->0(72)
[2026-07-13T05:46:32.804+0000][7][gc,heap     ] GC(9) Survivor regions: 4->4(10)
[2026-07-13T05:46:32.804+0000][7][gc,heap     ] GC(9) Old regions: 3->3
[2026-07-13T05:46:32.804+0000][7][gc,heap     ] GC(9) Humongous regions: 0->0
[2026-07-13T05:46:32.807+0000][7][gc,metaspace] GC(9) Metaspace: 21553K(22080K)->21553K(22080K) NonClass: 18906K(19200K)->18906K(19200K) Class: 2646K(2880K)->2646K(2880K)
[2026-07-13T05:46:32.808+0000][7][gc          ] GC(9) Pause Young (Prepare Mixed) (G1 Evacuation Pause) 307M->21M(512M) 70.122ms
[2026-07-13T05:46:32.808+0000][7][gc,cpu      ] GC(9) User=0.02s Sys=0.00s Real=0.07s
[2026-07-13T05:46:32.808+0000][7][safepoint   ] Safepoint "G1CollectForAllocation", Time since last: 968741344 ns, Reaching safepoint: 5181 ns, Cleanup: 19300 ns, At safepoint: 71095103 ns, Total: 71119584 ns
[2026-07-13T05:46:34.729+0000][7][safepoint   ] Safepoint "Cleanup", Time since last: 1917849611 ns, Reaching safepoint: 1998673 ns, Cleanup: 89449 ns, At safepoint: 840101 ns, Total: 2928223 ns
[2026-07-13T05:46:35.845+0000][7][safepoint   ] Safepoint "Cleanup", Time since last: 1067258616 ns, Reaching safepoint: 47274880 ns, Cleanup: 188583 ns, At safepoint: 823491 ns, Total: 48286954 ns
[2026-07-13T05:46:37.825+0000][7][safepoint   ] Safepoint "Cleanup", Time since last: 1977442737 ns, Reaching safepoint: 918326 ns, Cleanup: 69509 ns, At safepoint: 951608 ns, Total: 1939443 ns
[2026-07-13T05:46:38.750+0000][7][gc,start    ] GC(10) Pause Young (Mixed) (G1 Evacuation Pause)
[2026-07-13T05:46:38.750+0000][7][gc,task     ] GC(10) Using 4 workers of 4 for evacuation
[2026-07-13T05:46:38.750+0000][7][gc,age      ] GC(10) Desired survivor size 20971520 bytes, new threshold 15 (max threshold 15)
[2026-07-13T05:46:38.855+0000][7][gc,phases   ] GC(10)   Pre Evacuate Collection Set: 0.16ms
[2026-07-13T05:46:38.855+0000][7][gc,phases   ] GC(10)   Merge Heap Roots: 0.06ms
[2026-07-13T05:46:38.855+0000][7][gc,phases   ] GC(10)   Evacuate Collection Set: 100.10ms
[2026-07-13T05:46:38.855+0000][7][gc,phases   ] GC(10)   Post Evacuate Collection Set: 4.11ms
[2026-07-13T05:46:38.856+0000][7][gc,phases   ] GC(10)   Other: 0.39ms
[2026-07-13T05:46:38.856+0000][7][gc,age      ] GC(10) Age table with threshold 15 (max threshold 15)
[2026-07-13T05:46:38.856+0000][7][gc,age      ] GC(10) - age   1:    9121616 bytes,    9121616 total
[2026-07-13T05:46:38.856+0000][7][gc,age      ] GC(10) - age   2:     901360 bytes,   10022976 total
[2026-07-13T05:46:38.857+0000][7][gc,age      ] GC(10) - age   3:    1284016 bytes,   11306992 total
[2026-07-13T05:46:38.857+0000][7][gc,age      ] GC(10) - age   4:     551208 bytes,   11858200 total
[2026-07-13T05:46:38.857+0000][7][gc,age      ] GC(10) - age   5:    2104320 bytes,   13962520 total
[2026-07-13T05:46:38.857+0000][7][gc,age      ] GC(10) - age   6:    3960816 bytes,   17923336 total
[2026-07-13T05:46:38.857+0000][7][gc,age      ] GC(10) - age   7:    2035640 bytes,   19958976 total
[2026-07-13T05:46:38.858+0000][7][gc,age      ] GC(10) - age   8:     999600 bytes,   20958576 total
[2026-07-13T05:46:38.858+0000][7][gc,age      ] GC(10) - age   9:    1908912 bytes,   22867488 total
[2026-07-13T05:46:38.858+0000][7][gc,heap     ] GC(10) Eden regions: 72->0(70)
[2026-07-13T05:46:38.858+0000][7][gc,heap     ] GC(10) Survivor regions: 4->6(10)
[2026-07-13T05:46:38.859+0000][7][gc,heap     ] GC(10) Old regions: 3->2
[2026-07-13T05:46:38.859+0000][7][gc,heap     ] GC(10) Humongous regions: 0->0
[2026-07-13T05:46:38.859+0000][7][gc,metaspace] GC(10) Metaspace: 30061K(31104K)->30061K(31104K) NonClass: 26191K(26816K)->26191K(26816K) Class: 3869K(4288K)->3869K(4288K)
[2026-07-13T05:46:38.859+0000][7][gc          ] GC(10) Pause Young (Mixed) (G1 Evacuation Pause) 309M->29M(512M) 109.708ms
[2026-07-13T05:46:38.860+0000][7][gc,cpu      ] GC(10) User=0.07s Sys=0.00s Real=0.11s
[2026-07-13T05:46:38.861+0000][7][safepoint   ] Safepoint "G1CollectForAllocation", Time since last: 924252955 ns, Reaching safepoint: 5242 ns, Cleanup: 40351 ns, At safepoint: 111542568 ns, Total: 111588161 ns
[2026-07-13T05:46:39.870+0000][7][safepoint   ] Safepoint "Cleanup", Time since last: 1003126792 ns, Reaching safepoint: 3458203 ns, Cleanup: 22941 ns, At safepoint: 2454614 ns, Total: 5935758 ns
[2026-07-13T05:46:40.878+0000][7][safepoint   ] Safepoint "Cleanup", Time since last: 1006033691 ns, Reaching safepoint: 1559873 ns, Cleanup: 90121 ns, At safepoint: 86694 ns, Total: 1736688 ns
[2026-07-13T05:46:41.891+0000][7][safepoint   ] Safepoint "Cleanup", Time since last: 1004355178 ns, Reaching safepoint: 823303 ns, Cleanup: 22549 ns, At safepoint: 8074645 ns, Total: 8920497 ns
[2026-07-13T05:46:42.897+0000][7][safepoint   ] Safepoint "Cleanup", Time since last: 1001082029 ns, Reaching safepoint: 4178814 ns, Cleanup: 46563 ns, At safepoint: 32608 ns, Total: 4257985 ns
[2026-07-13T05:46:43.899+0000][7][safepoint   ] Safepoint "Cleanup", Time since last: 1000737361 ns, Reaching safepoint: 1913119 ns, Cleanup: 31703 ns, At safepoint: 23243 ns, Total: 1968065 ns
[2026-07-13T05:46:44.905+0000][7][safepoint   ] Safepoint "Cleanup", Time since last: 1003047165 ns, Reaching safepoint: 2854392 ns, Cleanup: 23420 ns, At safepoint: 91089 ns, Total: 2968901 ns
[2026-07-13T05:46:45.912+0000][7][safepoint   ] Safepoint "Cleanup", Time since last: 1003041832 ns, Reaching safepoint: 3936757 ns, Cleanup: 58356 ns, At safepoint: 49416 ns, Total: 4044529 ns
[2026-07-13T05:46:46.542+0000][7][gc,start    ] GC(11) Pause Young (Concurrent Start) (Metadata GC Threshold)
[2026-07-13T05:46:46.543+0000][7][gc,task     ] GC(11) Using 4 workers of 4 for evacuation
[2026-07-13T05:46:46.543+0000][7][gc,age      ] GC(11) Desired survivor size 20971520 bytes, new threshold 9 (max threshold 15)
[2026-07-13T05:46:46.817+0000][7][gc,mmu      ] GC(11) MMU target violated: 201.0ms (200.0ms/201.0ms)
[2026-07-13T05:46:46.818+0000][7][gc,phases   ] GC(11)   Pre Evacuate Collection Set: 0.14ms
[2026-07-13T05:46:46.818+0000][7][gc,phases   ] GC(11)   Merge Heap Roots: 0.04ms
[2026-07-13T05:46:46.819+0000][7][gc,phases   ] GC(11)   Evacuate Collection Set: 253.01ms
[2026-07-13T05:46:46.819+0000][7][gc,phases   ] GC(11)   Post Evacuate Collection Set: 15.88ms
[2026-07-13T05:46:46.819+0000][7][gc,phases   ] GC(11)   Other: 5.81ms
[2026-07-13T05:46:46.820+0000][7][gc,age      ] GC(11) Age table with threshold 9 (max threshold 15)
[2026-07-13T05:46:46.820+0000][7][gc,age      ] GC(11) - age   1:   18504352 bytes,   18504352 total
[2026-07-13T05:46:46.820+0000][7][gc,age      ] GC(11) - age   2:    8776936 bytes,   27281288 total
[2026-07-13T05:46:46.820+0000][7][gc,age      ] GC(11) - age   3:     889912 bytes,   28171200 total
[2026-07-13T05:46:46.820+0000][7][gc,age      ] GC(11) - age   4:    1283360 bytes,   29454560 total
[2026-07-13T05:46:46.820+0000][7][gc,age      ] GC(11) - age   5:     551144 bytes,   30005704 total
[2026-07-13T05:46:46.820+0000][7][gc,age      ] GC(11) - age   6:    2104224 bytes,   32109928 total
[2026-07-13T05:46:46.823+0000][7][gc,age      ] GC(11) - age   7:    3950656 bytes,   36060584 total
[2026-07-13T05:46:46.823+0000][7][gc,age      ] GC(11) - age   8:    2035256 bytes,   38095840 total
[2026-07-13T05:46:46.824+0000][7][gc,age      ] GC(11) - age   9:     999248 bytes,   39095088 total
[2026-07-13T05:46:46.824+0000][7][gc,heap     ] GC(11) Eden regions: 49->0(66)
[2026-07-13T05:46:46.824+0000][7][gc,heap     ] GC(11) Survivor regions: 6->10(10)
[2026-07-13T05:46:46.824+0000][7][gc,heap     ] GC(11) Old regions: 2->2
[2026-07-13T05:46:46.824+0000][7][gc,heap     ] GC(11) Humongous regions: 0->0
[2026-07-13T05:46:46.824+0000][7][gc,metaspace] GC(11) Metaspace: 35120K(36096K)->35120K(36096K) NonClass: 30476K(31040K)->30476K(31040K) Class: 4643K(5056K)->4643K(5056K)
[2026-07-13T05:46:46.824+0000][7][gc          ] GC(11) Pause Young (Concurrent Start) (Metadata GC Threshold) 225M->47M(512M) 281.954ms
[2026-07-13T05:46:46.825+0000][7][gc,cpu      ] GC(11) User=0.20s Sys=0.00s Real=0.28s
[2026-07-13T05:46:46.825+0000][7][gc          ] GC(12) Concurrent Mark Cycle
[2026-07-13T05:46:46.825+0000][7][gc,marking  ] GC(12) Concurrent Scan Root Regions
[2026-07-13T05:46:46.827+0000][7][safepoint   ] Safepoint "CollectForMetadataAllocation", Time since last: 629956403 ns, Reaching safepoint: 9122 ns, Cleanup: 34381 ns, At safepoint: 284947854 ns, Total: 284991357 ns
[2026-07-13T05:46:47.126+0000][7][gc,marking  ] GC(12) Concurrent Scan Root Regions 301.662ms
[2026-07-13T05:46:47.128+0000][7][gc,marking  ] GC(12) Concurrent Mark
[2026-07-13T05:46:47.129+0000][7][gc,marking  ] GC(12) Concurrent Mark From Roots
[2026-07-13T05:46:47.129+0000][7][gc,task     ] GC(12) Using 1 workers of 1 for marking
[2026-07-13T05:46:47.178+0000][7][gc,marking  ] GC(12) Concurrent Mark From Roots 49.499ms
[2026-07-13T05:46:47.178+0000][7][gc,marking  ] GC(12) Concurrent Preclean
[2026-07-13T05:46:47.180+0000][7][gc,marking  ] GC(12) Concurrent Preclean 2.000ms
[2026-07-13T05:46:47.182+0000][7][safepoint   ] Safepoint "CollectForMetadataAllocation", Time since last: 354090325 ns, Reaching safepoint: 9792 ns, Cleanup: 26717 ns, At safepoint: 133761 ns, Total: 170270 ns
[2026-07-13T05:46:47.192+0000][7][gc,start    ] GC(12) Pause Remark
[2026-07-13T05:46:47.233+0000][7][gc          ] GC(12) Pause Remark 49M->49M(512M) 41.714ms
[2026-07-13T05:46:47.234+0000][7][gc,cpu      ] GC(12) User=0.03s Sys=0.00s Real=0.05s
[2026-07-13T05:46:47.234+0000][7][safepoint   ] Safepoint "G1PauseRemark", Time since last: 2387162 ns, Reaching safepoint: 7598546 ns, Cleanup: 31394 ns, At safepoint: 42281152 ns, Total: 49911092 ns
[2026-07-13T05:46:47.234+0000][7][gc,marking  ] GC(12) Concurrent Mark 105.845ms
[2026-07-13T05:46:47.234+0000][7][gc,marking  ] GC(12) Concurrent Rebuild Remembered Sets and Scrub Regions
[2026-07-13T05:46:47.262+0000][7][gc,marking  ] GC(12) Concurrent Rebuild Remembered Sets and Scrub Regions 28.089ms
[2026-07-13T05:46:47.268+0000][7][gc,start    ] GC(12) Pause Cleanup
[2026-07-13T05:46:47.269+0000][7][gc          ] GC(12) Pause Cleanup 49M->49M(512M) 0.258ms
[2026-07-13T05:46:47.269+0000][7][gc,cpu      ] GC(12) User=0.00s Sys=0.00s Real=0.00s
[2026-07-13T05:46:47.269+0000][7][safepoint   ] Safepoint "G1PauseCleanup", Time since last: 28777398 ns, Reaching safepoint: 5665838 ns, Cleanup: 16262 ns, At safepoint: 631157 ns, Total: 6313257 ns
[2026-07-13T05:46:47.269+0000][7][gc,marking  ] GC(12) Concurrent Clear Claimed Marks
[2026-07-13T05:46:47.270+0000][7][gc,marking  ] GC(12) Concurrent Clear Claimed Marks 0.339ms
[2026-07-13T05:46:47.270+0000][7][gc,marking  ] GC(12) Concurrent Cleanup for Next Mark
[2026-07-13T05:46:47.273+0000][7][gc,marking  ] GC(12) Concurrent Cleanup for Next Mark 3.705ms
[2026-07-13T05:46:47.274+0000][7][gc          ] GC(12) Concurrent Mark Cycle 449.238ms
[2026-07-13T05:46:48.271+0000][7][safepoint   ] Safepoint "Cleanup", Time since last: 1000633934 ns, Reaching safepoint: 1618443 ns, Cleanup: 54934 ns, At safepoint: 17647 ns, Total: 1691024 ns
[2026-07-13T05:46:50.197+0000][7][safepoint   ] Safepoint "Cleanup", Time since last: 1924085293 ns, Reaching safepoint: 998391 ns, Cleanup: 134717 ns, At safepoint: 90042 ns, Total: 1223150 ns
[2026-07-13T05:46:51.198+0000][7][safepoint   ] Safepoint "Cleanup", Time since last: 1000702690 ns, Reaching safepoint: 912068 ns, Cleanup: 27918 ns, At safepoint: 49390 ns, Total: 989376 ns
[2026-07-13T05:46:53.104+0000][7][safepoint   ] Safepoint "Cleanup", Time since last: 1901178928 ns, Reaching safepoint: 801176 ns, Cleanup: 81808 ns, At safepoint: 3975012 ns, Total: 4857996 ns
[2026-07-13T05:46:54.108+0000][7][safepoint   ] Safepoint "Cleanup", Time since last: 1002832904 ns, Reaching safepoint: 985680 ns, Cleanup: 24416 ns, At safepoint: 29301 ns, Total: 1039397 ns
[2026-07-13T05:46:54.683+0000][7][gc,start    ] GC(13) Pause Young (Normal) (G1 Evacuation Pause)
[2026-07-13T05:46:54.685+0000][7][gc,task     ] GC(13) Using 4 workers of 4 for evacuation
[2026-07-13T05:46:54.686+0000][7][gc,age      ] GC(13) Desired survivor size 20971520 bytes, new threshold 2 (max threshold 15)
[2026-07-13T05:46:54.807+0000][7][gc,phases   ] GC(13)   Pre Evacuate Collection Set: 0.64ms
[2026-07-13T05:46:54.808+0000][7][gc,phases   ] GC(13)   Merge Heap Roots: 0.10ms
[2026-07-13T05:46:54.808+0000][7][gc,phases   ] GC(13)   Evacuate Collection Set: 110.63ms
[2026-07-13T05:46:54.808+0000][7][gc,phases   ] GC(13)   Post Evacuate Collection Set: 9.22ms
[2026-07-13T05:46:54.808+0000][7][gc,phases   ] GC(13)   Other: 1.58ms
[2026-07-13T05:46:54.809+0000][7][gc,age      ] GC(13) Age table with threshold 2 (max threshold 15)
[2026-07-13T05:46:54.809+0000][7][gc,age      ] GC(13) - age   1:    5847808 bytes,    5847808 total
[2026-07-13T05:46:54.810+0000][7][gc,age      ] GC(13) - age   2:   18358984 bytes,   24206792 total
[2026-07-13T05:46:54.810+0000][7][gc,heap     ] GC(13) Eden regions: 66->0(69)
[2026-07-13T05:46:54.810+0000][7][gc,heap     ] GC(13) Survivor regions: 10->7(10)
[2026-07-13T05:46:54.812+0000][7][gc,heap     ] GC(13) Old regions: 2->7
[2026-07-13T05:46:54.812+0000][7][gc,heap     ] GC(13) Humongous regions: 0->0
[2026-07-13T05:46:54.813+0000][7][gc,metaspace] GC(13) Metaspace: 51579K(52864K)->51579K(52864K) NonClass: 44577K(45376K)->44577K(45376K) Class: 7002K(7488K)->7002K(7488K)
[2026-07-13T05:46:54.814+0000][7][gc          ] GC(13) Pause Young (Normal) (G1 Evacuation Pause) 311M->53M(512M) 130.329ms
[2026-07-13T05:46:54.816+0000][7][gc,cpu      ] GC(13) User=0.14s Sys=0.00s Real=0.13s
[2026-07-13T05:46:54.817+0000][7][safepoint   ] Safepoint "G1CollectForAllocation", Time since last: 574859418 ns, Reaching safepoint: 9422 ns, Cleanup: 101662 ns, At safepoint: 134102974 ns, Total: 134214058 ns
[2026-07-13T05:46:55.958+0000][7][safepoint   ] Safepoint "Cleanup", Time since last: 1140133449 ns, Reaching safepoint: 5285 ns, Cleanup: 83114 ns, At safepoint: 7527 ns, Total: 95926 ns
[2026-07-13T05:46:57.903+0000][7][safepoint   ] Safepoint "Cleanup", Time since last: 1942654811 ns, Reaching safepoint: 2201025 ns, Cleanup: 87566 ns, At safepoint: 48176 ns, Total: 2336767 ns
[2026-07-13T05:46:58.905+0000][7][safepoint   ] Safepoint "Cleanup", Time since last: 1001857471 ns, Reaching safepoint: 779351 ns, Cleanup: 58816 ns, At safepoint: 49259 ns, Total: 887426 ns
[2026-07-13T05:46:59.911+0000][7][safepoint   ] Safepoint "Cleanup", Time since last: 1002948702 ns, Reaching safepoint: 3112299 ns, Cleanup: 27201 ns, At safepoint: 57345 ns, Total: 3196845 ns
[2026-07-13T05:47:00.937+0000][7][safepoint   ] Safepoint "Cleanup", Time since last: 1021879597 ns, Reaching safepoint: 4079859 ns, Cleanup: 64657 ns, At safepoint: 21765 ns, Total: 4166281 ns
[2026-07-13T05:47:00.968+0000][7][gc,start    ] GC(14) Pause Young (Concurrent Start) (Metadata GC Threshold)
[2026-07-13T05:47:00.969+0000][7][gc,task     ] GC(14) Using 4 workers of 4 for evacuation
[2026-07-13T05:47:00.969+0000][7][gc,age      ] GC(14) Desired survivor size 20971520 bytes, new threshold 2 (max threshold 15)
[2026-07-13T05:47:01.078+0000][7][gc,phases   ] GC(14)   Pre Evacuate Collection Set: 0.10ms
[2026-07-13T05:47:01.078+0000][7][gc,phases   ] GC(14)   Merge Heap Roots: 0.07ms
[2026-07-13T05:47:01.078+0000][7][gc,phases   ] GC(14)   Evacuate Collection Set: 102.05ms
[2026-07-13T05:47:01.078+0000][7][gc,phases   ] GC(14)   Post Evacuate Collection Set: 6.15ms
[2026-07-13T05:47:01.078+0000][7][gc,phases   ] GC(14)   Other: 0.57ms
[2026-07-13T05:47:01.079+0000][7][gc,age      ] GC(14) Age table with threshold 2 (max threshold 15)
[2026-07-13T05:47:01.079+0000][7][gc,age      ] GC(14) - age   1:    5744368 bytes,    5744368 total
[2026-07-13T05:47:01.079+0000][7][gc,age      ] GC(14) - age   2:    5608280 bytes,   11352648 total
[2026-07-13T05:47:01.079+0000][7][gc,heap     ] GC(14) Eden regions: 50->0(72)
[2026-07-13T05:47:01.079+0000][7][gc,heap     ] GC(14) Survivor regions: 7->4(10)
[2026-07-13T05:47:01.080+0000][7][gc,heap     ] GC(14) Old regions: 7->12
[2026-07-13T05:47:01.080+0000][7][gc,heap     ] GC(14) Humongous regions: 0->0
[2026-07-13T05:47:01.080+0000][7][gc,metaspace] GC(14) Metaspace: 59490K(60800K)->59490K(60800K) NonClass: 51390K(52160K)->51390K(52160K) Class: 8099K(8640K)->8099K(8640K)
[2026-07-13T05:47:01.080+0000][7][gc          ] GC(14) Pause Young (Concurrent Start) (Metadata GC Threshold) 251M->60M(512M) 111.821ms
[2026-07-13T05:47:01.080+0000][7][gc,cpu      ] GC(14) User=0.11s Sys=0.00s Real=0.11s
[2026-07-13T05:47:01.080+0000][7][gc          ] GC(15) Concurrent Mark Cycle
[2026-07-13T05:47:01.081+0000][7][gc,marking  ] GC(15) Concurrent Scan Root Regions
[2026-07-13T05:47:01.082+0000][7][safepoint   ] Safepoint "CollectForMetadataAllocation", Time since last: 30060624 ns, Reaching safepoint: 718405 ns, Cleanup: 16188 ns, At safepoint: 113387861 ns, Total: 114122454 ns
[2026-07-13T05:47:01.154+0000][7][safepoint   ] Safepoint "CollectForMetadataAllocation", Time since last: 71881276 ns, Reaching safepoint: 5235 ns, Cleanup: 13903 ns, At safepoint: 95273 ns, Total: 114411 ns
[2026-07-13T05:47:01.203+0000][7][gc,marking  ] GC(15) Concurrent Scan Root Regions 121.412ms
[2026-07-13T05:47:01.204+0000][7][gc,marking  ] GC(15) Concurrent Mark
[2026-07-13T05:47:01.204+0000][7][gc,marking  ] GC(15) Concurrent Mark From Roots
[2026-07-13T05:47:01.205+0000][7][gc,task     ] GC(15) Using 1 workers of 1 for marking
[2026-07-13T05:47:01.294+0000][7][safepoint   ] Safepoint "CollectForMetadataAllocation", Time since last: 138553613 ns, Reaching safepoint: 1742618 ns, Cleanup: 13313 ns, At safepoint: 234722 ns, Total: 1990653 ns
[2026-07-13T05:47:01.349+0000][7][gc,marking  ] GC(15) Concurrent Mark From Roots 144.823ms
[2026-07-13T05:47:01.349+0000][7][gc,marking  ] GC(15) Concurrent Preclean
[2026-07-13T05:47:01.350+0000][7][gc,marking  ] GC(15) Concurrent Preclean 0.268ms
[2026-07-13T05:47:01.351+0000][7][gc,start    ] GC(15) Pause Remark
[2026-07-13T05:47:01.377+0000][7][gc          ] GC(15) Pause Remark 64M->64M(512M) 25.160ms
[2026-07-13T05:47:01.377+0000][7][gc,cpu      ] GC(15) User=0.01s Sys=0.00s Real=0.03s
[2026-07-13T05:47:01.377+0000][7][safepoint   ] Safepoint "G1PauseRemark", Time since last: 55620220 ns, Reaching safepoint: 1525308 ns, Cleanup: 11849 ns, At safepoint: 25591023 ns, Total: 27128180 ns
[2026-07-13T05:47:01.377+0000][7][gc,marking  ] GC(15) Concurrent Mark 173.203ms
[2026-07-13T05:47:01.377+0000][7][gc,marking  ] GC(15) Concurrent Rebuild Remembered Sets and Scrub Regions
[2026-07-13T05:47:01.445+0000][7][gc,marking  ] GC(15) Concurrent Rebuild Remembered Sets and Scrub Regions 67.599ms
[2026-07-13T05:47:01.447+0000][7][gc,start    ] GC(15) Pause Cleanup
[2026-07-13T05:47:01.448+0000][7][gc          ] GC(15) Pause Cleanup 64M->64M(512M) 0.240ms
[2026-07-13T05:47:01.448+0000][7][gc,cpu      ] GC(15) User=0.00s Sys=0.00s Real=0.00s
[2026-07-13T05:47:01.448+0000][7][safepoint   ] Safepoint "G1PauseCleanup", Time since last: 69343443 ns, Reaching safepoint: 1077476 ns, Cleanup: 30130 ns, At safepoint: 617679 ns, Total: 1725285 ns
[2026-07-13T05:47:01.448+0000][7][gc,marking  ] GC(15) Concurrent Clear Claimed Marks
[2026-07-13T05:47:01.448+0000][7][gc,marking  ] GC(15) Concurrent Clear Claimed Marks 0.259ms
[2026-07-13T05:47:01.449+0000][7][gc,marking  ] GC(15) Concurrent Cleanup for Next Mark
[2026-07-13T05:47:01.451+0000][7][gc,marking  ] GC(15) Concurrent Cleanup for Next Mark 2.068ms
[2026-07-13T05:47:01.451+0000][7][gc          ] GC(15) Concurrent Mark Cycle 370.559ms
[2026-07-13T05:47:02.449+0000][7][safepoint   ] Safepoint "Cleanup", Time since last: 1000342551 ns, Reaching safepoint: 860100 ns, Cleanup: 39041 ns, At safepoint: 15312 ns, Total: 914453 ns
[2026-07-13T05:47:03.450+0000][7][safepoint   ] Safepoint "Cleanup", Time since last: 1001130714 ns, Reaching safepoint: 2744 ns, Cleanup: 65374 ns, At safepoint: 7097 ns, Total: 75215 ns
[2026-07-13T05:47:04.112+0000][7][safepoint   ] Safepoint "ICBufferFull", Time since last: 661858608 ns, Reaching safepoint: 7131 ns, Cleanup: 98425 ns, At safepoint: 5744 ns, Total: 111300 ns
[2026-07-13T05:47:05.078+0000][7][safepoint   ] Safepoint "ICBufferFull", Time since last: 964146771 ns, Reaching safepoint: 716780 ns, Cleanup: 100467 ns, At safepoint: 89016 ns, Total: 906263 ns
[2026-07-13T05:47:05.604+0000][7][safepoint   ] Safepoint "ICBufferFull", Time since last: 526552428 ns, Reaching safepoint: 221531 ns, Cleanup: 102350 ns, At safepoint: 88598 ns, Total: 412479 ns
[2026-07-13T05:47:06.133+0000][7][safepoint   ] Safepoint "ICBufferFull", Time since last: 527350975 ns, Reaching safepoint: 7824 ns, Cleanup: 98189 ns, At safepoint: 67312 ns, Total: 173325 ns
[2026-07-13T05:47:06.405+0000][7][gc,start    ] GC(16) Pause Young (Normal) (G1 Evacuation Pause)
[2026-07-13T05:47:06.405+0000][7][gc,task     ] GC(16) Using 4 workers of 4 for evacuation
[2026-07-13T05:47:06.406+0000][7][gc,age      ] GC(16) Desired survivor size 20971520 bytes, new threshold 15 (max threshold 15)
[2026-07-13T05:47:06.443+0000][7][gc,phases   ] GC(16)   Pre Evacuate Collection Set: 0.12ms
[2026-07-13T05:47:06.443+0000][7][gc,phases   ] GC(16)   Merge Heap Roots: 0.11ms
[2026-07-13T05:47:06.443+0000][7][gc,phases   ] GC(16)   Evacuate Collection Set: 32.91ms
[2026-07-13T05:47:06.443+0000][7][gc,phases   ] GC(16)   Post Evacuate Collection Set: 3.77ms
[2026-07-13T05:47:06.444+0000][7][gc,phases   ] GC(16)   Other: 0.38ms
[2026-07-13T05:47:06.444+0000][7][gc,age      ] GC(16) Age table with threshold 15 (max threshold 15)
[2026-07-13T05:47:06.444+0000][7][gc,age      ] GC(16) - age   1:   16963104 bytes,   16963104 total
[2026-07-13T05:47:06.445+0000][7][gc,age      ] GC(16) - age   2:    5514280 bytes,   22477384 total
[2026-07-13T05:47:06.445+0000][7][gc,age      ] GC(16) - age   3:    5341120 bytes,   27818504 total
[2026-07-13T05:47:06.445+0000][7][gc,heap     ] GC(16) Eden regions: 72->0(69)
[2026-07-13T05:47:06.445+0000][7][gc,heap     ] GC(16) Survivor regions: 4->7(10)
[2026-07-13T05:47:06.445+0000][7][gc,heap     ] GC(16) Old regions: 12->12
[2026-07-13T05:47:06.446+0000][7][gc,heap     ] GC(16) Humongous regions: 2->2
[2026-07-13T05:47:06.446+0000][7][gc,metaspace] GC(16) Metaspace: 97274K(100032K)->97274K(100032K) NonClass: 83292K(84800K)->83292K(84800K) Class: 13981K(15232K)->13981K(15232K)
[2026-07-13T05:47:06.446+0000][7][gc          ] GC(16) Pause Young (Normal) (G1 Evacuation Pause) 356M->83M(512M) 40.669ms
[2026-07-13T05:47:06.446+0000][7][gc,cpu      ] GC(16) User=0.09s Sys=0.00s Real=0.04s
[2026-07-13T05:47:06.446+0000][7][safepoint   ] Safepoint "G1CollectForAllocation", Time since last: 272189641 ns, Reaching safepoint: 9451 ns, Cleanup: 64882 ns, At safepoint: 41160692 ns, Total: 41235025 ns
[2026-07-13T05:47:06.900+0000][7][safepoint   ] Safepoint "ICBufferFull", Time since last: 453477995 ns, Reaching safepoint: 7240 ns, Cleanup: 126388 ns, At safepoint: 45117 ns, Total: 178745 ns
[2026-07-13T05:47:07.548+0000][7][safepoint   ] Safepoint "ICBufferFull", Time since last: 647131800 ns, Reaching safepoint: 1142142 ns, Cleanup: 111545 ns, At safepoint: 45528 ns, Total: 1299215 ns
[2026-07-13T05:47:08.565+0000][7][safepoint   ] Safepoint "Cleanup", Time since last: 1009760961 ns, Reaching safepoint: 16757 ns, Cleanup: 7002379 ns, At safepoint: 252425 ns, Total: 7271561 ns
[2026-07-13T05:47:09.598+0000][7][safepoint   ] Safepoint "Cleanup", Time since last: 1024893678 ns, Reaching safepoint: 7651282 ns, Cleanup: 40296 ns, At safepoint: 31342 ns, Total: 7722920 ns
[2026-07-13T05:47:09.823+0000][7][gc,start    ] GC(17) Pause Young (Concurrent Start) (Metadata GC Threshold)
[2026-07-13T05:47:09.824+0000][7][gc,task     ] GC(17) Using 4 workers of 4 for evacuation
[2026-07-13T05:47:09.824+0000][7][gc,age      ] GC(17) Desired survivor size 20971520 bytes, new threshold 2 (max threshold 15)
[2026-07-13T05:47:09.922+0000][7][gc,phases   ] GC(17)   Pre Evacuate Collection Set: 1.04ms
[2026-07-13T05:47:09.922+0000][7][gc,phases   ] GC(17)   Merge Heap Roots: 1.00ms
[2026-07-13T05:47:09.922+0000][7][gc,phases   ] GC(17)   Evacuate Collection Set: 91.90ms
[2026-07-13T05:47:09.922+0000][7][gc,phases   ] GC(17)   Post Evacuate Collection Set: 3.71ms
[2026-07-13T05:47:09.923+0000][7][gc,phases   ] GC(17)   Other: 0.37ms
[2026-07-13T05:47:09.924+0000][7][gc,age      ] GC(17) Age table with threshold 2 (max threshold 15)
[2026-07-13T05:47:09.925+0000][7][gc,age      ] GC(17) - age   1:     900608 bytes,     900608 total
[2026-07-13T05:47:09.925+0000][7][gc,age      ] GC(17) - age   2:   16284200 bytes,   17184808 total
[2026-07-13T05:47:09.925+0000][7][gc,heap     ] GC(17) Eden regions: 35->0(71)
[2026-07-13T05:47:09.925+0000][7][gc,heap     ] GC(17) Survivor regions: 7->5(10)
[2026-07-13T05:47:09.926+0000][7][gc,heap     ] GC(17) Old regions: 12->15
[2026-07-13T05:47:09.926+0000][7][gc,heap     ] GC(17) Humongous regions: 2->2
[2026-07-13T05:47:09.927+0000][7][gc,metaspace] GC(17) Metaspace: 99957K(102720K)->99957K(102720K) NonClass: 85699K(87168K)->85699K(87168K) Class: 14258K(15552K)->14258K(15552K)
[2026-07-13T05:47:09.927+0000][7][gc          ] GC(17) Pause Young (Concurrent Start) (Metadata GC Threshold) 223M->84M(512M) 103.328ms
[2026-07-13T05:47:09.928+0000][7][gc,cpu      ] GC(17) User=0.10s Sys=0.00s Real=0.10s
[2026-07-13T05:47:09.931+0000][7][gc          ] GC(18) Concurrent Mark Cycle
[2026-07-13T05:47:09.931+0000][7][gc,marking  ] GC(18) Concurrent Scan Root Regions
[2026-07-13T05:47:09.934+0000][7][safepoint   ] Safepoint "CollectForMetadataAllocation", Time since last: 219032052 ns, Reaching safepoint: 6147296 ns, Cleanup: 50966 ns, At safepoint: 110208494 ns, Total: 116406756 ns
[2026-07-13T05:47:10.219+0000][7][gc,marking  ] GC(18) Concurrent Scan Root Regions 287.736ms
[2026-07-13T05:47:10.219+0000][7][gc,marking  ] GC(18) Concurrent Mark
[2026-07-13T05:47:10.222+0000][7][gc,marking  ] GC(18) Concurrent Mark From Roots
[2026-07-13T05:47:10.224+0000][7][gc,task     ] GC(18) Using 1 workers of 1 for marking
[2026-07-13T05:47:10.514+0000][7][safepoint   ] Safepoint "CollectForMetadataAllocation", Time since last: 565287422 ns, Reaching safepoint: 5296050 ns, Cleanup: 21064 ns, At safepoint: 10258410 ns, Total: 15575524 ns
[2026-07-13T05:47:10.684+0000][7][safepoint   ] Safepoint "CollectForMetadataAllocation", Time since last: 159311782 ns, Reaching safepoint: 9535515 ns, Cleanup: 24689 ns, At safepoint: 245653 ns, Total: 9805857 ns
[2026-07-13T05:47:10.826+0000][7][safepoint   ] Safepoint "CollectForMetadataAllocation", Time since last: 130651186 ns, Reaching safepoint: 11356056 ns, Cleanup: 17051 ns, At safepoint: 131301 ns, Total: 11504408 ns
[2026-07-13T05:47:11.053+0000][7][gc,marking  ] GC(18) Concurrent Mark From Roots 831.958ms
[2026-07-13T05:47:11.054+0000][7][gc,marking  ] GC(18) Concurrent Preclean
[2026-07-13T05:47:11.054+0000][7][gc,marking  ] GC(18) Concurrent Preclean 0.262ms
[2026-07-13T05:47:11.057+0000][7][gc,start    ] GC(18) Pause Remark
[2026-07-13T05:47:11.116+0000][7][gc          ] GC(18) Pause Remark 94M->94M(512M) 58.370ms
[2026-07-13T05:47:11.117+0000][7][gc,cpu      ] GC(18) User=0.03s Sys=0.00s Real=0.06s
[2026-07-13T05:47:11.117+0000][7][safepoint   ] Safepoint "G1PauseRemark", Time since last: 228405194 ns, Reaching safepoint: 3066360 ns, Cleanup: 18342 ns, At safepoint: 60288663 ns, Total: 63373365 ns
[2026-07-13T05:47:11.118+0000][7][gc,marking  ] GC(18) Concurrent Mark 898.436ms
[2026-07-13T05:47:11.118+0000][7][gc,marking  ] GC(18) Concurrent Rebuild Remembered Sets and Scrub Regions
[2026-07-13T05:47:11.571+0000][7][gc,marking  ] GC(18) Concurrent Rebuild Remembered Sets and Scrub Regions 453.137ms
[2026-07-13T05:47:11.572+0000][7][gc,start    ] GC(18) Pause Cleanup
[2026-07-13T05:47:11.573+0000][7][gc          ] GC(18) Pause Cleanup 101M->101M(512M) 1.002ms
[2026-07-13T05:47:11.573+0000][7][gc,cpu      ] GC(18) User=0.01s Sys=0.00s Real=0.01s
[2026-07-13T05:47:11.575+0000][7][safepoint   ] Safepoint "G1PauseCleanup", Time since last: 453617440 ns, Reaching safepoint: 1095545 ns, Cleanup: 53724 ns, At safepoint: 2596063 ns, Total: 3745332 ns
[2026-07-13T05:47:11.579+0000][7][gc,marking  ] GC(18) Concurrent Clear Claimed Marks
[2026-07-13T05:47:11.580+0000][7][gc,marking  ] GC(18) Concurrent Clear Claimed Marks 0.426ms
[2026-07-13T05:47:11.582+0000][7][gc,marking  ] GC(18) Concurrent Cleanup for Next Mark
[2026-07-13T05:47:11.582+0000][7][gc,marking  ] GC(18) Concurrent Cleanup for Next Mark 0.666ms
[2026-07-13T05:47:11.583+0000][7][gc          ] GC(18) Concurrent Mark Cycle 1652.013ms
[2026-07-13T05:47:12.592+0000][7][safepoint   ] Safepoint "Cleanup", Time since last: 1005398139 ns, Reaching safepoint: 12113609 ns, Cleanup: 79589 ns, At safepoint: 63664 ns, Total: 12256862 ns
[2026-07-13T05:47:13.756+0000][7][safepoint   ] Safepoint "ICBufferFull", Time since last: 1162808556 ns, Reaching safepoint: 12363 ns, Cleanup: 129218 ns, At safepoint: 316512 ns, Total: 458093 ns
[2026-07-13T05:47:14.915+0000][7][safepoint   ] Safepoint "Cleanup", Time since last: 1158490408 ns, Reaching safepoint: 1013295 ns, Cleanup: 67596 ns, At safepoint: 18757 ns, Total: 1099648 ns
[2026-07-13T05:47:15.968+0000][7][safepoint   ] Safepoint "Cleanup", Time since last: 1052892360 ns, Reaching safepoint: 11820 ns, Cleanup: 61350 ns, At safepoint: 12203 ns, Total: 85373 ns
[2026-07-13T05:47:16.969+0000][7][safepoint   ] Safepoint "Cleanup", Time since last: 1000837176 ns, Reaching safepoint: 14742 ns, Cleanup: 24821 ns, At safepoint: 9670 ns, Total: 49233 ns
[2026-07-13T05:47:17.972+0000][7][safepoint   ] Safepoint "Cleanup", Time since last: 1001043283 ns, Reaching safepoint: 1975001 ns, Cleanup: 79032 ns, At safepoint: 60382 ns, Total: 2114415 ns
[2026-07-13T05:47:18.993+0000][7][safepoint   ] Safepoint "Cleanup", Time since last: 1015698227 ns, Reaching safepoint: 5212401 ns, Cleanup: 88875 ns, At safepoint: 98360 ns, Total: 5399636 ns
[2026-07-13T05:47:19.994+0000][7][safepoint   ] Safepoint "Cleanup", Time since last: 1000681735 ns, Reaching safepoint: 14233 ns, Cleanup: 46930 ns, At safepoint: 8000 ns, Total: 69163 ns
[2026-07-13T05:47:20.995+0000][7][safepoint   ] Safepoint "Cleanup", Time since last: 1001003623 ns, Reaching safepoint: 13107 ns, Cleanup: 32920 ns, At safepoint: 8100 ns, Total: 54127 ns
[2026-07-13T05:47:22.347+0000][7][safepoint   ] Safepoint "Cleanup", Time since last: 1351517684 ns, Reaching safepoint: 12641 ns, Cleanup: 42637 ns, At safepoint: 8308 ns, Total: 63586 ns
[2026-07-13T05:47:23.424+0000][7][safepoint   ] Safepoint "Cleanup", Time since last: 1077460987 ns, Reaching safepoint: 14182 ns, Cleanup: 21416 ns, At safepoint: 8873 ns, Total: 44471 ns
[2026-07-13T05:47:24.429+0000][7][safepoint   ] Safepoint "Cleanup", Time since last: 1000935715 ns, Reaching safepoint: 935799 ns, Cleanup: 108781 ns, At safepoint: 2886738 ns, Total: 3931318 ns
[2026-07-13T05:47:25.430+0000][7][safepoint   ] Safepoint "Cleanup", Time since last: 1000991449 ns, Reaching safepoint: 12372 ns, Cleanup: 25565 ns, At safepoint: 7806 ns, Total: 45743 ns
[2026-07-13T05:47:26.447+0000][7][safepoint   ] Safepoint "Cleanup", Time since last: 1009846727 ns, Reaching safepoint: 1913523 ns, Cleanup: 25914 ns, At safepoint: 4777812 ns, Total: 6717249 ns
[2026-07-13T05:47:27.097+0000][7][gc,start    ] GC(19) Pause Young (Prepare Mixed) (G1 Evacuation Pause)
[2026-07-13T05:47:27.097+0000][7][gc,task     ] GC(19) Using 4 workers of 4 for evacuation
[2026-07-13T05:47:27.097+0000][7][gc,age      ] GC(19) Desired survivor size 20971520 bytes, new threshold 15 (max threshold 15)
[2026-07-13T05:47:27.151+0000][7][gc,phases   ] GC(19)   Pre Evacuate Collection Set: 1.01ms
[2026-07-13T05:47:27.151+0000][7][gc,phases   ] GC(19)   Merge Heap Roots: 0.15ms
[2026-07-13T05:47:27.151+0000][7][gc,phases   ] GC(19)   Evacuate Collection Set: 46.44ms
[2026-07-13T05:47:27.151+0000][7][gc,phases   ] GC(19)   Post Evacuate Collection Set: 5.55ms
[2026-07-13T05:47:27.151+0000][7][gc,phases   ] GC(19)   Other: 0.45ms
[2026-07-13T05:47:27.152+0000][7][gc,age      ] GC(19) Age table with threshold 15 (max threshold 15)
[2026-07-13T05:47:27.152+0000][7][gc,age      ] GC(19) - age   1:    9610488 bytes,    9610488 total
[2026-07-13T05:47:27.152+0000][7][gc,age      ] GC(19) - age   2:     697072 bytes,   10307560 total
[2026-07-13T05:47:27.152+0000][7][gc,age      ] GC(19) - age   3:   16136072 bytes,   26443632 total
[2026-07-13T05:47:27.152+0000][7][gc,heap     ] GC(19) Eden regions: 71->0(69)
[2026-07-13T05:47:27.152+0000][7][gc,heap     ] GC(19) Survivor regions: 5->7(10)
[2026-07-13T05:47:27.152+0000][7][gc,heap     ] GC(19) Old regions: 15->15
[2026-07-13T05:47:27.152+0000][7][gc,heap     ] GC(19) Humongous regions: 2->2
[2026-07-13T05:47:27.153+0000][7][gc,metaspace] GC(19) Metaspace: 107218K(110080K)->107218K(110080K) NonClass: 91896K(93440K)->91896K(93440K) Class: 15322K(16640K)->15322K(16640K)
[2026-07-13T05:47:27.153+0000][7][gc          ] GC(19) Pause Young (Prepare Mixed) (G1 Evacuation Pause) 367M->93M(512M) 55.813ms
[2026-07-13T05:47:27.153+0000][7][gc,cpu      ] GC(19) User=0.06s Sys=0.00s Real=0.05s
[2026-07-13T05:47:27.154+0000][7][safepoint   ] Safepoint "G1CollectForAllocation", Time since last: 650002057 ns, Reaching safepoint: 13134 ns, Cleanup: 20227 ns, At safepoint: 57493629 ns, Total: 57526990 ns
[2026-07-13T05:47:28.155+0000][7][safepoint   ] Safepoint "Cleanup", Time since last: 1000900952 ns, Reaching safepoint: 10169 ns, Cleanup: 18865 ns, At safepoint: 6954 ns, Total: 35988 ns
[2026-07-13T05:47:29.156+0000][7][safepoint   ] Safepoint "Cleanup", Time since last: 1000827074 ns, Reaching safepoint: 11411 ns, Cleanup: 13553 ns, At safepoint: 8575 ns, Total: 33539 ns
[2026-07-13T05:47:30.157+0000][7][safepoint   ] Safepoint "Cleanup", Time since last: 1001156242 ns, Reaching safepoint: 13066 ns, Cleanup: 25775 ns, At safepoint: 7804 ns, Total: 46645 ns
[2026-07-13T05:47:31.158+0000][7][safepoint   ] Safepoint "Cleanup", Time since last: 1000981103 ns, Reaching safepoint: 11771 ns, Cleanup: 18164 ns, At safepoint: 9430 ns, Total: 39365 ns
[2026-07-13T05:47:32.159+0000][7][safepoint   ] Safepoint "Cleanup", Time since last: 1000909561 ns, Reaching safepoint: 10282 ns, Cleanup: 14208 ns, At safepoint: 8743 ns, Total: 33233 ns
[2026-07-13T05:47:33.160+0000][7][safepoint   ] Safepoint "Cleanup", Time since last: 1001007321 ns, Reaching safepoint: 51472 ns, Cleanup: 21812 ns, At safepoint: 12139 ns, Total: 85423 ns
[2026-07-13T05:47:34.161+0000][7][safepoint   ] Safepoint "Cleanup", Time since last: 1000933526 ns, Reaching safepoint: 14107 ns, Cleanup: 21996 ns, At safepoint: 11110 ns, Total: 47213 ns
[2026-07-13T05:47:35.163+0000][7][safepoint   ] Safepoint "Cleanup", Time since last: 1001154550 ns, Reaching safepoint: 15898 ns, Cleanup: 17570 ns, At safepoint: 11089 ns, Total: 44557 ns
[2026-07-13T05:47:36.164+0000][7][safepoint   ] Safepoint "Cleanup", Time since last: 1000657601 ns, Reaching safepoint: 9409 ns, Cleanup: 21665 ns, At safepoint: 6207 ns, Total: 37281 ns
[2026-07-13T05:47:37.165+0000][7][safepoint   ] Safepoint "Cleanup", Time since last: 1000983412 ns, Reaching safepoint: 11412 ns, Cleanup: 11352 ns, At safepoint: 8429 ns, Total: 31193 ns
[2026-07-13T05:47:38.166+0000][7][safepoint   ] Safepoint "Cleanup", Time since last: 1001026867 ns, Reaching safepoint: 13516 ns, Cleanup: 12463 ns, At safepoint: 8932 ns, Total: 34911 ns
[2026-07-13T05:47:39.167+0000][7][safepoint   ] Safepoint "Cleanup", Time since last: 1000909510 ns, Reaching safepoint: 9409 ns, Cleanup: 10788 ns, At safepoint: 5924 ns, Total: 26121 ns
[2026-07-13T05:47:40.168+0000][7][safepoint   ] Safepoint "Cleanup", Time since last: 1001024952 ns, Reaching safepoint: 9598 ns, Cleanup: 17829 ns, At safepoint: 37424 ns, Total: 64851 ns
[2026-07-13T05:47:41.169+0000][7][safepoint   ] Safepoint "Cleanup", Time since last: 1000880281 ns, Reaching safepoint: 10592 ns, Cleanup: 25422 ns, At safepoint: 6197 ns, Total: 42211 ns
[2026-07-13T05:47:42.170+0000][7][safepoint   ] Safepoint "Cleanup", Time since last: 1001040934 ns, Reaching safepoint: 10824 ns, Cleanup: 19290 ns, At safepoint: 7008 ns, Total: 37122 ns
[2026-07-13T05:47:42.588+0000][7][gc,start    ] GC(20) Pause Young (Mixed) (G1 Evacuation Pause)
[2026-07-13T05:47:42.590+0000][7][gc,task     ] GC(20) Using 4 workers of 4 for evacuation
[2026-07-13T05:47:42.590+0000][7][gc,age      ] GC(20) Desired survivor size 20971520 bytes, new threshold 3 (max threshold 15)
[2026-07-13T05:47:42.620+0000][7][gc,phases   ] GC(20)   Pre Evacuate Collection Set: 0.35ms
[2026-07-13T05:47:42.620+0000][7][gc,phases   ] GC(20)   Merge Heap Roots: 0.22ms
[2026-07-13T05:47:42.620+0000][7][gc,phases   ] GC(20)   Evacuate Collection Set: 24.93ms
[2026-07-13T05:47:42.620+0000][7][gc,phases   ] GC(20)   Post Evacuate Collection Set: 3.39ms
[2026-07-13T05:47:42.621+0000][7][gc,phases   ] GC(20)   Other: 0.51ms
[2026-07-13T05:47:42.621+0000][7][gc,age      ] GC(20) Age table with threshold 3 (max threshold 15)
[2026-07-13T05:47:42.621+0000][7][gc,age      ] GC(20) - age   1:    1431968 bytes,    1431968 total
[2026-07-13T05:47:42.621+0000][7][gc,age      ] GC(20) - age   2:    7142056 bytes,    8574024 total
[2026-07-13T05:47:42.621+0000][7][gc,age      ] GC(20) - age   3:     696488 bytes,    9270512 total
[2026-07-13T05:47:42.622+0000][7][gc,heap     ] GC(20) Eden regions: 69->0(72)
[2026-07-13T05:47:42.622+0000][7][gc,heap     ] GC(20) Survivor regions: 7->4(10)
[2026-07-13T05:47:42.622+0000][7][gc,heap     ] GC(20) Old regions: 15->19
[2026-07-13T05:47:42.623+0000][7][gc,heap     ] GC(20) Humongous regions: 2->2
[2026-07-13T05:47:42.623+0000][7][gc,metaspace] GC(20) Metaspace: 107987K(110848K)->107987K(110848K) NonClass: 92585K(94144K)->92585K(94144K) Class: 15402K(16704K)->15402K(16704K)
[2026-07-13T05:47:42.624+0000][7][gc          ] GC(20) Pause Young (Mixed) (G1 Evacuation Pause) 369M->94M(512M) 36.111ms
[2026-07-13T05:47:42.626+0000][7][gc,cpu      ] GC(20) User=0.11s Sys=0.00s Real=0.04s
[2026-07-13T05:47:42.629+0000][7][safepoint   ] Safepoint "G1CollectForAllocation", Time since last: 417135853 ns, Reaching safepoint: 14983 ns, Cleanup: 72085 ns, At safepoint: 41587613 ns, Total: 41674681 ns
[2026-07-13T05:47:43.630+0000][7][safepoint   ] Safepoint "Cleanup", Time since last: 1001235066 ns, Reaching safepoint: 17563 ns, Cleanup: 54328 ns, At safepoint: 13224 ns, Total: 85115 ns
[2026-07-13T05:47:44.631+0000][7][safepoint   ] Safepoint "Cleanup", Time since last: 1000697701 ns, Reaching safepoint: 16253 ns, Cleanup: 28794 ns, At safepoint: 9617 ns, Total: 54664 ns
[2026-07-13T05:47:46.633+0000][7][safepoint   ] Safepoint "Cleanup", Time since last: 2002013798 ns, Reaching safepoint: 12250 ns, Cleanup: 31730 ns, At safepoint: 6637 ns, Total: 50617 ns
[2026-07-13T05:47:47.634+0000][7][safepoint   ] Safepoint "Cleanup", Time since last: 1001095575 ns, Reaching safepoint: 19111 ns, Cleanup: 66666 ns, At safepoint: 14023 ns, Total: 99800 ns
[2026-07-13T05:47:48.636+0000][7][safepoint   ] Safepoint "Cleanup", Time since last: 1001735480 ns, Reaching safepoint: 12153 ns, Cleanup: 10591 ns, At safepoint: 6212 ns, Total: 28956 ns
[2026-07-13T05:47:56.643+0000][7][safepoint   ] Safepoint "Cleanup", Time since last: 8006936363 ns, Reaching safepoint: 17052 ns, Cleanup: 18819 ns, At safepoint: 10566 ns, Total: 46437 ns
[2026-07-13T05:47:57.644+0000][7][safepoint   ] Safepoint "Cleanup", Time since last: 1000970917 ns, Reaching safepoint: 53227 ns, Cleanup: 43865 ns, At safepoint: 25875 ns, Total: 122967 ns
[2026-07-13T05:47:58.645+0000][7][safepoint   ] Safepoint "Cleanup", Time since last: 1000876653 ns, Reaching safepoint: 10915 ns, Cleanup: 11902 ns, At safepoint: 6396 ns, Total: 29213 ns
[2026-07-13T05:47:59.646+0000][7][safepoint   ] Safepoint "Cleanup", Time since last: 1001022048 ns, Reaching safepoint: 13445 ns, Cleanup: 15320 ns, At safepoint: 9715 ns, Total: 38480 ns
[2026-07-13T05:48:03.650+0000][7][safepoint   ] Safepoint "Cleanup", Time since last: 4003915878 ns, Reaching safepoint: 20135 ns, Cleanup: 19685 ns, At safepoint: 15715 ns, Total: 55535 ns
[2026-07-13T05:48:05.662+0000][7][safepoint   ] Safepoint "Cleanup", Time since last: 2011378298 ns, Reaching safepoint: 77159 ns, Cleanup: 57095 ns, At safepoint: 35548 ns, Total: 169802 ns
[2026-07-13T05:48:08.666+0000][7][safepoint   ] Safepoint "Cleanup", Time since last: 3003541457 ns, Reaching safepoint: 14642 ns, Cleanup: 14169 ns, At safepoint: 10141 ns, Total: 38952 ns
[2026-07-13T05:48:09.667+0000][7][safepoint   ] Safepoint "Cleanup", Time since last: 1000861911 ns, Reaching safepoint: 17530 ns, Cleanup: 15714 ns, At safepoint: 13534 ns, Total: 46778 ns
[2026-07-13T05:48:10.668+0000][7][safepoint   ] Safepoint "Cleanup", Time since last: 1000820777 ns, Reaching safepoint: 14270 ns, Cleanup: 14365 ns, At safepoint: 7261 ns, Total: 35896 ns
[2026-07-13T05:48:11.669+0000][7][safepoint   ] Safepoint "Cleanup", Time since last: 1001251664 ns, Reaching safepoint: 17045 ns, Cleanup: 15284 ns, At safepoint: 11709 ns, Total: 44038 ns
[2026-07-13T05:48:21.678+0000][7][safepoint   ] Safepoint "Cleanup", Time since last: 10008668530 ns, Reaching safepoint: 15311 ns, Cleanup: 13242 ns, At safepoint: 9294 ns, Total: 37847 ns
[2026-07-13T05:48:26.665+0000][7][safepoint   ] Safepoint "Cleanup", Time since last: 4986811867 ns, Reaching safepoint: 18648 ns, Cleanup: 16107 ns, At safepoint: 9702 ns, Total: 44457 ns
[2026-07-13T05:48:35.673+0000][7][safepoint   ] Safepoint "Cleanup", Time since last: 9008271367 ns, Reaching safepoint: 35683 ns, Cleanup: 17877 ns, At safepoint: 7095 ns, Total: 60655 ns
[2026-07-13T05:48:38.677+0000][7][safepoint   ] Safepoint "Cleanup", Time since last: 3003121896 ns, Reaching safepoint: 38564 ns, Cleanup: 29437 ns, At safepoint: 16350 ns, Total: 84351 ns
[2026-07-13T05:48:43.683+0000][7][safepoint   ] Safepoint "Cleanup", Time since last: 5005817500 ns, Reaching safepoint: 28687 ns, Cleanup: 24002 ns, At safepoint: 12524 ns, Total: 65213 ns
[2026-07-13T05:48:48.690+0000][7][safepoint   ] Safepoint "Cleanup", Time since last: 5006767077 ns, Reaching safepoint: 15565 ns, Cleanup: 16062 ns, At safepoint: 8283 ns, Total: 39910 ns
[2026-07-13T05:48:49.691+0000][7][safepoint   ] Safepoint "Cleanup", Time since last: 1001138667 ns, Reaching safepoint: 18188 ns, Cleanup: 17251 ns, At safepoint: 10887 ns, Total: 46326 ns
[2026-07-13T05:48:55.696+0000][7][safepoint   ] Safepoint "Cleanup", Time since last: 6004753397 ns, Reaching safepoint: 24734 ns, Cleanup: 10102 ns, At safepoint: 7398 ns, Total: 42234 ns
[2026-07-13T05:49:01.701+0000][7][safepoint   ] Safepoint "Cleanup", Time since last: 6004987641 ns, Reaching safepoint: 13278 ns, Cleanup: 14687 ns, At safepoint: 8237 ns, Total: 36202 ns
[2026-07-13T05:49:02.702+0000][7][safepoint   ] Safepoint "Cleanup", Time since last: 1000998616 ns, Reaching safepoint: 10992 ns, Cleanup: 9818 ns, At safepoint: 6078 ns, Total: 26888 ns
[2026-07-13T05:49:05.710+0000][7][safepoint   ] Safepoint "Cleanup", Time since last: 3007957990 ns, Reaching safepoint: 11508 ns, Cleanup: 15270 ns, At safepoint: 7094 ns, Total: 33872 ns
[2026-07-13T05:49:06.712+0000][7][safepoint   ] Safepoint "Cleanup", Time since last: 1001065531 ns, Reaching safepoint: 14010 ns, Cleanup: 14988 ns, At safepoint: 9094 ns, Total: 38092 ns
[2026-07-13T05:49:07.713+0000][7][safepoint   ] Safepoint "Cleanup", Time since last: 1000827087 ns, Reaching safepoint: 12275 ns, Cleanup: 10176 ns, At safepoint: 5753 ns, Total: 28204 ns
[2026-07-13T05:49:11.717+0000][7][safepoint   ] Safepoint "Cleanup", Time since last: 4004025729 ns, Reaching safepoint: 46507 ns, Cleanup: 16050 ns, At safepoint: 9035 ns, Total: 71592 ns
[2026-07-13T05:49:12.718+0000][7][safepoint   ] Safepoint "Cleanup", Time since last: 1000744449 ns, Reaching safepoint: 13967 ns, Cleanup: 55874 ns, At safepoint: 8647 ns, Total: 78488 ns
[2026-07-13T05:49:21.739+0000][7][safepoint   ] Safepoint "Cleanup", Time since last: 9021007459 ns, Reaching safepoint: 11145 ns, Cleanup: 9460 ns, At safepoint: 5293 ns, Total: 25898 ns
[2026-07-13T05:49:25.661+0000][7][safepoint   ] Safepoint "Cleanup", Time since last: 3922077161 ns, Reaching safepoint: 62776 ns, Cleanup: 11260 ns, At safepoint: 7826 ns, Total: 81862 ns
[2026-07-13T05:49:29.667+0000][7][safepoint   ] Safepoint "Cleanup", Time since last: 4005859457 ns, Reaching safepoint: 16355 ns, Cleanup: 14730 ns, At safepoint: 10631 ns, Total: 41716 ns
[2026-07-13T05:49:31.669+0000][7][safepoint   ] Safepoint "Cleanup", Time since last: 2001996308 ns, Reaching safepoint: 16793 ns, Cleanup: 18776 ns, At safepoint: 10764 ns, Total: 46333 ns
[2026-07-13T05:49:35.673+0000][7][safepoint   ] Safepoint "Cleanup", Time since last: 4003850567 ns, Reaching safepoint: 13338 ns, Cleanup: 12842 ns, At safepoint: 7247 ns, Total: 33427 ns
[2026-07-13T05:49:39.677+0000][7][safepoint   ] Safepoint "Cleanup", Time since last: 4002982040 ns, Reaching safepoint: 41345 ns, Cleanup: 13851 ns, At safepoint: 10800 ns, Total: 65996 ns
[2026-07-13T05:49:43.680+0000][7][safepoint   ] Safepoint "Cleanup", Time since last: 4003093038 ns, Reaching safepoint: 12501 ns, Cleanup: 12629 ns, At safepoint: 7197 ns, Total: 32327 ns
[2026-07-13T05:50:05.701+0000][7][safepoint   ] Safepoint "Cleanup", Time since last: 22021106368 ns, Reaching safepoint: 37025 ns, Cleanup: 30818 ns, At safepoint: 25137 ns, Total: 92980 ns
[2026-07-13T05:50:08.715+0000][7][safepoint   ] Safepoint "Cleanup", Time since last: 3013560268 ns, Reaching safepoint: 11417 ns, Cleanup: 9974 ns, At safepoint: 6058 ns, Total: 27449 ns
[2026-07-13T05:50:14.721+0000][7][safepoint   ] Safepoint "Cleanup", Time since last: 6005247348 ns, Reaching safepoint: 47041 ns, Cleanup: 16020 ns, At safepoint: 10349 ns, Total: 73410 ns
[2026-07-13T05:50:19.725+0000][7][safepoint   ] Safepoint "Cleanup", Time since last: 5004720575 ns, Reaching safepoint: 18768 ns, Cleanup: 16768 ns, At safepoint: 12049 ns, Total: 47585 ns
[2026-07-13T05:50:35.921+0000][7][safepoint   ] Safepoint "Cleanup", Time since last: 16195881141 ns, Reaching safepoint: 15714 ns, Cleanup: 13979 ns, At safepoint: 7942 ns, Total: 37635 ns
[2026-07-13T05:50:39.927+0000][7][safepoint   ] Safepoint "Cleanup", Time since last: 4004312275 ns, Reaching safepoint: 16649 ns, Cleanup: 13151 ns, At safepoint: 9100 ns, Total: 38900 ns
[2026-07-13T05:50:49.936+0000][7][safepoint   ] Safepoint "Cleanup", Time since last: 10008747148 ns, Reaching safepoint: 20299 ns, Cleanup: 50629 ns, At safepoint: 19837 ns, Total: 90765 ns
[2026-07-13T05:50:54.940+0000][7][safepoint   ] Safepoint "Cleanup", Time since last: 5003903546 ns, Reaching safepoint: 13391 ns, Cleanup: 13554 ns, At safepoint: 8231 ns, Total: 35176 ns
[2026-07-13T05:50:59.944+0000][7][safepoint   ] Safepoint "Cleanup", Time since last: 5004073288 ns, Reaching safepoint: 17015 ns, Cleanup: 16765 ns, At safepoint: 10652 ns, Total: 44432 ns
[2026-07-13T05:51:05.950+0000][7][safepoint   ] Safepoint "Cleanup", Time since last: 6005876901 ns, Reaching safepoint: 16796 ns, Cleanup: 22018 ns, At safepoint: 11331 ns, Total: 50145 ns
[2026-07-13T05:51:09.955+0000][7][safepoint   ] Safepoint "Cleanup", Time since last: 4004093548 ns, Reaching safepoint: 17996 ns, Cleanup: 22198 ns, At safepoint: 11346 ns, Total: 51540 ns
[2026-07-13T05:51:30.139+0000][7][safepoint   ] Safepoint "Cleanup", Time since last: 20183826902 ns, Reaching safepoint: 14511 ns, Cleanup: 13659 ns, At safepoint: 6836 ns, Total: 35006 ns
[2026-07-13T05:51:35.144+0000][7][safepoint   ] Safepoint "Cleanup", Time since last: 5004785018 ns, Reaching safepoint: 11344 ns, Cleanup: 11098 ns, At safepoint: 6817 ns, Total: 29259 ns
[2026-07-13T05:51:40.134+0000][7][safepoint   ] Safepoint "Cleanup", Time since last: 5006214645 ns, Reaching safepoint: 17173 ns, Cleanup: 22098 ns, At safepoint: 7991 ns, Total: 47262 ns
[2026-07-13T05:51:45.139+0000][7][safepoint   ] Safepoint "Cleanup", Time since last: 5004705045 ns, Reaching safepoint: 28375 ns, Cleanup: 10503 ns, At safepoint: 6365 ns, Total: 45243 ns
[2026-07-13T05:52:06.174+0000][7][safepoint   ] Safepoint "Cleanup", Time since last: 21019193066 ns, Reaching safepoint: 23060 ns, Cleanup: 22061 ns, At safepoint: 9720 ns, Total: 54841 ns
[2026-07-13T05:52:10.178+0000][7][safepoint   ] Safepoint "Cleanup", Time since last: 4003969929 ns, Reaching safepoint: 14160 ns, Cleanup: 13533 ns, At safepoint: 7683 ns, Total: 35376 ns
[2026-07-13T05:52:14.181+0000][7][safepoint   ] Safepoint "Cleanup", Time since last: 4002907808 ns, Reaching safepoint: 25922 ns, Cleanup: 7579 ns, At safepoint: 6599 ns, Total: 40100 ns
[2026-07-13T05:52:16.183+0000][7][safepoint   ] Safepoint "Cleanup", Time since last: 2001847187 ns, Reaching safepoint: 14349 ns, Cleanup: 13210 ns, At safepoint: 7959 ns, Total: 35518 ns
[2026-07-13T05:52:17.184+0000][7][safepoint   ] Safepoint "Cleanup", Time since last: 1001061763 ns, Reaching safepoint: 11125 ns, Cleanup: 11205 ns, At safepoint: 6853 ns, Total: 29183 ns
[2026-07-13T05:52:20.187+0000][7][safepoint   ] Safepoint "Cleanup", Time since last: 3002737161 ns, Reaching safepoint: 15362 ns, Cleanup: 13019 ns, At safepoint: 7620 ns, Total: 36001 ns
[2026-07-13T05:52:24.351+0000][7][safepoint   ] Safepoint "Cleanup", Time since last: 4164170160 ns, Reaching safepoint: 11245 ns, Cleanup: 10623 ns, At safepoint: 6799 ns, Total: 28667 ns
[2026-07-13T05:52:26.353+0000][7][safepoint   ] Safepoint "Cleanup", Time since last: 2001130626 ns, Reaching safepoint: 16692 ns, Cleanup: 14527 ns, At safepoint: 9105 ns, Total: 40324 ns
[2026-07-13T05:52:30.354+0000][7][safepoint   ] Safepoint "Cleanup", Time since last: 4001894571 ns, Reaching safepoint: 14311 ns, Cleanup: 10433 ns, At safepoint: 6607 ns, Total: 31351 ns
[2026-07-13T05:52:36.361+0000][7][safepoint   ] Safepoint "Cleanup", Time since last: 6004770966 ns, Reaching safepoint: 16482 ns, Cleanup: 15411 ns, At safepoint: 9330 ns, Total: 41223 ns
[2026-07-13T05:52:40.364+0000][7][safepoint   ] Safepoint "Cleanup", Time since last: 4003053715 ns, Reaching safepoint: 22192 ns, Cleanup: 15043 ns, At safepoint: 8907 ns, Total: 46142 ns
[2026-07-13T05:52:44.368+0000][7][safepoint   ] Safepoint "Cleanup", Time since last: 4003821796 ns, Reaching safepoint: 42624 ns, Cleanup: 15782 ns, At safepoint: 10686 ns, Total: 69092 ns
[2026-07-13T05:52:48.374+0000][7][safepoint   ] Safepoint "Cleanup", Time since last: 4005905755 ns, Reaching safepoint: 13613 ns, Cleanup: 10877 ns, At safepoint: 7791 ns, Total: 32281 ns
[2026-07-13T05:52:51.377+0000][7][safepoint   ] Safepoint "Cleanup", Time since last: 3003312503 ns, Reaching safepoint: 18512 ns, Cleanup: 17902 ns, At safepoint: 13059 ns, Total: 49473 ns
[2026-07-13T05:53:10.401+0000][7][safepoint   ] Safepoint "Cleanup", Time since last: 19022874957 ns, Reaching safepoint: 16046 ns, Cleanup: 24748 ns, At safepoint: 11682 ns, Total: 52476 ns
[2026-07-13T05:53:15.406+0000][7][safepoint   ] Safepoint "Cleanup", Time since last: 5004717723 ns, Reaching safepoint: 43444 ns, Cleanup: 14050 ns, At safepoint: 9091 ns, Total: 66585 ns
[2026-07-13T05:53:16.407+0000][7][safepoint   ] Safepoint "Cleanup", Time since last: 1000995631 ns, Reaching safepoint: 16710 ns, Cleanup: 13670 ns, At safepoint: 7963 ns, Total: 38343 ns
[2026-07-13T05:53:20.412+0000][7][safepoint   ] Safepoint "Cleanup", Time since last: 4004992693 ns, Reaching safepoint: 9625 ns, Cleanup: 7422 ns, At safepoint: 59215 ns, Total: 76262 ns
[2026-07-13T05:53:36.396+0000][7][safepoint   ] Safepoint "Cleanup", Time since last: 15982789315 ns, Reaching safepoint: 17278 ns, Cleanup: 46388 ns, At safepoint: 24609 ns, Total: 88275 ns
[2026-07-13T05:53:43.403+0000][7][safepoint   ] Safepoint "Cleanup", Time since last: 7007044054 ns, Reaching safepoint: 12576 ns, Cleanup: 13998 ns, At safepoint: 6928 ns, Total: 33502 ns
[2026-07-13T05:53:49.408+0000][7][safepoint   ] Safepoint "Cleanup", Time since last: 6004944082 ns, Reaching safepoint: 17481 ns, Cleanup: 14651 ns, At safepoint: 8351 ns, Total: 40483 ns
[2026-07-13T05:53:51.410+0000][7][safepoint   ] Safepoint "Cleanup", Time since last: 2002034240 ns, Reaching safepoint: 14923 ns, Cleanup: 14282 ns, At safepoint: 7368 ns, Total: 36573 ns
[2026-07-13T05:53:55.413+0000][7][safepoint   ] Safepoint "Cleanup", Time since last: 4002814290 ns, Reaching safepoint: 10439 ns, Cleanup: 9068 ns, At safepoint: 6917 ns, Total: 26424 ns
[2026-07-13T05:54:01.419+0000][7][safepoint   ] Safepoint "Cleanup", Time since last: 6006237276 ns, Reaching safepoint: 18025 ns, Cleanup: 16025 ns, At safepoint: 11543 ns, Total: 45593 ns
[2026-07-13T05:54:51.656+0000][7][safepoint   ] Safepoint "Cleanup", Time since last: 50250591088 ns, Reaching safepoint: 14343 ns, Cleanup: 15349 ns, At safepoint: 7410 ns, Total: 37102 ns
[2026-07-13T05:55:01.664+0000][7][safepoint   ] Safepoint "Cleanup", Time since last: 10008145873 ns, Reaching safepoint: 17610 ns, Cleanup: 15008 ns, At safepoint: 9395 ns, Total: 42013 ns
[2026-07-13T05:55:11.632+0000][7][safepoint   ] Safepoint "Cleanup", Time since last: 10009948736 ns, Reaching safepoint: 14225 ns, Cleanup: 15421 ns, At safepoint: 8802 ns, Total: 38448 ns
[2026-07-13T05:55:31.792+0000][7][safepoint   ] Safepoint "Cleanup", Time since last: 20160050830 ns, Reaching safepoint: 14934 ns, Cleanup: 12791 ns, At safepoint: 8576 ns, Total: 36301 ns
[2026-07-13T05:55:41.815+0000][7][safepoint   ] Safepoint "Cleanup", Time since last: 10009872169 ns, Reaching safepoint: 13257 ns, Cleanup: 15124 ns, At safepoint: 6908 ns, Total: 35289 ns
[2026-07-13T05:55:47.398+0000][7][gc,heap,exit] Heap
[2026-07-13T05:55:47.399+0000][7][gc,heap,exit]  garbage-first heap   total reserved 524288K, committed 524288K, used 354875K [0x00000000e0000000, 0x0000000100000000)
[2026-07-13T05:55:47.399+0000][7][gc,heap,exit]   region size 4096K, 68 young (278528K), 4 survivors (16384K)
[2026-07-13T05:55:47.400+0000][7][gc,heap,exit]  Metaspace       used 108695K, committed 111552K, reserved 1179648K
[2026-07-13T05:55:47.401+0000][7][gc,heap,exit]   class space    used 15452K, committed 16768K, reserved 1048576K
