[2026-07-09T13:17:07.859+0000][7][gc,init] CardTable entry size: 512
[2026-07-09T13:17:07.859+0000][7][gc     ] Using G1
[2026-07-09T13:17:07.891+0000][7][gc,init] Version: 22.0.1+8-16 (release)
[2026-07-09T13:17:07.891+0000][7][gc,init] CPUs: 4 total, 4 available
[2026-07-09T13:17:07.892+0000][7][gc,init] Memory: 32093M
[2026-07-09T13:17:07.892+0000][7][gc,init] Large Page Support: Disabled
[2026-07-09T13:17:07.892+0000][7][gc,init] NUMA Support: Disabled
[2026-07-09T13:17:07.892+0000][7][gc,init] Compressed Oops: Enabled (32-bit)
[2026-07-09T13:17:07.892+0000][7][gc,init] Heap Region Size: 4M
[2026-07-09T13:17:07.892+0000][7][gc,init] Heap Min Capacity: 512M
[2026-07-09T13:17:07.893+0000][7][gc,init] Heap Initial Capacity: 512M
[2026-07-09T13:17:07.893+0000][7][gc,init] Heap Max Capacity: 512M
[2026-07-09T13:17:07.893+0000][7][gc,init] Pre-touch: Enabled
[2026-07-09T13:17:07.893+0000][7][gc,init] Parallel Workers: 4
[2026-07-09T13:17:07.893+0000][7][gc,init] Concurrent Workers: 1
[2026-07-09T13:17:07.893+0000][7][gc,init] Concurrent Refinement Workers: 4
[2026-07-09T13:17:07.893+0000][7][gc,init] Periodic GC: Disabled
[2026-07-09T13:17:07.903+0000][7][gc,metaspace] CDS archive(s) mapped at: [0x00007fe706000000-0x00007fe706c74000-0x00007fe706c74000), size 13058048, SharedBaseAddress: 0x00007fe706000000, ArchiveRelocationMode: 1.
[2026-07-09T13:17:07.903+0000][7][gc,metaspace] Compressed class space mapped at: 0x00007fe707000000-0x00007fe747000000, reserved size: 1073741824
[2026-07-09T13:17:07.903+0000][7][gc,metaspace] Narrow klass base: 0x00007fe706000000, Narrow klass shift: 0, Narrow klass range: 0x100000000
[2026-07-09T13:17:08.409+0000][7][safepoint   ] Safepoint "ICBufferFull", Time since last: 501911295 ns, Reaching safepoint: 3222 ns, Cleanup: 104349 ns, At safepoint: 6926 ns, Total: 114497 ns
[2026-07-09T13:17:08.810+0000][7][gc,start    ] GC(0) Pause Young (Normal) (G1 Evacuation Pause)
[2026-07-09T13:17:08.810+0000][7][gc,task     ] GC(0) Using 4 workers of 4 for evacuation
[2026-07-09T13:17:08.811+0000][7][gc,age      ] GC(0) Desired survivor size 2097152 bytes, new threshold 15 (max threshold 15)
[2026-07-09T13:17:08.816+0000][7][gc,phases   ] GC(0)   Pre Evacuate Collection Set: 0.41ms
[2026-07-09T13:17:08.816+0000][7][gc,phases   ] GC(0)   Merge Heap Roots: 0.04ms
[2026-07-09T13:17:08.816+0000][7][gc,phases   ] GC(0)   Evacuate Collection Set: 3.91ms
[2026-07-09T13:17:08.816+0000][7][gc,phases   ] GC(0)   Post Evacuate Collection Set: 0.50ms
[2026-07-09T13:17:08.817+0000][7][gc,phases   ] GC(0)   Other: 0.51ms
[2026-07-09T13:17:08.817+0000][7][gc,age      ] GC(0) Age table with threshold 15 (max threshold 15)
[2026-07-09T13:17:08.817+0000][7][gc,age      ] GC(0) - age   1:    4141040 bytes,    4141040 total
[2026-07-09T13:17:08.817+0000][7][gc,heap     ] GC(0) Eden regions: 6->0(5)
[2026-07-09T13:17:08.817+0000][7][gc,heap     ] GC(0) Survivor regions: 0->1(1)
[2026-07-09T13:17:08.817+0000][7][gc,heap     ] GC(0) Old regions: 1->2
[2026-07-09T13:17:08.818+0000][7][gc,heap     ] GC(0) Humongous regions: 0->0
[2026-07-09T13:17:08.818+0000][7][gc,metaspace] GC(0) Metaspace: 9351K(9600K)->9351K(9600K) NonClass: 8300K(8448K)->8300K(8448K) Class: 1051K(1152K)->1051K(1152K)
[2026-07-09T13:17:08.818+0000][7][gc          ] GC(0) Pause Young (Normal) (G1 Evacuation Pause) 25M->5M(512M) 8.133ms
[2026-07-09T13:17:08.818+0000][7][gc,cpu      ] GC(0) User=0.01s Sys=0.00s Real=0.01s
[2026-07-09T13:17:08.818+0000][7][safepoint   ] Safepoint "G1CollectForAllocation", Time since last: 401064204 ns, Reaching safepoint: 3134 ns, Cleanup: 91157 ns, At safepoint: 8582030 ns, Total: 8676321 ns
[2026-07-09T13:17:09.256+0000][7][gc,start    ] GC(1) Pause Young (Normal) (G1 Evacuation Pause)
[2026-07-09T13:17:09.256+0000][7][gc,task     ] GC(1) Using 4 workers of 4 for evacuation
[2026-07-09T13:17:09.257+0000][7][gc,age      ] GC(1) Desired survivor size 2097152 bytes, new threshold 1 (max threshold 15)
[2026-07-09T13:17:09.266+0000][7][gc,phases   ] GC(1)   Pre Evacuate Collection Set: 0.08ms
[2026-07-09T13:17:09.266+0000][7][gc,phases   ] GC(1)   Merge Heap Roots: 0.03ms
[2026-07-09T13:17:09.267+0000][7][gc,phases   ] GC(1)   Evacuate Collection Set: 7.64ms
[2026-07-09T13:17:09.267+0000][7][gc,phases   ] GC(1)   Post Evacuate Collection Set: 1.13ms
[2026-07-09T13:17:09.267+0000][7][gc,phases   ] GC(1)   Other: 0.55ms
[2026-07-09T13:17:09.267+0000][7][gc,age      ] GC(1) Age table with threshold 1 (max threshold 15)
[2026-07-09T13:17:09.268+0000][7][gc,age      ] GC(1) - age   1:    1911040 bytes,    1911040 total
[2026-07-09T13:17:09.268+0000][7][gc,heap     ] GC(1) Eden regions: 5->0(8)
[2026-07-09T13:17:09.268+0000][7][gc,heap     ] GC(1) Survivor regions: 1->1(1)
[2026-07-09T13:17:09.268+0000][7][gc,heap     ] GC(1) Old regions: 2->3
[2026-07-09T13:17:09.268+0000][7][gc,heap     ] GC(1) Humongous regions: 0->0
[2026-07-09T13:17:09.269+0000][7][gc,metaspace] GC(1) Metaspace: 12404K(12736K)->12404K(12736K) NonClass: 10901K(11072K)->10901K(11072K) Class: 1503K(1664K)->1503K(1664K)
[2026-07-09T13:17:09.269+0000][7][gc          ] GC(1) Pause Young (Normal) (G1 Evacuation Pause) 25M->7M(512M) 12.762ms
[2026-07-09T13:17:09.269+0000][7][gc,cpu      ] GC(1) User=0.02s Sys=0.00s Real=0.01s
[2026-07-09T13:17:09.272+0000][7][safepoint   ] Safepoint "G1CollectForAllocation", Time since last: 437518789 ns, Reaching safepoint: 4258 ns, Cleanup: 125988 ns, At safepoint: 15730870 ns, Total: 15861116 ns
[2026-07-09T13:17:09.820+0000][7][gc,start    ] GC(2) Pause Young (Normal) (G1 Evacuation Pause)
[2026-07-09T13:17:09.820+0000][7][gc,task     ] GC(2) Using 4 workers of 4 for evacuation
[2026-07-09T13:17:09.821+0000][7][gc,age      ] GC(2) Desired survivor size 4194304 bytes, new threshold 15 (max threshold 15)
[2026-07-09T13:17:09.825+0000][7][gc,phases   ] GC(2)   Pre Evacuate Collection Set: 0.11ms
[2026-07-09T13:17:09.825+0000][7][gc,phases   ] GC(2)   Merge Heap Roots: 0.07ms
[2026-07-09T13:17:09.825+0000][7][gc,phases   ] GC(2)   Evacuate Collection Set: 3.13ms
[2026-07-09T13:17:09.825+0000][7][gc,phases   ] GC(2)   Post Evacuate Collection Set: 0.98ms
[2026-07-09T13:17:09.825+0000][7][gc,phases   ] GC(2)   Other: 0.34ms
[2026-07-09T13:17:09.826+0000][7][gc,age      ] GC(2) Age table with threshold 15 (max threshold 15)
[2026-07-09T13:17:09.826+0000][7][gc,age      ] GC(2) - age   1:    1129712 bytes,    1129712 total
[2026-07-09T13:17:09.826+0000][7][gc,age      ] GC(2) - age   2:    1888480 bytes,    3018192 total
[2026-07-09T13:17:09.826+0000][7][gc,heap     ] GC(2) Eden regions: 8->0(27)
[2026-07-09T13:17:09.826+0000][7][gc,heap     ] GC(2) Survivor regions: 1->1(2)
[2026-07-09T13:17:09.826+0000][7][gc,heap     ] GC(2) Old regions: 3->3
[2026-07-09T13:17:09.827+0000][7][gc,heap     ] GC(2) Humongous regions: 0->0
[2026-07-09T13:17:09.827+0000][7][gc,metaspace] GC(2) Metaspace: 15588K(15936K)->15588K(15936K) NonClass: 13753K(13888K)->13753K(13888K) Class: 1835K(2048K)->1835K(2048K)
[2026-07-09T13:17:09.827+0000][7][gc          ] GC(2) Pause Young (Normal) (G1 Evacuation Pause) 39M->8M(512M) 6.650ms
[2026-07-09T13:17:09.827+0000][7][gc,cpu      ] GC(2) User=0.01s Sys=0.00s Real=0.01s
[2026-07-09T13:17:09.828+0000][7][safepoint   ] Safepoint "G1CollectForAllocation", Time since last: 548284143 ns, Reaching safepoint: 3102 ns, Cleanup: 78574 ns, At safepoint: 7625179 ns, Total: 7706855 ns
[2026-07-09T13:17:10.638+0000][7][gc,start    ] GC(3) Pause Young (Normal) (G1 Evacuation Pause)
[2026-07-09T13:17:10.638+0000][7][gc,task     ] GC(3) Using 4 workers of 4 for evacuation
[2026-07-09T13:17:10.638+0000][7][gc,age      ] GC(3) Desired survivor size 8388608 bytes, new threshold 15 (max threshold 15)
[2026-07-09T13:17:10.648+0000][7][gc,phases   ] GC(3)   Pre Evacuate Collection Set: 0.94ms
[2026-07-09T13:17:10.648+0000][7][gc,phases   ] GC(3)   Merge Heap Roots: 0.77ms
[2026-07-09T13:17:10.648+0000][7][gc,phases   ] GC(3)   Evacuate Collection Set: 6.93ms
[2026-07-09T13:17:10.648+0000][7][gc,phases   ] GC(3)   Post Evacuate Collection Set: 0.80ms
[2026-07-09T13:17:10.649+0000][7][gc,phases   ] GC(3)   Other: 0.27ms
[2026-07-09T13:17:10.649+0000][7][gc,age      ] GC(3) Age table with threshold 15 (max threshold 15)
[2026-07-09T13:17:10.650+0000][7][gc,age      ] GC(3) - age   1:    4204544 bytes,    4204544 total
[2026-07-09T13:17:10.650+0000][7][gc,age      ] GC(3) - age   2:    1054312 bytes,    5258856 total
[2026-07-09T13:17:10.650+0000][7][gc,age      ] GC(3) - age   3:    1877672 bytes,    7136528 total
[2026-07-09T13:17:10.650+0000][7][gc,heap     ] GC(3) Eden regions: 27->0(74)
[2026-07-09T13:17:10.651+0000][7][gc,heap     ] GC(3) Survivor regions: 1->2(4)
[2026-07-09T13:17:10.651+0000][7][gc,heap     ] GC(3) Old regions: 3->3
[2026-07-09T13:17:10.651+0000][7][gc,heap     ] GC(3) Humongous regions: 0->0
[2026-07-09T13:17:10.651+0000][7][gc,metaspace] GC(3) Metaspace: 17994K(18368K)->17994K(18368K) NonClass: 15887K(16064K)->15887K(16064K) Class: 2106K(2304K)->2106K(2304K)
[2026-07-09T13:17:10.652+0000][7][gc          ] GC(3) Pause Young (Normal) (G1 Evacuation Pause) 116M->12M(512M) 13.700ms
[2026-07-09T13:17:10.652+0000][7][gc,cpu      ] GC(3) User=0.02s Sys=0.00s Real=0.02s
[2026-07-09T13:17:10.653+0000][7][safepoint   ] Safepoint "G1CollectForAllocation", Time since last: 809918813 ns, Reaching safepoint: 3616 ns, Cleanup: 71538 ns, At safepoint: 15182271 ns, Total: 15257425 ns
[2026-07-09T13:17:11.487+0000][7][gc,start    ] GC(4) Pause Young (Normal) (G1 Evacuation Pause)
[2026-07-09T13:17:11.487+0000][7][gc,task     ] GC(4) Using 4 workers of 4 for evacuation
[2026-07-09T13:17:11.487+0000][7][gc,age      ] GC(4) Desired survivor size 20971520 bytes, new threshold 15 (max threshold 15)
[2026-07-09T13:17:11.500+0000][7][gc,phases   ] GC(4)   Pre Evacuate Collection Set: 0.13ms
[2026-07-09T13:17:11.501+0000][7][gc,phases   ] GC(4)   Merge Heap Roots: 0.05ms
[2026-07-09T13:17:11.501+0000][7][gc,phases   ] GC(4)   Evacuate Collection Set: 11.16ms
[2026-07-09T13:17:11.501+0000][7][gc,phases   ] GC(4)   Post Evacuate Collection Set: 1.56ms
[2026-07-09T13:17:11.501+0000][7][gc,phases   ] GC(4)   Other: 0.56ms
[2026-07-09T13:17:11.502+0000][7][gc,age      ] GC(4) Age table with threshold 15 (max threshold 15)
[2026-07-09T13:17:11.502+0000][7][gc,age      ] GC(4) - age   1:    5867472 bytes,    5867472 total
[2026-07-09T13:17:11.502+0000][7][gc,age      ] GC(4) - age   2:    2134992 bytes,    8002464 total
[2026-07-09T13:17:11.502+0000][7][gc,age      ] GC(4) - age   3:    1053856 bytes,    9056320 total
[2026-07-09T13:17:11.502+0000][7][gc,age      ] GC(4) - age   4:    1877512 bytes,   10933832 total
[2026-07-09T13:17:11.503+0000][7][gc,heap     ] GC(4) Eden regions: 74->0(73)
[2026-07-09T13:17:11.503+0000][7][gc,heap     ] GC(4) Survivor regions: 2->3(10)
[2026-07-09T13:17:11.503+0000][7][gc,heap     ] GC(4) Old regions: 3->3
[2026-07-09T13:17:11.503+0000][7][gc,heap     ] GC(4) Humongous regions: 0->0
[2026-07-09T13:17:11.503+0000][7][gc,metaspace] GC(4) Metaspace: 19436K(19904K)->19436K(19904K) NonClass: 17101K(17344K)->17101K(17344K) Class: 2334K(2560K)->2334K(2560K)
[2026-07-09T13:17:11.504+0000][7][gc          ] GC(4) Pause Young (Normal) (G1 Evacuation Pause) 308M->17M(512M) 16.959ms
[2026-07-09T13:17:11.504+0000][7][gc,cpu      ] GC(4) User=0.03s Sys=0.00s Real=0.02s
[2026-07-09T13:17:11.507+0000][7][safepoint   ] Safepoint "G1CollectForAllocation", Time since last: 833428787 ns, Reaching safepoint: 4021 ns, Cleanup: 57567 ns, At safepoint: 20317337 ns, Total: 20378925 ns
[2026-07-09T13:17:12.250+0000][7][gc,start    ] GC(5) Pause Young (Normal) (G1 Evacuation Pause)
[2026-07-09T13:17:12.250+0000][7][gc,task     ] GC(5) Using 4 workers of 4 for evacuation
[2026-07-09T13:17:12.250+0000][7][gc,age      ] GC(5) Desired survivor size 20971520 bytes, new threshold 15 (max threshold 15)
[2026-07-09T13:17:12.284+0000][7][gc,phases   ] GC(5)   Pre Evacuate Collection Set: 0.08ms
[2026-07-09T13:17:12.284+0000][7][gc,phases   ] GC(5)   Merge Heap Roots: 0.03ms
[2026-07-09T13:17:12.286+0000][7][gc,phases   ] GC(5)   Evacuate Collection Set: 29.42ms
[2026-07-09T13:17:12.287+0000][7][gc,phases   ] GC(5)   Post Evacuate Collection Set: 3.76ms
[2026-07-09T13:17:12.287+0000][7][gc,phases   ] GC(5)   Other: 0.50ms
[2026-07-09T13:17:12.288+0000][7][gc,age      ] GC(5) Age table with threshold 15 (max threshold 15)
[2026-07-09T13:17:12.288+0000][7][gc,age      ] GC(5) - age   1:    2171096 bytes,    2171096 total
[2026-07-09T13:17:12.288+0000][7][gc,age      ] GC(5) - age   2:    4227520 bytes,    6398616 total
[2026-07-09T13:17:12.288+0000][7][gc,age      ] GC(5) - age   3:    2134576 bytes,    8533192 total
[2026-07-09T13:17:12.289+0000][7][gc,age      ] GC(5) - age   4:    1053712 bytes,    9586904 total
[2026-07-09T13:17:12.289+0000][7][gc,age      ] GC(5) - age   5:    1877512 bytes,   11464416 total
[2026-07-09T13:17:12.289+0000][7][gc,heap     ] GC(5) Eden regions: 73->0(73)
[2026-07-09T13:17:12.289+0000][7][gc,heap     ] GC(5) Survivor regions: 3->3(10)
[2026-07-09T13:17:12.289+0000][7][gc,heap     ] GC(5) Old regions: 3->3
[2026-07-09T13:17:12.289+0000][7][gc,heap     ] GC(5) Humongous regions: 0->0
[2026-07-09T13:17:12.290+0000][7][gc,metaspace] GC(5) Metaspace: 20294K(20736K)->20294K(20736K) NonClass: 17831K(18112K)->17831K(18112K) Class: 2462K(2624K)->2462K(2624K)
[2026-07-09T13:17:12.290+0000][7][gc          ] GC(5) Pause Young (Normal) (G1 Evacuation Pause) 309M->17M(512M) 40.093ms
[2026-07-09T13:17:12.292+0000][7][gc,cpu      ] GC(5) User=0.09s Sys=0.01s Real=0.05s
[2026-07-09T13:17:12.300+0000][7][safepoint   ] Safepoint "G1CollectForAllocation", Time since last: 742954963 ns, Reaching safepoint: 4525 ns, Cleanup: 51319 ns, At safepoint: 49907314 ns, Total: 49963158 ns
[2026-07-09T13:17:12.686+0000][7][gc,start    ] GC(6) Pause Young (Concurrent Start) (Metadata GC Threshold)
[2026-07-09T13:17:12.686+0000][7][gc,task     ] GC(6) Using 4 workers of 4 for evacuation
[2026-07-09T13:17:12.686+0000][7][gc,age      ] GC(6) Desired survivor size 20971520 bytes, new threshold 15 (max threshold 15)
[2026-07-09T13:17:12.702+0000][7][gc,phases   ] GC(6)   Pre Evacuate Collection Set: 0.08ms
[2026-07-09T13:17:12.702+0000][7][gc,phases   ] GC(6)   Merge Heap Roots: 0.03ms
[2026-07-09T13:17:12.702+0000][7][gc,phases   ] GC(6)   Evacuate Collection Set: 13.86ms
[2026-07-09T13:17:12.702+0000][7][gc,phases   ] GC(6)   Post Evacuate Collection Set: 1.12ms
[2026-07-09T13:17:12.703+0000][7][gc,phases   ] GC(6)   Other: 0.94ms
[2026-07-09T13:17:12.703+0000][7][gc,age      ] GC(6) Age table with threshold 15 (max threshold 15)
[2026-07-09T13:17:12.703+0000][7][gc,age      ] GC(6) - age   1:    1623808 bytes,    1623808 total
[2026-07-09T13:17:12.703+0000][7][gc,age      ] GC(6) - age   2:    2128512 bytes,    3752320 total
[2026-07-09T13:17:12.704+0000][7][gc,age      ] GC(6) - age   3:    4223256 bytes,    7975576 total
[2026-07-09T13:17:12.704+0000][7][gc,age      ] GC(6) - age   4:    2133616 bytes,   10109192 total
[2026-07-09T13:17:12.704+0000][7][gc,age      ] GC(6) - age   5:    1053712 bytes,   11162904 total
[2026-07-09T13:17:12.704+0000][7][gc,age      ] GC(6) - age   6:    1877512 bytes,   13040416 total
[2026-07-09T13:17:12.705+0000][7][gc,heap     ] GC(6) Eden regions: 45->0(72)
[2026-07-09T13:17:12.705+0000][7][gc,heap     ] GC(6) Survivor regions: 3->4(10)
[2026-07-09T13:17:12.705+0000][7][gc,heap     ] GC(6) Old regions: 3->3
[2026-07-09T13:17:12.706+0000][7][gc,heap     ] GC(6) Humongous regions: 0->0
[2026-07-09T13:17:12.706+0000][7][gc,metaspace] GC(6) Metaspace: 21070K(21504K)->21070K(21504K) NonClass: 18500K(18752K)->18500K(18752K) Class: 2570K(2752K)->2570K(2752K)
[2026-07-09T13:17:12.706+0000][7][gc          ] GC(6) Pause Young (Concurrent Start) (Metadata GC Threshold) 197M->18M(512M) 20.067ms
[2026-07-09T13:17:12.706+0000][7][gc,cpu      ] GC(6) User=0.04s Sys=0.00s Real=0.02s
[2026-07-09T13:17:12.706+0000][7][gc          ] GC(7) Concurrent Mark Cycle
[2026-07-09T13:17:12.707+0000][7][gc,marking  ] GC(7) Concurrent Scan Root Regions
[2026-07-09T13:17:12.707+0000][7][safepoint   ] Safepoint "CollectForMetadataAllocation", Time since last: 385920637 ns, Reaching safepoint: 3740 ns, Cleanup: 107466 ns, At safepoint: 21607404 ns, Total: 21718610 ns
[2026-07-09T13:17:12.723+0000][7][gc,marking  ] GC(7) Concurrent Scan Root Regions 15.448ms
[2026-07-09T13:17:12.724+0000][7][gc,marking  ] GC(7) Concurrent Mark
[2026-07-09T13:17:12.724+0000][7][gc,marking  ] GC(7) Concurrent Mark From Roots
[2026-07-09T13:17:12.724+0000][7][gc,task     ] GC(7) Using 1 workers of 1 for marking
[2026-07-09T13:17:12.740+0000][7][gc,marking  ] GC(7) Concurrent Mark From Roots 16.603ms
[2026-07-09T13:17:12.741+0000][7][gc,marking  ] GC(7) Concurrent Preclean
[2026-07-09T13:17:12.741+0000][7][gc,marking  ] GC(7) Concurrent Preclean 0.155ms
[2026-07-09T13:17:12.742+0000][7][gc,start    ] GC(7) Pause Remark
[2026-07-09T13:17:12.749+0000][7][gc          ] GC(7) Pause Remark 21M->21M(512M) 7.195ms
[2026-07-09T13:17:12.749+0000][7][gc,cpu      ] GC(7) User=0.00s Sys=0.00s Real=0.00s
[2026-07-09T13:17:12.750+0000][7][safepoint   ] Safepoint "G1PauseRemark", Time since last: 34022100 ns, Reaching safepoint: 282634 ns, Cleanup: 9674 ns, At safepoint: 8144268 ns, Total: 8436576 ns
[2026-07-09T13:17:12.750+0000][7][gc,marking  ] GC(7) Concurrent Mark 26.923ms
[2026-07-09T13:17:12.751+0000][7][gc,marking  ] GC(7) Concurrent Rebuild Remembered Sets and Scrub Regions
[2026-07-09T13:17:12.758+0000][7][gc,marking  ] GC(7) Concurrent Rebuild Remembered Sets and Scrub Regions 7.363ms
[2026-07-09T13:17:12.759+0000][7][gc,start    ] GC(7) Pause Cleanup
[2026-07-09T13:17:12.760+0000][7][gc          ] GC(7) Pause Cleanup 21M->21M(512M) 0.906ms
[2026-07-09T13:17:12.760+0000][7][gc,cpu      ] GC(7) User=0.00s Sys=0.00s Real=0.00s
[2026-07-09T13:17:12.761+0000][7][safepoint   ] Safepoint "G1PauseCleanup", Time since last: 8557451 ns, Reaching safepoint: 392183 ns, Cleanup: 3826 ns, At safepoint: 1840641 ns, Total: 2236650 ns
[2026-07-09T13:17:12.761+0000][7][gc,marking  ] GC(7) Concurrent Clear Claimed Marks
[2026-07-09T13:17:12.761+0000][7][gc,marking  ] GC(7) Concurrent Clear Claimed Marks 0.147ms
[2026-07-09T13:17:12.761+0000][7][gc,marking  ] GC(7) Concurrent Cleanup for Next Mark
[2026-07-09T13:17:12.763+0000][7][gc,marking  ] GC(7) Concurrent Cleanup for Next Mark 1.642ms
[2026-07-09T13:17:12.763+0000][7][gc          ] GC(7) Concurrent Mark Cycle 57.054ms
[2026-07-09T13:17:13.523+0000][7][gc,start    ] GC(8) Pause Young (Prepare Mixed) (G1 Evacuation Pause)
[2026-07-09T13:17:13.523+0000][7][gc,task     ] GC(8) Using 4 workers of 4 for evacuation
[2026-07-09T13:17:13.523+0000][7][gc,age      ] GC(8) Desired survivor size 20971520 bytes, new threshold 15 (max threshold 15)
[2026-07-09T13:17:13.540+0000][7][gc,phases   ] GC(8)   Pre Evacuate Collection Set: 0.15ms
[2026-07-09T13:17:13.541+0000][7][gc,phases   ] GC(8)   Merge Heap Roots: 0.13ms
[2026-07-09T13:17:13.541+0000][7][gc,phases   ] GC(8)   Evacuate Collection Set: 15.45ms
[2026-07-09T13:17:13.541+0000][7][gc,phases   ] GC(8)   Post Evacuate Collection Set: 1.10ms
[2026-07-09T13:17:13.541+0000][7][gc,phases   ] GC(8)   Other: 0.39ms
[2026-07-09T13:17:13.542+0000][7][gc,age      ] GC(8) Age table with threshold 15 (max threshold 15)
[2026-07-09T13:17:13.542+0000][7][gc,age      ] GC(8) - age   1:    1743248 bytes,    1743248 total
[2026-07-09T13:17:13.542+0000][7][gc,age      ] GC(8) - age   2:    1608512 bytes,    3351760 total
[2026-07-09T13:17:13.542+0000][7][gc,age      ] GC(8) - age   3:    2127392 bytes,    5479152 total
[2026-07-09T13:17:13.542+0000][7][gc,age      ] GC(8) - age   4:    4221752 bytes,    9700904 total
[2026-07-09T13:17:13.543+0000][7][gc,age      ] GC(8) - age   5:    2132112 bytes,   11833016 total
[2026-07-09T13:17:13.543+0000][7][gc,age      ] GC(8) - age   6:    1045136 bytes,   12878152 total
[2026-07-09T13:17:13.543+0000][7][gc,age      ] GC(8) - age   7:    1876328 bytes,   14754480 total
[2026-07-09T13:17:13.544+0000][7][gc,heap     ] GC(8) Eden regions: 72->0(72)
[2026-07-09T13:17:13.544+0000][7][gc,heap     ] GC(8) Survivor regions: 4->4(10)
[2026-07-09T13:17:13.544+0000][7][gc,heap     ] GC(8) Old regions: 3->3
[2026-07-09T13:17:13.544+0000][7][gc,heap     ] GC(8) Humongous regions: 0->0
[2026-07-09T13:17:13.544+0000][7][gc,metaspace] GC(8) Metaspace: 21602K(22208K)->21602K(22208K) NonClass: 18949K(19328K)->18949K(19328K) Class: 2653K(2880K)->2653K(2880K)
[2026-07-09T13:17:13.545+0000][7][gc          ] GC(8) Pause Young (Prepare Mixed) (G1 Evacuation Pause) 306M->20M(512M) 21.863ms
[2026-07-09T13:17:13.545+0000][7][gc,cpu      ] GC(8) User=0.02s Sys=0.00s Real=0.02s
[2026-07-09T13:17:13.545+0000][7][safepoint   ] Safepoint "G1CollectForAllocation", Time since last: 762157952 ns, Reaching safepoint: 3178 ns, Cleanup: 44426 ns, At safepoint: 22455068 ns, Total: 22502672 ns
[2026-07-09T13:17:14.599+0000][7][safepoint   ] Safepoint "ICBufferFull", Time since last: 1053274121 ns, Reaching safepoint: 3956 ns, Cleanup: 103394 ns, At safepoint: 7416 ns, Total: 114766 ns
[2026-07-09T13:17:15.804+0000][7][safepoint   ] Safepoint "Cleanup", Time since last: 1203180521 ns, Reaching safepoint: 2076510 ns, Cleanup: 95062 ns, At safepoint: 17475 ns, Total: 2189047 ns
[2026-07-09T13:17:16.806+0000][7][safepoint   ] Safepoint "Cleanup", Time since last: 1000599921 ns, Reaching safepoint: 1052210 ns, Cleanup: 28122 ns, At safepoint: 11983 ns, Total: 1092315 ns
[2026-07-09T13:17:17.434+0000][7][gc,start    ] GC(9) Pause Young (Mixed) (G1 Evacuation Pause)
[2026-07-09T13:17:17.434+0000][7][gc,task     ] GC(9) Using 4 workers of 4 for evacuation
[2026-07-09T13:17:17.434+0000][7][gc,age      ] GC(9) Desired survivor size 20971520 bytes, new threshold 15 (max threshold 15)
[2026-07-09T13:17:17.535+0000][7][gc,phases   ] GC(9)   Pre Evacuate Collection Set: 0.19ms
[2026-07-09T13:17:17.535+0000][7][gc,phases   ] GC(9)   Merge Heap Roots: 0.07ms
[2026-07-09T13:17:17.535+0000][7][gc,phases   ] GC(9)   Evacuate Collection Set: 91.24ms
[2026-07-09T13:17:17.535+0000][7][gc,phases   ] GC(9)   Post Evacuate Collection Set: 9.13ms
[2026-07-09T13:17:17.536+0000][7][gc,phases   ] GC(9)   Other: 0.46ms
[2026-07-09T13:17:17.536+0000][7][gc,age      ] GC(9) Age table with threshold 15 (max threshold 15)
[2026-07-09T13:17:17.536+0000][7][gc,age      ] GC(9) - age   1:   18914376 bytes,   18914376 total
[2026-07-09T13:17:17.536+0000][7][gc,age      ] GC(9) - age   2:    1066552 bytes,   19980928 total
[2026-07-09T13:17:17.537+0000][7][gc,age      ] GC(9) - age   3:    1588536 bytes,   21569464 total
[2026-07-09T13:17:17.537+0000][7][gc,age      ] GC(9) - age   4:    2110632 bytes,   23680096 total
[2026-07-09T13:17:17.537+0000][7][gc,age      ] GC(9) - age   5:    4197368 bytes,   27877464 total
[2026-07-09T13:17:17.538+0000][7][gc,age      ] GC(9) - age   6:    2056968 bytes,   29934432 total
[2026-07-09T13:17:17.538+0000][7][gc,age      ] GC(9) - age   7:    1019296 bytes,   30953728 total
[2026-07-09T13:17:17.538+0000][7][gc,age      ] GC(9) - age   8:    1868768 bytes,   32822496 total
[2026-07-09T13:17:17.538+0000][7][gc,heap     ] GC(9) Eden regions: 72->0(67)
[2026-07-09T13:17:17.538+0000][7][gc,heap     ] GC(9) Survivor regions: 4->9(10)
[2026-07-09T13:17:17.538+0000][7][gc,heap     ] GC(9) Old regions: 3->2
[2026-07-09T13:17:17.538+0000][7][gc,heap     ] GC(9) Humongous regions: 0->0
[2026-07-09T13:17:17.539+0000][7][gc,metaspace] GC(9) Metaspace: 30248K(31296K)->30248K(31296K) NonClass: 26362K(27008K)->26362K(27008K) Class: 3885K(4288K)->3885K(4288K)
[2026-07-09T13:17:17.539+0000][7][gc          ] GC(9) Pause Young (Mixed) (G1 Evacuation Pause) 308M->39M(512M) 105.158ms
[2026-07-09T13:17:17.539+0000][7][gc,cpu      ] GC(9) User=0.07s Sys=0.00s Real=0.10s
[2026-07-09T13:17:17.545+0000][7][safepoint   ] Safepoint "G1CollectForAllocation", Time since last: 627828643 ns, Reaching safepoint: 4856 ns, Cleanup: 19244 ns, At safepoint: 111392547 ns, Total: 111416647 ns
[2026-07-09T13:17:19.196+0000][7][gc,start    ] GC(10) Pause Young (Concurrent Start) (Metadata GC Threshold)
[2026-07-09T13:17:19.201+0000][7][gc,task     ] GC(10) Using 4 workers of 4 for evacuation
[2026-07-09T13:17:19.202+0000][7][gc,age      ] GC(10) Desired survivor size 20971520 bytes, new threshold 3 (max threshold 15)
[2026-07-09T13:17:19.374+0000][7][gc,phases   ] GC(10)   Pre Evacuate Collection Set: 0.09ms
[2026-07-09T13:17:19.376+0000][7][gc,phases   ] GC(10)   Merge Heap Roots: 0.04ms
[2026-07-09T13:17:19.376+0000][7][gc,phases   ] GC(10)   Evacuate Collection Set: 163.91ms
[2026-07-09T13:17:19.376+0000][7][gc,phases   ] GC(10)   Post Evacuate Collection Set: 7.38ms
[2026-07-09T13:17:19.377+0000][7][gc,phases   ] GC(10)   Other: 1.12ms
[2026-07-09T13:17:19.377+0000][7][gc,age      ] GC(10) Age table with threshold 3 (max threshold 15)
[2026-07-09T13:17:19.377+0000][7][gc,age      ] GC(10) - age   1:    9004616 bytes,    9004616 total
[2026-07-09T13:17:19.377+0000][7][gc,age      ] GC(10) - age   2:   18585368 bytes,   27589984 total
[2026-07-09T13:17:19.377+0000][7][gc,age      ] GC(10) - age   3:    1054944 bytes,   28644928 total
[2026-07-09T13:17:19.377+0000][7][gc,heap     ] GC(10) Eden regions: 24->0(68)
[2026-07-09T13:17:19.378+0000][7][gc,heap     ] GC(10) Survivor regions: 9->8(10)
[2026-07-09T13:17:19.378+0000][7][gc,heap     ] GC(10) Old regions: 2->5
[2026-07-09T13:17:19.385+0000][7][gc,heap     ] GC(10) Humongous regions: 0->0
[2026-07-09T13:17:19.385+0000][7][gc,metaspace] GC(10) Metaspace: 35288K(36288K)->35288K(36288K) NonClass: 30630K(31232K)->30630K(31232K) Class: 4657K(5056K)->4657K(5056K)
[2026-07-09T13:17:19.385+0000][7][gc          ] GC(10) Pause Young (Concurrent Start) (Metadata GC Threshold) 133M->47M(512M) 189.294ms
[2026-07-09T13:17:19.385+0000][7][gc,cpu      ] GC(10) User=0.09s Sys=0.00s Real=0.19s
[2026-07-09T13:17:19.385+0000][7][gc          ] GC(11) Concurrent Mark Cycle
[2026-07-09T13:17:19.386+0000][7][gc,marking  ] GC(11) Concurrent Scan Root Regions
[2026-07-09T13:17:19.386+0000][7][safepoint   ] Safepoint "CollectForMetadataAllocation", Time since last: 1650707310 ns, Reaching safepoint: 80127 ns, Cleanup: 77961 ns, At safepoint: 189727957 ns, Total: 189886045 ns
[2026-07-09T13:17:19.568+0000][7][gc,marking  ] GC(11) Concurrent Scan Root Regions 181.471ms
[2026-07-09T13:17:19.569+0000][7][gc,marking  ] GC(11) Concurrent Mark
[2026-07-09T13:17:19.570+0000][7][gc,marking  ] GC(11) Concurrent Mark From Roots
[2026-07-09T13:17:19.570+0000][7][gc,task     ] GC(11) Using 1 workers of 1 for marking
[2026-07-09T13:17:19.579+0000][7][safepoint   ] Safepoint "CollectForMetadataAllocation", Time since last: 192392394 ns, Reaching safepoint: 402464 ns, Cleanup: 14488 ns, At safepoint: 549339 ns, Total: 966291 ns
[2026-07-09T13:17:19.595+0000][7][gc,marking  ] GC(11) Concurrent Mark From Roots 24.888ms
[2026-07-09T13:17:19.595+0000][7][gc,marking  ] GC(11) Concurrent Preclean
[2026-07-09T13:17:19.595+0000][7][gc,marking  ] GC(11) Concurrent Preclean 0.099ms
[2026-07-09T13:17:19.596+0000][7][gc,start    ] GC(11) Pause Remark
[2026-07-09T13:17:19.616+0000][7][gc          ] GC(11) Pause Remark 49M->49M(512M) 20.079ms
[2026-07-09T13:17:19.616+0000][7][gc,cpu      ] GC(11) User=0.01s Sys=0.00s Real=0.02s
[2026-07-09T13:17:19.618+0000][7][safepoint   ] Safepoint "G1PauseRemark", Time since last: 16332201 ns, Reaching safepoint: 554814 ns, Cleanup: 9832 ns, At safepoint: 22067702 ns, Total: 22632348 ns
[2026-07-09T13:17:19.618+0000][7][gc,marking  ] GC(11) Concurrent Mark 49.434ms
[2026-07-09T13:17:19.618+0000][7][gc,marking  ] GC(11) Concurrent Rebuild Remembered Sets and Scrub Regions
[2026-07-09T13:17:19.635+0000][7][gc,marking  ] GC(11) Concurrent Rebuild Remembered Sets and Scrub Regions 17.199ms
[2026-07-09T13:17:19.641+0000][7][gc,start    ] GC(11) Pause Cleanup
[2026-07-09T13:17:19.642+0000][7][gc          ] GC(11) Pause Cleanup 49M->49M(512M) 0.824ms
[2026-07-09T13:17:19.642+0000][7][gc,cpu      ] GC(11) User=0.00s Sys=0.00s Real=0.01s
[2026-07-09T13:17:19.642+0000][7][safepoint   ] Safepoint "G1PauseCleanup", Time since last: 17835554 ns, Reaching safepoint: 4995213 ns, Cleanup: 26406 ns, At safepoint: 1295569 ns, Total: 6317188 ns
[2026-07-09T13:17:19.642+0000][7][gc,marking  ] GC(11) Concurrent Clear Claimed Marks
[2026-07-09T13:17:19.642+0000][7][gc,marking  ] GC(11) Concurrent Clear Claimed Marks 0.213ms
[2026-07-09T13:17:19.643+0000][7][gc,marking  ] GC(11) Concurrent Cleanup for Next Mark
[2026-07-09T13:17:19.643+0000][7][gc,marking  ] GC(11) Concurrent Cleanup for Next Mark 0.855ms
[2026-07-09T13:17:19.644+0000][7][gc          ] GC(11) Concurrent Mark Cycle 258.572ms
[2026-07-09T13:17:20.683+0000][7][safepoint   ] Safepoint "Cleanup", Time since last: 1030838480 ns, Reaching safepoint: 9751455 ns, Cleanup: 585545 ns, At safepoint: 58699 ns, Total: 10395699 ns
[2026-07-09T13:17:21.713+0000][7][safepoint   ] Safepoint "Cleanup", Time since last: 1028650640 ns, Reaching safepoint: 847676 ns, Cleanup: 77198 ns, At safepoint: 16392 ns, Total: 941266 ns
[2026-07-09T13:17:23.277+0000][7][safepoint   ] Safepoint "Cleanup", Time since last: 1563917619 ns, Reaching safepoint: 6938 ns, Cleanup: 61487 ns, At safepoint: 11072 ns, Total: 79497 ns
[2026-07-09T13:17:25.157+0000][7][safepoint   ] Safepoint "Cleanup", Time since last: 1876978360 ns, Reaching safepoint: 3079008 ns, Cleanup: 101818 ns, At safepoint: 68056 ns, Total: 3248882 ns
[2026-07-09T13:17:26.169+0000][7][safepoint   ] Safepoint "Cleanup", Time since last: 1000725950 ns, Reaching safepoint: 11134160 ns, Cleanup: 41449 ns, At safepoint: 104898 ns, Total: 11280507 ns
[2026-07-09T13:17:27.177+0000][7][safepoint   ] Safepoint "Cleanup", Time since last: 1002660128 ns, Reaching safepoint: 4090701 ns, Cleanup: 101964 ns, At safepoint: 24964 ns, Total: 4217629 ns
[2026-07-09T13:17:27.391+0000][7][gc,start    ] GC(12) Pause Young (Normal) (G1 Evacuation Pause)
[2026-07-09T13:17:27.393+0000][7][gc,task     ] GC(12) Using 4 workers of 4 for evacuation
[2026-07-09T13:17:27.393+0000][7][gc,age      ] GC(12) Desired survivor size 20971520 bytes, new threshold 2 (max threshold 15)
[2026-07-09T13:17:27.565+0000][7][gc,phases   ] GC(12)   Pre Evacuate Collection Set: 0.11ms
[2026-07-09T13:17:27.566+0000][7][gc,phases   ] GC(12)   Merge Heap Roots: 0.05ms
[2026-07-09T13:17:27.566+0000][7][gc,phases   ] GC(12)   Evacuate Collection Set: 164.58ms
[2026-07-09T13:17:27.566+0000][7][gc,phases   ] GC(12)   Post Evacuate Collection Set: 6.88ms
[2026-07-09T13:17:27.566+0000][7][gc,phases   ] GC(12)   Other: 0.44ms
[2026-07-09T13:17:27.566+0000][7][gc,age      ] GC(12) Age table with threshold 2 (max threshold 15)
[2026-07-09T13:17:27.566+0000][7][gc,age      ] GC(12) - age   1:    5830768 bytes,    5830768 total
[2026-07-09T13:17:27.567+0000][7][gc,age      ] GC(12) - age   2:    8878560 bytes,   14709328 total
[2026-07-09T13:17:27.567+0000][7][gc,heap     ] GC(12) Eden regions: 68->0(72)
[2026-07-09T13:17:27.567+0000][7][gc,heap     ] GC(12) Survivor regions: 8->4(10)
[2026-07-09T13:17:27.567+0000][7][gc,heap     ] GC(12) Old regions: 5->10
[2026-07-09T13:17:27.567+0000][7][gc,heap     ] GC(12) Humongous regions: 0->0
[2026-07-09T13:17:27.567+0000][7][gc,metaspace] GC(12) Metaspace: 51622K(52928K)->51622K(52928K) NonClass: 44613K(45376K)->44613K(45376K) Class: 7008K(7552K)->7008K(7552K)
[2026-07-09T13:17:27.567+0000][7][gc          ] GC(12) Pause Young (Normal) (G1 Evacuation Pause) 319M->54M(512M) 176.571ms
[2026-07-09T13:17:27.567+0000][7][gc,cpu      ] GC(12) User=0.18s Sys=0.00s Real=0.18s
[2026-07-09T13:17:27.572+0000][7][safepoint   ] Safepoint "G1CollectForAllocation", Time since last: 213755708 ns, Reaching safepoint: 7652 ns, Cleanup: 4449 ns, At safepoint: 181119997 ns, Total: 181132098 ns
[2026-07-09T13:17:28.574+0000][7][safepoint   ] Safepoint "Cleanup", Time since last: 1001020903 ns, Reaching safepoint: 883814 ns, Cleanup: 62484 ns, At safepoint: 46830 ns, Total: 993128 ns
[2026-07-09T13:17:29.583+0000][7][safepoint   ] Safepoint "Cleanup", Time since last: 1005945992 ns, Reaching safepoint: 2790318 ns, Cleanup: 29102 ns, At safepoint: 41202 ns, Total: 2860622 ns
[2026-07-09T13:17:30.782+0000][7][safepoint   ] Safepoint "Cleanup", Time since last: 1198871739 ns, Reaching safepoint: 3278 ns, Cleanup: 183790 ns, At safepoint: 8085 ns, Total: 195153 ns
[2026-07-09T13:17:31.793+0000][7][safepoint   ] Safepoint "Cleanup", Time since last: 1008150381 ns, Reaching safepoint: 2958934 ns, Cleanup: 51246 ns, At safepoint: 20675 ns, Total: 3030855 ns
[2026-07-09T13:17:32.797+0000][7][safepoint   ] Safepoint "Cleanup", Time since last: 1000907705 ns, Reaching safepoint: 2819703 ns, Cleanup: 63105 ns, At safepoint: 104203 ns, Total: 2987011 ns
[2026-07-09T13:17:34.217+0000][7][gc,start    ] GC(13) Pause Young (Concurrent Start) (Metadata GC Threshold)
[2026-07-09T13:17:34.218+0000][7][gc,task     ] GC(13) Using 4 workers of 4 for evacuation
[2026-07-09T13:17:34.218+0000][7][gc,age      ] GC(13) Desired survivor size 20971520 bytes, new threshold 15 (max threshold 15)
[2026-07-09T13:17:34.327+0000][7][gc,phases   ] GC(13)   Pre Evacuate Collection Set: 0.20ms
[2026-07-09T13:17:34.328+0000][7][gc,phases   ] GC(13)   Merge Heap Roots: 0.08ms
[2026-07-09T13:17:34.329+0000][7][gc,phases   ] GC(13)   Evacuate Collection Set: 104.11ms
[2026-07-09T13:17:34.330+0000][7][gc,phases   ] GC(13)   Post Evacuate Collection Set: 3.85ms
[2026-07-09T13:17:34.330+0000][7][gc,phases   ] GC(13)   Other: 1.13ms
[2026-07-09T13:17:34.330+0000][7][gc,age      ] GC(13) Age table with threshold 15 (max threshold 15)
[2026-07-09T13:17:34.330+0000][7][gc,age      ] GC(13) - age   1:    5840168 bytes,    5840168 total
[2026-07-09T13:17:34.331+0000][7][gc,age      ] GC(13) - age   2:    5593584 bytes,   11433752 total
[2026-07-09T13:17:34.332+0000][7][gc,age      ] GC(13) - age   3:    8875800 bytes,   20309552 total
[2026-07-09T13:17:34.332+0000][7][gc,heap     ] GC(13) Eden regions: 48->0(70)
[2026-07-09T13:17:34.332+0000][7][gc,heap     ] GC(13) Survivor regions: 4->6(10)
[2026-07-09T13:17:34.332+0000][7][gc,heap     ] GC(13) Old regions: 10->10
[2026-07-09T13:17:34.334+0000][7][gc,heap     ] GC(13) Humongous regions: 0->0
[2026-07-09T13:17:34.334+0000][7][gc,metaspace] GC(13) Metaspace: 59799K(61120K)->59799K(61120K) NonClass: 51676K(52416K)->51676K(52416K) Class: 8122K(8704K)->8122K(8704K)
[2026-07-09T13:17:34.334+0000][7][gc          ] GC(13) Pause Young (Concurrent Start) (Metadata GC Threshold) 244M->59M(512M) 117.490ms
[2026-07-09T13:17:34.335+0000][7][gc,cpu      ] GC(13) User=0.08s Sys=0.01s Real=0.12s
[2026-07-09T13:17:34.339+0000][7][safepoint   ] Safepoint "CollectForMetadataAllocation", Time since last: 1419863584 ns, Reaching safepoint: 5892 ns, Cleanup: 54061 ns, At safepoint: 122158728 ns, Total: 122218681 ns
[2026-07-09T13:17:34.335+0000][7][gc          ] GC(14) Concurrent Mark Cycle
[2026-07-09T13:17:34.342+0000][7][gc,marking  ] GC(14) Concurrent Scan Root Regions
[2026-07-09T13:17:34.426+0000][7][safepoint   ] Safepoint "CollectForMetadataAllocation", Time since last: 86902633 ns, Reaching safepoint: 8044 ns, Cleanup: 16832 ns, At safepoint: 82023 ns, Total: 106899 ns
[2026-07-09T13:17:34.509+0000][7][gc,marking  ] GC(14) Concurrent Scan Root Regions 166.556ms
[2026-07-09T13:17:34.509+0000][7][gc,marking  ] GC(14) Concurrent Mark
[2026-07-09T13:17:34.509+0000][7][gc,marking  ] GC(14) Concurrent Mark From Roots
[2026-07-09T13:17:34.509+0000][7][gc,task     ] GC(14) Using 1 workers of 1 for marking
[2026-07-09T13:17:34.678+0000][7][safepoint   ] Safepoint "CollectForMetadataAllocation", Time since last: 248818658 ns, Reaching safepoint: 36982 ns, Cleanup: 27994 ns, At safepoint: 2879237 ns, Total: 2944213 ns
[2026-07-09T13:17:34.732+0000][7][gc,marking  ] GC(14) Concurrent Mark From Roots 223.153ms
[2026-07-09T13:17:34.733+0000][7][gc,marking  ] GC(14) Concurrent Preclean
[2026-07-09T13:17:34.746+0000][7][gc,marking  ] GC(14) Concurrent Preclean 13.156ms
[2026-07-09T13:17:34.758+0000][7][gc,start    ] GC(14) Pause Remark
[2026-07-09T13:17:34.790+0000][7][gc          ] GC(14) Pause Remark 63M->63M(512M) 32.020ms
[2026-07-09T13:17:34.790+0000][7][gc,cpu      ] GC(14) User=0.02s Sys=0.00s Real=0.03s
[2026-07-09T13:17:34.790+0000][7][safepoint   ] Safepoint "G1PauseRemark", Time since last: 74589709 ns, Reaching safepoint: 5446934 ns, Cleanup: 46133 ns, At safepoint: 32648519 ns, Total: 38141586 ns
[2026-07-09T13:17:34.791+0000][7][gc,marking  ] GC(14) Concurrent Mark 281.784ms
[2026-07-09T13:17:34.791+0000][7][gc,marking  ] GC(14) Concurrent Rebuild Remembered Sets and Scrub Regions
[2026-07-09T13:17:34.872+0000][7][gc,marking  ] GC(14) Concurrent Rebuild Remembered Sets and Scrub Regions 80.861ms
[2026-07-09T13:17:34.877+0000][7][gc,start    ] GC(14) Pause Cleanup
[2026-07-09T13:17:34.877+0000][7][gc          ] GC(14) Pause Cleanup 65M->65M(512M) 0.327ms
[2026-07-09T13:17:34.877+0000][7][gc,cpu      ] GC(14) User=0.00s Sys=0.00s Real=0.00s
[2026-07-09T13:17:34.878+0000][7][safepoint   ] Safepoint "G1PauseCleanup", Time since last: 82741668 ns, Reaching safepoint: 3726163 ns, Cleanup: 24425 ns, At safepoint: 672997 ns, Total: 4423585 ns
[2026-07-09T13:17:34.878+0000][7][gc,marking  ] GC(14) Concurrent Clear Claimed Marks
[2026-07-09T13:17:34.878+0000][7][gc,marking  ] GC(14) Concurrent Clear Claimed Marks 0.232ms
[2026-07-09T13:17:34.879+0000][7][gc,marking  ] GC(14) Concurrent Cleanup for Next Mark
[2026-07-09T13:17:34.882+0000][7][gc,marking  ] GC(14) Concurrent Cleanup for Next Mark 2.986ms
[2026-07-09T13:17:34.882+0000][7][gc          ] GC(14) Concurrent Mark Cycle 547.053ms
[2026-07-09T13:17:35.880+0000][7][safepoint   ] Safepoint "Cleanup", Time since last: 1001337763 ns, Reaching safepoint: 933057 ns, Cleanup: 82585 ns, At safepoint: 34188 ns, Total: 1049830 ns
[2026-07-09T13:17:37.493+0000][7][safepoint   ] Safepoint "Cleanup", Time since last: 1612638742 ns, Reaching safepoint: 37230 ns, Cleanup: 84334 ns, At safepoint: 6481 ns, Total: 128045 ns
[2026-07-09T13:17:39.428+0000][7][safepoint   ] Safepoint "Cleanup", Time since last: 1934009908 ns, Reaching safepoint: 1026389 ns, Cleanup: 81609 ns, At safepoint: 15169 ns, Total: 1123167 ns
[2026-07-09T13:17:40.431+0000][7][safepoint   ] Safepoint "Cleanup", Time since last: 1002041764 ns, Reaching safepoint: 971008 ns, Cleanup: 36480 ns, At safepoint: 30715 ns, Total: 1038203 ns
[2026-07-09T13:17:41.636+0000][7][safepoint   ] Safepoint "ICBufferFull", Time since last: 1204822613 ns, Reaching safepoint: 6833 ns, Cleanup: 94643 ns, At safepoint: 9682 ns, Total: 111158 ns
[2026-07-09T13:17:42.687+0000][7][safepoint   ] Safepoint "Cleanup", Time since last: 1050557024 ns, Reaching safepoint: 3613 ns, Cleanup: 65694 ns, At safepoint: 30327 ns, Total: 99634 ns
[2026-07-09T13:17:43.529+0000][7][safepoint   ] Safepoint "ICBufferFull", Time since last: 842318099 ns, Reaching safepoint: 8068 ns, Cleanup: 127928 ns, At safepoint: 11755 ns, Total: 147751 ns
[2026-07-09T13:17:43.588+0000][7][gc,start    ] GC(15) Pause Young (Normal) (G1 Evacuation Pause)
[2026-07-09T13:17:43.588+0000][7][gc,task     ] GC(15) Using 4 workers of 4 for evacuation
[2026-07-09T13:17:43.588+0000][7][gc,age      ] GC(15) Desired survivor size 20971520 bytes, new threshold 15 (max threshold 15)
[2026-07-09T13:17:43.686+0000][7][gc,phases   ] GC(15)   Pre Evacuate Collection Set: 0.32ms
[2026-07-09T13:17:43.686+0000][7][gc,phases   ] GC(15)   Merge Heap Roots: 0.10ms
[2026-07-09T13:17:43.686+0000][7][gc,phases   ] GC(15)   Evacuate Collection Set: 89.46ms
[2026-07-09T13:17:43.686+0000][7][gc,phases   ] GC(15)   Post Evacuate Collection Set: 7.11ms
[2026-07-09T13:17:43.686+0000][7][gc,phases   ] GC(15)   Other: 0.45ms
[2026-07-09T13:17:43.686+0000][7][gc,age      ] GC(15) Age table with threshold 15 (max threshold 15)
[2026-07-09T13:17:43.687+0000][7][gc,age      ] GC(15) - age   1:   16712136 bytes,   16712136 total
[2026-07-09T13:17:43.687+0000][7][gc,age      ] GC(15) - age   2:    5536776 bytes,   22248912 total
[2026-07-09T13:17:43.687+0000][7][gc,age      ] GC(15) - age   3:    5256384 bytes,   27505296 total
[2026-07-09T13:17:43.687+0000][7][gc,age      ] GC(15) - age   4:    8851464 bytes,   36356760 total
[2026-07-09T13:17:43.687+0000][7][gc,heap     ] GC(15) Eden regions: 70->0(41)
[2026-07-09T13:17:43.687+0000][7][gc,heap     ] GC(15) Survivor regions: 6->9(10)
[2026-07-09T13:17:43.687+0000][7][gc,heap     ] GC(15) Old regions: 10->10
[2026-07-09T13:17:43.688+0000][7][gc,heap     ] GC(15) Humongous regions: 2->2
[2026-07-09T13:17:43.688+0000][7][gc,metaspace] GC(15) Metaspace: 97058K(99776K)->97058K(99776K) NonClass: 83096K(84544K)->83096K(84544K) Class: 13962K(15232K)->13962K(15232K)
[2026-07-09T13:17:43.688+0000][7][gc          ] GC(15) Pause Young (Normal) (G1 Evacuation Pause) 347M->82M(512M) 100.165ms
[2026-07-09T13:17:43.688+0000][7][gc,cpu      ] GC(15) User=0.09s Sys=0.00s Real=0.10s
[2026-07-09T13:17:43.692+0000][7][safepoint   ] Safepoint "G1CollectForAllocation", Time since last: 56821445 ns, Reaching safepoint: 1879363 ns, Cleanup: 69553 ns, At safepoint: 103849519 ns, Total: 105798435 ns
[2026-07-09T13:17:44.634+0000][7][safepoint   ] Safepoint "ICBufferFull", Time since last: 942015587 ns, Reaching safepoint: 133051 ns, Cleanup: 94696 ns, At safepoint: 132790 ns, Total: 360537 ns
[2026-07-09T13:17:45.632+0000][7][safepoint   ] Safepoint "ICBufferFull", Time since last: 995806683 ns, Reaching safepoint: 9354 ns, Cleanup: 1898070 ns, At safepoint: 16289 ns, Total: 1923713 ns
[2026-07-09T13:17:46.639+0000][7][safepoint   ] Safepoint "Cleanup", Time since last: 1004003460 ns, Reaching safepoint: 2978781 ns, Cleanup: 86511 ns, At safepoint: 49047 ns, Total: 3114339 ns
[2026-07-09T13:17:47.482+0000][7][gc,start    ] GC(16) Pause Young (Normal) (G1 Evacuation Pause)
[2026-07-09T13:17:47.482+0000][7][gc,task     ] GC(16) Using 4 workers of 4 for evacuation
[2026-07-09T13:17:47.483+0000][7][gc,age      ] GC(16) Desired survivor size 12582912 bytes, new threshold 1 (max threshold 15)
[2026-07-09T13:17:47.746+0000][7][gc,mmu      ] GC(16) MMU target violated: 201.0ms (200.0ms/201.0ms)
[2026-07-09T13:17:47.747+0000][7][gc,phases   ] GC(16)   Pre Evacuate Collection Set: 1.98ms
[2026-07-09T13:17:47.747+0000][7][gc,phases   ] GC(16)   Merge Heap Roots: 0.06ms
[2026-07-09T13:17:47.747+0000][7][gc,phases   ] GC(16)   Evacuate Collection Set: 251.22ms
[2026-07-09T13:17:47.747+0000][7][gc,phases   ] GC(16)   Post Evacuate Collection Set: 9.13ms
[2026-07-09T13:17:47.747+0000][7][gc,phases   ] GC(16)   Other: 2.31ms
[2026-07-09T13:17:47.747+0000][7][gc,age      ] GC(16) Age table with threshold 1 (max threshold 15)
[2026-07-09T13:17:47.747+0000][7][gc,age      ] GC(16) - age   1:     714584 bytes,     714584 total
[2026-07-09T13:17:47.748+0000][7][gc,heap     ] GC(16) Eden regions: 35->0(74)
[2026-07-09T13:17:47.749+0000][7][gc,heap     ] GC(16) Survivor regions: 9->2(6)
[2026-07-09T13:17:47.750+0000][7][gc,heap     ] GC(16) Old regions: 10->19
[2026-07-09T13:17:47.750+0000][7][gc,heap     ] GC(16) Humongous regions: 2->2
[2026-07-09T13:17:47.750+0000][7][gc,metaspace] GC(16) Metaspace: 99492K(102208K)->99492K(102208K) NonClass: 85285K(86784K)->85285K(86784K) Class: 14206K(15424K)->14206K(15424K)
[2026-07-09T13:17:47.750+0000][7][gc          ] GC(16) Pause Young (Normal) (G1 Evacuation Pause) 222M->87M(512M) 268.406ms
[2026-07-09T13:17:47.750+0000][7][gc,cpu      ] GC(16) User=0.10s Sys=0.02s Real=0.27s
[2026-07-09T13:17:47.756+0000][7][safepoint   ] Safepoint "G1CollectForAllocation", Time since last: 842589254 ns, Reaching safepoint: 12652 ns, Cleanup: 80161 ns, At safepoint: 274300136 ns, Total: 274392949 ns
[2026-07-09T13:17:48.678+0000][7][gc,start    ] GC(17) Pause Young (Concurrent Start) (Metadata GC Threshold)
[2026-07-09T13:17:48.680+0000][7][gc,task     ] GC(17) Using 4 workers of 4 for evacuation
[2026-07-09T13:17:48.680+0000][7][gc,age      ] GC(17) Desired survivor size 20971520 bytes, new threshold 15 (max threshold 15)
[2026-07-09T13:17:48.730+0000][7][gc,phases   ] GC(17)   Pre Evacuate Collection Set: 0.32ms
[2026-07-09T13:17:48.731+0000][7][gc,phases   ] GC(17)   Merge Heap Roots: 0.94ms
[2026-07-09T13:17:48.731+0000][7][gc,phases   ] GC(17)   Evacuate Collection Set: 37.19ms
[2026-07-09T13:17:48.733+0000][7][gc,phases   ] GC(17)   Post Evacuate Collection Set: 11.26ms
[2026-07-09T13:17:48.736+0000][7][gc,phases   ] GC(17)   Other: 0.53ms
[2026-07-09T13:17:48.736+0000][7][gc,age      ] GC(17) Age table with threshold 15 (max threshold 15)
[2026-07-09T13:17:48.739+0000][7][gc,age      ] GC(17) - age   1:     379152 bytes,     379152 total
[2026-07-09T13:17:48.742+0000][7][gc,age      ] GC(17) - age   2:     647240 bytes,    1026392 total
[2026-07-09T13:17:48.742+0000][7][gc,heap     ] GC(17) Eden regions: 5->0(75)
[2026-07-09T13:17:48.743+0000][7][gc,heap     ] GC(17) Survivor regions: 2->1(10)
[2026-07-09T13:17:48.746+0000][7][gc,heap     ] GC(17) Old regions: 19->19
[2026-07-09T13:17:48.748+0000][7][gc,heap     ] GC(17) Humongous regions: 2->2
[2026-07-09T13:17:48.752+0000][7][gc,metaspace] GC(17) Metaspace: 100567K(103296K)->100567K(103296K) NonClass: 86211K(87680K)->86211K(87680K) Class: 14356K(15616K)->14356K(15616K)
[2026-07-09T13:17:48.753+0000][7][gc          ] GC(17) Pause Young (Concurrent Start) (Metadata GC Threshold) 106M->84M(512M) 75.524ms
[2026-07-09T13:17:48.756+0000][7][gc,cpu      ] GC(17) User=0.02s Sys=0.00s Real=0.08s
[2026-07-09T13:17:48.756+0000][7][gc          ] GC(18) Concurrent Mark Cycle
[2026-07-09T13:17:48.762+0000][7][gc,marking  ] GC(18) Concurrent Scan Root Regions
[2026-07-09T13:17:48.762+0000][7][safepoint   ] Safepoint "CollectForMetadataAllocation", Time since last: 918845395 ns, Reaching safepoint: 3116831 ns, Cleanup: 55736 ns, At safepoint: 84135060 ns, Total: 87307627 ns
[2026-07-09T13:17:48.823+0000][7][gc,marking  ] GC(18) Concurrent Scan Root Regions 60.791ms
[2026-07-09T13:17:48.823+0000][7][gc,marking  ] GC(18) Concurrent Mark
[2026-07-09T13:17:48.823+0000][7][gc,marking  ] GC(18) Concurrent Mark From Roots
[2026-07-09T13:17:48.823+0000][7][gc,task     ] GC(18) Using 1 workers of 1 for marking
[2026-07-09T13:17:49.463+0000][7][safepoint   ] Safepoint "CollectForMetadataAllocation", Time since last: 694002970 ns, Reaching safepoint: 6271236 ns, Cleanup: 37503 ns, At safepoint: 249991 ns, Total: 6558730 ns
[2026-07-09T13:17:50.088+0000][7][gc,marking  ] GC(18) Concurrent Mark From Roots 1264.382ms
[2026-07-09T13:17:50.088+0000][7][gc,marking  ] GC(18) Concurrent Preclean
[2026-07-09T13:17:50.088+0000][7][gc,marking  ] GC(18) Concurrent Preclean 0.264ms
[2026-07-09T13:17:50.096+0000][7][gc,start    ] GC(18) Pause Remark
[2026-07-09T13:17:50.229+0000][7][gc          ] GC(18) Pause Remark 99M->99M(512M) 132.633ms
[2026-07-09T13:17:50.229+0000][7][gc,cpu      ] GC(18) User=0.03s Sys=0.00s Real=0.13s
[2026-07-09T13:17:50.240+0000][7][safepoint   ] Safepoint "G1PauseRemark", Time since last: 627619211 ns, Reaching safepoint: 5632909 ns, Cleanup: 36029 ns, At safepoint: 144234453 ns, Total: 149903391 ns
[2026-07-09T13:17:50.254+0000][7][gc,marking  ] GC(18) Concurrent Mark 1431.239ms
[2026-07-09T13:17:50.262+0000][7][gc,marking  ] GC(18) Concurrent Rebuild Remembered Sets and Scrub Regions
[2026-07-09T13:17:50.575+0000][7][gc,marking  ] GC(18) Concurrent Rebuild Remembered Sets and Scrub Regions 312.839ms
[2026-07-09T13:17:50.583+0000][7][gc,start    ] GC(18) Pause Cleanup
[2026-07-09T13:17:50.583+0000][7][gc          ] GC(18) Pause Cleanup 102M->102M(512M) 0.219ms
[2026-07-09T13:17:50.583+0000][7][gc,cpu      ] GC(18) User=0.00s Sys=0.00s Real=0.00s
[2026-07-09T13:17:50.583+0000][7][safepoint   ] Safepoint "G1PauseCleanup", Time since last: 336795797 ns, Reaching safepoint: 5786824 ns, Cleanup: 31136 ns, At safepoint: 543163 ns, Total: 6361123 ns
[2026-07-09T13:17:50.587+0000][7][gc,marking  ] GC(18) Concurrent Clear Claimed Marks
[2026-07-09T13:17:50.588+0000][7][gc,marking  ] GC(18) Concurrent Clear Claimed Marks 0.740ms
[2026-07-09T13:17:50.589+0000][7][gc,marking  ] GC(18) Concurrent Cleanup for Next Mark
[2026-07-09T13:17:50.593+0000][7][gc,marking  ] GC(18) Concurrent Cleanup for Next Mark 4.372ms
[2026-07-09T13:17:50.594+0000][7][gc          ] GC(18) Concurrent Mark Cycle 1837.477ms
[2026-07-09T13:17:51.668+0000][7][safepoint   ] Safepoint "Cleanup", Time since last: 1071462489 ns, Reaching safepoint: 1047782 ns, Cleanup: 212331 ns, At safepoint: 12149615 ns, Total: 13409728 ns
[2026-07-09T13:17:53.313+0000][7][safepoint   ] Safepoint "Cleanup", Time since last: 1634732097 ns, Reaching safepoint: 9651129 ns, Cleanup: 107282 ns, At safepoint: 134317 ns, Total: 9892728 ns
[2026-07-09T13:17:54.337+0000][7][safepoint   ] Safepoint "Cleanup", Time since last: 1019917313 ns, Reaching safepoint: 3165798 ns, Cleanup: 54506 ns, At safepoint: 963843 ns, Total: 4184147 ns
[2026-07-09T13:17:55.449+0000][7][safepoint   ] Safepoint "Cleanup", Time since last: 1111934433 ns, Reaching safepoint: 16098 ns, Cleanup: 49597 ns, At safepoint: 14633 ns, Total: 80328 ns
[2026-07-09T13:17:57.488+0000][7][safepoint   ] Safepoint "Cleanup", Time since last: 2009358744 ns, Reaching safepoint: 672589 ns, Cleanup: 21127 ns, At safepoint: 27944509 ns, Total: 28638225 ns
[2026-07-09T13:17:58.492+0000][7][safepoint   ] Safepoint "Cleanup", Time since last: 1002321065 ns, Reaching safepoint: 1533559 ns, Cleanup: 249390 ns, At safepoint: 62770 ns, Total: 1845719 ns
[2026-07-09T13:17:59.498+0000][7][safepoint   ] Safepoint "Cleanup", Time since last: 1005300180 ns, Reaching safepoint: 646663 ns, Cleanup: 88563 ns, At safepoint: 75412 ns, Total: 810638 ns
[2026-07-09T13:18:00.499+0000][7][safepoint   ] Safepoint "Cleanup", Time since last: 1000636939 ns, Reaching safepoint: 15233 ns, Cleanup: 37298 ns, At safepoint: 10260 ns, Total: 62791 ns
[2026-07-09T13:18:02.501+0000][7][safepoint   ] Safepoint "Cleanup", Time since last: 2002101769 ns, Reaching safepoint: 10518 ns, Cleanup: 22975 ns, At safepoint: 9138 ns, Total: 42631 ns
[2026-07-09T13:18:04.505+0000][7][safepoint   ] Safepoint "Cleanup", Time since last: 2003997319 ns, Reaching safepoint: 31330 ns, Cleanup: 39677 ns, At safepoint: 18726 ns, Total: 89733 ns
[2026-07-09T13:18:06.511+0000][7][safepoint   ] Safepoint "Cleanup", Time since last: 2001832596 ns, Reaching safepoint: 3814240 ns, Cleanup: 78049 ns, At safepoint: 101758 ns, Total: 3994047 ns
[2026-07-09T13:18:07.512+0000][7][safepoint   ] Safepoint "Cleanup", Time since last: 1001617064 ns, Reaching safepoint: 10029 ns, Cleanup: 14964 ns, At safepoint: 7175 ns, Total: 32168 ns
[2026-07-09T13:18:08.970+0000][7][safepoint   ] Safepoint "Cleanup", Time since last: 1454126513 ns, Reaching safepoint: 89281 ns, Cleanup: 47259 ns, At safepoint: 2932488 ns, Total: 3069028 ns
[2026-07-09T13:18:10.590+0000][7][safepoint   ] Safepoint "Cleanup", Time since last: 1620070672 ns, Reaching safepoint: 12527 ns, Cleanup: 57390 ns, At safepoint: 10278 ns, Total: 80195 ns
[2026-07-09T13:18:11.591+0000][7][safepoint   ] Safepoint "Cleanup", Time since last: 1000863337 ns, Reaching safepoint: 19560 ns, Cleanup: 38096 ns, At safepoint: 12752 ns, Total: 70408 ns
[2026-07-09T13:18:12.592+0000][7][safepoint   ] Safepoint "Cleanup", Time since last: 1000848987 ns, Reaching safepoint: 9817 ns, Cleanup: 19105 ns, At safepoint: 6729 ns, Total: 35651 ns
[2026-07-09T13:18:13.592+0000][7][safepoint   ] Safepoint "Cleanup", Time since last: 1000174263 ns, Reaching safepoint: 10361 ns, Cleanup: 18753 ns, At safepoint: 8662 ns, Total: 37776 ns
[2026-07-09T13:18:14.594+0000][7][safepoint   ] Safepoint "Cleanup", Time since last: 1001970226 ns, Reaching safepoint: 33099 ns, Cleanup: 14123 ns, At safepoint: 10262 ns, Total: 57484 ns
[2026-07-09T13:18:15.600+0000][7][safepoint   ] Safepoint "Cleanup", Time since last: 1004958815 ns, Reaching safepoint: 811015 ns, Cleanup: 19150 ns, At safepoint: 29986 ns, Total: 860151 ns
[2026-07-09T13:18:16.604+0000][7][safepoint   ] Safepoint "Cleanup", Time since last: 1003953770 ns, Reaching safepoint: 11149 ns, Cleanup: 18265 ns, At safepoint: 9100 ns, Total: 38514 ns
[2026-07-09T13:18:17.605+0000][7][safepoint   ] Safepoint "Cleanup", Time since last: 1001134768 ns, Reaching safepoint: 12967 ns, Cleanup: 26401 ns, At safepoint: 8652 ns, Total: 48020 ns
[2026-07-09T13:18:18.607+0000][7][safepoint   ] Safepoint "Cleanup", Time since last: 1001854198 ns, Reaching safepoint: 11130 ns, Cleanup: 16122 ns, At safepoint: 7311 ns, Total: 34563 ns
[2026-07-09T13:18:19.609+0000][7][safepoint   ] Safepoint "Cleanup", Time since last: 1001982994 ns, Reaching safepoint: 12327 ns, Cleanup: 42716 ns, At safepoint: 22808 ns, Total: 77851 ns
[2026-07-09T13:18:20.388+0000][7][gc,start    ] GC(19) Pause Young (Prepare Mixed) (G1 Evacuation Pause)
[2026-07-09T13:18:20.389+0000][7][gc,task     ] GC(19) Using 4 workers of 4 for evacuation
[2026-07-09T13:18:20.389+0000][7][gc,age      ] GC(19) Desired survivor size 20971520 bytes, new threshold 15 (max threshold 15)
[2026-07-09T13:18:20.435+0000][7][gc,phases   ] GC(19)   Pre Evacuate Collection Set: 0.21ms
[2026-07-09T13:18:20.436+0000][7][gc,phases   ] GC(19)   Merge Heap Roots: 0.13ms
[2026-07-09T13:18:20.436+0000][7][gc,phases   ] GC(19)   Evacuate Collection Set: 39.39ms
[2026-07-09T13:18:20.436+0000][7][gc,phases   ] GC(19)   Post Evacuate Collection Set: 5.82ms
[2026-07-09T13:18:20.436+0000][7][gc,phases   ] GC(19)   Other: 0.77ms
[2026-07-09T13:18:20.437+0000][7][gc,age      ] GC(19) Age table with threshold 15 (max threshold 15)
[2026-07-09T13:18:20.437+0000][7][gc,age      ] GC(19) - age   1:    8636928 bytes,    8636928 total
[2026-07-09T13:18:20.437+0000][7][gc,age      ] GC(19) - age   2:     295296 bytes,    8932224 total
[2026-07-09T13:18:20.437+0000][7][gc,age      ] GC(19) - age   3:     570160 bytes,    9502384 total
[2026-07-09T13:18:20.437+0000][7][gc,heap     ] GC(19) Eden regions: 75->0(73)
[2026-07-09T13:18:20.438+0000][7][gc,heap     ] GC(19) Survivor regions: 1->3(10)
[2026-07-09T13:18:20.438+0000][7][gc,heap     ] GC(19) Old regions: 19->19
[2026-07-09T13:18:20.438+0000][7][gc,heap     ] GC(19) Humongous regions: 2->2
[2026-07-09T13:18:20.438+0000][7][gc,metaspace] GC(19) Metaspace: 107701K(110592K)->107701K(110592K) NonClass: 92300K(93888K)->92300K(93888K) Class: 15401K(16704K)->15401K(16704K)
[2026-07-09T13:18:20.439+0000][7][gc          ] GC(19) Pause Young (Prepare Mixed) (G1 Evacuation Pause) 384M->93M(512M) 50.504ms
[2026-07-09T13:18:20.439+0000][7][gc,cpu      ] GC(19) User=0.03s Sys=0.00s Real=0.05s
[2026-07-09T13:18:20.443+0000][7][safepoint   ] Safepoint "G1CollectForAllocation", Time since last: 779371450 ns, Reaching safepoint: 14361 ns, Cleanup: 12668 ns, At safepoint: 54533352 ns, Total: 54560381 ns
[2026-07-09T13:18:21.444+0000][7][safepoint   ] Safepoint "Cleanup", Time since last: 1000968430 ns, Reaching safepoint: 10680 ns, Cleanup: 12736 ns, At safepoint: 7528 ns, Total: 30944 ns
[2026-07-09T13:18:24.448+0000][7][safepoint   ] Safepoint "Cleanup", Time since last: 3004028111 ns, Reaching safepoint: 12828 ns, Cleanup: 11670 ns, At safepoint: 38472 ns, Total: 62970 ns
[2026-07-09T13:18:25.451+0000][7][safepoint   ] Safepoint "Cleanup", Time since last: 1002959138 ns, Reaching safepoint: 11093 ns, Cleanup: 13824 ns, At safepoint: 10789 ns, Total: 35706 ns
[2026-07-09T13:18:26.453+0000][7][safepoint   ] Safepoint "Cleanup", Time since last: 1001882342 ns, Reaching safepoint: 20307 ns, Cleanup: 17174 ns, At safepoint: 12679 ns, Total: 50160 ns
[2026-07-09T13:18:27.454+0000][7][safepoint   ] Safepoint "Cleanup", Time since last: 1000973513 ns, Reaching safepoint: 12470 ns, Cleanup: 15943 ns, At safepoint: 8322 ns, Total: 36735 ns
[2026-07-09T13:18:28.455+0000][7][safepoint   ] Safepoint "Cleanup", Time since last: 1001052854 ns, Reaching safepoint: 10876 ns, Cleanup: 28742 ns, At safepoint: 8128 ns, Total: 47746 ns
[2026-07-09T13:18:29.456+0000][7][safepoint   ] Safepoint "Cleanup", Time since last: 1000968892 ns, Reaching safepoint: 42987 ns, Cleanup: 40045 ns, At safepoint: 11130 ns, Total: 94162 ns
[2026-07-09T13:18:30.457+0000][7][safepoint   ] Safepoint "Cleanup", Time since last: 1000679074 ns, Reaching safepoint: 43017 ns, Cleanup: 25513 ns, At safepoint: 14805 ns, Total: 83335 ns
[2026-07-09T13:18:31.458+0000][7][safepoint   ] Safepoint "Cleanup", Time since last: 1000912189 ns, Reaching safepoint: 12470 ns, Cleanup: 61333 ns, At safepoint: 8991 ns, Total: 82794 ns
[2026-07-09T13:18:32.460+0000][7][safepoint   ] Safepoint "Cleanup", Time since last: 1002037915 ns, Reaching safepoint: 12047 ns, Cleanup: 29069 ns, At safepoint: 7340 ns, Total: 48456 ns
[2026-07-09T13:18:33.463+0000][7][safepoint   ] Safepoint "Cleanup", Time since last: 1000990173 ns, Reaching safepoint: 1864541 ns, Cleanup: 21873 ns, At safepoint: 120526 ns, Total: 2006940 ns
[2026-07-09T13:18:34.466+0000][7][safepoint   ] Safepoint "Cleanup", Time since last: 1002460086 ns, Reaching safepoint: 609205 ns, Cleanup: 29666 ns, At safepoint: 147026 ns, Total: 785897 ns
[2026-07-09T13:18:35.467+0000][7][safepoint   ] Safepoint "Cleanup", Time since last: 1000715029 ns, Reaching safepoint: 11242 ns, Cleanup: 15623 ns, At safepoint: 8029 ns, Total: 34894 ns
[2026-07-09T13:18:36.469+0000][7][safepoint   ] Safepoint "Cleanup", Time since last: 1001339163 ns, Reaching safepoint: 11491 ns, Cleanup: 11573 ns, At safepoint: 7385 ns, Total: 30449 ns
[2026-07-09T13:18:37.469+0000][7][safepoint   ] Safepoint "Cleanup", Time since last: 1000620780 ns, Reaching safepoint: 10758 ns, Cleanup: 18359 ns, At safepoint: 7589 ns, Total: 36706 ns
[2026-07-09T13:18:38.472+0000][7][safepoint   ] Safepoint "Cleanup", Time since last: 1002544392 ns, Reaching safepoint: 13837 ns, Cleanup: 17409 ns, At safepoint: 9619 ns, Total: 40865 ns
[2026-07-09T13:18:39.478+0000][7][safepoint   ] Safepoint "Cleanup", Time since last: 1004346829 ns, Reaching safepoint: 2055255 ns, Cleanup: 86285 ns, At safepoint: 69896 ns, Total: 2211436 ns
[2026-07-09T13:18:39.493+0000][7][gc,start    ] GC(20) Pause Young (Mixed) (G1 Evacuation Pause)
[2026-07-09T13:18:39.493+0000][7][gc,task     ] GC(20) Using 4 workers of 4 for evacuation
[2026-07-09T13:18:39.494+0000][7][gc,age      ] GC(20) Desired survivor size 20971520 bytes, new threshold 15 (max threshold 15)
[2026-07-09T13:18:39.554+0000][7][gc,phases   ] GC(20)   Pre Evacuate Collection Set: 0.17ms
[2026-07-09T13:18:39.555+0000][7][gc,phases   ] GC(20)   Merge Heap Roots: 0.12ms
[2026-07-09T13:18:39.555+0000][7][gc,phases   ] GC(20)   Evacuate Collection Set: 54.76ms
[2026-07-09T13:18:39.556+0000][7][gc,phases   ] GC(20)   Post Evacuate Collection Set: 4.10ms
[2026-07-09T13:18:39.556+0000][7][gc,phases   ] GC(20)   Other: 1.59ms
[2026-07-09T13:18:39.557+0000][7][gc,age      ] GC(20) Age table with threshold 15 (max threshold 15)
[2026-07-09T13:18:39.557+0000][7][gc,age      ] GC(20) - age   1:     394920 bytes,     394920 total
[2026-07-09T13:18:39.557+0000][7][gc,age      ] GC(20) - age   2:    5025712 bytes,    5420632 total
[2026-07-09T13:18:39.558+0000][7][gc,age      ] GC(20) - age   3:     295200 bytes,    5715832 total
[2026-07-09T13:18:39.558+0000][7][gc,age      ] GC(20) - age   4:     570024 bytes,    6285856 total
[2026-07-09T13:18:39.558+0000][7][gc,heap     ] GC(20) Eden regions: 73->0(74)
[2026-07-09T13:18:39.558+0000][7][gc,heap     ] GC(20) Survivor regions: 3->2(10)
[2026-07-09T13:18:39.558+0000][7][gc,heap     ] GC(20) Old regions: 19->19
[2026-07-09T13:18:39.559+0000][7][gc,heap     ] GC(20) Humongous regions: 2->2
[2026-07-09T13:18:39.559+0000][7][gc,metaspace] GC(20) Metaspace: 108037K(110912K)->108037K(110912K) NonClass: 92621K(94208K)->92621K(94208K) Class: 15415K(16704K)->15415K(16704K)
[2026-07-09T13:18:39.559+0000][7][gc          ] GC(20) Pause Young (Mixed) (G1 Evacuation Pause) 384M->88M(512M) 66.323ms
[2026-07-09T13:18:39.559+0000][7][gc,cpu      ] GC(20) User=0.05s Sys=0.00s Real=0.07s
[2026-07-09T13:18:39.564+0000][7][safepoint   ] Safepoint "G1CollectForAllocation", Time since last: 14133168 ns, Reaching safepoint: 9426 ns, Cleanup: 3263 ns, At safepoint: 71716390 ns, Total: 71729079 ns
[2026-07-09T13:18:40.566+0000][7][safepoint   ] Safepoint "Cleanup", Time since last: 1001927915 ns, Reaching safepoint: 11521 ns, Cleanup: 26527 ns, At safepoint: 8432 ns, Total: 46480 ns
[2026-07-09T13:18:41.567+0000][7][safepoint   ] Safepoint "Cleanup", Time since last: 1000898651 ns, Reaching safepoint: 14082 ns, Cleanup: 14692 ns, At safepoint: 7565 ns, Total: 36339 ns
[2026-07-09T13:18:42.572+0000][7][safepoint   ] Safepoint "Cleanup", Time since last: 1004556181 ns, Reaching safepoint: 160259 ns, Cleanup: 67915 ns, At safepoint: 29595 ns, Total: 257769 ns
[2026-07-09T13:18:43.582+0000][7][safepoint   ] Safepoint "Cleanup", Time since last: 1007789202 ns, Reaching safepoint: 1514716 ns, Cleanup: 36383 ns, At safepoint: 637806 ns, Total: 2188905 ns
[2026-07-09T13:18:44.599+0000][7][safepoint   ] Safepoint "Cleanup", Time since last: 1016175574 ns, Reaching safepoint: 1019825 ns, Cleanup: 32747 ns, At safepoint: 100791 ns, Total: 1153363 ns
[2026-07-09T13:18:45.601+0000][7][safepoint   ] Safepoint "Cleanup", Time since last: 1001828244 ns, Reaching safepoint: 15654 ns, Cleanup: 91594 ns, At safepoint: 12577 ns, Total: 119825 ns
[2026-07-09T13:18:48.605+0000][7][safepoint   ] Safepoint "Cleanup", Time since last: 3003897343 ns, Reaching safepoint: 35699 ns, Cleanup: 16109 ns, At safepoint: 8363 ns, Total: 60171 ns
[2026-07-09T13:18:49.606+0000][7][safepoint   ] Safepoint "Cleanup", Time since last: 1001091920 ns, Reaching safepoint: 10751 ns, Cleanup: 16062 ns, At safepoint: 8108 ns, Total: 34921 ns
[2026-07-09T13:18:51.608+0000][7][safepoint   ] Safepoint "Cleanup", Time since last: 2001780124 ns, Reaching safepoint: 16064 ns, Cleanup: 21163 ns, At safepoint: 8698 ns, Total: 45925 ns
[2026-07-09T13:18:53.609+0000][7][safepoint   ] Safepoint "Cleanup", Time since last: 2001208300 ns, Reaching safepoint: 27571 ns, Cleanup: 25168 ns, At safepoint: 12159 ns, Total: 64898 ns
[2026-07-09T13:18:55.611+0000][7][safepoint   ] Safepoint "Cleanup", Time since last: 2001795026 ns, Reaching safepoint: 10083 ns, Cleanup: 11049 ns, At safepoint: 7657 ns, Total: 28789 ns
[2026-07-09T13:19:06.621+0000][7][safepoint   ] Safepoint "Cleanup", Time since last: 11008816728 ns, Reaching safepoint: 36062 ns, Cleanup: 12872 ns, At safepoint: 7974 ns, Total: 56908 ns
[2026-07-09T13:19:10.111+0000][7][safepoint   ] Safepoint "Cleanup", Time since last: 3490099065 ns, Reaching safepoint: 10108 ns, Cleanup: 11253 ns, At safepoint: 8230 ns, Total: 29591 ns
[2026-07-09T13:19:12.114+0000][7][safepoint   ] Safepoint "Cleanup", Time since last: 2002877297 ns, Reaching safepoint: 46235 ns, Cleanup: 14857 ns, At safepoint: 8819 ns, Total: 69911 ns
[2026-07-09T13:19:18.143+0000][7][safepoint   ] Safepoint "Cleanup", Time since last: 6028885084 ns, Reaching safepoint: 29561 ns, Cleanup: 10546 ns, At safepoint: 6974 ns, Total: 47081 ns
[2026-07-09T13:19:19.144+0000][7][safepoint   ] Safepoint "Cleanup", Time since last: 1001124590 ns, Reaching safepoint: 14482 ns, Cleanup: 19162 ns, At safepoint: 9635 ns, Total: 43279 ns
[2026-07-09T13:19:21.146+0000][7][safepoint   ] Safepoint "Cleanup", Time since last: 2001512306 ns, Reaching safepoint: 18752 ns, Cleanup: 32711 ns, At safepoint: 13514 ns, Total: 64977 ns
[2026-07-09T13:19:22.155+0000][7][safepoint   ] Safepoint "Cleanup", Time since last: 1008418761 ns, Reaching safepoint: 16537 ns, Cleanup: 14548 ns, At safepoint: 165683 ns, Total: 196768 ns
[2026-07-09T13:19:23.155+0000][7][safepoint   ] Safepoint "Cleanup", Time since last: 1000652378 ns, Reaching safepoint: 17264 ns, Cleanup: 16168 ns, At safepoint: 16263 ns, Total: 49695 ns
[2026-07-09T13:19:29.162+0000][7][safepoint   ] Safepoint "Cleanup", Time since last: 6004986851 ns, Reaching safepoint: 11564 ns, Cleanup: 12439 ns, At safepoint: 7173 ns, Total: 31176 ns
[2026-07-09T13:19:42.173+0000][7][safepoint   ] Safepoint "Cleanup", Time since last: 13010962858 ns, Reaching safepoint: 32524 ns, Cleanup: 16386 ns, At safepoint: 8140 ns, Total: 57050 ns
[2026-07-09T13:19:47.177+0000][7][safepoint   ] Safepoint "Cleanup", Time since last: 5004856546 ns, Reaching safepoint: 61368 ns, Cleanup: 21712 ns, At safepoint: 13963 ns, Total: 97043 ns
[2026-07-09T13:19:48.182+0000][7][safepoint   ] Safepoint "Cleanup", Time since last: 1004541287 ns, Reaching safepoint: 40114 ns, Cleanup: 45239 ns, At safepoint: 19469 ns, Total: 104822 ns
[2026-07-09T13:20:00.220+0000][7][safepoint   ] Safepoint "Cleanup", Time since last: 12037489650 ns, Reaching safepoint: 47444 ns, Cleanup: 17284 ns, At safepoint: 8986 ns, Total: 73714 ns
[2026-07-09T13:20:07.227+0000][7][safepoint   ] Safepoint "Cleanup", Time since last: 7006867468 ns, Reaching safepoint: 30722 ns, Cleanup: 15121 ns, At safepoint: 9077 ns, Total: 54920 ns
[2026-07-09T13:20:20.132+0000][7][safepoint   ] Safepoint "Cleanup", Time since last: 12904859559 ns, Reaching safepoint: 11273 ns, Cleanup: 12854 ns, At safepoint: 67125 ns, Total: 91252 ns
[2026-07-09T13:20:22.135+0000][7][safepoint   ] Safepoint "Cleanup", Time since last: 2002858892 ns, Reaching safepoint: 11531 ns, Cleanup: 11218 ns, At safepoint: 7739 ns, Total: 30488 ns
[2026-07-09T13:20:30.145+0000][7][safepoint   ] Safepoint "Cleanup", Time since last: 8008116630 ns, Reaching safepoint: 10096 ns, Cleanup: 10698 ns, At safepoint: 7440 ns, Total: 28234 ns
[2026-07-09T13:20:31.146+0000][7][safepoint   ] Safepoint "Cleanup", Time since last: 1001918159 ns, Reaching safepoint: 10663 ns, Cleanup: 10948 ns, At safepoint: 7504 ns, Total: 29115 ns
[2026-07-09T13:20:42.160+0000][7][safepoint   ] Safepoint "Cleanup", Time since last: 11013012729 ns, Reaching safepoint: 11538 ns, Cleanup: 14706 ns, At safepoint: 8445 ns, Total: 34689 ns
[2026-07-09T13:20:49.489+0000][7][gc,heap,exit] Heap
[2026-07-09T13:20:49.490+0000][7][gc,heap,exit]  garbage-first heap   total reserved 524288K, committed 524288K, used 276130K [0x00000000e0000000, 0x0000000100000000)
[2026-07-09T13:20:49.490+0000][7][gc,heap,exit]   region size 4096K, 48 young (196608K), 2 survivors (8192K)
[2026-07-09T13:20:49.490+0000][7][gc,heap,exit]  Metaspace       used 108500K, committed 111360K, reserved 1179648K
[2026-07-09T13:20:49.490+0000][7][gc,heap,exit]   class space    used 15455K, committed 16768K, reserved 1048576K
