[2026-07-13T08:37:30.811+0000][8][gc,init] CardTable entry size: 512
[2026-07-13T08:37:30.813+0000][8][gc     ] Using G1
[2026-07-13T08:37:30.935+0000][8][gc,init] Version: 22.0.1+8-16 (release)
[2026-07-13T08:37:30.945+0000][8][gc,init] CPUs: 4 total, 4 available
[2026-07-13T08:37:30.946+0000][8][gc,init] Memory: 32093M
[2026-07-13T08:37:30.950+0000][8][gc,init] Large Page Support: Disabled
[2026-07-13T08:37:30.950+0000][8][gc,init] NUMA Support: Disabled
[2026-07-13T08:37:30.951+0000][8][gc,init] Compressed Oops: Enabled (32-bit)
[2026-07-13T08:37:30.951+0000][8][gc,init] Heap Region Size: 4M
[2026-07-13T08:37:30.951+0000][8][gc,init] Heap Min Capacity: 512M
[2026-07-13T08:37:30.957+0000][8][gc,init] Heap Initial Capacity: 512M
[2026-07-13T08:37:30.957+0000][8][gc,init] Heap Max Capacity: 512M
[2026-07-13T08:37:30.960+0000][8][gc,init] Pre-touch: Enabled
[2026-07-13T08:37:30.961+0000][8][gc,init] Parallel Workers: 4
[2026-07-13T08:37:30.961+0000][8][gc,init] Concurrent Workers: 1
[2026-07-13T08:37:30.962+0000][8][gc,init] Concurrent Refinement Workers: 4
[2026-07-13T08:37:30.962+0000][8][gc,init] Periodic GC: Disabled
[2026-07-13T08:37:31.039+0000][8][gc,metaspace] CDS archive(s) mapped at: [0x00007f8f46000000-0x00007f8f46c74000-0x00007f8f46c74000), size 13058048, SharedBaseAddress: 0x00007f8f46000000, ArchiveRelocationMode: 1.
[2026-07-13T08:37:31.088+0000][8][gc,metaspace] Compressed class space mapped at: 0x00007f8f47000000-0x00007f8f87000000, reserved size: 1073741824
[2026-07-13T08:37:31.088+0000][8][gc,metaspace] Narrow klass base: 0x00007f8f46000000, Narrow klass shift: 0, Narrow klass range: 0x100000000
[2026-07-13T08:37:32.236+0000][8][safepoint   ] Safepoint "Cleanup", Time since last: 1076734159 ns, Reaching safepoint: 270482 ns, Cleanup: 42688 ns, At safepoint: 9199855 ns, Total: 9513025 ns
[2026-07-13T08:37:33.528+0000][8][safepoint   ] Safepoint "Cleanup", Time since last: 1290603121 ns, Reaching safepoint: 796742 ns, Cleanup: 79057 ns, At safepoint: 129334 ns, Total: 1005133 ns
[2026-07-13T08:37:34.764+0000][8][gc,start    ] GC(0) Pause Young (Normal) (G1 Evacuation Pause)
[2026-07-13T08:37:34.764+0000][8][gc,task     ] GC(0) Using 4 workers of 4 for evacuation
[2026-07-13T08:37:34.764+0000][8][gc,age      ] GC(0) Desired survivor size 2097152 bytes, new threshold 15 (max threshold 15)
[2026-07-13T08:37:34.774+0000][8][gc,phases   ] GC(0)   Pre Evacuate Collection Set: 0.11ms
[2026-07-13T08:37:34.775+0000][8][gc,phases   ] GC(0)   Merge Heap Roots: 0.04ms
[2026-07-13T08:37:34.776+0000][8][gc,phases   ] GC(0)   Evacuate Collection Set: 8.11ms
[2026-07-13T08:37:34.776+0000][8][gc,phases   ] GC(0)   Post Evacuate Collection Set: 1.35ms
[2026-07-13T08:37:34.777+0000][8][gc,phases   ] GC(0)   Other: 0.53ms
[2026-07-13T08:37:34.777+0000][8][gc,age      ] GC(0) Age table with threshold 15 (max threshold 15)
[2026-07-13T08:37:34.777+0000][8][gc,age      ] GC(0) - age   1:    4156136 bytes,    4156136 total
[2026-07-13T08:37:34.777+0000][8][gc,heap     ] GC(0) Eden regions: 6->0(5)
[2026-07-13T08:37:34.778+0000][8][gc,heap     ] GC(0) Survivor regions: 0->1(1)
[2026-07-13T08:37:34.778+0000][8][gc,heap     ] GC(0) Old regions: 1->2
[2026-07-13T08:37:34.778+0000][8][gc,heap     ] GC(0) Humongous regions: 0->0
[2026-07-13T08:37:34.778+0000][8][gc,metaspace] GC(0) Metaspace: 9283K(9472K)->9283K(9472K) NonClass: 8240K(8320K)->8240K(8320K) Class: 1042K(1152K)->1042K(1152K)
[2026-07-13T08:37:34.779+0000][8][gc          ] GC(0) Pause Young (Normal) (G1 Evacuation Pause) 25M->5M(512M) 14.632ms
[2026-07-13T08:37:34.779+0000][8][gc,cpu      ] GC(0) User=0.03s Sys=0.00s Real=0.01s
[2026-07-13T08:37:34.779+0000][8][safepoint   ] Safepoint "G1CollectForAllocation", Time since last: 1235869569 ns, Reaching safepoint: 3023 ns, Cleanup: 104684 ns, At safepoint: 15165302 ns, Total: 15273009 ns
[2026-07-13T08:37:35.507+0000][8][gc,start    ] GC(1) Pause Young (Normal) (G1 Evacuation Pause)
[2026-07-13T08:37:35.507+0000][8][gc,task     ] GC(1) Using 4 workers of 4 for evacuation
[2026-07-13T08:37:35.507+0000][8][gc,age      ] GC(1) Desired survivor size 2097152 bytes, new threshold 1 (max threshold 15)
[2026-07-13T08:37:35.515+0000][8][gc,phases   ] GC(1)   Pre Evacuate Collection Set: 0.16ms
[2026-07-13T08:37:35.515+0000][8][gc,phases   ] GC(1)   Merge Heap Roots: 0.05ms
[2026-07-13T08:37:35.516+0000][8][gc,phases   ] GC(1)   Evacuate Collection Set: 5.41ms
[2026-07-13T08:37:35.516+0000][8][gc,phases   ] GC(1)   Post Evacuate Collection Set: 1.15ms
[2026-07-13T08:37:35.516+0000][8][gc,phases   ] GC(1)   Other: 1.04ms
[2026-07-13T08:37:35.517+0000][8][gc,age      ] GC(1) Age table with threshold 1 (max threshold 15)
[2026-07-13T08:37:35.517+0000][8][gc,age      ] GC(1) - age   1:    1957264 bytes,    1957264 total
[2026-07-13T08:37:35.517+0000][8][gc,heap     ] GC(1) Eden regions: 5->0(8)
[2026-07-13T08:37:35.517+0000][8][gc,heap     ] GC(1) Survivor regions: 1->1(1)
[2026-07-13T08:37:35.517+0000][8][gc,heap     ] GC(1) Old regions: 2->3
[2026-07-13T08:37:35.517+0000][8][gc,heap     ] GC(1) Humongous regions: 0->0
[2026-07-13T08:37:35.518+0000][8][gc,metaspace] GC(1) Metaspace: 12436K(12800K)->12436K(12800K) NonClass: 10932K(11136K)->10932K(11136K) Class: 1503K(1664K)->1503K(1664K)
[2026-07-13T08:37:35.518+0000][8][gc          ] GC(1) Pause Young (Normal) (G1 Evacuation Pause) 25M->7M(512M) 11.144ms
[2026-07-13T08:37:35.518+0000][8][gc,cpu      ] GC(1) User=0.02s Sys=0.00s Real=0.01s
[2026-07-13T08:37:35.518+0000][8][safepoint   ] Safepoint "G1CollectForAllocation", Time since last: 727780770 ns, Reaching safepoint: 5900 ns, Cleanup: 98244 ns, At safepoint: 11587119 ns, Total: 11691263 ns
[2026-07-13T08:37:36.662+0000][8][gc,start    ] GC(2) Pause Young (Normal) (G1 Evacuation Pause)
[2026-07-13T08:37:36.663+0000][8][gc,task     ] GC(2) Using 4 workers of 4 for evacuation
[2026-07-13T08:37:36.663+0000][8][gc,age      ] GC(2) Desired survivor size 4194304 bytes, new threshold 15 (max threshold 15)
[2026-07-13T08:37:36.672+0000][8][gc,phases   ] GC(2)   Pre Evacuate Collection Set: 0.19ms
[2026-07-13T08:37:36.672+0000][8][gc,phases   ] GC(2)   Merge Heap Roots: 0.10ms
[2026-07-13T08:37:36.672+0000][8][gc,phases   ] GC(2)   Evacuate Collection Set: 6.24ms
[2026-07-13T08:37:36.672+0000][8][gc,phases   ] GC(2)   Post Evacuate Collection Set: 1.52ms
[2026-07-13T08:37:36.673+0000][8][gc,phases   ] GC(2)   Other: 1.01ms
[2026-07-13T08:37:36.673+0000][8][gc,age      ] GC(2) Age table with threshold 15 (max threshold 15)
[2026-07-13T08:37:36.673+0000][8][gc,age      ] GC(2) - age   1:    1114816 bytes,    1114816 total
[2026-07-13T08:37:36.673+0000][8][gc,age      ] GC(2) - age   2:    1929040 bytes,    3043856 total
[2026-07-13T08:37:36.674+0000][8][gc,heap     ] GC(2) Eden regions: 8->0(28)
[2026-07-13T08:37:36.674+0000][8][gc,heap     ] GC(2) Survivor regions: 1->1(2)
[2026-07-13T08:37:36.674+0000][8][gc,heap     ] GC(2) Old regions: 3->3
[2026-07-13T08:37:36.674+0000][8][gc,heap     ] GC(2) Humongous regions: 0->0
[2026-07-13T08:37:36.675+0000][8][gc,metaspace] GC(2) Metaspace: 15576K(15936K)->15576K(15936K) NonClass: 13745K(13952K)->13745K(13952K) Class: 1831K(1984K)->1831K(1984K)
[2026-07-13T08:37:36.675+0000][8][gc          ] GC(2) Pause Young (Normal) (G1 Evacuation Pause) 39M->8M(512M) 12.431ms
[2026-07-13T08:37:36.675+0000][8][gc,cpu      ] GC(2) User=0.01s Sys=0.00s Real=0.01s
[2026-07-13T08:37:36.676+0000][8][safepoint   ] Safepoint "G1CollectForAllocation", Time since last: 1143204070 ns, Reaching safepoint: 4638 ns, Cleanup: 155648 ns, At safepoint: 13481715 ns, Total: 13642001 ns
[2026-07-13T08:37:37.685+0000][8][safepoint   ] Safepoint "Cleanup", Time since last: 1004433953 ns, Reaching safepoint: 4723713 ns, Cleanup: 76876 ns, At safepoint: 20527 ns, Total: 4821116 ns
[2026-07-13T08:37:38.691+0000][8][safepoint   ] Safepoint "Cleanup", Time since last: 1004721494 ns, Reaching safepoint: 1037811 ns, Cleanup: 71573 ns, At safepoint: 21260 ns, Total: 1130644 ns
[2026-07-13T08:37:39.118+0000][8][gc,start    ] GC(3) Pause Young (Normal) (G1 Evacuation Pause)
[2026-07-13T08:37:39.119+0000][8][gc,task     ] GC(3) Using 4 workers of 4 for evacuation
[2026-07-13T08:37:39.119+0000][8][gc,age      ] GC(3) Desired survivor size 8388608 bytes, new threshold 15 (max threshold 15)
[2026-07-13T08:37:39.167+0000][8][gc,phases   ] GC(3)   Pre Evacuate Collection Set: 0.09ms
[2026-07-13T08:37:39.168+0000][8][gc,phases   ] GC(3)   Merge Heap Roots: 0.05ms
[2026-07-13T08:37:39.168+0000][8][gc,phases   ] GC(3)   Evacuate Collection Set: 45.35ms
[2026-07-13T08:37:39.168+0000][8][gc,phases   ] GC(3)   Post Evacuate Collection Set: 2.45ms
[2026-07-13T08:37:39.168+0000][8][gc,phases   ] GC(3)   Other: 0.62ms
[2026-07-13T08:37:39.169+0000][8][gc,age      ] GC(3) Age table with threshold 15 (max threshold 15)
[2026-07-13T08:37:39.169+0000][8][gc,age      ] GC(3) - age   1:    3047184 bytes,    3047184 total
[2026-07-13T08:37:39.169+0000][8][gc,age      ] GC(3) - age   2:    1020648 bytes,    4067832 total
[2026-07-13T08:37:39.169+0000][8][gc,age      ] GC(3) - age   3:    1918200 bytes,    5986032 total
[2026-07-13T08:37:39.170+0000][8][gc,heap     ] GC(3) Eden regions: 29->0(74)
[2026-07-13T08:37:39.170+0000][8][gc,heap     ] GC(3) Survivor regions: 1->2(4)
[2026-07-13T08:37:39.170+0000][8][gc,heap     ] GC(3) Old regions: 3->3
[2026-07-13T08:37:39.170+0000][8][gc,heap     ] GC(3) Humongous regions: 0->0
[2026-07-13T08:37:39.170+0000][8][gc,metaspace] GC(3) Metaspace: 17965K(18368K)->17965K(18368K) NonClass: 15859K(16064K)->15859K(16064K) Class: 2106K(2304K)->2106K(2304K)
[2026-07-13T08:37:39.171+0000][8][gc          ] GC(3) Pause Young (Normal) (G1 Evacuation Pause) 124M->11M(512M) 52.563ms
[2026-07-13T08:37:39.172+0000][8][gc,cpu      ] GC(3) User=0.11s Sys=0.01s Real=0.06s
[2026-07-13T08:37:39.174+0000][8][safepoint   ] Safepoint "G1CollectForAllocation", Time since last: 427318307 ns, Reaching safepoint: 35408 ns, Cleanup: 48579 ns, At safepoint: 55217345 ns, Total: 55301332 ns
[2026-07-13T08:37:40.680+0000][8][safepoint   ] Safepoint "Cleanup", Time since last: 1504889742 ns, Reaching safepoint: 883644 ns, Cleanup: 77232 ns, At safepoint: 86680 ns, Total: 1047556 ns
[2026-07-13T08:37:41.686+0000][8][safepoint   ] Safepoint "Cleanup", Time since last: 1006736099 ns, Reaching safepoint: 4659 ns, Cleanup: 35668 ns, At safepoint: 50849 ns, Total: 91176 ns
[2026-07-13T08:37:42.265+0000][8][gc,start    ] GC(4) Pause Young (Normal) (G1 Evacuation Pause)
[2026-07-13T08:37:42.266+0000][8][gc,task     ] GC(4) Using 4 workers of 4 for evacuation
[2026-07-13T08:37:42.267+0000][8][gc,age      ] GC(4) Desired survivor size 20971520 bytes, new threshold 15 (max threshold 15)
[2026-07-13T08:37:42.330+0000][8][gc,phases   ] GC(4)   Pre Evacuate Collection Set: 3.82ms
[2026-07-13T08:37:42.331+0000][8][gc,phases   ] GC(4)   Merge Heap Roots: 0.09ms
[2026-07-13T08:37:42.331+0000][8][gc,phases   ] GC(4)   Evacuate Collection Set: 56.53ms
[2026-07-13T08:37:42.331+0000][8][gc,phases   ] GC(4)   Post Evacuate Collection Set: 2.69ms
[2026-07-13T08:37:42.332+0000][8][gc,phases   ] GC(4)   Other: 1.27ms
[2026-07-13T08:37:42.332+0000][8][gc,age      ] GC(4) Age table with threshold 15 (max threshold 15)
[2026-07-13T08:37:42.332+0000][8][gc,age      ] GC(4) - age   1:    5629120 bytes,    5629120 total
[2026-07-13T08:37:42.333+0000][8][gc,age      ] GC(4) - age   2:    2139512 bytes,    7768632 total
[2026-07-13T08:37:42.333+0000][8][gc,age      ] GC(4) - age   3:    1020192 bytes,    8788824 total
[2026-07-13T08:37:42.333+0000][8][gc,age      ] GC(4) - age   4:    1918040 bytes,   10706864 total
[2026-07-13T08:37:42.333+0000][8][gc,heap     ] GC(4) Eden regions: 74->0(73)
[2026-07-13T08:37:42.334+0000][8][gc,heap     ] GC(4) Survivor regions: 2->3(10)
[2026-07-13T08:37:42.334+0000][8][gc,heap     ] GC(4) Old regions: 3->3
[2026-07-13T08:37:42.334+0000][8][gc,heap     ] GC(4) Humongous regions: 0->0
[2026-07-13T08:37:42.335+0000][8][gc,metaspace] GC(4) Metaspace: 19442K(19904K)->19442K(19904K) NonClass: 17103K(17344K)->17103K(17344K) Class: 2339K(2560K)->2339K(2560K)
[2026-07-13T08:37:42.336+0000][8][gc          ] GC(4) Pause Young (Normal) (G1 Evacuation Pause) 307M->17M(512M) 70.312ms
[2026-07-13T08:37:42.336+0000][8][gc,cpu      ] GC(4) User=0.11s Sys=0.01s Real=0.07s
[2026-07-13T08:37:42.345+0000][8][safepoint   ] Safepoint "G1CollectForAllocation", Time since last: 578883480 ns, Reaching safepoint: 13576 ns, Cleanup: 27759 ns, At safepoint: 79319003 ns, Total: 79360338 ns
[2026-07-13T08:37:43.352+0000][8][safepoint   ] Safepoint "Cleanup", Time since last: 1000765988 ns, Reaching safepoint: 6915582 ns, Cleanup: 75161 ns, At safepoint: 20909 ns, Total: 7011652 ns
[2026-07-13T08:37:44.366+0000][8][safepoint   ] Safepoint "Cleanup", Time since last: 1002123722 ns, Reaching safepoint: 10835262 ns, Cleanup: 77889 ns, At safepoint: 57106 ns, Total: 10970257 ns
[2026-07-13T08:37:45.007+0000][8][gc,start    ] GC(5) Pause Young (Normal) (G1 Evacuation Pause)
[2026-07-13T08:37:45.031+0000][8][gc,task     ] GC(5) Using 4 workers of 4 for evacuation
[2026-07-13T08:37:45.034+0000][8][gc,age      ] GC(5) Desired survivor size 20971520 bytes, new threshold 15 (max threshold 15)
[2026-07-13T08:37:45.178+0000][8][gc,phases   ] GC(5)   Pre Evacuate Collection Set: 8.57ms
[2026-07-13T08:37:45.180+0000][8][gc,phases   ] GC(5)   Merge Heap Roots: 0.15ms
[2026-07-13T08:37:45.180+0000][8][gc,phases   ] GC(5)   Evacuate Collection Set: 115.72ms
[2026-07-13T08:37:45.180+0000][8][gc,phases   ] GC(5)   Post Evacuate Collection Set: 5.04ms
[2026-07-13T08:37:45.180+0000][8][gc,phases   ] GC(5)   Other: 21.49ms
[2026-07-13T08:37:45.180+0000][8][gc,age      ] GC(5) Age table with threshold 15 (max threshold 15)
[2026-07-13T08:37:45.181+0000][8][gc,age      ] GC(5) - age   1:    1340864 bytes,    1340864 total
[2026-07-13T08:37:45.181+0000][8][gc,age      ] GC(5) - age   2:    5053288 bytes,    6394152 total
[2026-07-13T08:37:45.181+0000][8][gc,age      ] GC(5) - age   3:    2139096 bytes,    8533248 total
[2026-07-13T08:37:45.181+0000][8][gc,age      ] GC(5) - age   4:    1020048 bytes,    9553296 total
[2026-07-13T08:37:45.181+0000][8][gc,age      ] GC(5) - age   5:    1918040 bytes,   11471336 total
[2026-07-13T08:37:45.181+0000][8][gc,heap     ] GC(5) Eden regions: 73->0(72)
[2026-07-13T08:37:45.182+0000][8][gc,heap     ] GC(5) Survivor regions: 3->4(10)
[2026-07-13T08:37:45.182+0000][8][gc,heap     ] GC(5) Old regions: 3->3
[2026-07-13T08:37:45.182+0000][8][gc,heap     ] GC(5) Humongous regions: 0->0
[2026-07-13T08:37:45.182+0000][8][gc,metaspace] GC(5) Metaspace: 20401K(20928K)->20401K(20928K) NonClass: 17923K(18240K)->17923K(18240K) Class: 2478K(2688K)->2478K(2688K)
[2026-07-13T08:37:45.182+0000][8][gc          ] GC(5) Pause Young (Normal) (G1 Evacuation Pause) 309M->17M(512M) 175.575ms
[2026-07-13T08:37:45.182+0000][8][gc,cpu      ] GC(5) User=0.10s Sys=0.01s Real=0.19s
[2026-07-13T08:37:45.183+0000][8][safepoint   ] Safepoint "G1CollectForAllocation", Time since last: 637814860 ns, Reaching safepoint: 6958 ns, Cleanup: 16236 ns, At safepoint: 179704305 ns, Total: 179727499 ns
[2026-07-13T08:37:46.225+0000][8][safepoint   ] Safepoint "Cleanup", Time since last: 1009367554 ns, Reaching safepoint: 9383 ns, Cleanup: 32443312 ns, At safepoint: 27607 ns, Total: 32480302 ns
[2026-07-13T08:37:47.266+0000][8][safepoint   ] Safepoint "Cleanup", Time since last: 1023481797 ns, Reaching safepoint: 17768076 ns, Cleanup: 23163 ns, At safepoint: 102987 ns, Total: 17894226 ns
[2026-07-13T08:37:51.330+0000][8][safepoint   ] Safepoint "Cleanup", Time since last: 4063203223 ns, Reaching safepoint: 889781 ns, Cleanup: 25873 ns, At safepoint: 17007 ns, Total: 932661 ns
[2026-07-13T08:37:52.084+0000][8][gc,start    ] GC(6) Pause Young (Concurrent Start) (Metadata GC Threshold)
[2026-07-13T08:37:52.085+0000][8][gc,task     ] GC(6) Using 4 workers of 4 for evacuation
[2026-07-13T08:37:52.085+0000][8][gc,age      ] GC(6) Desired survivor size 20971520 bytes, new threshold 15 (max threshold 15)
[2026-07-13T08:37:52.162+0000][8][gc,phases   ] GC(6)   Pre Evacuate Collection Set: 0.11ms
[2026-07-13T08:37:52.163+0000][8][gc,phases   ] GC(6)   Merge Heap Roots: 0.07ms
[2026-07-13T08:37:52.163+0000][8][gc,phases   ] GC(6)   Evacuate Collection Set: 73.94ms
[2026-07-13T08:37:52.163+0000][8][gc,phases   ] GC(6)   Post Evacuate Collection Set: 3.50ms
[2026-07-13T08:37:52.163+0000][8][gc,phases   ] GC(6)   Other: 0.29ms
[2026-07-13T08:37:52.163+0000][8][gc,age      ] GC(6) Age table with threshold 15 (max threshold 15)
[2026-07-13T08:37:52.163+0000][8][gc,age      ] GC(6) - age   1:    1598712 bytes,    1598712 total
[2026-07-13T08:37:52.163+0000][8][gc,age      ] GC(6) - age   2:    1323336 bytes,    2922048 total
[2026-07-13T08:37:52.163+0000][8][gc,age      ] GC(6) - age   3:    5049264 bytes,    7971312 total
[2026-07-13T08:37:52.164+0000][8][gc,age      ] GC(6) - age   4:    2138072 bytes,   10109384 total
[2026-07-13T08:37:52.164+0000][8][gc,age      ] GC(6) - age   5:    1020048 bytes,   11129432 total
[2026-07-13T08:37:52.164+0000][8][gc,age      ] GC(6) - age   6:    1918040 bytes,   13047472 total
[2026-07-13T08:37:52.164+0000][8][gc,heap     ] GC(6) Eden regions: 42->0(72)
[2026-07-13T08:37:52.164+0000][8][gc,heap     ] GC(6) Survivor regions: 4->4(10)
[2026-07-13T08:37:52.164+0000][8][gc,heap     ] GC(6) Old regions: 3->3
[2026-07-13T08:37:52.164+0000][8][gc,heap     ] GC(6) Humongous regions: 0->0
[2026-07-13T08:37:52.164+0000][8][gc,metaspace] GC(6) Metaspace: 21020K(21504K)->21020K(21504K) NonClass: 18461K(18752K)->18461K(18752K) Class: 2558K(2752K)->2558K(2752K)
[2026-07-13T08:37:52.164+0000][8][gc          ] GC(6) Pause Young (Concurrent Start) (Metadata GC Threshold) 185M->19M(512M) 79.952ms
[2026-07-13T08:37:52.164+0000][8][gc,cpu      ] GC(6) User=0.10s Sys=0.01s Real=0.08s
[2026-07-13T08:37:52.165+0000][8][gc          ] GC(7) Concurrent Mark Cycle
[2026-07-13T08:37:52.166+0000][8][gc,marking  ] GC(7) Concurrent Scan Root Regions
[2026-07-13T08:37:52.185+0000][8][safepoint   ] Safepoint "CollectForMetadataAllocation", Time since last: 735575419 ns, Reaching safepoint: 7613 ns, Cleanup: 18318699 ns, At safepoint: 100928563 ns, Total: 119254875 ns
[2026-07-13T08:37:52.214+0000][8][gc,marking  ] GC(7) Concurrent Scan Root Regions 47.517ms
[2026-07-13T08:37:52.214+0000][8][gc,marking  ] GC(7) Concurrent Mark
[2026-07-13T08:37:52.214+0000][8][gc,marking  ] GC(7) Concurrent Mark From Roots
[2026-07-13T08:37:52.214+0000][8][gc,task     ] GC(7) Using 1 workers of 1 for marking
[2026-07-13T08:37:52.300+0000][8][gc,marking  ] GC(7) Concurrent Mark From Roots 86.336ms
[2026-07-13T08:37:52.301+0000][8][gc,marking  ] GC(7) Concurrent Preclean
[2026-07-13T08:37:52.301+0000][8][gc,marking  ] GC(7) Concurrent Preclean 0.186ms
[2026-07-13T08:37:52.320+0000][8][gc,start    ] GC(7) Pause Remark
[2026-07-13T08:37:52.405+0000][8][gc          ] GC(7) Pause Remark 21M->21M(512M) 85.341ms
[2026-07-13T08:37:52.405+0000][8][gc,cpu      ] GC(7) User=0.06s Sys=0.00s Real=0.09s
[2026-07-13T08:37:52.432+0000][8][safepoint   ] Safepoint "G1PauseRemark", Time since last: 116879873 ns, Reaching safepoint: 17398476 ns, Cleanup: 26951 ns, At safepoint: 112912669 ns, Total: 130338096 ns
[2026-07-13T08:37:52.433+0000][8][gc,marking  ] GC(7) Concurrent Mark 218.722ms
[2026-07-13T08:37:52.435+0000][8][gc,marking  ] GC(7) Concurrent Rebuild Remembered Sets and Scrub Regions
[2026-07-13T08:37:52.504+0000][8][gc,marking  ] GC(7) Concurrent Rebuild Remembered Sets and Scrub Regions 68.896ms
[2026-07-13T08:37:52.504+0000][8][gc,start    ] GC(7) Pause Cleanup
[2026-07-13T08:37:52.506+0000][8][gc          ] GC(7) Pause Cleanup 21M->21M(512M) 1.128ms
[2026-07-13T08:37:52.506+0000][8][gc,cpu      ] GC(7) User=0.00s Sys=0.00s Real=0.00s
[2026-07-13T08:37:52.511+0000][8][safepoint   ] Safepoint "G1PauseCleanup", Time since last: 72016275 ns, Reaching safepoint: 4066 ns, Cleanup: 2877 ns, At safepoint: 6909824 ns, Total: 6916767 ns
[2026-07-13T08:37:52.512+0000][8][gc,marking  ] GC(7) Concurrent Clear Claimed Marks
[2026-07-13T08:37:52.512+0000][8][gc,marking  ] GC(7) Concurrent Clear Claimed Marks 0.204ms
[2026-07-13T08:37:52.512+0000][8][gc,marking  ] GC(7) Concurrent Cleanup for Next Mark
[2026-07-13T08:37:52.514+0000][8][gc,marking  ] GC(7) Concurrent Cleanup for Next Mark 2.225ms
[2026-07-13T08:37:52.515+0000][8][gc          ] GC(7) Concurrent Mark Cycle 350.066ms
[2026-07-13T08:37:53.714+0000][8][safepoint   ] Safepoint "Cleanup", Time since last: 1201136645 ns, Reaching safepoint: 1509692 ns, Cleanup: 34147 ns, At safepoint: 25662 ns, Total: 1569501 ns
[2026-07-13T08:37:54.726+0000][8][safepoint   ] Safepoint "Cleanup", Time since last: 1005161525 ns, Reaching safepoint: 7190741 ns, Cleanup: 27281 ns, At safepoint: 24394 ns, Total: 7242416 ns
[2026-07-13T08:37:55.788+0000][8][safepoint   ] Safepoint "Cleanup", Time since last: 1016953694 ns, Reaching safepoint: 44626160 ns, Cleanup: 27375 ns, At safepoint: 129157 ns, Total: 44782692 ns
[2026-07-13T08:37:56.805+0000][8][safepoint   ] Safepoint "Cleanup", Time since last: 1016542328 ns, Reaching safepoint: 61054 ns, Cleanup: 34296 ns, At safepoint: 11167 ns, Total: 106517 ns
[2026-07-13T08:37:57.404+0000][8][gc,start    ] GC(8) Pause Young (Prepare Mixed) (G1 Evacuation Pause)
[2026-07-13T08:37:57.405+0000][8][gc,task     ] GC(8) Using 4 workers of 4 for evacuation
[2026-07-13T08:37:57.413+0000][8][gc,age      ] GC(8) Desired survivor size 20971520 bytes, new threshold 15 (max threshold 15)
[2026-07-13T08:37:57.539+0000][8][gc,phases   ] GC(8)   Pre Evacuate Collection Set: 0.15ms
[2026-07-13T08:37:57.540+0000][8][gc,phases   ] GC(8)   Merge Heap Roots: 0.09ms
[2026-07-13T08:37:57.540+0000][8][gc,phases   ] GC(8)   Evacuate Collection Set: 112.42ms
[2026-07-13T08:37:57.540+0000][8][gc,phases   ] GC(8)   Post Evacuate Collection Set: 12.33ms
[2026-07-13T08:37:57.540+0000][8][gc,phases   ] GC(8)   Other: 8.23ms
[2026-07-13T08:37:57.540+0000][8][gc,age      ] GC(8) Age table with threshold 15 (max threshold 15)
[2026-07-13T08:37:57.540+0000][8][gc,age      ] GC(8) - age   1:    1906912 bytes,    1906912 total
[2026-07-13T08:37:57.541+0000][8][gc,age      ] GC(8) - age   2:    1557672 bytes,    3464584 total
[2026-07-13T08:37:57.541+0000][8][gc,age      ] GC(8) - age   3:    1322216 bytes,    4786800 total
[2026-07-13T08:37:57.541+0000][8][gc,age      ] GC(8) - age   4:    5047760 bytes,    9834560 total
[2026-07-13T08:37:57.541+0000][8][gc,age      ] GC(8) - age   5:    2136568 bytes,   11971128 total
[2026-07-13T08:37:57.541+0000][8][gc,age      ] GC(8) - age   6:    1011440 bytes,   12982568 total
[2026-07-13T08:37:57.541+0000][8][gc,age      ] GC(8) - age   7:    1916792 bytes,   14899360 total
[2026-07-13T08:37:57.542+0000][8][gc,heap     ] GC(8) Eden regions: 72->0(72)
[2026-07-13T08:37:57.543+0000][8][gc,heap     ] GC(8) Survivor regions: 4->4(10)
[2026-07-13T08:37:57.544+0000][8][gc,heap     ] GC(8) Old regions: 3->3
[2026-07-13T08:37:57.544+0000][8][gc,heap     ] GC(8) Humongous regions: 0->0
[2026-07-13T08:37:57.544+0000][8][gc,metaspace] GC(8) Metaspace: 21647K(22208K)->21647K(22208K) NonClass: 18992K(19328K)->18992K(19328K) Class: 2655K(2880K)->2655K(2880K)
[2026-07-13T08:37:57.544+0000][8][gc          ] GC(8) Pause Young (Prepare Mixed) (G1 Evacuation Pause) 307M->21M(512M) 139.694ms
[2026-07-13T08:37:57.544+0000][8][gc,cpu      ] GC(8) User=0.11s Sys=0.01s Real=0.14s
[2026-07-13T08:37:57.549+0000][8][safepoint   ] Safepoint "G1CollectForAllocation", Time since last: 599458385 ns, Reaching safepoint: 24429 ns, Cleanup: 19101 ns, At safepoint: 144710394 ns, Total: 144753924 ns
[2026-07-13T08:37:58.593+0000][8][safepoint   ] Safepoint "Cleanup", Time since last: 1020356823 ns, Reaching safepoint: 23286586 ns, Cleanup: 20505 ns, At safepoint: 22392 ns, Total: 23329483 ns
[2026-07-13T08:37:59.596+0000][8][safepoint   ] Safepoint "Cleanup", Time since last: 1002430553 ns, Reaching safepoint: 1167088 ns, Cleanup: 25941 ns, At safepoint: 55782 ns, Total: 1248811 ns
[2026-07-13T08:38:01.027+0000][8][safepoint   ] Safepoint "Cleanup", Time since last: 1429799758 ns, Reaching safepoint: 1003333 ns, Cleanup: 47142 ns, At safepoint: 47889 ns, Total: 1098364 ns
[2026-07-13T08:38:02.030+0000][8][safepoint   ] Safepoint "Cleanup", Time since last: 1002006269 ns, Reaching safepoint: 844743 ns, Cleanup: 40844 ns, At safepoint: 15950 ns, Total: 901537 ns
[2026-07-13T08:38:04.023+0000][8][safepoint   ] Safepoint "Cleanup", Time since last: 1988099769 ns, Reaching safepoint: 3969253 ns, Cleanup: 84647 ns, At safepoint: 108933 ns, Total: 4162833 ns
[2026-07-13T08:38:05.098+0000][8][safepoint   ] Safepoint "Cleanup", Time since last: 1039784062 ns, Reaching safepoint: 35815650 ns, Cleanup: 55398 ns, At safepoint: 27347 ns, Total: 35898395 ns
[2026-07-13T08:38:06.110+0000][8][safepoint   ] Safepoint "Cleanup", Time since last: 1006632795 ns, Reaching safepoint: 5488299 ns, Cleanup: 35766 ns, At safepoint: 23389 ns, Total: 5547454 ns
[2026-07-13T08:38:07.126+0000][8][safepoint   ] Safepoint "Cleanup", Time since last: 1014550980 ns, Reaching safepoint: 426687 ns, Cleanup: 29448 ns, At safepoint: 32492 ns, Total: 488627 ns
[2026-07-13T08:38:08.130+0000][8][safepoint   ] Safepoint "Cleanup", Time since last: 1001931070 ns, Reaching safepoint: 1454495 ns, Cleanup: 41281 ns, At safepoint: 19587 ns, Total: 1515363 ns
[2026-07-13T08:38:09.149+0000][8][safepoint   ] Safepoint "Cleanup", Time since last: 1017434111 ns, Reaching safepoint: 1315760 ns, Cleanup: 33538 ns, At safepoint: 215611 ns, Total: 1564909 ns
[2026-07-13T08:38:10.199+0000][8][safepoint   ] Safepoint "Cleanup", Time since last: 1035448618 ns, Reaching safepoint: 959097 ns, Cleanup: 27149 ns, At safepoint: 13970723 ns, Total: 14956969 ns
[2026-07-13T08:38:11.273+0000][8][safepoint   ] Safepoint "Cleanup", Time since last: 1003834064 ns, Reaching safepoint: 2282743 ns, Cleanup: 32256 ns, At safepoint: 67940973 ns, Total: 70255972 ns
[2026-07-13T08:38:11.920+0000][8][gc,start    ] GC(9) Pause Young (Mixed) (G1 Evacuation Pause)
[2026-07-13T08:38:11.920+0000][8][gc,task     ] GC(9) Using 4 workers of 4 for evacuation
[2026-07-13T08:38:11.920+0000][8][gc,age      ] GC(9) Desired survivor size 18874368 bytes, new threshold 15 (max threshold 15)
[2026-07-13T08:38:12.239+0000][8][gc,mmu      ] GC(9) MMU target violated: 201.0ms (200.0ms/201.0ms)
[2026-07-13T08:38:12.241+0000][8][gc,phases   ] GC(9)   Pre Evacuate Collection Set: 0.16ms
[2026-07-13T08:38:12.241+0000][8][gc,phases   ] GC(9)   Merge Heap Roots: 0.25ms
[2026-07-13T08:38:12.243+0000][8][gc,phases   ] GC(9)   Evacuate Collection Set: 301.07ms
[2026-07-13T08:38:12.244+0000][8][gc,phases   ] GC(9)   Post Evacuate Collection Set: 16.98ms
[2026-07-13T08:38:12.244+0000][8][gc,phases   ] GC(9)   Other: 2.26ms
[2026-07-13T08:38:12.244+0000][8][gc,age      ] GC(9) Age table with threshold 15 (max threshold 15)
[2026-07-13T08:38:12.244+0000][8][gc,age      ] GC(9) - age   1:   17213808 bytes,   17213808 total
[2026-07-13T08:38:12.244+0000][8][gc,age      ] GC(9) - age   2:    1086632 bytes,   18300440 total
[2026-07-13T08:38:12.245+0000][8][gc,age      ] GC(9) - age   3:    1538400 bytes,   19838840 total
[2026-07-13T08:38:12.245+0000][8][gc,age      ] GC(9) - age   4:    1306544 bytes,   21145384 total
[2026-07-13T08:38:12.245+0000][8][gc,age      ] GC(9) - age   5:    5022912 bytes,   26168296 total
[2026-07-13T08:38:12.245+0000][8][gc,age      ] GC(9) - age   6:    2060672 bytes,   28228968 total
[2026-07-13T08:38:12.245+0000][8][gc,age      ] GC(9) - age   7:     985472 bytes,   29214440 total
[2026-07-13T08:38:12.246+0000][8][gc,age      ] GC(9) - age   8:    1909136 bytes,   31123576 total
[2026-07-13T08:38:12.246+0000][8][gc,heap     ] GC(9) Eden regions: 67->0(65)
[2026-07-13T08:38:12.246+0000][8][gc,heap     ] GC(9) Survivor regions: 4->8(9)
[2026-07-13T08:38:12.247+0000][8][gc,heap     ] GC(9) Old regions: 3->2
[2026-07-13T08:38:12.247+0000][8][gc,heap     ] GC(9) Humongous regions: 0->0
[2026-07-13T08:38:12.247+0000][8][gc,metaspace] GC(9) Metaspace: 30281K(31232K)->30281K(31232K) NonClass: 26387K(27008K)->26387K(27008K) Class: 3894K(4224K)->3894K(4224K)
[2026-07-13T08:38:12.247+0000][8][gc          ] GC(9) Pause Young (Mixed) (G1 Evacuation Pause) 289M->36M(512M) 327.182ms
[2026-07-13T08:38:12.248+0000][8][gc,cpu      ] GC(9) User=0.16s Sys=0.01s Real=0.33s
[2026-07-13T08:38:12.248+0000][8][safepoint   ] Safepoint "G1CollectForAllocation", Time since last: 646654688 ns, Reaching safepoint: 8399 ns, Cleanup: 22920 ns, At safepoint: 328602753 ns, Total: 328634072 ns
[2026-07-13T08:38:13.253+0000][8][safepoint   ] Safepoint "Cleanup", Time since last: 1004276900 ns, Reaching safepoint: 374573 ns, Cleanup: 19106 ns, At safepoint: 58081 ns, Total: 451760 ns
[2026-07-13T08:38:14.278+0000][8][safepoint   ] Safepoint "Cleanup", Time since last: 1013822291 ns, Reaching safepoint: 11013394 ns, Cleanup: 23883 ns, At safepoint: 61449 ns, Total: 11098726 ns
[2026-07-13T08:38:15.287+0000][8][safepoint   ] Safepoint "Cleanup", Time since last: 1007849172 ns, Reaching safepoint: 1264449 ns, Cleanup: 95281 ns, At safepoint: 102734 ns, Total: 1462464 ns
[2026-07-13T08:38:16.310+0000][8][safepoint   ] Safepoint "Cleanup", Time since last: 1005008665 ns, Reaching safepoint: 17858790 ns, Cleanup: 50800 ns, At safepoint: 22957 ns, Total: 17932547 ns
[2026-07-13T08:38:18.184+0000][8][safepoint   ] Safepoint "Cleanup", Time since last: 1873693126 ns, Reaching safepoint: 4626 ns, Cleanup: 68748 ns, At safepoint: 6169 ns, Total: 79543 ns
[2026-07-13T08:38:19.191+0000][8][safepoint   ] Safepoint "Cleanup", Time since last: 1006435453 ns, Reaching safepoint: 122359 ns, Cleanup: 30308 ns, At safepoint: 175748 ns, Total: 328415 ns
[2026-07-13T08:38:19.995+0000][8][gc,start    ] GC(10) Pause Young (Concurrent Start) (Metadata GC Threshold)
[2026-07-13T08:38:19.996+0000][8][gc,task     ] GC(10) Using 4 workers of 4 for evacuation
[2026-07-13T08:38:19.996+0000][8][gc,age      ] GC(10) Desired survivor size 12582912 bytes, new threshold 1 (max threshold 15)
[2026-07-13T08:38:20.313+0000][8][gc,mmu      ] GC(10) MMU target violated: 201.0ms (200.0ms/201.0ms)
[2026-07-13T08:38:20.319+0000][8][gc,phases   ] GC(10)   Pre Evacuate Collection Set: 0.32ms
[2026-07-13T08:38:20.319+0000][8][gc,phases   ] GC(10)   Merge Heap Roots: 0.47ms
[2026-07-13T08:38:20.320+0000][8][gc,phases   ] GC(10)   Evacuate Collection Set: 306.43ms
[2026-07-13T08:38:20.320+0000][8][gc,phases   ] GC(10)   Post Evacuate Collection Set: 8.01ms
[2026-07-13T08:38:20.329+0000][8][gc,phases   ] GC(10)   Other: 7.86ms
[2026-07-13T08:38:20.332+0000][8][gc,age      ] GC(10) Age table with threshold 1 (max threshold 15)
[2026-07-13T08:38:20.334+0000][8][gc,age      ] GC(10) - age   1:   10876048 bytes,   10876048 total
[2026-07-13T08:38:20.335+0000][8][gc,heap     ] GC(10) Eden regions: 30->0(42)
[2026-07-13T08:38:20.335+0000][8][gc,heap     ] GC(10) Survivor regions: 8->3(6)
[2026-07-13T08:38:20.335+0000][8][gc,heap     ] GC(10) Old regions: 2->10
[2026-07-13T08:38:20.335+0000][8][gc,heap     ] GC(10) Humongous regions: 0->0
[2026-07-13T08:38:20.335+0000][8][gc,metaspace] GC(10) Metaspace: 35175K(36160K)->35175K(36160K) NonClass: 30530K(31168K)->30530K(31168K) Class: 4645K(4992K)->4645K(4992K)
[2026-07-13T08:38:20.336+0000][8][gc          ] GC(10) Pause Young (Concurrent Start) (Metadata GC Threshold) 154M->48M(512M) 340.874ms
[2026-07-13T08:38:20.336+0000][8][gc,cpu      ] GC(10) User=0.33s Sys=0.01s Real=0.34s
[2026-07-13T08:38:20.336+0000][8][gc          ] GC(11) Concurrent Mark Cycle
[2026-07-13T08:38:20.336+0000][8][gc,marking  ] GC(11) Concurrent Scan Root Regions
[2026-07-13T08:38:20.338+0000][8][safepoint   ] Safepoint "CollectForMetadataAllocation", Time since last: 803920934 ns, Reaching safepoint: 6061 ns, Cleanup: 16989 ns, At safepoint: 342979598 ns, Total: 343002648 ns
[2026-07-13T08:38:20.628+0000][8][gc,marking  ] GC(11) Concurrent Scan Root Regions 291.628ms
[2026-07-13T08:38:20.630+0000][8][gc,marking  ] GC(11) Concurrent Mark
[2026-07-13T08:38:20.632+0000][8][gc,marking  ] GC(11) Concurrent Mark From Roots
[2026-07-13T08:38:20.634+0000][8][gc,task     ] GC(11) Using 1 workers of 1 for marking
[2026-07-13T08:38:20.659+0000][8][gc,marking  ] GC(11) Concurrent Mark From Roots 26.450ms
[2026-07-13T08:38:20.659+0000][8][gc,marking  ] GC(11) Concurrent Preclean
[2026-07-13T08:38:20.659+0000][8][gc,marking  ] GC(11) Concurrent Preclean 0.220ms
[2026-07-13T08:38:20.664+0000][8][gc,start    ] GC(11) Pause Remark
[2026-07-13T08:38:20.717+0000][8][gc          ] GC(11) Pause Remark 51M->51M(512M) 53.074ms
[2026-07-13T08:38:20.719+0000][8][gc,cpu      ] GC(11) User=0.03s Sys=0.00s Real=0.05s
[2026-07-13T08:38:20.720+0000][8][safepoint   ] Safepoint "G1PauseRemark", Time since last: 323389141 ns, Reaching safepoint: 2986209 ns, Cleanup: 29936 ns, At safepoint: 55509721 ns, Total: 58525866 ns
[2026-07-13T08:38:20.721+0000][8][gc,marking  ] GC(11) Concurrent Mark 90.959ms
[2026-07-13T08:38:20.725+0000][8][gc,marking  ] GC(11) Concurrent Rebuild Remembered Sets and Scrub Regions
[2026-07-13T08:38:20.835+0000][8][gc,marking  ] GC(11) Concurrent Rebuild Remembered Sets and Scrub Regions 109.681ms
[2026-07-13T08:38:20.839+0000][8][gc,start    ] GC(11) Pause Cleanup
[2026-07-13T08:38:20.840+0000][8][gc          ] GC(11) Pause Cleanup 52M->52M(512M) 0.966ms
[2026-07-13T08:38:20.840+0000][8][gc,cpu      ] GC(11) User=0.00s Sys=0.00s Real=0.00s
[2026-07-13T08:38:20.840+0000][8][safepoint   ] Safepoint "G1PauseCleanup", Time since last: 115677970 ns, Reaching safepoint: 3784581 ns, Cleanup: 36270 ns, At safepoint: 1312547 ns, Total: 5133398 ns
[2026-07-13T08:38:20.841+0000][8][gc,marking  ] GC(11) Concurrent Clear Claimed Marks
[2026-07-13T08:38:20.841+0000][8][gc,marking  ] GC(11) Concurrent Clear Claimed Marks 0.183ms
[2026-07-13T08:38:20.841+0000][8][gc,marking  ] GC(11) Concurrent Cleanup for Next Mark
[2026-07-13T08:38:20.843+0000][8][gc,marking  ] GC(11) Concurrent Cleanup for Next Mark 1.744ms
[2026-07-13T08:38:20.845+0000][8][gc          ] GC(11) Concurrent Mark Cycle 508.363ms
[2026-07-13T08:38:21.868+0000][8][safepoint   ] Safepoint "Cleanup", Time since last: 1021895032 ns, Reaching safepoint: 3678680 ns, Cleanup: 2119421 ns, At safepoint: 34358 ns, Total: 5832459 ns
[2026-07-13T08:38:22.881+0000][8][safepoint   ] Safepoint "Cleanup", Time since last: 1004935550 ns, Reaching safepoint: 7917220 ns, Cleanup: 47886 ns, At safepoint: 54142 ns, Total: 8019248 ns
[2026-07-13T08:38:23.886+0000][8][safepoint   ] Safepoint "Cleanup", Time since last: 1003196071 ns, Reaching safepoint: 1874126 ns, Cleanup: 46983 ns, At safepoint: 68576 ns, Total: 1989685 ns
[2026-07-13T08:38:25.306+0000][8][safepoint   ] Safepoint "Cleanup", Time since last: 1414759875 ns, Reaching safepoint: 1310794 ns, Cleanup: 75600 ns, At safepoint: 3661770 ns, Total: 5048164 ns
[2026-07-13T08:38:26.336+0000][8][safepoint   ] Safepoint "Cleanup", Time since last: 1025612493 ns, Reaching safepoint: 3315998 ns, Cleanup: 25845 ns, At safepoint: 1033920 ns, Total: 4375763 ns
[2026-07-13T08:38:27.340+0000][8][safepoint   ] Safepoint "Cleanup", Time since last: 1003431038 ns, Reaching safepoint: 633504 ns, Cleanup: 66561 ns, At safepoint: 113103 ns, Total: 813168 ns
[2026-07-13T08:38:28.344+0000][8][safepoint   ] Safepoint "Cleanup", Time since last: 1002638258 ns, Reaching safepoint: 945627 ns, Cleanup: 26228 ns, At safepoint: 58307 ns, Total: 1030162 ns
[2026-07-13T08:38:29.702+0000][8][safepoint   ] Safepoint "Cleanup", Time since last: 1351500083 ns, Reaching safepoint: 6010322 ns, Cleanup: 51960 ns, At safepoint: 105087 ns, Total: 6167369 ns
[2026-07-13T08:38:30.710+0000][8][safepoint   ] Safepoint "Cleanup", Time since last: 1004634445 ns, Reaching safepoint: 3758387 ns, Cleanup: 42981 ns, At safepoint: 84365 ns, Total: 3885733 ns
[2026-07-13T08:38:31.283+0000][8][gc,start    ] GC(12) Pause Young (Normal) (G1 Evacuation Pause)
[2026-07-13T08:38:31.284+0000][8][gc,task     ] GC(12) Using 4 workers of 4 for evacuation
[2026-07-13T08:38:31.286+0000][8][gc,age      ] GC(12) Desired survivor size 10485760 bytes, new threshold 1 (max threshold 15)
[2026-07-13T08:38:31.355+0000][8][gc,phases   ] GC(12)   Pre Evacuate Collection Set: 1.05ms
[2026-07-13T08:38:31.356+0000][8][gc,phases   ] GC(12)   Merge Heap Roots: 0.19ms
[2026-07-13T08:38:31.356+0000][8][gc,phases   ] GC(12)   Evacuate Collection Set: 62.68ms
[2026-07-13T08:38:31.356+0000][8][gc,phases   ] GC(12)   Post Evacuate Collection Set: 4.30ms
[2026-07-13T08:38:31.356+0000][8][gc,phases   ] GC(12)   Other: 3.49ms
[2026-07-13T08:38:31.356+0000][8][gc,age      ] GC(12) Age table with threshold 1 (max threshold 15)
[2026-07-13T08:38:31.357+0000][8][gc,age      ] GC(12) - age   1:    5857688 bytes,    5857688 total
[2026-07-13T08:38:31.358+0000][8][gc,heap     ] GC(12) Eden regions: 32->0(74)
[2026-07-13T08:38:31.360+0000][8][gc,heap     ] GC(12) Survivor regions: 3->2(5)
[2026-07-13T08:38:31.360+0000][8][gc,heap     ] GC(12) Old regions: 10->13
[2026-07-13T08:38:31.360+0000][8][gc,heap     ] GC(12) Humongous regions: 0->0
[2026-07-13T08:38:31.361+0000][8][gc,metaspace] GC(12) Metaspace: 51555K(52800K)->51555K(52800K) NonClass: 44549K(45312K)->44549K(45312K) Class: 7006K(7488K)->7006K(7488K)
[2026-07-13T08:38:31.361+0000][8][gc          ] GC(12) Pause Young (Normal) (G1 Evacuation Pause) 176M->55M(512M) 77.431ms
[2026-07-13T08:38:31.361+0000][8][gc,cpu      ] GC(12) User=0.11s Sys=0.00s Real=0.07s
[2026-07-13T08:38:31.372+0000][8][safepoint   ] Safepoint "G1CollectForAllocation", Time since last: 573197750 ns, Reaching safepoint: 6205 ns, Cleanup: 19124 ns, At safepoint: 88660531 ns, Total: 88685860 ns
[2026-07-13T08:38:32.386+0000][8][safepoint   ] Safepoint "Cleanup", Time since last: 1003387615 ns, Reaching safepoint: 3530806 ns, Cleanup: 34119 ns, At safepoint: 7177638 ns, Total: 10742563 ns
[2026-07-13T08:38:33.388+0000][8][safepoint   ] Safepoint "Cleanup", Time since last: 1000787690 ns, Reaching safepoint: 1047903 ns, Cleanup: 19150 ns, At safepoint: 62391 ns, Total: 1129444 ns
[2026-07-13T08:38:34.393+0000][8][safepoint   ] Safepoint "Cleanup", Time since last: 1003980544 ns, Reaching safepoint: 848646 ns, Cleanup: 78453 ns, At safepoint: 145735 ns, Total: 1072834 ns
[2026-07-13T08:38:35.399+0000][8][safepoint   ] Safepoint "Cleanup", Time since last: 1003724465 ns, Reaching safepoint: 2207965 ns, Cleanup: 30533 ns, At safepoint: 61723 ns, Total: 2300221 ns
[2026-07-13T08:38:37.005+0000][8][safepoint   ] Safepoint "Cleanup", Time since last: 1605033548 ns, Reaching safepoint: 3487 ns, Cleanup: 63621 ns, At safepoint: 5206 ns, Total: 72314 ns
[2026-07-13T08:38:38.011+0000][8][safepoint   ] Safepoint "Cleanup", Time since last: 1000698996 ns, Reaching safepoint: 5518154 ns, Cleanup: 58010 ns, At safepoint: 96825 ns, Total: 5672989 ns
[2026-07-13T08:38:39.251+0000][8][safepoint   ] Safepoint "Cleanup", Time since last: 1216777615 ns, Reaching safepoint: 23620348 ns, Cleanup: 28811 ns, At safepoint: 25570 ns, Total: 23674729 ns
[2026-07-13T08:38:40.262+0000][8][safepoint   ] Safepoint "Cleanup", Time since last: 1002465060 ns, Reaching safepoint: 8468701 ns, Cleanup: 36173 ns, At safepoint: 20761 ns, Total: 8525635 ns
[2026-07-13T08:38:41.277+0000][8][safepoint   ] Safepoint "Cleanup", Time since last: 1001932510 ns, Reaching safepoint: 12377488 ns, Cleanup: 24376 ns, At safepoint: 23878 ns, Total: 12425742 ns
[2026-07-13T08:38:42.283+0000][8][safepoint   ] Safepoint "Cleanup", Time since last: 1003400921 ns, Reaching safepoint: 3061023 ns, Cleanup: 30260 ns, At safepoint: 217054 ns, Total: 3308337 ns
[2026-07-13T08:38:43.286+0000][8][safepoint   ] Safepoint "Cleanup", Time since last: 1001788426 ns, Reaching safepoint: 1094371 ns, Cleanup: 29667 ns, At safepoint: 19007 ns, Total: 1143045 ns
[2026-07-13T08:38:45.108+0000][8][gc,start    ] GC(13) Pause Young (Normal) (G1 Evacuation Pause)
[2026-07-13T08:38:45.108+0000][8][gc,task     ] GC(13) Using 4 workers of 4 for evacuation
[2026-07-13T08:38:45.108+0000][8][gc,age      ] GC(13) Desired survivor size 18874368 bytes, new threshold 15 (max threshold 15)
[2026-07-13T08:38:45.264+0000][8][gc,phases   ] GC(13)   Pre Evacuate Collection Set: 1.86ms
[2026-07-13T08:38:45.264+0000][8][gc,phases   ] GC(13)   Merge Heap Roots: 0.13ms
[2026-07-13T08:38:45.264+0000][8][gc,phases   ] GC(13)   Evacuate Collection Set: 86.14ms
[2026-07-13T08:38:45.265+0000][8][gc,phases   ] GC(13)   Post Evacuate Collection Set: 67.11ms
[2026-07-13T08:38:45.265+0000][8][gc,phases   ] GC(13)   Other: 0.56ms
[2026-07-13T08:38:45.268+0000][8][gc,age      ] GC(13) Age table with threshold 15 (max threshold 15)
[2026-07-13T08:38:45.271+0000][8][gc,age      ] GC(13) - age   1:    4890880 bytes,    4890880 total
[2026-07-13T08:38:45.277+0000][8][gc,age      ] GC(13) - age   2:    5633136 bytes,   10524016 total
[2026-07-13T08:38:45.277+0000][8][gc,heap     ] GC(13) Eden regions: 70->0(44)
[2026-07-13T08:38:45.278+0000][8][gc,heap     ] GC(13) Survivor regions: 2->3(9)
[2026-07-13T08:38:45.278+0000][8][gc,heap     ] GC(13) Old regions: 13->13
[2026-07-13T08:38:45.278+0000][8][gc,heap     ] GC(13) Humongous regions: 0->0
[2026-07-13T08:38:45.278+0000][8][gc,metaspace] GC(13) Metaspace: 58946K(60160K)->58946K(60160K) NonClass: 50909K(51648K)->50909K(51648K) Class: 8036K(8512K)->8036K(8512K)
[2026-07-13T08:38:45.278+0000][8][gc          ] GC(13) Pause Young (Normal) (G1 Evacuation Pause) 335M->60M(512M) 170.852ms
[2026-07-13T08:38:45.279+0000][8][gc,cpu      ] GC(13) User=0.11s Sys=0.01s Real=0.17s
[2026-07-13T08:38:45.292+0000][8][safepoint   ] Safepoint "G1CollectForAllocation", Time since last: 1821114227 ns, Reaching safepoint: 22365 ns, Cleanup: 14834 ns, At safepoint: 184425641 ns, Total: 184462840 ns
[2026-07-13T08:38:46.864+0000][8][safepoint   ] Safepoint "Cleanup", Time since last: 1572258061 ns, Reaching safepoint: 8581 ns, Cleanup: 46366 ns, At safepoint: 12053 ns, Total: 67000 ns
[2026-07-13T08:38:47.086+0000][8][gc,start    ] GC(14) Pause Young (Concurrent Start) (Metadata GC Threshold)
[2026-07-13T08:38:47.087+0000][8][gc,task     ] GC(14) Using 4 workers of 4 for evacuation
[2026-07-13T08:38:47.087+0000][8][gc,age      ] GC(14) Desired survivor size 12582912 bytes, new threshold 15 (max threshold 15)
[2026-07-13T08:38:47.181+0000][8][gc,phases   ] GC(14)   Pre Evacuate Collection Set: 0.11ms
[2026-07-13T08:38:47.182+0000][8][gc,phases   ] GC(14)   Merge Heap Roots: 0.07ms
[2026-07-13T08:38:47.182+0000][8][gc,phases   ] GC(14)   Evacuate Collection Set: 74.58ms
[2026-07-13T08:38:47.182+0000][8][gc,phases   ] GC(14)   Post Evacuate Collection Set: 19.73ms
[2026-07-13T08:38:47.182+0000][8][gc,phases   ] GC(14)   Other: 0.46ms
[2026-07-13T08:38:47.182+0000][8][gc,age      ] GC(14) Age table with threshold 15 (max threshold 15)
[2026-07-13T08:38:47.182+0000][8][gc,age      ] GC(14) - age   1:     966496 bytes,     966496 total
[2026-07-13T08:38:47.182+0000][8][gc,age      ] GC(14) - age   2:    4650960 bytes,    5617456 total
[2026-07-13T08:38:47.182+0000][8][gc,age      ] GC(14) - age   3:    5633104 bytes,   11250560 total
[2026-07-13T08:38:47.183+0000][8][gc,heap     ] GC(14) Eden regions: 13->0(70)
[2026-07-13T08:38:47.183+0000][8][gc,heap     ] GC(14) Survivor regions: 3->3(6)
[2026-07-13T08:38:47.183+0000][8][gc,heap     ] GC(14) Old regions: 13->13
[2026-07-13T08:38:47.183+0000][8][gc,heap     ] GC(14) Humongous regions: 0->0
[2026-07-13T08:38:47.183+0000][8][gc,metaspace] GC(14) Metaspace: 59544K(60800K)->59544K(60800K) NonClass: 51437K(52160K)->51437K(52160K) Class: 8106K(8640K)->8106K(8640K)
[2026-07-13T08:38:47.183+0000][8][gc          ] GC(14) Pause Young (Concurrent Start) (Metadata GC Threshold) 110M->61M(512M) 96.941ms
[2026-07-13T08:38:47.183+0000][8][gc,cpu      ] GC(14) User=0.08s Sys=0.00s Real=0.09s
[2026-07-13T08:38:47.183+0000][8][gc          ] GC(15) Concurrent Mark Cycle
[2026-07-13T08:38:47.184+0000][8][gc,marking  ] GC(15) Concurrent Scan Root Regions
[2026-07-13T08:38:47.186+0000][8][safepoint   ] Safepoint "CollectForMetadataAllocation", Time since last: 221880732 ns, Reaching safepoint: 7635 ns, Cleanup: 21927 ns, At safepoint: 100177801 ns, Total: 100207363 ns
[2026-07-13T08:38:47.296+0000][8][gc,marking  ] GC(15) Concurrent Scan Root Regions 112.581ms
[2026-07-13T08:38:47.297+0000][8][gc,marking  ] GC(15) Concurrent Mark
[2026-07-13T08:38:47.297+0000][8][gc,marking  ] GC(15) Concurrent Mark From Roots
[2026-07-13T08:38:47.298+0000][8][gc,task     ] GC(15) Using 1 workers of 1 for marking
[2026-07-13T08:38:47.373+0000][8][safepoint   ] Safepoint "CollectForMetadataAllocation", Time since last: 186000509 ns, Reaching safepoint: 131867 ns, Cleanup: 13523 ns, At safepoint: 88559 ns, Total: 233949 ns
[2026-07-13T08:38:47.541+0000][8][safepoint   ] Safepoint "CollectForMetadataAllocation", Time since last: 167670807 ns, Reaching safepoint: 75167 ns, Cleanup: 14444 ns, At safepoint: 854688 ns, Total: 944299 ns
[2026-07-13T08:38:47.858+0000][8][safepoint   ] Safepoint "CollectForMetadataAllocation", Time since last: 301092409 ns, Reaching safepoint: 15542271 ns, Cleanup: 34904 ns, At safepoint: 142496 ns, Total: 15719671 ns
[2026-07-13T08:38:47.884+0000][8][gc,marking  ] GC(15) Concurrent Mark From Roots 586.815ms
[2026-07-13T08:38:47.884+0000][8][gc,marking  ] GC(15) Concurrent Preclean
[2026-07-13T08:38:47.897+0000][8][gc,marking  ] GC(15) Concurrent Preclean 12.224ms
[2026-07-13T08:38:47.901+0000][8][gc,start    ] GC(15) Pause Remark
[2026-07-13T08:38:47.950+0000][8][gc          ] GC(15) Pause Remark 67M->67M(512M) 49.041ms
[2026-07-13T08:38:47.951+0000][8][gc,cpu      ] GC(15) User=0.05s Sys=0.00s Real=0.05s
[2026-07-13T08:38:47.959+0000][8][safepoint   ] Safepoint "G1PauseRemark", Time since last: 43282317 ns, Reaching safepoint: 6965 ns, Cleanup: 3537 ns, At safepoint: 58055078 ns, Total: 58065580 ns
[2026-07-13T08:38:47.967+0000][8][gc,marking  ] GC(15) Concurrent Mark 669.606ms
[2026-07-13T08:38:47.967+0000][8][gc,marking  ] GC(15) Concurrent Rebuild Remembered Sets and Scrub Regions
[2026-07-13T08:38:48.274+0000][8][gc,marking  ] GC(15) Concurrent Rebuild Remembered Sets and Scrub Regions 307.293ms
[2026-07-13T08:38:48.280+0000][8][gc,start    ] GC(15) Pause Cleanup
[2026-07-13T08:38:48.285+0000][8][gc          ] GC(15) Pause Cleanup 69M->69M(512M) 4.994ms
[2026-07-13T08:38:48.286+0000][8][gc,cpu      ] GC(15) User=0.01s Sys=0.00s Real=0.01s
[2026-07-13T08:38:48.286+0000][8][safepoint   ] Safepoint "G1PauseCleanup", Time since last: 318879475 ns, Reaching safepoint: 2027295 ns, Cleanup: 35284 ns, At safepoint: 5670862 ns, Total: 7733441 ns
[2026-07-13T08:38:48.286+0000][8][gc,marking  ] GC(15) Concurrent Clear Claimed Marks
[2026-07-13T08:38:48.286+0000][8][gc,marking  ] GC(15) Concurrent Clear Claimed Marks 0.176ms
[2026-07-13T08:38:48.286+0000][8][gc,marking  ] GC(15) Concurrent Cleanup for Next Mark
[2026-07-13T08:38:48.300+0000][8][gc,marking  ] GC(15) Concurrent Cleanup for Next Mark 13.156ms
[2026-07-13T08:38:48.300+0000][8][gc          ] GC(15) Concurrent Mark Cycle 1116.523ms
[2026-07-13T08:38:49.287+0000][8][safepoint   ] Safepoint "Cleanup", Time since last: 1000256521 ns, Reaching safepoint: 974403 ns, Cleanup: 39686 ns, At safepoint: 17424 ns, Total: 1031513 ns
[2026-07-13T08:38:50.289+0000][8][safepoint   ] Safepoint "Cleanup", Time since last: 1001049399 ns, Reaching safepoint: 907217 ns, Cleanup: 14306 ns, At safepoint: 48404 ns, Total: 969927 ns
[2026-07-13T08:38:51.302+0000][8][safepoint   ] Safepoint "Cleanup", Time since last: 1012544234 ns, Reaching safepoint: 3561 ns, Cleanup: 84251 ns, At safepoint: 73239 ns, Total: 161051 ns
[2026-07-13T08:38:52.149+0000][8][safepoint   ] Safepoint "ICBufferFull", Time since last: 846873490 ns, Reaching safepoint: 5761 ns, Cleanup: 150875 ns, At safepoint: 10114 ns, Total: 166750 ns
[2026-07-13T08:38:52.621+0000][8][gc,start    ] GC(16) Pause Young (Prepare Mixed) (G1 Evacuation Pause)
[2026-07-13T08:38:52.622+0000][8][gc,task     ] GC(16) Using 4 workers of 4 for evacuation
[2026-07-13T08:38:52.622+0000][8][gc,age      ] GC(16) Desired survivor size 12582912 bytes, new threshold 15 (max threshold 15)
[2026-07-13T08:38:52.657+0000][8][gc,phases   ] GC(16)   Pre Evacuate Collection Set: 0.17ms
[2026-07-13T08:38:52.657+0000][8][gc,phases   ] GC(16)   Merge Heap Roots: 0.33ms
[2026-07-13T08:38:52.658+0000][8][gc,phases   ] GC(16)   Evacuate Collection Set: 30.82ms
[2026-07-13T08:38:52.658+0000][8][gc,phases   ] GC(16)   Post Evacuate Collection Set: 3.44ms
[2026-07-13T08:38:52.658+0000][8][gc,phases   ] GC(16)   Other: 0.51ms
[2026-07-13T08:38:52.658+0000][8][gc,age      ] GC(16) Age table with threshold 15 (max threshold 15)
[2026-07-13T08:38:52.658+0000][8][gc,age      ] GC(16) - age   1:   10098816 bytes,   10098816 total
[2026-07-13T08:38:52.659+0000][8][gc,age      ] GC(16) - age   2:     932936 bytes,   11031752 total
[2026-07-13T08:38:52.659+0000][8][gc,age      ] GC(16) - age   3:    4612576 bytes,   15644328 total
[2026-07-13T08:38:52.659+0000][8][gc,age      ] GC(16) - age   4:    5581960 bytes,   21226288 total
[2026-07-13T08:38:52.659+0000][8][gc,heap     ] GC(16) Eden regions: 39->0(25)
[2026-07-13T08:38:52.660+0000][8][gc,heap     ] GC(16) Survivor regions: 3->6(6)
[2026-07-13T08:38:52.660+0000][8][gc,heap     ] GC(16) Old regions: 13->13
[2026-07-13T08:38:52.660+0000][8][gc,heap     ] GC(16) Humongous regions: 0->0
[2026-07-13T08:38:52.660+0000][8][gc,metaspace] GC(16) Metaspace: 82526K(84928K)->82526K(84928K) NonClass: 70890K(72192K)->70890K(72192K) Class: 11635K(12736K)->11635K(12736K)
[2026-07-13T08:38:52.661+0000][8][gc          ] GC(16) Pause Young (Prepare Mixed) (G1 Evacuation Pause) 217M->70M(512M) 39.215ms
[2026-07-13T08:38:52.661+0000][8][gc,cpu      ] GC(16) User=0.12s Sys=0.00s Real=0.04s
[2026-07-13T08:38:52.664+0000][8][safepoint   ] Safepoint "G1CollectForAllocation", Time since last: 472276093 ns, Reaching safepoint: 5917 ns, Cleanup: 33621 ns, At safepoint: 42925883 ns, Total: 42965421 ns
[2026-07-13T08:38:53.690+0000][8][safepoint   ] Safepoint "Cleanup", Time since last: 1026059728 ns, Reaching safepoint: 3818 ns, Cleanup: 86449 ns, At safepoint: 6734 ns, Total: 97001 ns
[2026-07-13T08:38:54.356+0000][8][safepoint   ] Safepoint "ICBufferFull", Time since last: 665710243 ns, Reaching safepoint: 7906 ns, Cleanup: 115303 ns, At safepoint: 10353 ns, Total: 133562 ns
[2026-07-13T08:38:54.536+0000][8][gc,start    ] GC(17) Pause Young (Mixed) (G1 Evacuation Pause)
[2026-07-13T08:38:54.537+0000][8][gc,task     ] GC(17) Using 4 workers of 4 for evacuation
[2026-07-13T08:38:54.537+0000][8][gc,age      ] GC(17) Desired survivor size 8388608 bytes, new threshold 1 (max threshold 15)
[2026-07-13T08:38:54.579+0000][8][gc,phases   ] GC(17)   Pre Evacuate Collection Set: 2.90ms
[2026-07-13T08:38:54.579+0000][8][gc,phases   ] GC(17)   Merge Heap Roots: 0.52ms
[2026-07-13T08:38:54.579+0000][8][gc,phases   ] GC(17)   Evacuate Collection Set: 32.76ms
[2026-07-13T08:38:54.579+0000][8][gc,phases   ] GC(17)   Post Evacuate Collection Set: 5.34ms
[2026-07-13T08:38:54.580+0000][8][gc,phases   ] GC(17)   Other: 0.44ms
[2026-07-13T08:38:54.580+0000][8][gc,age      ] GC(17) Age table with threshold 1 (max threshold 15)
[2026-07-13T08:38:54.580+0000][8][gc,age      ] GC(17) - age   1:    4749264 bytes,    4749264 total
[2026-07-13T08:38:54.580+0000][8][gc,heap     ] GC(17) Eden regions: 21->0(74)
[2026-07-13T08:38:54.580+0000][8][gc,heap     ] GC(17) Survivor regions: 6->2(4)
[2026-07-13T08:38:54.581+0000][8][gc,heap     ] GC(17) Old regions: 13->18
[2026-07-13T08:38:54.581+0000][8][gc,heap     ] GC(17) Humongous regions: 0->0
[2026-07-13T08:38:54.581+0000][8][gc,metaspace] GC(17) Metaspace: 92977K(95872K)->92977K(95872K) NonClass: 79704K(81280K)->79704K(81280K) Class: 13272K(14592K)->13272K(14592K)
[2026-07-13T08:38:54.581+0000][8][gc          ] GC(17) Pause Young (Mixed) (G1 Evacuation Pause) (Evacuation Failure: Pinned) 154M->79M(512M) 45.092ms
[2026-07-13T08:38:54.582+0000][8][gc,cpu      ] GC(17) User=0.13s Sys=0.00s Real=0.04s
[2026-07-13T08:38:54.582+0000][8][safepoint   ] Safepoint "G1CollectForAllocation", Time since last: 179892566 ns, Reaching safepoint: 7517 ns, Cleanup: 50978 ns, At safepoint: 45767752 ns, Total: 45826247 ns
[2026-07-13T08:38:55.270+0000][8][safepoint   ] Safepoint "ICBufferFull", Time since last: 688227032 ns, Reaching safepoint: 9591 ns, Cleanup: 105602 ns, At safepoint: 45677 ns, Total: 160870 ns
[2026-07-13T08:38:55.753+0000][8][safepoint   ] Safepoint "ICBufferFull", Time since last: 482682284 ns, Reaching safepoint: 19376 ns, Cleanup: 185830 ns, At safepoint: 154608 ns, Total: 359814 ns
[2026-07-13T08:38:56.347+0000][8][safepoint   ] Safepoint "ICBufferFull", Time since last: 592516726 ns, Reaching safepoint: 8692 ns, Cleanup: 142902 ns, At safepoint: 706572 ns, Total: 858166 ns
[2026-07-13T08:38:57.152+0000][8][safepoint   ] Safepoint "ICBufferFull", Time since last: 805494299 ns, Reaching safepoint: 7630 ns, Cleanup: 121059 ns, At safepoint: 6591 ns, Total: 135280 ns
[2026-07-13T08:38:58.154+0000][8][safepoint   ] Safepoint "Cleanup", Time since last: 1000942145 ns, Reaching safepoint: 12340 ns, Cleanup: 139478 ns, At safepoint: 13155 ns, Total: 164973 ns
[2026-07-13T08:38:58.623+0000][8][gc,start    ] GC(18) Pause Young (Concurrent Start) (Metadata GC Threshold)
[2026-07-13T08:38:58.623+0000][8][gc,task     ] GC(18) Using 4 workers of 4 for evacuation
[2026-07-13T08:38:58.623+0000][8][gc,age      ] GC(18) Desired survivor size 20971520 bytes, new threshold 15 (max threshold 15)
[2026-07-13T08:38:58.637+0000][8][gc,phases   ] GC(18)   Pre Evacuate Collection Set: 0.51ms
[2026-07-13T08:38:58.637+0000][8][gc,phases   ] GC(18)   Merge Heap Roots: 0.24ms
[2026-07-13T08:38:58.638+0000][8][gc,phases   ] GC(18)   Evacuate Collection Set: 10.26ms
[2026-07-13T08:38:58.638+0000][8][gc,phases   ] GC(18)   Post Evacuate Collection Set: 2.10ms
[2026-07-13T08:38:58.638+0000][8][gc,phases   ] GC(18)   Other: 0.57ms
[2026-07-13T08:38:58.638+0000][8][gc,age      ] GC(18) Age table with threshold 15 (max threshold 15)
[2026-07-13T08:38:58.639+0000][8][gc,age      ] GC(18) - age   1:    3450200 bytes,    3450200 total
[2026-07-13T08:38:58.639+0000][8][gc,age      ] GC(18) - age   2:    4440008 bytes,    7890208 total
[2026-07-13T08:38:58.639+0000][8][gc,heap     ] GC(18) Eden regions: 48->0(73)
[2026-07-13T08:38:58.639+0000][8][gc,heap     ] GC(18) Survivor regions: 2->3(10)
[2026-07-13T08:38:58.639+0000][8][gc,heap     ] GC(18) Old regions: 18->18
[2026-07-13T08:38:58.640+0000][8][gc,heap     ] GC(18) Humongous regions: 2->2
[2026-07-13T08:38:58.640+0000][8][gc,metaspace] GC(18) Metaspace: 100518K(103296K)->100518K(103296K) NonClass: 86169K(87680K)->86169K(87680K) Class: 14349K(15616K)->14349K(15616K)
[2026-07-13T08:38:58.640+0000][8][gc          ] GC(18) Pause Young (Concurrent Start) (Metadata GC Threshold) 277M->87M(512M) 17.063ms
[2026-07-13T08:38:58.640+0000][8][gc,cpu      ] GC(18) User=0.04s Sys=0.00s Real=0.02s
[2026-07-13T08:38:58.641+0000][8][gc          ] GC(19) Concurrent Mark Cycle
[2026-07-13T08:38:58.641+0000][8][gc,marking  ] GC(19) Concurrent Scan Root Regions
[2026-07-13T08:38:58.641+0000][8][safepoint   ] Safepoint "CollectForMetadataAllocation", Time since last: 469358940 ns, Reaching safepoint: 6489 ns, Cleanup: 20648 ns, At safepoint: 17968026 ns, Total: 17995163 ns
[2026-07-13T08:38:58.655+0000][8][gc,marking  ] GC(19) Concurrent Scan Root Regions 14.014ms
[2026-07-13T08:38:58.656+0000][8][gc,marking  ] GC(19) Concurrent Mark
[2026-07-13T08:38:58.657+0000][8][gc,marking  ] GC(19) Concurrent Mark From Roots
[2026-07-13T08:38:58.657+0000][8][gc,task     ] GC(19) Using 1 workers of 1 for marking
[2026-07-13T08:38:58.769+0000][8][safepoint   ] Safepoint "CollectForMetadataAllocation", Time since last: 128234449 ns, Reaching safepoint: 113249 ns, Cleanup: 21152 ns, At safepoint: 66198 ns, Total: 200599 ns
[2026-07-13T08:38:58.793+0000][8][safepoint   ] Safepoint "CollectForMetadataAllocation", Time since last: 23559195 ns, Reaching safepoint: 157478 ns, Cleanup: 9483 ns, At safepoint: 171435 ns, Total: 338396 ns
[2026-07-13T08:38:58.824+0000][8][safepoint   ] Safepoint "CollectForMetadataAllocation", Time since last: 30258988 ns, Reaching safepoint: 101408 ns, Cleanup: 9807 ns, At safepoint: 136478 ns, Total: 247693 ns
[2026-07-13T08:38:58.848+0000][8][gc,marking  ] GC(19) Concurrent Mark From Roots 191.892ms
[2026-07-13T08:38:58.849+0000][8][gc,marking  ] GC(19) Concurrent Preclean
[2026-07-13T08:38:58.850+0000][8][gc,marking  ] GC(19) Concurrent Preclean 0.756ms
[2026-07-13T08:38:58.851+0000][8][gc,start    ] GC(19) Pause Remark
[2026-07-13T08:38:58.862+0000][8][gc          ] GC(19) Pause Remark 92M->92M(512M) 10.537ms
[2026-07-13T08:38:58.862+0000][8][gc,cpu      ] GC(19) User=0.03s Sys=0.00s Real=0.01s
[2026-07-13T08:38:58.862+0000][8][safepoint   ] Safepoint "G1PauseRemark", Time since last: 26519585 ns, Reaching safepoint: 922280 ns, Cleanup: 13731 ns, At safepoint: 11236404 ns, Total: 12172415 ns
[2026-07-13T08:38:58.863+0000][8][gc,marking  ] GC(19) Concurrent Mark 206.596ms
[2026-07-13T08:38:58.864+0000][8][gc,marking  ] GC(19) Concurrent Rebuild Remembered Sets and Scrub Regions
[2026-07-13T08:38:58.952+0000][8][gc,marking  ] GC(19) Concurrent Rebuild Remembered Sets and Scrub Regions 88.366ms
[2026-07-13T08:38:58.953+0000][8][gc,start    ] GC(19) Pause Cleanup
[2026-07-13T08:38:58.953+0000][8][gc          ] GC(19) Pause Cleanup 94M->94M(512M) 0.465ms
[2026-07-13T08:38:58.953+0000][8][gc,cpu      ] GC(19) User=0.00s Sys=0.00s Real=0.01s
[2026-07-13T08:38:58.954+0000][8][safepoint   ] Safepoint "G1PauseCleanup", Time since last: 90100730 ns, Reaching safepoint: 8337 ns, Cleanup: 36622 ns, At safepoint: 1002681 ns, Total: 1047640 ns
[2026-07-13T08:38:58.954+0000][8][gc,marking  ] GC(19) Concurrent Clear Claimed Marks
[2026-07-13T08:38:58.954+0000][8][gc,marking  ] GC(19) Concurrent Clear Claimed Marks 0.489ms
[2026-07-13T08:38:58.955+0000][8][gc,marking  ] GC(19) Concurrent Cleanup for Next Mark
[2026-07-13T08:38:58.956+0000][8][gc,marking  ] GC(19) Concurrent Cleanup for Next Mark 0.958ms
[2026-07-13T08:38:58.956+0000][8][gc          ] GC(19) Concurrent Mark Cycle 315.328ms
[2026-07-13T08:38:59.580+0000][8][safepoint   ] Safepoint "ICBufferFull", Time since last: 624761559 ns, Reaching safepoint: 945680 ns, Cleanup: 148419 ns, At safepoint: 834465 ns, Total: 1928564 ns
[2026-07-13T08:39:00.692+0000][8][safepoint   ] Safepoint "Cleanup", Time since last: 1050083046 ns, Reaching safepoint: 46379888 ns, Cleanup: 164230 ns, At safepoint: 15420381 ns, Total: 61964499 ns
[2026-07-13T08:39:01.855+0000][8][safepoint   ] Safepoint "Cleanup", Time since last: 1131956705 ns, Reaching safepoint: 11103549 ns, Cleanup: 40040 ns, At safepoint: 19406692 ns, Total: 30550281 ns
[2026-07-13T08:39:02.878+0000][8][safepoint   ] Safepoint "Cleanup", Time since last: 1022462785 ns, Reaching safepoint: 1002973 ns, Cleanup: 38413 ns, At safepoint: 24935 ns, Total: 1066321 ns
[2026-07-13T08:39:03.953+0000][8][safepoint   ] Safepoint "Cleanup", Time since last: 1073941357 ns, Reaching safepoint: 12927 ns, Cleanup: 337297 ns, At safepoint: 18375 ns, Total: 368599 ns
[2026-07-13T08:39:04.963+0000][8][safepoint   ] Safepoint "Cleanup", Time since last: 1009224907 ns, Reaching safepoint: 682784 ns, Cleanup: 55565 ns, At safepoint: 107246 ns, Total: 845595 ns
[2026-07-13T08:39:05.967+0000][8][safepoint   ] Safepoint "Cleanup", Time since last: 1003561256 ns, Reaching safepoint: 961570 ns, Cleanup: 95687 ns, At safepoint: 107255 ns, Total: 1164512 ns
[2026-07-13T08:39:06.971+0000][8][safepoint   ] Safepoint "Cleanup", Time since last: 1001238982 ns, Reaching safepoint: 437115 ns, Cleanup: 77172 ns, At safepoint: 7633027 ns, Total: 8147314 ns
[2026-07-13T08:39:07.973+0000][8][safepoint   ] Safepoint "Cleanup", Time since last: 1001668897 ns, Reaching safepoint: 637280 ns, Cleanup: 39824 ns, At safepoint: 24943 ns, Total: 702047 ns
[2026-07-13T08:39:08.980+0000][8][safepoint   ] Safepoint "Cleanup", Time since last: 1001405665 ns, Reaching safepoint: 5702100 ns, Cleanup: 45792 ns, At safepoint: 35817 ns, Total: 5783709 ns
[2026-07-13T08:39:10.240+0000][8][safepoint   ] Safepoint "Cleanup", Time since last: 1255676917 ns, Reaching safepoint: 4134875 ns, Cleanup: 52201 ns, At safepoint: 36337 ns, Total: 4223413 ns
[2026-07-13T08:39:11.413+0000][8][safepoint   ] Safepoint "Cleanup", Time since last: 1046008112 ns, Reaching safepoint: 44195050 ns, Cleanup: 58704 ns, At safepoint: 82823934 ns, Total: 127077688 ns
[2026-07-13T08:39:12.417+0000][8][safepoint   ] Safepoint "Cleanup", Time since last: 1003799610 ns, Reaching safepoint: 18412 ns, Cleanup: 33967 ns, At safepoint: 10977 ns, Total: 63356 ns
[2026-07-13T08:39:13.432+0000][8][safepoint   ] Safepoint "Cleanup", Time since last: 1008933235 ns, Reaching safepoint: 6303755 ns, Cleanup: 37220 ns, At safepoint: 101840 ns, Total: 6442815 ns
[2026-07-13T08:39:14.451+0000][8][safepoint   ] Safepoint "Cleanup", Time since last: 1015355733 ns, Reaching safepoint: 3508770 ns, Cleanup: 29057 ns, At safepoint: 78642 ns, Total: 3616469 ns
[2026-07-13T08:39:15.014+0000][8][gc,start    ] GC(20) Pause Young (Prepare Mixed) (G1 Evacuation Pause)
[2026-07-13T08:39:15.015+0000][8][gc,task     ] GC(20) Using 4 workers of 4 for evacuation
[2026-07-13T08:39:15.015+0000][8][gc,age      ] GC(20) Desired survivor size 20971520 bytes, new threshold 15 (max threshold 15)
[2026-07-13T08:39:15.164+0000][8][gc,phases   ] GC(20)   Pre Evacuate Collection Set: 0.30ms
[2026-07-13T08:39:15.164+0000][8][gc,phases   ] GC(20)   Merge Heap Roots: 0.57ms
[2026-07-13T08:39:15.170+0000][8][gc,phases   ] GC(20)   Evacuate Collection Set: 128.88ms
[2026-07-13T08:39:15.172+0000][8][gc,phases   ] GC(20)   Post Evacuate Collection Set: 18.74ms
[2026-07-13T08:39:15.173+0000][8][gc,phases   ] GC(20)   Other: 0.41ms
[2026-07-13T08:39:15.173+0000][8][gc,age      ] GC(20) Age table with threshold 15 (max threshold 15)
[2026-07-13T08:39:15.173+0000][8][gc,age      ] GC(20) - age   1:   10859240 bytes,   10859240 total
[2026-07-13T08:39:15.174+0000][8][gc,age      ] GC(20) - age   2:    3239864 bytes,   14099104 total
[2026-07-13T08:39:15.174+0000][8][gc,age      ] GC(20) - age   3:    4334696 bytes,   18433800 total
[2026-07-13T08:39:15.174+0000][8][gc,heap     ] GC(20) Eden regions: 73->0(58)
[2026-07-13T08:39:15.175+0000][8][gc,heap     ] GC(20) Survivor regions: 3->5(10)
[2026-07-13T08:39:15.175+0000][8][gc,heap     ] GC(20) Old regions: 18->18
[2026-07-13T08:39:15.175+0000][8][gc,heap     ] GC(20) Humongous regions: 2->2
[2026-07-13T08:39:15.175+0000][8][gc,metaspace] GC(20) Metaspace: 107301K(110144K)->107301K(110144K) NonClass: 91947K(93440K)->91947K(93440K) Class: 15353K(16704K)->15353K(16704K)
[2026-07-13T08:39:15.176+0000][8][gc          ] GC(20) Pause Young (Prepare Mixed) (G1 Evacuation Pause) 379M->99M(512M) 161.498ms
[2026-07-13T08:39:15.176+0000][8][gc,cpu      ] GC(20) User=0.07s Sys=0.00s Real=0.16s
[2026-07-13T08:39:15.191+0000][8][safepoint   ] Safepoint "G1CollectForAllocation", Time since last: 562825226 ns, Reaching safepoint: 14234 ns, Cleanup: 5414 ns, At safepoint: 176916143 ns, Total: 176935791 ns
[2026-07-13T08:39:16.199+0000][8][safepoint   ] Safepoint "Cleanup", Time since last: 1006258070 ns, Reaching safepoint: 1698854 ns, Cleanup: 23365 ns, At safepoint: 199748 ns, Total: 1921967 ns
[2026-07-13T08:39:17.210+0000][8][safepoint   ] Safepoint "Cleanup", Time since last: 1006326075 ns, Reaching safepoint: 369601 ns, Cleanup: 25313 ns, At safepoint: 3725200 ns, Total: 4120114 ns
[2026-07-13T08:39:18.220+0000][8][safepoint   ] Safepoint "Cleanup", Time since last: 1009575643 ns, Reaching safepoint: 633099 ns, Cleanup: 21507 ns, At safepoint: 20156 ns, Total: 674762 ns
[2026-07-13T08:39:19.231+0000][8][safepoint   ] Safepoint "Cleanup", Time since last: 1005021975 ns, Reaching safepoint: 6015807 ns, Cleanup: 34635 ns, At safepoint: 31067 ns, Total: 6081509 ns
[2026-07-13T08:39:20.250+0000][8][safepoint   ] Safepoint "Cleanup", Time since last: 1003253250 ns, Reaching safepoint: 647091 ns, Cleanup: 123910 ns, At safepoint: 14707531 ns, Total: 15478532 ns
[2026-07-13T08:39:21.265+0000][8][safepoint   ] Safepoint "Cleanup", Time since last: 1014473406 ns, Reaching safepoint: 642686 ns, Cleanup: 53471 ns, At safepoint: 34495 ns, Total: 730652 ns
[2026-07-13T08:39:22.268+0000][8][safepoint   ] Safepoint "Cleanup", Time since last: 1002556324 ns, Reaching safepoint: 11552 ns, Cleanup: 29268 ns, At safepoint: 9560 ns, Total: 50380 ns
[2026-07-13T08:39:23.275+0000][8][safepoint   ] Safepoint "Cleanup", Time since last: 1006552504 ns, Reaching safepoint: 880615 ns, Cleanup: 53520 ns, At safepoint: 42653 ns, Total: 976788 ns
[2026-07-13T08:39:24.309+0000][8][safepoint   ] Safepoint "Cleanup", Time since last: 1003642557 ns, Reaching safepoint: 30367335 ns, Cleanup: 61174 ns, At safepoint: 82907 ns, Total: 30511416 ns
[2026-07-13T08:39:25.121+0000][8][gc,start    ] GC(21) Pause Young (Mixed) (G1 Evacuation Pause)
[2026-07-13T08:39:25.153+0000][8][gc,task     ] GC(21) Using 4 workers of 4 for evacuation
[2026-07-13T08:39:25.180+0000][8][gc,age      ] GC(21) Desired survivor size 16777216 bytes, new threshold 3 (max threshold 15)
[2026-07-13T08:39:25.393+0000][8][gc,mmu      ] GC(21) MMU target violated: 201.0ms (200.0ms/201.0ms)
[2026-07-13T08:39:25.394+0000][8][gc,phases   ] GC(21)   Pre Evacuate Collection Set: 0.80ms
[2026-07-13T08:39:25.395+0000][8][gc,phases   ] GC(21)   Merge Heap Roots: 0.43ms
[2026-07-13T08:39:25.395+0000][8][gc,phases   ] GC(21)   Evacuate Collection Set: 198.25ms
[2026-07-13T08:39:25.396+0000][8][gc,phases   ] GC(21)   Post Evacuate Collection Set: 6.53ms
[2026-07-13T08:39:25.396+0000][8][gc,phases   ] GC(21)   Other: 35.45ms
[2026-07-13T08:39:25.399+0000][8][gc,age      ] GC(21) Age table with threshold 3 (max threshold 15)
[2026-07-13T08:39:25.399+0000][8][gc,age      ] GC(21) - age   1:    3415672 bytes,    3415672 total
[2026-07-13T08:39:25.399+0000][8][gc,age      ] GC(21) - age   2:    7049568 bytes,   10465240 total
[2026-07-13T08:39:25.399+0000][8][gc,age      ] GC(21) - age   3:    3239864 bytes,   13705104 total
[2026-07-13T08:39:25.400+0000][8][gc,heap     ] GC(21) Eden regions: 56->0(72)
[2026-07-13T08:39:25.400+0000][8][gc,heap     ] GC(21) Survivor regions: 5->4(8)
[2026-07-13T08:39:25.400+0000][8][gc,heap     ] GC(21) Old regions: 18->19
[2026-07-13T08:39:25.412+0000][8][gc,heap     ] GC(21) Humongous regions: 2->2
[2026-07-13T08:39:25.423+0000][8][gc,metaspace] GC(21) Metaspace: 107967K(110848K)->107967K(110848K) NonClass: 92528K(94080K)->92528K(94080K) Class: 15438K(16768K)->15438K(16768K)
[2026-07-13T08:39:25.424+0000][8][gc          ] GC(21) Pause Young (Mixed) (G1 Evacuation Pause) 323M->97M(512M) 302.523ms
[2026-07-13T08:39:25.424+0000][8][gc,cpu      ] GC(21) User=0.27s Sys=0.01s Real=0.30s
[2026-07-13T08:39:25.425+0000][8][safepoint   ] Safepoint "G1CollectForAllocation", Time since last: 785217535 ns, Reaching safepoint: 26292141 ns, Cleanup: 652164 ns, At safepoint: 303155433 ns, Total: 330099738 ns
[2026-07-13T08:39:26.448+0000][8][safepoint   ] Safepoint "Cleanup", Time since last: 1001793350 ns, Reaching safepoint: 19664609 ns, Cleanup: 71826 ns, At safepoint: 1806505 ns, Total: 21542940 ns
[2026-07-13T08:39:27.494+0000][8][safepoint   ] Safepoint "Cleanup", Time since last: 1028174486 ns, Reaching safepoint: 3412872 ns, Cleanup: 46091 ns, At safepoint: 14341901 ns, Total: 17800864 ns
[2026-07-13T08:39:28.581+0000][8][safepoint   ] Safepoint "Cleanup", Time since last: 1058998659 ns, Reaching safepoint: 23234208 ns, Cleanup: 96776 ns, At safepoint: 4873889 ns, Total: 28204873 ns
[2026-07-13T08:39:29.594+0000][8][safepoint   ] Safepoint "Cleanup", Time since last: 1012508259 ns, Reaching safepoint: 16681 ns, Cleanup: 32634 ns, At safepoint: 13758 ns, Total: 63073 ns
[2026-07-13T08:39:30.617+0000][8][safepoint   ] Safepoint "Cleanup", Time since last: 1017298226 ns, Reaching safepoint: 6020547 ns, Cleanup: 59044 ns, At safepoint: 222749 ns, Total: 6302340 ns
[2026-07-13T08:39:32.022+0000][8][safepoint   ] Safepoint "Cleanup", Time since last: 1404664023 ns, Reaching safepoint: 15364 ns, Cleanup: 14497 ns, At safepoint: 10299 ns, Total: 40160 ns
[2026-07-13T08:39:34.035+0000][8][safepoint   ] Safepoint "Cleanup", Time since last: 2013030025 ns, Reaching safepoint: 18373 ns, Cleanup: 16454 ns, At safepoint: 56159 ns, Total: 90986 ns
[2026-07-13T08:39:40.045+0000][8][safepoint   ] Safepoint "Cleanup", Time since last: 6006745959 ns, Reaching safepoint: 13857 ns, Cleanup: 15514 ns, At safepoint: 9196 ns, Total: 38567 ns
[2026-07-13T08:39:41.046+0000][8][safepoint   ] Safepoint "Cleanup", Time since last: 1000951225 ns, Reaching safepoint: 13425 ns, Cleanup: 15355 ns, At safepoint: 9875 ns, Total: 38655 ns
[2026-07-13T08:39:44.056+0000][8][safepoint   ] Safepoint "Cleanup", Time since last: 3010430629 ns, Reaching safepoint: 16684 ns, Cleanup: 17059 ns, At safepoint: 12372 ns, Total: 46115 ns
[2026-07-13T08:39:45.058+0000][8][safepoint   ] Safepoint "Cleanup", Time since last: 1001233924 ns, Reaching safepoint: 40517 ns, Cleanup: 18157 ns, At safepoint: 12129 ns, Total: 70803 ns
[2026-07-13T08:39:46.059+0000][8][safepoint   ] Safepoint "Cleanup", Time since last: 1001356664 ns, Reaching safepoint: 13806 ns, Cleanup: 16245 ns, At safepoint: 8681 ns, Total: 38732 ns
[2026-07-13T08:39:54.067+0000][8][safepoint   ] Safepoint "Cleanup", Time since last: 8008076677 ns, Reaching safepoint: 17965 ns, Cleanup: 18287 ns, At safepoint: 11439 ns, Total: 47691 ns
[2026-07-13T08:39:55.068+0000][8][safepoint   ] Safepoint "Cleanup", Time since last: 1000958078 ns, Reaching safepoint: 23289 ns, Cleanup: 25048 ns, At safepoint: 14306 ns, Total: 62643 ns
[2026-07-13T08:40:00.072+0000][8][safepoint   ] Safepoint "Cleanup", Time since last: 5003699240 ns, Reaching safepoint: 15130 ns, Cleanup: 18607 ns, At safepoint: 10517 ns, Total: 44254 ns
[2026-07-13T08:40:01.075+0000][8][safepoint   ] Safepoint "Cleanup", Time since last: 1002146168 ns, Reaching safepoint: 989224 ns, Cleanup: 15632 ns, At safepoint: 94708 ns, Total: 1099564 ns
[2026-07-13T08:40:03.078+0000][8][safepoint   ] Safepoint "Cleanup", Time since last: 2002935925 ns, Reaching safepoint: 15302 ns, Cleanup: 16376 ns, At safepoint: 10293 ns, Total: 41971 ns
[2026-07-13T08:40:05.080+0000][8][safepoint   ] Safepoint "Cleanup", Time since last: 2002072196 ns, Reaching safepoint: 15685 ns, Cleanup: 29855 ns, At safepoint: 13174 ns, Total: 58714 ns
[2026-07-13T08:40:07.086+0000][8][safepoint   ] Safepoint "Cleanup", Time since last: 2001733639 ns, Reaching safepoint: 15314 ns, Cleanup: 14373 ns, At safepoint: 9969 ns, Total: 39656 ns
[2026-07-13T08:40:22.100+0000][8][safepoint   ] Safepoint "Cleanup", Time since last: 15013880510 ns, Reaching safepoint: 49816 ns, Cleanup: 15372 ns, At safepoint: 11989 ns, Total: 77177 ns
[2026-07-13T08:40:25.103+0000][8][safepoint   ] Safepoint "Cleanup", Time since last: 3002813137 ns, Reaching safepoint: 13750 ns, Cleanup: 19565 ns, At safepoint: 9638 ns, Total: 42953 ns
[2026-07-13T08:40:27.104+0000][8][safepoint   ] Safepoint "Cleanup", Time since last: 2001145198 ns, Reaching safepoint: 15537 ns, Cleanup: 11987 ns, At safepoint: 8351 ns, Total: 35875 ns
[2026-07-13T08:40:30.106+0000][8][safepoint   ] Safepoint "Cleanup", Time since last: 3001834792 ns, Reaching safepoint: 12330 ns, Cleanup: 11994 ns, At safepoint: 7108 ns, Total: 31432 ns
[2026-07-13T08:40:42.169+0000][8][safepoint   ] Safepoint "Cleanup", Time since last: 12062128648 ns, Reaching safepoint: 10224 ns, Cleanup: 13760 ns, At safepoint: 7068 ns, Total: 31052 ns
[2026-07-13T08:40:44.171+0000][8][safepoint   ] Safepoint "Cleanup", Time since last: 2001744684 ns, Reaching safepoint: 12221 ns, Cleanup: 11100 ns, At safepoint: 7178 ns, Total: 30499 ns
[2026-07-13T08:40:51.178+0000][8][safepoint   ] Safepoint "Cleanup", Time since last: 7007071481 ns, Reaching safepoint: 10597 ns, Cleanup: 11296 ns, At safepoint: 7192 ns, Total: 29085 ns
[2026-07-13T08:40:55.182+0000][8][safepoint   ] Safepoint "Cleanup", Time since last: 4003898374 ns, Reaching safepoint: 12484 ns, Cleanup: 16088 ns, At safepoint: 7924 ns, Total: 36496 ns
[2026-07-13T08:41:01.188+0000][8][safepoint   ] Safepoint "Cleanup", Time since last: 6006196207 ns, Reaching safepoint: 40440 ns, Cleanup: 17820 ns, At safepoint: 11315 ns, Total: 69575 ns
[2026-07-13T08:41:06.195+0000][8][safepoint   ] Safepoint "Cleanup", Time since last: 5006771632 ns, Reaching safepoint: 11242 ns, Cleanup: 13163 ns, At safepoint: 9097 ns, Total: 33502 ns
[2026-07-13T08:41:07.196+0000][8][safepoint   ] Safepoint "Cleanup", Time since last: 1000945599 ns, Reaching safepoint: 10165 ns, Cleanup: 10544 ns, At safepoint: 6493 ns, Total: 27202 ns
[2026-07-13T08:41:14.202+0000][8][safepoint   ] Safepoint "Cleanup", Time since last: 7006203357 ns, Reaching safepoint: 12210 ns, Cleanup: 12156 ns, At safepoint: 8350 ns, Total: 32716 ns
[2026-07-13T08:41:20.212+0000][8][safepoint   ] Safepoint "Cleanup", Time since last: 6007356125 ns, Reaching safepoint: 800059 ns, Cleanup: 1683573 ns, At safepoint: 98952 ns, Total: 2582584 ns
[2026-07-13T08:41:22.219+0000][8][safepoint   ] Safepoint "Cleanup", Time since last: 2006818602 ns, Reaching safepoint: 13229 ns, Cleanup: 14692 ns, At safepoint: 9537 ns, Total: 37458 ns
[2026-07-13T08:41:32.386+0000][8][safepoint   ] Safepoint "Cleanup", Time since last: 10167051813 ns, Reaching safepoint: 40619 ns, Cleanup: 16605 ns, At safepoint: 14904 ns, Total: 72128 ns
[2026-07-13T08:41:42.397+0000][8][safepoint   ] Safepoint "Cleanup", Time since last: 10010923369 ns, Reaching safepoint: 11920 ns, Cleanup: 12241 ns, At safepoint: 7971 ns, Total: 32132 ns
[2026-07-13T08:41:43.398+0000][8][safepoint   ] Safepoint "Cleanup", Time since last: 1000931521 ns, Reaching safepoint: 11757 ns, Cleanup: 15338 ns, At safepoint: 8901 ns, Total: 35996 ns
[2026-07-13T08:41:55.410+0000][8][safepoint   ] Safepoint "Cleanup", Time since last: 12012063337 ns, Reaching safepoint: 18034 ns, Cleanup: 25877 ns, At safepoint: 15682 ns, Total: 59593 ns
[2026-07-13T08:41:57.413+0000][8][safepoint   ] Safepoint "Cleanup", Time since last: 2002891889 ns, Reaching safepoint: 16591 ns, Cleanup: 17584 ns, At safepoint: 12667 ns, Total: 46842 ns
[2026-07-13T08:42:02.417+0000][8][safepoint   ] Safepoint "Cleanup", Time since last: 5003815981 ns, Reaching safepoint: 14374 ns, Cleanup: 18129 ns, At safepoint: 11531 ns, Total: 44034 ns
[2026-07-13T08:42:12.425+0000][8][safepoint   ] Safepoint "Cleanup", Time since last: 10008014707 ns, Reaching safepoint: 14422 ns, Cleanup: 16508 ns, At safepoint: 9151 ns, Total: 40081 ns
[2026-07-13T08:42:23.436+0000][8][safepoint   ] Safepoint "Cleanup", Time since last: 11011006816 ns, Reaching safepoint: 34503 ns, Cleanup: 13075 ns, At safepoint: 8046 ns, Total: 55624 ns
[2026-07-13T08:42:25.439+0000][8][safepoint   ] Safepoint "Cleanup", Time since last: 2002936065 ns, Reaching safepoint: 10979 ns, Cleanup: 12570 ns, At safepoint: 8324 ns, Total: 31873 ns
[2026-07-13T08:42:32.418+0000][8][safepoint   ] Safepoint "Cleanup", Time since last: 6978823797 ns, Reaching safepoint: 10872 ns, Cleanup: 17549 ns, At safepoint: 7765 ns, Total: 36186 ns
[2026-07-13T08:42:36.422+0000][8][safepoint   ] Safepoint "Cleanup", Time since last: 4004127657 ns, Reaching safepoint: 10468 ns, Cleanup: 15527 ns, At safepoint: 7550 ns, Total: 33545 ns
[2026-07-13T08:42:42.437+0000][8][safepoint   ] Safepoint "Cleanup", Time since last: 6013980647 ns, Reaching safepoint: 12602 ns, Cleanup: 14122 ns, At safepoint: 8154 ns, Total: 34878 ns
[2026-07-13T08:42:43.440+0000][8][safepoint   ] Safepoint "Cleanup", Time since last: 1001978400 ns, Reaching safepoint: 343425 ns, Cleanup: 85299 ns, At safepoint: 233212 ns, Total: 661936 ns
[2026-07-13T08:42:44.443+0000][8][safepoint   ] Safepoint "Cleanup", Time since last: 1003235700 ns, Reaching safepoint: 13026 ns, Cleanup: 15112 ns, At safepoint: 11806 ns, Total: 39944 ns
[2026-07-13T08:42:51.450+0000][8][safepoint   ] Safepoint "Cleanup", Time since last: 7007116510 ns, Reaching safepoint: 16011 ns, Cleanup: 18581 ns, At safepoint: 12825 ns, Total: 47417 ns
[2026-07-13T08:42:52.451+0000][8][safepoint   ] Safepoint "Cleanup", Time since last: 1000861263 ns, Reaching safepoint: 14180 ns, Cleanup: 13539 ns, At safepoint: 10275 ns, Total: 37994 ns
[2026-07-13T08:42:55.454+0000][8][safepoint   ] Safepoint "Cleanup", Time since last: 3002857906 ns, Reaching safepoint: 10873 ns, Cleanup: 21937 ns, At safepoint: 6878 ns, Total: 39688 ns
[2026-07-13T08:42:56.455+0000][8][safepoint   ] Safepoint "Cleanup", Time since last: 1001109858 ns, Reaching safepoint: 100852 ns, Cleanup: 18895 ns, At safepoint: 19984 ns, Total: 139731 ns
[2026-07-13T08:43:00.458+0000][8][safepoint   ] Safepoint "Cleanup", Time since last: 4002805226 ns, Reaching safepoint: 14261 ns, Cleanup: 13104 ns, At safepoint: 9309 ns, Total: 36674 ns
[2026-07-13T08:43:03.461+0000][8][safepoint   ] Safepoint "Cleanup", Time since last: 3002967706 ns, Reaching safepoint: 12305 ns, Cleanup: 20668 ns, At safepoint: 8212 ns, Total: 41185 ns
[2026-07-13T08:43:21.477+0000][8][safepoint   ] Safepoint "Cleanup", Time since last: 18015923243 ns, Reaching safepoint: 42784 ns, Cleanup: 14927 ns, At safepoint: 9562 ns, Total: 67273 ns
[2026-07-13T08:43:29.484+0000][8][safepoint   ] Safepoint "Cleanup", Time since last: 8006995650 ns, Reaching safepoint: 13342 ns, Cleanup: 14000 ns, At safepoint: 10514 ns, Total: 37856 ns
[2026-07-13T08:43:33.642+0000][8][safepoint   ] Safepoint "Cleanup", Time since last: 4157941178 ns, Reaching safepoint: 13046 ns, Cleanup: 17668 ns, At safepoint: 8310 ns, Total: 39024 ns
[2026-07-13T08:43:42.649+0000][8][safepoint   ] Safepoint "Cleanup", Time since last: 9006793239 ns, Reaching safepoint: 53315 ns, Cleanup: 26065 ns, At safepoint: 10856 ns, Total: 90236 ns
[2026-07-13T08:43:43.650+0000][8][safepoint   ] Safepoint "Cleanup", Time since last: 1001076442 ns, Reaching safepoint: 12457 ns, Cleanup: 13060 ns, At safepoint: 8577 ns, Total: 34094 ns
[2026-07-13T08:43:54.661+0000][8][safepoint   ] Safepoint "Cleanup", Time since last: 11011004404 ns, Reaching safepoint: 11870 ns, Cleanup: 13804 ns, At safepoint: 8572 ns, Total: 34246 ns
[2026-07-13T08:43:57.663+0000][8][safepoint   ] Safepoint "Cleanup", Time since last: 3002029539 ns, Reaching safepoint: 14518 ns, Cleanup: 14837 ns, At safepoint: 11392 ns, Total: 40747 ns
[2026-07-13T08:44:01.666+0000][8][safepoint   ] Safepoint "Cleanup", Time since last: 4002922197 ns, Reaching safepoint: 13164 ns, Cleanup: 14633 ns, At safepoint: 10693 ns, Total: 38490 ns
[2026-07-13T08:44:03.668+0000][8][safepoint   ] Safepoint "Cleanup", Time since last: 2001801064 ns, Reaching safepoint: 14497 ns, Cleanup: 15682 ns, At safepoint: 11643 ns, Total: 41822 ns
[2026-07-13T08:44:07.642+0000][8][safepoint   ] Safepoint "Cleanup", Time since last: 4004199622 ns, Reaching safepoint: 15326 ns, Cleanup: 23294 ns, At safepoint: 13186 ns, Total: 51806 ns
[2026-07-13T08:44:13.648+0000][8][safepoint   ] Safepoint "Cleanup", Time since last: 6005818939 ns, Reaching safepoint: 13948 ns, Cleanup: 14767 ns, At safepoint: 8782 ns, Total: 37497 ns
[2026-07-13T08:44:23.657+0000][8][safepoint   ] Safepoint "Cleanup", Time since last: 10009089435 ns, Reaching safepoint: 12814 ns, Cleanup: 15022 ns, At safepoint: 10313 ns, Total: 38149 ns
[2026-07-13T08:44:24.658+0000][8][safepoint   ] Safepoint "Cleanup", Time since last: 1000681469 ns, Reaching safepoint: 13031 ns, Cleanup: 13631 ns, At safepoint: 8150 ns, Total: 34812 ns
[2026-07-13T08:44:29.663+0000][8][safepoint   ] Safepoint "Cleanup", Time since last: 5004947682 ns, Reaching safepoint: 18148 ns, Cleanup: 15852 ns, At safepoint: 10863 ns, Total: 44863 ns
[2026-07-13T08:44:33.667+0000][8][safepoint   ] Safepoint "Cleanup", Time since last: 4004129572 ns, Reaching safepoint: 12643 ns, Cleanup: 14880 ns, At safepoint: 9084 ns, Total: 36607 ns
[2026-07-13T08:44:43.665+0000][8][safepoint   ] Safepoint "Cleanup", Time since last: 10009874705 ns, Reaching safepoint: 31182 ns, Cleanup: 11716 ns, At safepoint: 7400 ns, Total: 50298 ns
[2026-07-13T08:44:53.675+0000][8][safepoint   ] Safepoint "Cleanup", Time since last: 10010328857 ns, Reaching safepoint: 13959 ns, Cleanup: 16465 ns, At safepoint: 10151 ns, Total: 40575 ns
[2026-07-13T08:45:03.683+0000][8][safepoint   ] Safepoint "Cleanup", Time since last: 10008459666 ns, Reaching safepoint: 13201 ns, Cleanup: 12428 ns, At safepoint: 8013 ns, Total: 33642 ns
[2026-07-13T08:45:13.691+0000][8][safepoint   ] Safepoint "Cleanup", Time since last: 10010069592 ns, Reaching safepoint: 38548 ns, Cleanup: 17560 ns, At safepoint: 7865 ns, Total: 63973 ns
[2026-07-13T08:45:34.711+0000][8][safepoint   ] Safepoint "Cleanup", Time since last: 21019919562 ns, Reaching safepoint: 13796 ns, Cleanup: 15204 ns, At safepoint: 10537 ns, Total: 39537 ns
[2026-07-13T08:45:35.713+0000][8][safepoint   ] Safepoint "Cleanup", Time since last: 1001127928 ns, Reaching safepoint: 15150 ns, Cleanup: 14933 ns, At safepoint: 10899 ns, Total: 40982 ns
[2026-07-13T08:45:36.714+0000][8][safepoint   ] Safepoint "Cleanup", Time since last: 1000941566 ns, Reaching safepoint: 13659 ns, Cleanup: 18050 ns, At safepoint: 9484 ns, Total: 41193 ns
[2026-07-13T08:45:43.721+0000][8][safepoint   ] Safepoint "Cleanup", Time since last: 7006832225 ns, Reaching safepoint: 27919 ns, Cleanup: 8776 ns, At safepoint: 7785 ns, Total: 44480 ns
[2026-07-13T08:45:54.731+0000][8][safepoint   ] Safepoint "Cleanup", Time since last: 11009982055 ns, Reaching safepoint: 12485 ns, Cleanup: 12417 ns, At safepoint: 8220 ns, Total: 33122 ns
[2026-07-13T08:46:31.785+0000][8][safepoint   ] Safepoint "Cleanup", Time since last: 37054131851 ns, Reaching safepoint: 42494 ns, Cleanup: 13698 ns, At safepoint: 10385 ns, Total: 66577 ns
[2026-07-13T08:46:51.804+0000][8][safepoint   ] Safepoint "Cleanup", Time since last: 20018689370 ns, Reaching safepoint: 39144 ns, Cleanup: 14581 ns, At safepoint: 8568 ns, Total: 62293 ns
[2026-07-13T08:46:53.806+0000][8][safepoint   ] Safepoint "Cleanup", Time since last: 2002046427 ns, Reaching safepoint: 15063 ns, Cleanup: 14937 ns, At safepoint: 8577 ns, Total: 38577 ns
[2026-07-13T08:46:54.807+0000][8][safepoint   ] Safepoint "Cleanup", Time since last: 1000867439 ns, Reaching safepoint: 13257 ns, Cleanup: 17811 ns, At safepoint: 9010 ns, Total: 40078 ns
[2026-07-13T08:47:04.817+0000][8][safepoint   ] Safepoint "Cleanup", Time since last: 10010113174 ns, Reaching safepoint: 14756 ns, Cleanup: 21078 ns, At safepoint: 10904 ns, Total: 46738 ns
[2026-07-13T08:47:21.831+0000][8][safepoint   ] Safepoint "Cleanup", Time since last: 17013856444 ns, Reaching safepoint: 46983 ns, Cleanup: 19657 ns, At safepoint: 12721 ns, Total: 79361 ns
[2026-07-13T08:47:24.833+0000][8][safepoint   ] Safepoint "Cleanup", Time since last: 3001890924 ns, Reaching safepoint: 70383 ns, Cleanup: 20961 ns, At safepoint: 15503 ns, Total: 106847 ns
[2026-07-13T08:47:34.842+0000][8][safepoint   ] Safepoint "Cleanup", Time since last: 10009143349 ns, Reaching safepoint: 15740 ns, Cleanup: 16265 ns, At safepoint: 10357 ns, Total: 42362 ns
[2026-07-13T08:47:44.852+0000][8][safepoint   ] Safepoint "Cleanup", Time since last: 10009831476 ns, Reaching safepoint: 48622 ns, Cleanup: 26641 ns, At safepoint: 9190 ns, Total: 84453 ns
[2026-07-13T08:47:54.861+0000][8][safepoint   ] Safepoint "Cleanup", Time since last: 10008844643 ns, Reaching safepoint: 12653 ns, Cleanup: 13135 ns, At safepoint: 9615 ns, Total: 35403 ns
[2026-07-13T08:48:03.870+0000][8][safepoint   ] Safepoint "Cleanup", Time since last: 9008937135 ns, Reaching safepoint: 13737 ns, Cleanup: 13571 ns, At safepoint: 8038 ns, Total: 35346 ns
[2026-07-13T08:48:05.872+0000][8][safepoint   ] Safepoint "Cleanup", Time since last: 2002044779 ns, Reaching safepoint: 15545 ns, Cleanup: 15918 ns, At safepoint: 10046 ns, Total: 41509 ns
[2026-07-13T08:48:24.888+0000][8][safepoint   ] Safepoint "Cleanup", Time since last: 19015843557 ns, Reaching safepoint: 42261 ns, Cleanup: 13842 ns, At safepoint: 7659 ns, Total: 63762 ns
[2026-07-13T08:48:53.553+0000][8][safepoint   ] Safepoint "Cleanup", Time since last: 28664523704 ns, Reaching safepoint: 185804 ns, Cleanup: 65304 ns, At safepoint: 40444 ns, Total: 291552 ns
[2026-07-13T08:48:54.554+0000][8][safepoint   ] Safepoint "Cleanup", Time since last: 1001054607 ns, Reaching safepoint: 13773 ns, Cleanup: 37403 ns, At safepoint: 7443 ns, Total: 58619 ns
[2026-07-13T08:49:05.565+0000][8][safepoint   ] Safepoint "Cleanup", Time since last: 11010152665 ns, Reaching safepoint: 15620 ns, Cleanup: 17692 ns, At safepoint: 12770 ns, Total: 46082 ns
[2026-07-13T08:49:29.589+0000][8][safepoint   ] Safepoint "Cleanup", Time since last: 24023810700 ns, Reaching safepoint: 78582 ns, Cleanup: 23942 ns, At safepoint: 14947 ns, Total: 117471 ns
[2026-07-13T08:49:45.777+0000][8][safepoint   ] Safepoint "Cleanup", Time since last: 16187152879 ns, Reaching safepoint: 40211 ns, Cleanup: 55776 ns, At safepoint: 8931 ns, Total: 104918 ns
[2026-07-13T08:49:54.784+0000][8][safepoint   ] Safepoint "Cleanup", Time since last: 9007729357 ns, Reaching safepoint: 11462 ns, Cleanup: 13787 ns, At safepoint: 8191 ns, Total: 33440 ns
[2026-07-13T08:49:56.786+0000][8][safepoint   ] Safepoint "Cleanup", Time since last: 2001295418 ns, Reaching safepoint: 15109 ns, Cleanup: 16226 ns, At safepoint: 11515 ns, Total: 42850 ns
[2026-07-13T08:49:59.789+0000][8][safepoint   ] Safepoint "Cleanup", Time since last: 3002761516 ns, Reaching safepoint: 15478 ns, Cleanup: 17640 ns, At safepoint: 12205 ns, Total: 45323 ns
[2026-07-13T08:50:06.796+0000][8][safepoint   ] Safepoint "Cleanup", Time since last: 7007904218 ns, Reaching safepoint: 16598 ns, Cleanup: 16904 ns, At safepoint: 12376 ns, Total: 45878 ns
[2026-07-13T08:50:19.807+0000][8][safepoint   ] Safepoint "Cleanup", Time since last: 13010016126 ns, Reaching safepoint: 49500 ns, Cleanup: 17642 ns, At safepoint: 11821 ns, Total: 78963 ns
[2026-07-13T08:50:26.813+0000][8][safepoint   ] Safepoint "Cleanup", Time since last: 7006788717 ns, Reaching safepoint: 18354 ns, Cleanup: 14197 ns, At safepoint: 10664 ns, Total: 43215 ns
[2026-07-13T08:50:29.816+0000][8][safepoint   ] Safepoint "Cleanup", Time since last: 3002253857 ns, Reaching safepoint: 16518 ns, Cleanup: 16061 ns, At safepoint: 10152 ns, Total: 42731 ns
[2026-07-13T08:50:46.997+0000][8][safepoint   ] Safepoint "Cleanup", Time since last: 17180639042 ns, Reaching safepoint: 40592 ns, Cleanup: 12977 ns, At safepoint: 8174 ns, Total: 61743 ns
[2026-07-13T08:50:57.010+0000][8][safepoint   ] Safepoint "Cleanup", Time since last: 10013017358 ns, Reaching safepoint: 16595 ns, Cleanup: 19424 ns, At safepoint: 12298 ns, Total: 48317 ns
[2026-07-13T08:51:06.019+0000][8][safepoint   ] Safepoint "Cleanup", Time since last: 9008846377 ns, Reaching safepoint: 19133 ns, Cleanup: 33691 ns, At safepoint: 15813 ns, Total: 68637 ns
[2026-07-13T08:51:07.020+0000][8][safepoint   ] Safepoint "Cleanup", Time since last: 1000865237 ns, Reaching safepoint: 17312 ns, Cleanup: 16883 ns, At safepoint: 8458 ns, Total: 42653 ns
[2026-07-13T08:51:17.030+0000][8][safepoint   ] Safepoint "Cleanup", Time since last: 10010036528 ns, Reaching safepoint: 49326 ns, Cleanup: 15122 ns, At safepoint: 8392 ns, Total: 72840 ns
[2026-07-13T08:51:27.039+0000][8][safepoint   ] Safepoint "Cleanup", Time since last: 10008927144 ns, Reaching safepoint: 18014 ns, Cleanup: 16325 ns, At safepoint: 11787 ns, Total: 46126 ns
[2026-07-13T08:51:31.155+0000][8][gc,start    ] GC(22) Pause Young (Normal) (G1 Evacuation Pause)
[2026-07-13T08:51:31.156+0000][8][gc,task     ] GC(22) Using 4 workers of 4 for evacuation
[2026-07-13T08:51:31.156+0000][8][gc,age      ] GC(22) Desired survivor size 20971520 bytes, new threshold 15 (max threshold 15)
[2026-07-13T08:51:31.164+0000][8][gc,phases   ] GC(22)   Pre Evacuate Collection Set: 0.59ms
[2026-07-13T08:51:31.164+0000][8][gc,phases   ] GC(22)   Merge Heap Roots: 0.10ms
[2026-07-13T08:51:31.164+0000][8][gc,phases   ] GC(22)   Evacuate Collection Set: 5.20ms
[2026-07-13T08:51:31.165+0000][8][gc,phases   ] GC(22)   Post Evacuate Collection Set: 1.51ms
[2026-07-13T08:51:31.165+0000][8][gc,phases   ] GC(22)   Other: 0.72ms
[2026-07-13T08:51:31.165+0000][8][gc,age      ] GC(22) Age table with threshold 15 (max threshold 15)
[2026-07-13T08:51:31.165+0000][8][gc,age      ] GC(22) - age   1:     586056 bytes,     586056 total
[2026-07-13T08:51:31.165+0000][8][gc,age      ] GC(22) - age   2:     250392 bytes,     836448 total
[2026-07-13T08:51:31.166+0000][8][gc,age      ] GC(22) - age   3:    6915896 bytes,    7752344 total
[2026-07-13T08:51:31.166+0000][8][gc,age      ] GC(22) - age   4:    3238184 bytes,   10990528 total
[2026-07-13T08:51:31.166+0000][8][gc,heap     ] GC(22) Eden regions: 72->0(73)
[2026-07-13T08:51:31.166+0000][8][gc,heap     ] GC(22) Survivor regions: 4->3(10)
[2026-07-13T08:51:31.167+0000][8][gc,heap     ] GC(22) Old regions: 19->19
[2026-07-13T08:51:31.167+0000][8][gc,heap     ] GC(22) Humongous regions: 2->2
[2026-07-13T08:51:31.167+0000][8][gc,metaspace] GC(22) Metaspace: 108788K(111616K)->108788K(111616K) NonClass: 93303K(94848K)->93303K(94848K) Class: 15484K(16768K)->15484K(16768K)
[2026-07-13T08:51:31.167+0000][8][gc          ] GC(22) Pause Young (Normal) (G1 Evacuation Pause) 385M->93M(512M) 11.719ms
[2026-07-13T08:51:31.167+0000][8][gc,cpu      ] GC(22) User=0.02s Sys=0.00s Real=0.01s
[2026-07-13T08:51:31.168+0000][8][safepoint   ] Safepoint "G1CollectForAllocation", Time since last: 4116616566 ns, Reaching safepoint: 10234 ns, Cleanup: 4600 ns, At safepoint: 12258861 ns, Total: 12273695 ns
[2026-07-13T08:51:47.043+0000][8][safepoint   ] Safepoint "Cleanup", Time since last: 15875197605 ns, Reaching safepoint: 39222 ns, Cleanup: 16328 ns, At safepoint: 10443 ns, Total: 65993 ns
[2026-07-13T08:51:57.052+0000][8][safepoint   ] Safepoint "Cleanup", Time since last: 10008714730 ns, Reaching safepoint: 13801 ns, Cleanup: 19557 ns, At safepoint: 9076 ns, Total: 42434 ns
[2026-07-13T08:52:07.061+0000][8][safepoint   ] Safepoint "Cleanup", Time since last: 10008949234 ns, Reaching safepoint: 13936 ns, Cleanup: 15186 ns, At safepoint: 11369 ns, Total: 40491 ns
[2026-07-13T08:52:25.079+0000][8][safepoint   ] Safepoint "Cleanup", Time since last: 18017917949 ns, Reaching safepoint: 44260 ns, Cleanup: 13588 ns, At safepoint: 9279 ns, Total: 67127 ns
[2026-07-13T08:52:27.081+0000][8][safepoint   ] Safepoint "Cleanup", Time since last: 2001965588 ns, Reaching safepoint: 11048 ns, Cleanup: 16554 ns, At safepoint: 7476 ns, Total: 35078 ns
[2026-07-13T08:52:33.087+0000][8][safepoint   ] Safepoint "Cleanup", Time since last: 6006429747 ns, Reaching safepoint: 18444 ns, Cleanup: 18058 ns, At safepoint: 10567 ns, Total: 47069 ns
[2026-07-13T08:52:34.274+0000][8][safepoint   ] Safepoint "Cleanup", Time since last: 1186686008 ns, Reaching safepoint: 11691 ns, Cleanup: 16051 ns, At safepoint: 15989 ns, Total: 43731 ns
[2026-07-13T08:53:03.300+0000][8][safepoint   ] Safepoint "Cleanup", Time since last: 29025842291 ns, Reaching safepoint: 39895 ns, Cleanup: 13279 ns, At safepoint: 7450 ns, Total: 60624 ns
[2026-07-13T08:53:08.305+0000][8][safepoint   ] Safepoint "Cleanup", Time since last: 5004864712 ns, Reaching safepoint: 16342 ns, Cleanup: 19577 ns, At safepoint: 10907 ns, Total: 46826 ns
[2026-07-13T08:53:18.314+0000][8][safepoint   ] Safepoint "Cleanup", Time since last: 10008011400 ns, Reaching safepoint: 15352 ns, Cleanup: 14881 ns, At safepoint: 10284 ns, Total: 40517 ns
[2026-07-13T08:53:25.321+0000][8][safepoint   ] Safepoint "Cleanup", Time since last: 7007048929 ns, Reaching safepoint: 26753 ns, Cleanup: 11713 ns, At safepoint: 7048 ns, Total: 45514 ns
[2026-07-13T08:53:26.322+0000][8][safepoint   ] Safepoint "Cleanup", Time since last: 1000929229 ns, Reaching safepoint: 11525 ns, Cleanup: 15231 ns, At safepoint: 8037 ns, Total: 34793 ns
[2026-07-13T08:53:27.328+0000][8][safepoint   ] Safepoint "Cleanup", Time since last: 1002079972 ns, Reaching safepoint: 3710168 ns, Cleanup: 52412 ns, At safepoint: 1031977 ns, Total: 4794557 ns
[2026-07-13T08:53:28.330+0000][8][safepoint   ] Safepoint "Cleanup", Time since last: 1001147265 ns, Reaching safepoint: 12794 ns, Cleanup: 16614 ns, At safepoint: 7995 ns, Total: 37403 ns
[2026-07-13T08:53:38.527+0000][8][safepoint   ] Safepoint "Cleanup", Time since last: 10196792947 ns, Reaching safepoint: 13059 ns, Cleanup: 15409 ns, At safepoint: 8041 ns, Total: 36509 ns
[2026-07-13T08:53:54.544+0000][8][safepoint   ] Safepoint "Cleanup", Time since last: 16016084314 ns, Reaching safepoint: 971229 ns, Cleanup: 17316 ns, At safepoint: 59477 ns, Total: 1048022 ns
[2026-07-13T08:54:02.550+0000][8][safepoint   ] Safepoint "Cleanup", Time since last: 8006157273 ns, Reaching safepoint: 11910 ns, Cleanup: 12756 ns, At safepoint: 9882 ns, Total: 34548 ns
[2026-07-13T08:54:27.573+0000][8][safepoint   ] Safepoint "Cleanup", Time since last: 25023703376 ns, Reaching safepoint: 79608 ns, Cleanup: 20125 ns, At safepoint: 41737 ns, Total: 141470 ns
[2026-07-13T08:54:29.575+0000][8][safepoint   ] Safepoint "Cleanup", Time since last: 2002000599 ns, Reaching safepoint: 12595 ns, Cleanup: 12938 ns, At safepoint: 9258 ns, Total: 34791 ns
[2026-07-13T08:54:33.499+0000][8][safepoint   ] Safepoint "Cleanup", Time since last: 3923071800 ns, Reaching safepoint: 4762 ns, Cleanup: 11945 ns, At safepoint: 5057 ns, Total: 21764 ns
[2026-07-13T08:54:58.521+0000][8][safepoint   ] Safepoint "Cleanup", Time since last: 25021686837 ns, Reaching safepoint: 67607 ns, Cleanup: 15490 ns, At safepoint: 8030 ns, Total: 91127 ns
[2026-07-13T08:55:05.530+0000][8][safepoint   ] Safepoint "Cleanup", Time since last: 7008915337 ns, Reaching safepoint: 12314 ns, Cleanup: 13052 ns, At safepoint: 7782 ns, Total: 33148 ns
[2026-07-13T08:55:08.533+0000][8][safepoint   ] Safepoint "Cleanup", Time since last: 3003084051 ns, Reaching safepoint: 9839 ns, Cleanup: 11102 ns, At safepoint: 6565 ns, Total: 27506 ns
[2026-07-13T08:55:33.557+0000][8][safepoint   ] Safepoint "Cleanup", Time since last: 25023928635 ns, Reaching safepoint: 11149 ns, Cleanup: 10804 ns, At safepoint: 10362 ns, Total: 32315 ns
[2026-07-13T08:55:49.570+0000][8][safepoint   ] Safepoint "Cleanup", Time since last: 16013071952 ns, Reaching safepoint: 16029 ns, Cleanup: 20104 ns, At safepoint: 12114 ns, Total: 48247 ns
[2026-07-13T08:55:51.572+0000][8][safepoint   ] Safepoint "Cleanup", Time since last: 2001925520 ns, Reaching safepoint: 15758 ns, Cleanup: 17904 ns, At safepoint: 12404 ns, Total: 46066 ns
[2026-07-13T08:55:59.579+0000][8][safepoint   ] Safepoint "Cleanup", Time since last: 8006774603 ns, Reaching safepoint: 65375 ns, Cleanup: 18636 ns, At safepoint: 10022 ns, Total: 94033 ns
[2026-07-13T08:56:19.598+0000][8][safepoint   ] Safepoint "Cleanup", Time since last: 20018071583 ns, Reaching safepoint: 14725 ns, Cleanup: 18300 ns, At safepoint: 8368 ns, Total: 41393 ns
[2026-07-13T08:56:29.606+0000][8][safepoint   ] Safepoint "Cleanup", Time since last: 10007973636 ns, Reaching safepoint: 55336 ns, Cleanup: 22182 ns, At safepoint: 13588 ns, Total: 91106 ns
[2026-07-13T08:56:51.624+0000][8][safepoint   ] Safepoint "Cleanup", Time since last: 22018837657 ns, Reaching safepoint: 18247 ns, Cleanup: 53307 ns, At safepoint: 52071 ns, Total: 123625 ns
[2026-07-13T08:56:53.626+0000][8][safepoint   ] Safepoint "Cleanup", Time since last: 2001834128 ns, Reaching safepoint: 62185 ns, Cleanup: 17195 ns, At safepoint: 18227 ns, Total: 97607 ns
[2026-07-13T08:56:54.627+0000][8][safepoint   ] Safepoint "Cleanup", Time since last: 1000943441 ns, Reaching safepoint: 14935 ns, Cleanup: 14358 ns, At safepoint: 8175 ns, Total: 37468 ns
[2026-07-13T08:56:59.635+0000][8][safepoint   ] Safepoint "Cleanup", Time since last: 5007801634 ns, Reaching safepoint: 18015 ns, Cleanup: 17005 ns, At safepoint: 13647 ns, Total: 48667 ns
[2026-07-13T08:57:39.674+0000][8][safepoint   ] Safepoint "Cleanup", Time since last: 40040152053 ns, Reaching safepoint: 12257 ns, Cleanup: 14665 ns, At safepoint: 7347 ns, Total: 34269 ns
[2026-07-13T08:58:02.698+0000][8][safepoint   ] Safepoint "Cleanup", Time since last: 23023870288 ns, Reaching safepoint: 42830 ns, Cleanup: 16471 ns, At safepoint: 11186 ns, Total: 70487 ns
[2026-07-13T08:58:03.699+0000][8][safepoint   ] Safepoint "Cleanup", Time since last: 1000873943 ns, Reaching safepoint: 12956 ns, Cleanup: 13507 ns, At safepoint: 10048 ns, Total: 36511 ns
[2026-07-13T08:58:10.706+0000][8][safepoint   ] Safepoint "Cleanup", Time since last: 7005990896 ns, Reaching safepoint: 13820 ns, Cleanup: 21257 ns, At safepoint: 11235 ns, Total: 46312 ns
[2026-07-13T08:58:22.717+0000][8][safepoint   ] Safepoint "Cleanup", Time since last: 12011143833 ns, Reaching safepoint: 14013 ns, Cleanup: 14217 ns, At safepoint: 10473 ns, Total: 38703 ns
[2026-07-13T08:58:30.725+0000][8][safepoint   ] Safepoint "Cleanup", Time since last: 8007946218 ns, Reaching safepoint: 36321 ns, Cleanup: 14197 ns, At safepoint: 10259 ns, Total: 60777 ns
[2026-07-13T08:58:40.746+0000][8][safepoint   ] Safepoint "Cleanup", Time since last: 10018795514 ns, Reaching safepoint: 14563 ns, Cleanup: 17051 ns, At safepoint: 7413 ns, Total: 39027 ns
[2026-07-13T08:58:50.756+0000][8][safepoint   ] Safepoint "Cleanup", Time since last: 10010024585 ns, Reaching safepoint: 14723 ns, Cleanup: 19325 ns, At safepoint: 11126 ns, Total: 45174 ns
[2026-07-13T08:58:54.760+0000][8][safepoint   ] Safepoint "Cleanup", Time since last: 4003823450 ns, Reaching safepoint: 14720 ns, Cleanup: 19700 ns, At safepoint: 8570 ns, Total: 42990 ns
[2026-07-13T08:58:59.765+0000][8][safepoint   ] Safepoint "Cleanup", Time since last: 5005005794 ns, Reaching safepoint: 33672 ns, Cleanup: 11857 ns, At safepoint: 9996 ns, Total: 55525 ns
[2026-07-13T08:59:20.764+0000][8][safepoint   ] Safepoint "Cleanup", Time since last: 21018969693 ns, Reaching safepoint: 16855 ns, Cleanup: 14890 ns, At safepoint: 11171 ns, Total: 42916 ns
[2026-07-13T08:59:24.769+0000][8][safepoint   ] Safepoint "Cleanup", Time since last: 4004942814 ns, Reaching safepoint: 13996 ns, Cleanup: 13168 ns, At safepoint: 8594 ns, Total: 35758 ns
[2026-07-13T08:59:40.776+0000][8][safepoint   ] Safepoint "Cleanup", Time since last: 16014874734 ns, Reaching safepoint: 12383 ns, Cleanup: 14303 ns, At safepoint: 8672 ns, Total: 35358 ns
[2026-07-13T08:59:54.789+0000][8][safepoint   ] Safepoint "Cleanup", Time since last: 14013141651 ns, Reaching safepoint: 11534 ns, Cleanup: 12722 ns, At safepoint: 7236 ns, Total: 31492 ns
[2026-07-13T09:00:03.798+0000][8][safepoint   ] Safepoint "Cleanup", Time since last: 9008967312 ns, Reaching safepoint: 35287 ns, Cleanup: 12154 ns, At safepoint: 42431 ns, Total: 89872 ns
[2026-07-13T09:00:24.815+0000][8][safepoint   ] Safepoint "Cleanup", Time since last: 21017980473 ns, Reaching safepoint: 15999 ns, Cleanup: 72669 ns, At safepoint: 13575 ns, Total: 102243 ns
[2026-07-13T09:00:31.821+0000][8][safepoint   ] Safepoint "Cleanup", Time since last: 7006020723 ns, Reaching safepoint: 43219 ns, Cleanup: 17085 ns, At safepoint: 11290 ns, Total: 71594 ns
[2026-07-13T09:00:35.825+0000][8][safepoint   ] Safepoint "Cleanup", Time since last: 4003731822 ns, Reaching safepoint: 13265 ns, Cleanup: 14507 ns, At safepoint: 11299 ns, Total: 39071 ns
[2026-07-13T09:00:41.829+0000][8][safepoint   ] Safepoint "Cleanup", Time since last: 6004106632 ns, Reaching safepoint: 15645 ns, Cleanup: 23498 ns, At safepoint: 12456 ns, Total: 51599 ns
[2026-07-13T09:00:54.840+0000][8][safepoint   ] Safepoint "Cleanup", Time since last: 13010856490 ns, Reaching safepoint: 12967 ns, Cleanup: 12946 ns, At safepoint: 9341 ns, Total: 35254 ns
[2026-07-13T09:00:57.843+0000][8][safepoint   ] Safepoint "Cleanup", Time since last: 3002769019 ns, Reaching safepoint: 16017 ns, Cleanup: 20717 ns, At safepoint: 12580 ns, Total: 49314 ns
[2026-07-13T09:00:59.845+0000][8][safepoint   ] Safepoint "Cleanup", Time since last: 2002086263 ns, Reaching safepoint: 38473 ns, Cleanup: 15016 ns, At safepoint: 12247 ns, Total: 65736 ns
[2026-07-13T09:01:22.864+0000][8][safepoint   ] Safepoint "Cleanup", Time since last: 23018769851 ns, Reaching safepoint: 11104 ns, Cleanup: 11437 ns, At safepoint: 6702 ns, Total: 29243 ns
[2026-07-13T09:01:24.866+0000][8][safepoint   ] Safepoint "Cleanup", Time since last: 2002112792 ns, Reaching safepoint: 14155 ns, Cleanup: 29235 ns, At safepoint: 11067 ns, Total: 54457 ns
[2026-07-13T09:01:27.869+0000][8][safepoint   ] Safepoint "Cleanup", Time since last: 3003012374 ns, Reaching safepoint: 15567 ns, Cleanup: 16737 ns, At safepoint: 12558 ns, Total: 44862 ns
[2026-07-13T09:01:33.874+0000][8][safepoint   ] Safepoint "Cleanup", Time since last: 6004851602 ns, Reaching safepoint: 49068 ns, Cleanup: 18641 ns, At safepoint: 12591 ns, Total: 80300 ns
[2026-07-13T09:01:41.880+0000][8][safepoint   ] Safepoint "Cleanup", Time since last: 8006028059 ns, Reaching safepoint: 13131 ns, Cleanup: 12995 ns, At safepoint: 8828 ns, Total: 34954 ns
[2026-07-13T09:01:51.891+0000][8][safepoint   ] Safepoint "Cleanup", Time since last: 10010840694 ns, Reaching safepoint: 14538 ns, Cleanup: 15912 ns, At safepoint: 8459 ns, Total: 38909 ns
[2026-07-13T09:02:11.908+0000][8][safepoint   ] Safepoint "Cleanup", Time since last: 20017946131 ns, Reaching safepoint: 29964 ns, Cleanup: 11422 ns, At safepoint: 6297 ns, Total: 47683 ns
[2026-07-13T09:02:24.920+0000][8][safepoint   ] Safepoint "Cleanup", Time since last: 13012010393 ns, Reaching safepoint: 13708 ns, Cleanup: 15263 ns, At safepoint: 9307 ns, Total: 38278 ns
[2026-07-13T09:02:33.929+0000][8][safepoint   ] Safepoint "Cleanup", Time since last: 9009083850 ns, Reaching safepoint: 66193 ns, Cleanup: 21125 ns, At safepoint: 38672 ns, Total: 125990 ns
[2026-07-13T09:02:37.981+0000][8][safepoint   ] Safepoint "Cleanup", Time since last: 4049933554 ns, Reaching safepoint: 27685 ns, Cleanup: 25875 ns, At safepoint: 12737 ns, Total: 66297 ns
[2026-07-13T09:02:55.012+0000][8][safepoint   ] Safepoint "Cleanup", Time since last: 17031630298 ns, Reaching safepoint: 14253 ns, Cleanup: 15855 ns, At safepoint: 10158 ns, Total: 40266 ns
[2026-07-13T09:04:05.116+0000][8][safepoint   ] Safepoint "Cleanup", Time since last: 70103262734 ns, Reaching safepoint: 47459 ns, Cleanup: 17805 ns, At safepoint: 18675 ns, Total: 83939 ns
[2026-07-13T09:05:24.904+0000][8][safepoint   ] Safepoint "Cleanup", Time since last: 79787715857 ns, Reaching safepoint: 43895 ns, Cleanup: 22079 ns, At safepoint: 9692 ns, Total: 75666 ns
[2026-07-13T09:05:35.075+0000][8][safepoint   ] Safepoint "Cleanup", Time since last: 10170179365 ns, Reaching safepoint: 4190 ns, Cleanup: 10621 ns, At safepoint: 4475 ns, Total: 19286 ns
[2026-07-13T09:05:54.089+0000][8][safepoint   ] Safepoint "Cleanup", Time since last: 19014769025 ns, Reaching safepoint: 37490 ns, Cleanup: 21763 ns, At safepoint: 10705 ns, Total: 69958 ns
[2026-07-13T09:06:30.124+0000][8][safepoint   ] Safepoint "Cleanup", Time since last: 36033926631 ns, Reaching safepoint: 44677 ns, Cleanup: 13976 ns, At safepoint: 13823 ns, Total: 72476 ns
[2026-07-13T09:06:53.151+0000][8][safepoint   ] Safepoint "Cleanup", Time since last: 23026790970 ns, Reaching safepoint: 36926 ns, Cleanup: 14932 ns, At safepoint: 9880 ns, Total: 61738 ns
[2026-07-13T09:06:54.154+0000][8][safepoint   ] Safepoint "Cleanup", Time since last: 1002839631 ns, Reaching safepoint: 18930 ns, Cleanup: 19354 ns, At safepoint: 11236 ns, Total: 49520 ns
[2026-07-13T09:07:00.160+0000][8][safepoint   ] Safepoint "Cleanup", Time since last: 6006329452 ns, Reaching safepoint: 16125 ns, Cleanup: 23087 ns, At safepoint: 12679 ns, Total: 51891 ns
[2026-07-13T09:07:44.361+0000][8][safepoint   ] Safepoint "Cleanup", Time since last: 44200849732 ns, Reaching safepoint: 40317 ns, Cleanup: 16697 ns, At safepoint: 8131 ns, Total: 65145 ns
[2026-07-13T09:08:45.415+0000][8][safepoint   ] Safepoint "Cleanup", Time since last: 61052946880 ns, Reaching safepoint: 45215 ns, Cleanup: 17620 ns, At safepoint: 13632 ns, Total: 76467 ns
[2026-07-13T09:08:55.422+0000][8][safepoint   ] Safepoint "Cleanup", Time since last: 10007695176 ns, Reaching safepoint: 15027 ns, Cleanup: 29670 ns, At safepoint: 9999 ns, Total: 54696 ns
[2026-07-13T09:09:02.428+0000][8][safepoint   ] Safepoint "Cleanup", Time since last: 7005977157 ns, Reaching safepoint: 12256 ns, Cleanup: 12546 ns, At safepoint: 8380 ns, Total: 33182 ns
[2026-07-13T09:09:07.434+0000][8][safepoint   ] Safepoint "Cleanup", Time since last: 5005162384 ns, Reaching safepoint: 15286 ns, Cleanup: 17437 ns, At safepoint: 12044 ns, Total: 44767 ns
[2026-07-13T09:09:15.441+0000][8][safepoint   ] Safepoint "Cleanup", Time since last: 8007091379 ns, Reaching safepoint: 31733 ns, Cleanup: 13749 ns, At safepoint: 7429 ns, Total: 52911 ns
[2026-07-13T09:09:30.467+0000][8][safepoint   ] Safepoint "Cleanup", Time since last: 15026709832 ns, Reaching safepoint: 12147 ns, Cleanup: 14082 ns, At safepoint: 8127 ns, Total: 34356 ns
[2026-07-13T09:09:55.433+0000][8][safepoint   ] Safepoint "Cleanup", Time since last: 24965111979 ns, Reaching safepoint: 35651 ns, Cleanup: 16417 ns, At safepoint: 8138 ns, Total: 60206 ns
[2026-07-13T09:10:55.486+0000][8][safepoint   ] Safepoint "Cleanup", Time since last: 60052904970 ns, Reaching safepoint: 49808 ns, Cleanup: 19071 ns, At safepoint: 12656 ns, Total: 81535 ns
[2026-07-13T09:10:56.487+0000][8][safepoint   ] Safepoint "Cleanup", Time since last: 1000944307 ns, Reaching safepoint: 14305 ns, Cleanup: 15231 ns, At safepoint: 10633 ns, Total: 40169 ns
[2026-07-13T09:11:16.509+0000][8][safepoint   ] Safepoint "Cleanup", Time since last: 20020905766 ns, Reaching safepoint: 70351 ns, Cleanup: 20337 ns, At safepoint: 13958 ns, Total: 104646 ns
[2026-07-13T09:11:24.514+0000][8][safepoint   ] Safepoint "Cleanup", Time since last: 8005745138 ns, Reaching safepoint: 18512 ns, Cleanup: 17367 ns, At safepoint: 10799 ns, Total: 46678 ns
[2026-07-13T09:11:25.516+0000][8][safepoint   ] Safepoint "Cleanup", Time since last: 1000983489 ns, Reaching safepoint: 26331 ns, Cleanup: 47111 ns, At safepoint: 17918 ns, Total: 91360 ns
[2026-07-13T09:11:29.541+0000][8][safepoint   ] Safepoint "Cleanup", Time since last: 4025855806 ns, Reaching safepoint: 16756 ns, Cleanup: 17961 ns, At safepoint: 8304 ns, Total: 43021 ns
[2026-07-13T09:11:43.717+0000][8][safepoint   ] Safepoint "Cleanup", Time since last: 14176069929 ns, Reaching safepoint: 13211 ns, Cleanup: 14083 ns, At safepoint: 8782 ns, Total: 36076 ns
[2026-07-13T09:11:46.720+0000][8][safepoint   ] Safepoint "Cleanup", Time since last: 3002913461 ns, Reaching safepoint: 44070 ns, Cleanup: 14463 ns, At safepoint: 11148 ns, Total: 69681 ns
[2026-07-13T09:11:51.725+0000][8][safepoint   ] Safepoint "Cleanup", Time since last: 5004880456 ns, Reaching safepoint: 12265 ns, Cleanup: 16306 ns, At safepoint: 9753 ns, Total: 38324 ns
[2026-07-13T09:11:54.728+0000][8][safepoint   ] Safepoint "Cleanup", Time since last: 3002987347 ns, Reaching safepoint: 11783 ns, Cleanup: 13305 ns, At safepoint: 8525 ns, Total: 33613 ns
[2026-07-13T09:12:33.767+0000][8][safepoint   ] Safepoint "Cleanup", Time since last: 39037915740 ns, Reaching safepoint: 34835 ns, Cleanup: 12883 ns, At safepoint: 8762 ns, Total: 56480 ns
[2026-07-13T09:12:36.771+0000][8][safepoint   ] Safepoint "Cleanup", Time since last: 3003925251 ns, Reaching safepoint: 15023 ns, Cleanup: 22414 ns, At safepoint: 8864 ns, Total: 46301 ns
[2026-07-13T09:13:42.850+0000][8][safepoint   ] Safepoint "Cleanup", Time since last: 66078951236 ns, Reaching safepoint: 12336 ns, Cleanup: 12488 ns, At safepoint: 8361 ns, Total: 33185 ns
[2026-07-13T09:14:15.816+0000][8][safepoint   ] Safepoint "Cleanup", Time since last: 32950400022 ns, Reaching safepoint: 34675 ns, Cleanup: 12820 ns, At safepoint: 8429 ns, Total: 55924 ns
[2026-07-13T09:22:11.863+0000][8][safepoint   ] Safepoint "Cleanup", Time since last: 475768610204 ns, Reaching safepoint: 287285931 ns, Cleanup: 19398 ns, At safepoint: 384027 ns, Total: 287689356 ns
[2026-07-13T09:22:17.869+0000][8][safepoint   ] Safepoint "Cleanup", Time since last: 6005440661 ns, Reaching safepoint: 8841 ns, Cleanup: 10951 ns, At safepoint: 6705 ns, Total: 26497 ns
[2026-07-13T09:22:32.884+0000][8][safepoint   ] Safepoint "Cleanup", Time since last: 15015080062 ns, Reaching safepoint: 66340 ns, Cleanup: 31531 ns, At safepoint: 20299 ns, Total: 118170 ns
[2026-07-13T09:22:43.898+0000][8][safepoint   ] Safepoint "Cleanup", Time since last: 11013073665 ns, Reaching safepoint: 24991 ns, Cleanup: 36975 ns, At safepoint: 79581 ns, Total: 141547 ns
[2026-07-13T09:23:13.696+0000][8][safepoint   ] Safepoint "Cleanup", Time since last: 29795542187 ns, Reaching safepoint: 41742 ns, Cleanup: 20140 ns, At safepoint: 16733 ns, Total: 78615 ns
[2026-07-13T09:23:15.698+0000][8][safepoint   ] Safepoint "Cleanup", Time since last: 2002095384 ns, Reaching safepoint: 15446 ns, Cleanup: 18355 ns, At safepoint: 14685 ns, Total: 48486 ns
[2026-07-13T09:23:42.724+0000][8][safepoint   ] Safepoint "Cleanup", Time since last: 27026295035 ns, Reaching safepoint: 628008 ns, Cleanup: 33088 ns, At safepoint: 211446 ns, Total: 872542 ns
[2026-07-13T09:24:42.788+0000][8][safepoint   ] Safepoint "Cleanup", Time since last: 60062726908 ns, Reaching safepoint: 68700 ns, Cleanup: 27605 ns, At safepoint: 23730 ns, Total: 120035 ns
[2026-07-13T09:25:07.690+0000][8][safepoint   ] Safepoint "Cleanup", Time since last: 24901070196 ns, Reaching safepoint: 77276 ns, Cleanup: 26946 ns, At safepoint: 21580 ns, Total: 125802 ns
[2026-07-13T09:25:11.716+0000][8][gc,start    ] GC(23) Pause Young (Normal) (G1 Evacuation Pause)
[2026-07-13T09:25:11.716+0000][8][gc,task     ] GC(23) Using 4 workers of 4 for evacuation
[2026-07-13T09:25:11.717+0000][8][gc,age      ] GC(23) Desired survivor size 20971520 bytes, new threshold 15 (max threshold 15)
[2026-07-13T09:25:11.774+0000][8][gc,phases   ] GC(23)   Pre Evacuate Collection Set: 3.29ms
[2026-07-13T09:25:11.774+0000][8][gc,phases   ] GC(23)   Merge Heap Roots: 1.67ms
[2026-07-13T09:25:11.776+0000][8][gc,phases   ] GC(23)   Evacuate Collection Set: 41.99ms
[2026-07-13T09:25:11.778+0000][8][gc,phases   ] GC(23)   Post Evacuate Collection Set: 7.94ms
[2026-07-13T09:25:11.780+0000][8][gc,phases   ] GC(23)   Other: 2.18ms
[2026-07-13T09:25:11.782+0000][8][gc,age      ] GC(23) Age table with threshold 15 (max threshold 15)
[2026-07-13T09:25:11.782+0000][8][gc,age      ] GC(23) - age   1:     160760 bytes,     160760 total
[2026-07-13T09:25:11.783+0000][8][gc,age      ] GC(23) - age   2:     563648 bytes,     724408 total
[2026-07-13T09:25:11.784+0000][8][gc,age      ] GC(23) - age   3:     246272 bytes,     970680 total
[2026-07-13T09:25:11.785+0000][8][gc,age      ] GC(23) - age   4:    6752528 bytes,    7723208 total
[2026-07-13T09:25:11.788+0000][8][gc,age      ] GC(23) - age   5:    3135424 bytes,   10858632 total
[2026-07-13T09:25:11.789+0000][8][gc,heap     ] GC(23) Eden regions: 73->0(73)
[2026-07-13T09:25:11.790+0000][8][gc,heap     ] GC(23) Survivor regions: 3->3(10)
[2026-07-13T09:25:11.791+0000][8][gc,heap     ] GC(23) Old regions: 19->19
[2026-07-13T09:25:11.792+0000][8][gc,heap     ] GC(23) Humongous regions: 2->2
[2026-07-13T09:25:11.793+0000][8][gc,metaspace] GC(23) Metaspace: 109224K(112064K)->109224K(112064K) NonClass: 93732K(95232K)->93732K(95232K) Class: 15492K(16832K)->15492K(16832K)
[2026-07-13T09:25:11.795+0000][8][gc          ] GC(23) Pause Young (Normal) (G1 Evacuation Pause) 385M->94M(512M) 79.022ms
[2026-07-13T09:25:11.796+0000][8][gc,cpu      ] GC(23) User=0.13s Sys=0.02s Real=0.08s
[2026-07-13T09:25:11.797+0000][8][safepoint   ] Safepoint "G1CollectForAllocation", Time since last: 4025350226 ns, Reaching safepoint: 432635 ns, Cleanup: 15433 ns, At safepoint: 81408008 ns, Total: 81856076 ns
[2026-07-13T09:25:42.828+0000][8][safepoint   ] Safepoint "Cleanup", Time since last: 31031673944 ns, Reaching safepoint: 23917 ns, Cleanup: 34628 ns, At safepoint: 24935 ns, Total: 83480 ns
[2026-07-13T09:26:13.114+0000][8][safepoint   ] Safepoint "Cleanup", Time since last: 30285772817 ns, Reaching safepoint: 9872 ns, Cleanup: 23281 ns, At safepoint: 11897 ns, Total: 45050 ns
[2026-07-13T09:26:20.122+0000][8][safepoint   ] Safepoint "Cleanup", Time since last: 7008142098 ns, Reaching safepoint: 90863 ns, Cleanup: 29694 ns, At safepoint: 36003 ns, Total: 156560 ns
[2026-07-13T09:26:43.643+0000][8][safepoint   ] Safepoint "Cleanup", Time since last: 23518782082 ns, Reaching safepoint: 10413 ns, Cleanup: 11583 ns, At safepoint: 7075 ns, Total: 29071 ns
[2026-07-13T09:27:13.668+0000][8][safepoint   ] Safepoint "Cleanup", Time since last: 30026886516 ns, Reaching safepoint: 28088 ns, Cleanup: 29213 ns, At safepoint: 23454 ns, Total: 80755 ns
[2026-07-13T09:27:54.259+0000][8][safepoint   ] Safepoint "Cleanup", Time since last: 40590083668 ns, Reaching safepoint: 97919 ns, Cleanup: 138301 ns, At safepoint: 76653 ns, Total: 312873 ns
[2026-07-13T09:29:10.390+0000][8][safepoint   ] Safepoint "Cleanup", Time since last: 76130326930 ns, Reaching safepoint: 75737 ns, Cleanup: 26396 ns, At safepoint: 20729 ns, Total: 122862 ns
[2026-07-13T09:29:13.394+0000][8][safepoint   ] Safepoint "Cleanup", Time since last: 3004840538 ns, Reaching safepoint: 24162 ns, Cleanup: 31142 ns, At safepoint: 23594 ns, Total: 78898 ns
[2026-07-13T09:45:13.685+0000][8][safepoint   ] Safepoint "Cleanup", Time since last: 960310002487 ns, Reaching safepoint: 68187 ns, Cleanup: 15793 ns, At safepoint: 11327 ns, Total: 95307 ns
[2026-07-13T09:45:33.705+0000][8][safepoint   ] Safepoint "Cleanup", Time since last: 20019856933 ns, Reaching safepoint: 71843 ns, Cleanup: 28153 ns, At safepoint: 19424 ns, Total: 119420 ns
[2026-07-13T09:45:43.883+0000][8][safepoint   ] Safepoint "Cleanup", Time since last: 10011186222 ns, Reaching safepoint: 63473 ns, Cleanup: 28865 ns, At safepoint: 28666 ns, Total: 121004 ns
[2026-07-13T09:45:44.885+0000][8][safepoint   ] Safepoint "Cleanup", Time since last: 1001906474 ns, Reaching safepoint: 23000 ns, Cleanup: 25891 ns, At safepoint: 22622 ns, Total: 71513 ns
[2026-07-13T09:45:54.896+0000][8][safepoint   ] Safepoint "Cleanup", Time since last: 10010969529 ns, Reaching safepoint: 23175 ns, Cleanup: 26784 ns, At safepoint: 53029 ns, Total: 102988 ns
[2026-07-13T10:03:24.325+0000][8][safepoint   ] Safepoint "Cleanup", Time since last: 1049448363204 ns, Reaching safepoint: 10406 ns, Cleanup: 13770 ns, At safepoint: 7279 ns, Total: 31455 ns
[2026-07-13T10:03:54.469+0000][8][safepoint   ] Safepoint "Cleanup", Time since last: 30031488697 ns, Reaching safepoint: 73214 ns, Cleanup: 28719 ns, At safepoint: 29474 ns, Total: 131407 ns
[2026-07-13T10:04:47.448+0000][8][safepoint   ] Safepoint "Cleanup", Time since last: 52977881727 ns, Reaching safepoint: 77551 ns, Cleanup: 28433 ns, At safepoint: 31621 ns, Total: 137605 ns
[2026-07-13T10:05:24.489+0000][8][safepoint   ] Safepoint "Cleanup", Time since last: 37038833998 ns, Reaching safepoint: 23324 ns, Cleanup: 27200 ns, At safepoint: 25276 ns, Total: 75800 ns
[2026-07-13T10:05:38.502+0000][8][safepoint   ] Safepoint "Cleanup", Time since last: 14012822654 ns, Reaching safepoint: 70591 ns, Cleanup: 25346 ns, At safepoint: 18718 ns, Total: 114655 ns
[2026-07-13T10:06:29.897+0000][8][safepoint   ] Safepoint "Cleanup", Time since last: 51392881592 ns, Reaching safepoint: 44307 ns, Cleanup: 18207 ns, At safepoint: 12296 ns, Total: 74810 ns
[2026-07-13T10:06:33.902+0000][8][safepoint   ] Safepoint "Cleanup", Time since last: 4004945431 ns, Reaching safepoint: 31564 ns, Cleanup: 19575 ns, At safepoint: 14016 ns, Total: 65155 ns
[2026-07-13T10:07:23.953+0000][8][safepoint   ] Safepoint "Cleanup", Time since last: 50047816213 ns, Reaching safepoint: 40907 ns, Cleanup: 25461 ns, At safepoint: 10870 ns, Total: 77238 ns
[2026-07-13T10:07:53.980+0000][8][safepoint   ] Safepoint "Cleanup", Time since last: 30026061225 ns, Reaching safepoint: 46243 ns, Cleanup: 20506 ns, At safepoint: 10778 ns, Total: 77527 ns
[2026-07-13T10:08:24.009+0000][8][safepoint   ] Safepoint "Cleanup", Time since last: 30027632924 ns, Reaching safepoint: 42553 ns, Cleanup: 14815 ns, At safepoint: 9904 ns, Total: 67272 ns
[2026-07-13T10:08:51.035+0000][8][safepoint   ] Safepoint "Cleanup", Time since last: 27025858235 ns, Reaching safepoint: 59386 ns, Cleanup: 16863 ns, At safepoint: 12191 ns, Total: 88440 ns
[2026-07-13T10:08:55.040+0000][8][safepoint   ] Safepoint "Cleanup", Time since last: 4003978237 ns, Reaching safepoint: 14337 ns, Cleanup: 20583 ns, At safepoint: 12177 ns, Total: 47097 ns
[2026-07-13T10:08:59.043+0000][8][safepoint   ] Safepoint "Cleanup", Time since last: 4003751601 ns, Reaching safepoint: 15146 ns, Cleanup: 14792 ns, At safepoint: 9514 ns, Total: 39452 ns
[2026-07-13T10:09:01.046+0000][8][safepoint   ] Safepoint "Cleanup", Time since last: 2002278622 ns, Reaching safepoint: 34293 ns, Cleanup: 17605 ns, At safepoint: 12990 ns, Total: 64888 ns
[2026-07-13T10:09:21.064+0000][8][safepoint   ] Safepoint "Cleanup", Time since last: 20018043760 ns, Reaching safepoint: 12347 ns, Cleanup: 14231 ns, At safepoint: 12013 ns, Total: 38591 ns
[2026-07-13T10:10:24.121+0000][8][safepoint   ] Safepoint "Cleanup", Time since last: 63055016057 ns, Reaching safepoint: 41129 ns, Cleanup: 15106 ns, At safepoint: 8628 ns, Total: 64863 ns
[2026-07-13T10:22:23.173+0000][8][safepoint   ] Safepoint "Cleanup", Time since last: 718946154849 ns, Reaching safepoint: 92366382 ns, Cleanup: 14907 ns, At safepoint: 13395807 ns, Total: 105777096 ns
[2026-07-13T10:22:24.325+0000][8][safepoint   ] Safepoint "Cleanup", Time since last: 1173343369 ns, Reaching safepoint: 15392 ns, Cleanup: 15014 ns, At safepoint: 10404 ns, Total: 40810 ns
[2026-07-13T10:22:34.335+0000][8][safepoint   ] Safepoint "Cleanup", Time since last: 10010348779 ns, Reaching safepoint: 12808 ns, Cleanup: 13608 ns, At safepoint: 10240 ns, Total: 36656 ns
[2026-07-13T10:24:05.342+0000][8][safepoint   ] Safepoint "Cleanup", Time since last: 90988914235 ns, Reaching safepoint: 82838 ns, Cleanup: 19538 ns, At safepoint: 9838 ns, Total: 112214 ns
[2026-07-13T10:24:39.372+0000][8][safepoint   ] Safepoint "Cleanup", Time since last: 34028878367 ns, Reaching safepoint: 126475 ns, Cleanup: 17607 ns, At safepoint: 10516 ns, Total: 154598 ns
[2026-07-13T10:24:45.378+0000][8][safepoint   ] Safepoint "Cleanup", Time since last: 6005774721 ns, Reaching safepoint: 44458 ns, Cleanup: 15680 ns, At safepoint: 11004 ns, Total: 71142 ns
[2026-07-13T10:24:53.387+0000][8][safepoint   ] Safepoint "Cleanup", Time since last: 8008161784 ns, Reaching safepoint: 13828 ns, Cleanup: 14663 ns, At safepoint: 8882 ns, Total: 37373 ns
[2026-07-13T10:24:55.389+0000][8][safepoint   ] Safepoint "Cleanup", Time since last: 2001779495 ns, Reaching safepoint: 13634 ns, Cleanup: 16886 ns, At safepoint: 10399 ns, Total: 40919 ns
[2026-07-13T10:25:35.429+0000][8][safepoint   ] Safepoint "Cleanup", Time since last: 40038878419 ns, Reaching safepoint: 11141 ns, Cleanup: 11022 ns, At safepoint: 7969 ns, Total: 30132 ns
[2026-07-13T10:26:06.459+0000][8][safepoint   ] Safepoint "Cleanup", Time since last: 31029279169 ns, Reaching safepoint: 43644 ns, Cleanup: 22442 ns, At safepoint: 11189 ns, Total: 77275 ns
[2026-07-13T10:26:53.503+0000][8][safepoint   ] Safepoint "Cleanup", Time since last: 47040690252 ns, Reaching safepoint: 1017253 ns, Cleanup: 19500 ns, At safepoint: 117250 ns, Total: 1154003 ns
[2026-07-13T10:27:53.660+0000][8][safepoint   ] Safepoint "Cleanup", Time since last: 60156819967 ns, Reaching safepoint: 38332 ns, Cleanup: 12942 ns, At safepoint: 8092 ns, Total: 59366 ns
[2026-07-13T10:28:16.680+0000][8][safepoint   ] Safepoint "Cleanup", Time since last: 23019979494 ns, Reaching safepoint: 38983 ns, Cleanup: 15063 ns, At safepoint: 9099 ns, Total: 63145 ns
[2026-07-13T10:28:53.726+0000][8][safepoint   ] Safepoint "Cleanup", Time since last: 37041934678 ns, Reaching safepoint: 31340 ns, Cleanup: 12253 ns, At safepoint: 6184 ns, Total: 49777 ns
[2026-07-13T10:28:54.728+0000][8][safepoint   ] Safepoint "Cleanup", Time since last: 1002170185 ns, Reaching safepoint: 15049 ns, Cleanup: 16552 ns, At safepoint: 11446 ns, Total: 43047 ns
[2026-07-13T10:29:17.748+0000][8][safepoint   ] Safepoint "Cleanup", Time since last: 23019861963 ns, Reaching safepoint: 42873 ns, Cleanup: 43485 ns, At safepoint: 15520 ns, Total: 101878 ns
[2026-07-13T10:29:23.766+0000][8][safepoint   ] Safepoint "Cleanup", Time since last: 6018633882 ns, Reaching safepoint: 22824 ns, Cleanup: 20904 ns, At safepoint: 8884 ns, Total: 52612 ns
[2026-07-13T10:29:48.113+0000][8][safepoint   ] Safepoint "Cleanup", Time since last: 24346269133 ns, Reaching safepoint: 46639 ns, Cleanup: 17425 ns, At safepoint: 13382 ns, Total: 77446 ns
[2026-07-13T10:29:54.120+0000][8][safepoint   ] Safepoint "Cleanup", Time since last: 6006885408 ns, Reaching safepoint: 15997 ns, Cleanup: 31875 ns, At safepoint: 10209 ns, Total: 58081 ns
[2026-07-13T10:30:08.182+0000][8][safepoint   ] Safepoint "Cleanup", Time since last: 14061830883 ns, Reaching safepoint: 58345 ns, Cleanup: 23181 ns, At safepoint: 13198 ns, Total: 94724 ns
[2026-07-13T10:31:23.275+0000][8][safepoint   ] Safepoint "Cleanup", Time since last: 75089909583 ns, Reaching safepoint: 35709 ns, Cleanup: 20626 ns, At safepoint: 7284 ns, Total: 63619 ns
[2026-07-13T10:32:09.330+0000][8][safepoint   ] Safepoint "Cleanup", Time since last: 46052922372 ns, Reaching safepoint: 49175 ns, Cleanup: 18906 ns, At safepoint: 12868 ns, Total: 80949 ns
[2026-07-13T10:32:19.340+0000][8][safepoint   ] Safepoint "Cleanup", Time since last: 10009939148 ns, Reaching safepoint: 10809 ns, Cleanup: 13113 ns, At safepoint: 6888 ns, Total: 30810 ns
[2026-07-13T10:32:23.344+0000][8][safepoint   ] Safepoint "Cleanup", Time since last: 4003963107 ns, Reaching safepoint: 11159 ns, Cleanup: 12225 ns, At safepoint: 7844 ns, Total: 31228 ns
[2026-07-13T10:32:49.367+0000][8][safepoint   ] Safepoint "Cleanup", Time since last: 26023874071 ns, Reaching safepoint: 40460 ns, Cleanup: 16587 ns, At safepoint: 9173 ns, Total: 66220 ns
[2026-07-13T10:35:00.808+0000][8][safepoint   ] Safepoint "Cleanup", Time since last: 131435894523 ns, Reaching safepoint: 39640 ns, Cleanup: 14714 ns, At safepoint: 9737 ns, Total: 64091 ns
[2026-07-13T10:35:53.881+0000][8][safepoint   ] Safepoint "Cleanup", Time since last: 53071064337 ns, Reaching safepoint: 33440 ns, Cleanup: 13970 ns, At safepoint: 6839 ns, Total: 54249 ns
[2026-07-13T10:35:59.887+0000][8][safepoint   ] Safepoint "Cleanup", Time since last: 6005910823 ns, Reaching safepoint: 11437 ns, Cleanup: 13373 ns, At safepoint: 8285 ns, Total: 33095 ns
[2026-07-13T10:36:03.891+0000][8][safepoint   ] Safepoint "Cleanup", Time since last: 4004195906 ns, Reaching safepoint: 15876 ns, Cleanup: 17646 ns, At safepoint: 12305 ns, Total: 45827 ns
[2026-07-13T10:36:10.899+0000][8][safepoint   ] Safepoint "Cleanup", Time since last: 7007626520 ns, Reaching safepoint: 10280 ns, Cleanup: 10845 ns, At safepoint: 6728 ns, Total: 27853 ns
[2026-07-13T10:36:13.707+0000][8][gc,start    ] GC(24) Pause Young (Concurrent Start) (G1 Evacuation Pause)
[2026-07-13T10:36:13.707+0000][8][gc,task     ] GC(24) Using 4 workers of 4 for evacuation
[2026-07-13T10:36:13.707+0000][8][gc,age      ] GC(24) Desired survivor size 20971520 bytes, new threshold 15 (max threshold 15)
[2026-07-13T10:36:13.715+0000][8][gc,phases   ] GC(24)   Pre Evacuate Collection Set: 0.29ms
[2026-07-13T10:36:13.715+0000][8][gc,phases   ] GC(24)   Merge Heap Roots: 0.15ms
[2026-07-13T10:36:13.716+0000][8][gc,phases   ] GC(24)   Evacuate Collection Set: 6.37ms
[2026-07-13T10:36:13.716+0000][8][gc,phases   ] GC(24)   Post Evacuate Collection Set: 1.32ms
[2026-07-13T10:36:13.716+0000][8][gc,phases   ] GC(24)   Other: 0.47ms
[2026-07-13T10:36:13.716+0000][8][gc,age      ] GC(24) Age table with threshold 15 (max threshold 15)
[2026-07-13T10:36:13.716+0000][8][gc,age      ] GC(24) - age   1:     151624 bytes,     151624 total
[2026-07-13T10:36:13.716+0000][8][gc,age      ] GC(24) - age   2:     108176 bytes,     259800 total
[2026-07-13T10:36:13.717+0000][8][gc,age      ] GC(24) - age   3:     546648 bytes,     806448 total
[2026-07-13T10:36:13.717+0000][8][gc,age      ] GC(24) - age   4:     245816 bytes,    1052264 total
[2026-07-13T10:36:13.717+0000][8][gc,age      ] GC(24) - age   5:    6746928 bytes,    7799192 total
[2026-07-13T10:36:13.717+0000][8][gc,age      ] GC(24) - age   6:    3134232 bytes,   10933424 total
[2026-07-13T10:36:13.717+0000][8][gc,heap     ] GC(24) Eden regions: 73->0(73)
[2026-07-13T10:36:13.717+0000][8][gc,heap     ] GC(24) Survivor regions: 3->3(10)
[2026-07-13T10:36:13.718+0000][8][gc,heap     ] GC(24) Old regions: 19->19
[2026-07-13T10:36:13.718+0000][8][gc,heap     ] GC(24) Humongous regions: 2->2
[2026-07-13T10:36:13.718+0000][8][gc,metaspace] GC(24) Metaspace: 109582K(112448K)->109582K(112448K) NonClass: 94089K(95616K)->94089K(95616K) Class: 15492K(16832K)->15492K(16832K)
[2026-07-13T10:36:13.718+0000][8][gc          ] GC(24) Pause Young (Concurrent Start) (G1 Evacuation Pause) 386M->94M(512M) 11.499ms
[2026-07-13T10:36:13.718+0000][8][gc,cpu      ] GC(24) User=0.03s Sys=0.00s Real=0.01s
[2026-07-13T10:36:13.718+0000][8][gc          ] GC(25) Concurrent Mark Cycle
[2026-07-13T10:36:13.718+0000][8][gc,marking  ] GC(25) Concurrent Scan Root Regions
[2026-07-13T10:36:13.718+0000][8][safepoint   ] Safepoint "G1CollectForAllocation", Time since last: 2807380962 ns, Reaching safepoint: 34372 ns, Cleanup: 12247 ns, At safepoint: 11862076 ns, Total: 11908695 ns
[2026-07-13T10:36:13.726+0000][8][gc,marking  ] GC(25) Concurrent Scan Root Regions 7.866ms
[2026-07-13T10:36:13.727+0000][8][gc,marking  ] GC(25) Concurrent Mark
[2026-07-13T10:36:13.727+0000][8][gc,marking  ] GC(25) Concurrent Mark From Roots
[2026-07-13T10:36:13.727+0000][8][gc,task     ] GC(25) Using 1 workers of 1 for marking
[2026-07-13T10:36:13.824+0000][8][gc,marking  ] GC(25) Concurrent Mark From Roots 96.991ms
[2026-07-13T10:36:13.824+0000][8][gc,marking  ] GC(25) Concurrent Preclean
[2026-07-13T10:36:13.824+0000][8][gc,marking  ] GC(25) Concurrent Preclean 0.510ms
[2026-07-13T10:36:13.825+0000][8][gc,start    ] GC(25) Pause Remark
[2026-07-13T10:36:13.841+0000][8][gc          ] GC(25) Pause Remark 94M->94M(512M) 16.432ms
[2026-07-13T10:36:13.841+0000][8][gc,cpu      ] GC(25) User=0.04s Sys=0.00s Real=0.01s
[2026-07-13T10:36:13.842+0000][8][safepoint   ] Safepoint "G1PauseRemark", Time since last: 106327167 ns, Reaching safepoint: 9921 ns, Cleanup: 3797 ns, At safepoint: 16999983 ns, Total: 17013701 ns
[2026-07-13T10:36:13.842+0000][8][gc,marking  ] GC(25) Concurrent Mark 115.379ms
[2026-07-13T10:36:13.842+0000][8][gc,marking  ] GC(25) Concurrent Rebuild Remembered Sets and Scrub Regions
[2026-07-13T10:36:13.899+0000][8][gc,marking  ] GC(25) Concurrent Rebuild Remembered Sets and Scrub Regions 57.145ms
[2026-07-13T10:36:13.900+0000][8][gc,start    ] GC(25) Pause Cleanup
[2026-07-13T10:36:13.900+0000][8][gc          ] GC(25) Pause Cleanup 94M->94M(512M) 0.279ms
[2026-07-13T10:36:13.900+0000][8][gc,cpu      ] GC(25) User=0.00s Sys=0.00s Real=0.00s
[2026-07-13T10:36:13.900+0000][8][safepoint   ] Safepoint "G1PauseCleanup", Time since last: 57912395 ns, Reaching safepoint: 8128 ns, Cleanup: 14284 ns, At safepoint: 553277 ns, Total: 575689 ns
[2026-07-13T10:36:13.900+0000][8][gc,marking  ] GC(25) Concurrent Clear Claimed Marks
[2026-07-13T10:36:13.901+0000][8][gc,marking  ] GC(25) Concurrent Clear Claimed Marks 0.332ms
[2026-07-13T10:36:13.901+0000][8][gc,marking  ] GC(25) Concurrent Cleanup for Next Mark
[2026-07-13T10:36:13.902+0000][8][gc,marking  ] GC(25) Concurrent Cleanup for Next Mark 0.672ms
[2026-07-13T10:36:13.902+0000][8][gc          ] GC(25) Concurrent Mark Cycle 183.598ms
[2026-07-13T10:36:23.909+0000][8][safepoint   ] Safepoint "Cleanup", Time since last: 10008961355 ns, Reaching safepoint: 12190 ns, Cleanup: 15101 ns, At safepoint: 10156 ns, Total: 37447 ns
[2026-07-13T10:36:31.918+0000][8][safepoint   ] Safepoint "Cleanup", Time since last: 8009053305 ns, Reaching safepoint: 39183 ns, Cleanup: 17535 ns, At safepoint: 9635 ns, Total: 66353 ns
[2026-07-13T10:36:41.927+0000][8][safepoint   ] Safepoint "Cleanup", Time since last: 10008901311 ns, Reaching safepoint: 13569 ns, Cleanup: 15798 ns, At safepoint: 11575 ns, Total: 40942 ns
[2026-07-13T10:36:51.936+0000][8][safepoint   ] Safepoint "Cleanup", Time since last: 10008822875 ns, Reaching safepoint: 11588 ns, Cleanup: 19270 ns, At safepoint: 7078 ns, Total: 37936 ns
[2026-07-13T10:37:52.015+0000][8][safepoint   ] Safepoint "Cleanup", Time since last: 60076259873 ns, Reaching safepoint: 110688 ns, Cleanup: 267040 ns, At safepoint: 123045 ns, Total: 500773 ns
[2026-07-13T10:38:11.945+0000][8][safepoint   ] Safepoint "Cleanup", Time since last: 20023130206 ns, Reaching safepoint: 25396 ns, Cleanup: 10043 ns, At safepoint: 7704 ns, Total: 43143 ns
[2026-07-13T10:38:53.980+0000][8][safepoint   ] Safepoint "Cleanup", Time since last: 42033240653 ns, Reaching safepoint: 39111 ns, Cleanup: 14288 ns, At safepoint: 12647 ns, Total: 66046 ns
[2026-07-13T10:38:54.982+0000][8][safepoint   ] Safepoint "Cleanup", Time since last: 1001886878 ns, Reaching safepoint: 14567 ns, Cleanup: 30037 ns, At safepoint: 12571 ns, Total: 57175 ns
[2026-07-13T10:40:23.325+0000][8][safepoint   ] Safepoint "Cleanup", Time since last: 88347811876 ns, Reaching safepoint: 20636 ns, Cleanup: 9306 ns, At safepoint: 5900 ns, Total: 35842 ns
[2026-07-13T10:40:53.360+0000][8][safepoint   ] Safepoint "Cleanup", Time since last: 30026922872 ns, Reaching safepoint: 956879 ns, Cleanup: 12645 ns, At safepoint: 21501 ns, Total: 991025 ns
[2026-07-13T10:41:54.650+0000][8][safepoint   ] Safepoint "Cleanup", Time since last: 61288004472 ns, Reaching safepoint: 1043798 ns, Cleanup: 17245 ns, At safepoint: 139358 ns, Total: 1200401 ns
[2026-07-13T10:43:23.772+0000][8][safepoint   ] Safepoint "Cleanup", Time since last: 89121177740 ns, Reaching safepoint: 88090 ns, Cleanup: 23109 ns, At safepoint: 12366 ns, Total: 123565 ns
[2026-07-13T10:43:53.801+0000][8][safepoint   ] Safepoint "Cleanup", Time since last: 30027682610 ns, Reaching safepoint: 34186 ns, Cleanup: 10573 ns, At safepoint: 6250 ns, Total: 51009 ns
[2026-07-13T10:44:23.839+0000][8][safepoint   ] Safepoint "Cleanup", Time since last: 30036836365 ns, Reaching safepoint: 41636 ns, Cleanup: 16324 ns, At safepoint: 11672 ns, Total: 69632 ns
[2026-07-13T10:45:47.962+0000][8][safepoint   ] Safepoint "Cleanup", Time since last: 84124923240 ns, Reaching safepoint: 56527 ns, Cleanup: 25623 ns, At safepoint: 14116 ns, Total: 96266 ns
[2026-07-13T10:45:53.972+0000][8][safepoint   ] Safepoint "Cleanup", Time since last: 6006983286 ns, Reaching safepoint: 11436 ns, Cleanup: 12735 ns, At safepoint: 40457 ns, Total: 64628 ns
[2026-07-13T10:47:37.182+0000][8][safepoint   ] Safepoint "Cleanup", Time since last: 103207755935 ns, Reaching safepoint: 1178073 ns, Cleanup: 21576 ns, At safepoint: 38333 ns, Total: 1237982 ns
[2026-07-13T10:48:55.272+0000][8][safepoint   ] Safepoint "Cleanup", Time since last: 78088809694 ns, Reaching safepoint: 13884 ns, Cleanup: 13523 ns, At safepoint: 8901 ns, Total: 36308 ns
[2026-07-13T10:49:23.302+0000][8][safepoint   ] Safepoint "Cleanup", Time since last: 28030228521 ns, Reaching safepoint: 35689 ns, Cleanup: 12433 ns, At safepoint: 7909 ns, Total: 56031 ns
[2026-07-13T10:49:39.163+0000][8][safepoint   ] Safepoint "Cleanup", Time since last: 15860017517 ns, Reaching safepoint: 20273 ns, Cleanup: 16419 ns, At safepoint: 13924 ns, Total: 50616 ns
[2026-07-13T10:49:43.168+0000][8][safepoint   ] Safepoint "Cleanup", Time since last: 4004817778 ns, Reaching safepoint: 19864 ns, Cleanup: 16917 ns, At safepoint: 13772 ns, Total: 50553 ns
[2026-07-13T10:50:59.241+0000][8][safepoint   ] Safepoint "Cleanup", Time since last: 76071071802 ns, Reaching safepoint: 166546 ns, Cleanup: 69992 ns, At safepoint: 32246 ns, Total: 268784 ns
[2026-07-13T10:54:31.630+0000][8][safepoint   ] Safepoint "Cleanup", Time since last: 212198566453 ns, Reaching safepoint: 9130 ns, Cleanup: 11677 ns, At safepoint: 29934 ns, Total: 50741 ns
[2026-07-13T10:56:23.738+0000][8][safepoint   ] Safepoint "Cleanup", Time since last: 112104925650 ns, Reaching safepoint: 33107 ns, Cleanup: 12854 ns, At safepoint: 7971 ns, Total: 53932 ns
[2026-07-13T10:56:32.747+0000][8][safepoint   ] Safepoint "Cleanup", Time since last: 9007797968 ns, Reaching safepoint: 15643 ns, Cleanup: 15106 ns, At safepoint: 33406 ns, Total: 64155 ns
[2026-07-13T10:57:23.794+0000][8][safepoint   ] Safepoint "Cleanup", Time since last: 51047936140 ns, Reaching safepoint: 38059 ns, Cleanup: 27230 ns, At safepoint: 10400 ns, Total: 75689 ns
[2026-07-13T10:58:23.948+0000][8][safepoint   ] Safepoint "Cleanup", Time since last: 60149963783 ns, Reaching safepoint: 46674 ns, Cleanup: 33913 ns, At safepoint: 11448 ns, Total: 92035 ns
[2026-07-13T10:58:33.955+0000][8][safepoint   ] Safepoint "Cleanup", Time since last: 10007015708 ns, Reaching safepoint: 35692 ns, Cleanup: 13574 ns, At safepoint: 11641 ns, Total: 60907 ns
[2026-07-13T10:58:54.982+0000][8][safepoint   ] Safepoint "Cleanup", Time since last: 21025771420 ns, Reaching safepoint: 17952 ns, Cleanup: 18156 ns, At safepoint: 11484 ns, Total: 47592 ns
[2026-07-13T11:00:14.125+0000][8][safepoint   ] Safepoint "Cleanup", Time since last: 79141093188 ns, Reaching safepoint: 37923 ns, Cleanup: 12614 ns, At safepoint: 10412 ns, Total: 60949 ns
[2026-07-13T11:01:35.203+0000][8][safepoint   ] Safepoint "Cleanup", Time since last: 81074834246 ns, Reaching safepoint: 50137 ns, Cleanup: 14179 ns, At safepoint: 12394 ns, Total: 76710 ns
[2026-07-13T11:02:14.746+0000][8][gc,start    ] GC(26) Pause Young (Prepare Mixed) (G1 Evacuation Pause)
[2026-07-13T11:02:14.747+0000][8][gc,task     ] GC(26) Using 4 workers of 4 for evacuation
[2026-07-13T11:02:14.747+0000][8][gc,age      ] GC(26) Desired survivor size 20971520 bytes, new threshold 15 (max threshold 15)
[2026-07-13T11:02:14.755+0000][8][gc,phases   ] GC(26)   Pre Evacuate Collection Set: 0.48ms
[2026-07-13T11:02:14.755+0000][8][gc,phases   ] GC(26)   Merge Heap Roots: 0.14ms
[2026-07-13T11:02:14.755+0000][8][gc,phases   ] GC(26)   Evacuate Collection Set: 5.52ms
[2026-07-13T11:02:14.756+0000][8][gc,phases   ] GC(26)   Post Evacuate Collection Set: 1.58ms
[2026-07-13T11:02:14.756+0000][8][gc,phases   ] GC(26)   Other: 0.62ms
[2026-07-13T11:02:14.756+0000][8][gc,age      ] GC(26) Age table with threshold 15 (max threshold 15)
[2026-07-13T11:02:14.756+0000][8][gc,age      ] GC(26) - age   1:     114000 bytes,     114000 total
[2026-07-13T11:02:14.756+0000][8][gc,age      ] GC(26) - age   2:     123368 bytes,     237368 total
[2026-07-13T11:02:14.756+0000][8][gc,age      ] GC(26) - age   3:     108120 bytes,     345488 total
[2026-07-13T11:02:14.756+0000][8][gc,age      ] GC(26) - age   4:     486856 bytes,     832344 total
[2026-07-13T11:02:14.757+0000][8][gc,age      ] GC(26) - age   5:     245520 bytes,    1077864 total
[2026-07-13T11:02:14.757+0000][8][gc,age      ] GC(26) - age   6:    6684840 bytes,    7762704 total
[2026-07-13T11:02:14.757+0000][8][gc,age      ] GC(26) - age   7:    3063784 bytes,   10826488 total
[2026-07-13T11:02:14.757+0000][8][gc,heap     ] GC(26) Eden regions: 73->0(52)
[2026-07-13T11:02:14.757+0000][8][gc,heap     ] GC(26) Survivor regions: 3->3(10)
[2026-07-13T11:02:14.757+0000][8][gc,heap     ] GC(26) Old regions: 19->19
[2026-07-13T11:02:14.757+0000][8][gc,heap     ] GC(26) Humongous regions: 2->2
[2026-07-13T11:02:14.757+0000][8][gc,metaspace] GC(26) Metaspace: 108091K(112512K)->108091K(112512K) NonClass: 93104K(95680K)->93104K(95680K) Class: 14986K(16832K)->14986K(16832K)
[2026-07-13T11:02:14.757+0000][8][gc          ] GC(26) Pause Young (Prepare Mixed) (G1 Evacuation Pause) 386M->94M(512M) 10.947ms
[2026-07-13T11:02:14.758+0000][8][gc,cpu      ] GC(26) User=0.02s Sys=0.00s Real=0.01s
[2026-07-13T11:02:14.758+0000][8][safepoint   ] Safepoint "G1CollectForAllocation", Time since last: 39542887646 ns, Reaching safepoint: 34872 ns, Cleanup: 4379 ns, At safepoint: 11282598 ns, Total: 11321849 ns
[2026-07-13T11:02:23.767+0000][8][safepoint   ] Safepoint "Cleanup", Time since last: 9008862845 ns, Reaching safepoint: 14647 ns, Cleanup: 18165 ns, At safepoint: 9886 ns, Total: 42698 ns
[2026-07-13T11:02:25.769+0000][8][safepoint   ] Safepoint "Cleanup", Time since last: 2001810075 ns, Reaching safepoint: 12580 ns, Cleanup: 14324 ns, At safepoint: 8840 ns, Total: 35744 ns
[2026-07-13T11:02:45.803+0000][8][safepoint   ] Safepoint "Cleanup", Time since last: 20033112687 ns, Reaching safepoint: 35852 ns, Cleanup: 21733 ns, At safepoint: 8041 ns, Total: 65626 ns
[2026-07-13T11:02:53.813+0000][8][safepoint   ] Safepoint "Cleanup", Time since last: 8010550704 ns, Reaching safepoint: 53831 ns, Cleanup: 94328 ns, At safepoint: 40410 ns, Total: 188569 ns
[2026-07-13T11:06:24.035+0000][8][safepoint   ] Safepoint "Cleanup", Time since last: 210213962224 ns, Reaching safepoint: 37658 ns, Cleanup: 13369 ns, At safepoint: 7203 ns, Total: 58230 ns
[2026-07-13T11:06:28.039+0000][8][safepoint   ] Safepoint "Cleanup", Time since last: 4004211375 ns, Reaching safepoint: 11805 ns, Cleanup: 17548 ns, At safepoint: 9435 ns, Total: 38788 ns
[2026-07-13T11:06:54.058+0000][8][safepoint   ] Safepoint "Cleanup", Time since last: 26018932676 ns, Reaching safepoint: 53756 ns, Cleanup: 18715 ns, At safepoint: 14726 ns, Total: 87197 ns
[2026-07-13T11:08:09.136+0000][8][safepoint   ] Safepoint "Cleanup", Time since last: 75075688904 ns, Reaching safepoint: 39540 ns, Cleanup: 13690 ns, At safepoint: 6620 ns, Total: 59850 ns
[2026-07-13T11:09:09.163+0000][8][safepoint   ] Safepoint "Cleanup", Time since last: 60053206592 ns, Reaching safepoint: 190058 ns, Cleanup: 154904 ns, At safepoint: 33032 ns, Total: 377994 ns
[2026-07-13T11:09:19.172+0000][8][safepoint   ] Safepoint "Cleanup", Time since last: 10008454465 ns, Reaching safepoint: 39267 ns, Cleanup: 13398 ns, At safepoint: 10628 ns, Total: 63293 ns
[2026-07-13T11:09:24.177+0000][8][safepoint   ] Safepoint "Cleanup", Time since last: 5004976386 ns, Reaching safepoint: 47215 ns, Cleanup: 13997 ns, At safepoint: 9836 ns, Total: 71048 ns
[2026-07-13T11:10:04.214+0000][8][safepoint   ] Safepoint "Cleanup", Time since last: 40044812332 ns, Reaching safepoint: 43150 ns, Cleanup: 16112 ns, At safepoint: 10636 ns, Total: 69898 ns
[2026-07-13T11:10:20.230+0000][8][safepoint   ] Safepoint "Cleanup", Time since last: 16016013126 ns, Reaching safepoint: 67110 ns, Cleanup: 17986 ns, At safepoint: 51604 ns, Total: 136700 ns
[2026-07-13T11:11:24.302+0000][8][safepoint   ] Safepoint "Cleanup", Time since last: 64060906488 ns, Reaching safepoint: 37419 ns, Cleanup: 14692 ns, At safepoint: 7595 ns, Total: 59706 ns
[2026-07-13T11:11:44.323+0000][8][safepoint   ] Safepoint "Cleanup", Time since last: 20020923044 ns, Reaching safepoint: 12383 ns, Cleanup: 12600 ns, At safepoint: 8144 ns, Total: 33127 ns
[2026-07-13T11:11:54.333+0000][8][safepoint   ] Safepoint "Cleanup", Time since last: 10009042814 ns, Reaching safepoint: 38608 ns, Cleanup: 14290 ns, At safepoint: 12300 ns, Total: 65198 ns
[2026-07-13T11:12:10.348+0000][8][safepoint   ] Safepoint "Cleanup", Time since last: 16014798170 ns, Reaching safepoint: 26611 ns, Cleanup: 13085 ns, At safepoint: 8774 ns, Total: 48470 ns
[2026-07-13T11:12:24.364+0000][8][safepoint   ] Safepoint "Cleanup", Time since last: 14015084395 ns, Reaching safepoint: 33262 ns, Cleanup: 13416 ns, At safepoint: 7865 ns, Total: 54543 ns
[2026-07-13T11:12:41.379+0000][8][safepoint   ] Safepoint "Cleanup", Time since last: 17015021597 ns, Reaching safepoint: 43994 ns, Cleanup: 16410 ns, At safepoint: 9263 ns, Total: 69667 ns
[2026-07-13T11:12:51.387+0000][8][safepoint   ] Safepoint "Cleanup", Time since last: 10008676878 ns, Reaching safepoint: 33592 ns, Cleanup: 17966 ns, At safepoint: 11448 ns, Total: 63006 ns
[2026-07-13T11:13:23.446+0000][8][safepoint   ] Safepoint "Cleanup", Time since last: 32056990991 ns, Reaching safepoint: 36993 ns, Cleanup: 17845 ns, At safepoint: 8065 ns, Total: 62903 ns
[2026-07-13T11:13:24.448+0000][8][safepoint   ] Safepoint "Cleanup", Time since last: 1000984286 ns, Reaching safepoint: 12165 ns, Cleanup: 12055 ns, At safepoint: 8287 ns, Total: 32507 ns
[2026-07-13T11:16:22.660+0000][8][safepoint   ] Safepoint "Cleanup", Time since last: 178206096728 ns, Reaching safepoint: 1570383 ns, Cleanup: 18007 ns, At safepoint: 11681 ns, Total: 1600071 ns
[2026-07-13T11:17:23.716+0000][8][safepoint   ] Safepoint "Cleanup", Time since last: 61054112368 ns, Reaching safepoint: 39377 ns, Cleanup: 11916 ns, At safepoint: 7042 ns, Total: 58335 ns
[2026-07-13T11:18:54.885+0000][8][safepoint   ] Safepoint "Cleanup", Time since last: 91165049305 ns, Reaching safepoint: 12536 ns, Cleanup: 18710 ns, At safepoint: 9630 ns, Total: 40876 ns
[2026-07-13T11:19:34.813+0000][8][safepoint   ] Safepoint "Cleanup", Time since last: 39928049554 ns, Reaching safepoint: 12471 ns, Cleanup: 14835 ns, At safepoint: 10094 ns, Total: 37400 ns
[2026-07-13T11:19:44.823+0000][8][safepoint   ] Safepoint "Cleanup", Time since last: 10009878457 ns, Reaching safepoint: 54203 ns, Cleanup: 18718 ns, At safepoint: 11075 ns, Total: 83996 ns
[2026-07-13T11:19:54.834+0000][8][safepoint   ] Safepoint "Cleanup", Time since last: 10010276208 ns, Reaching safepoint: 19449 ns, Cleanup: 27304 ns, At safepoint: 14264 ns, Total: 61017 ns
[2026-07-13T11:20:04.858+0000][8][safepoint   ] Safepoint "Cleanup", Time since last: 10023996489 ns, Reaching safepoint: 57766 ns, Cleanup: 34716 ns, At safepoint: 38147 ns, Total: 130629 ns
[2026-07-13T11:20:54.931+0000][8][safepoint   ] Safepoint "Cleanup", Time since last: 50070569933 ns, Reaching safepoint: 35621 ns, Cleanup: 12996 ns, At safepoint: 7846 ns, Total: 56463 ns
[2026-07-13T11:24:45.606+0000][8][gc,start    ] GC(27) Pause Young (Mixed) (G1 Evacuation Pause)
[2026-07-13T11:24:45.607+0000][8][gc,task     ] GC(27) Using 4 workers of 4 for evacuation
[2026-07-13T11:24:45.608+0000][8][gc,age      ] GC(27) Desired survivor size 18874368 bytes, new threshold 15 (max threshold 15)
[2026-07-13T11:24:45.629+0000][8][gc,phases   ] GC(27)   Pre Evacuate Collection Set: 0.81ms
[2026-07-13T11:24:45.630+0000][8][gc,phases   ] GC(27)   Merge Heap Roots: 0.39ms
[2026-07-13T11:24:45.631+0000][8][gc,phases   ] GC(27)   Evacuate Collection Set: 15.05ms
[2026-07-13T11:24:45.633+0000][8][gc,phases   ] GC(27)   Post Evacuate Collection Set: 3.80ms
[2026-07-13T11:24:45.633+0000][8][gc,phases   ] GC(27)   Other: 1.69ms
[2026-07-13T11:24:45.634+0000][8][gc,age      ] GC(27) Age table with threshold 15 (max threshold 15)
[2026-07-13T11:24:45.636+0000][8][gc,age      ] GC(27) - age   1:      78784 bytes,      78784 total
[2026-07-13T11:24:45.636+0000][8][gc,age      ] GC(27) - age   2:     102208 bytes,     180992 total
[2026-07-13T11:24:45.636+0000][8][gc,age      ] GC(27) - age   3:     123296 bytes,     304288 total
[2026-07-13T11:24:45.637+0000][8][gc,age      ] GC(27) - age   4:     108120 bytes,     412408 total
[2026-07-13T11:24:45.637+0000][8][gc,age      ] GC(27) - age   5:     486856 bytes,     899264 total
[2026-07-13T11:24:45.637+0000][8][gc,age      ] GC(27) - age   6:     245520 bytes,    1144784 total
[2026-07-13T11:24:45.637+0000][8][gc,age      ] GC(27) - age   7:    6684560 bytes,    7829344 total
[2026-07-13T11:24:45.637+0000][8][gc,age      ] GC(27) - age   8:    3037792 bytes,   10867136 total
[2026-07-13T11:24:45.638+0000][8][gc,heap     ] GC(27) Eden regions: 63->0(73)
[2026-07-13T11:24:45.638+0000][8][gc,heap     ] GC(27) Survivor regions: 3->3(9)
[2026-07-13T11:24:45.638+0000][8][gc,heap     ] GC(27) Old regions: 19->18
[2026-07-13T11:24:45.640+0000][8][gc,heap     ] GC(27) Humongous regions: 2->2
[2026-07-13T11:24:45.641+0000][8][gc,metaspace] GC(27) Metaspace: 108127K(112512K)->108127K(112512K) NonClass: 93141K(95680K)->93141K(95680K) Class: 14986K(16832K)->14986K(16832K)
[2026-07-13T11:24:45.642+0000][8][gc          ] GC(27) Pause Young (Mixed) (G1 Evacuation Pause) 346M->90M(512M) 35.252ms
[2026-07-13T11:24:45.642+0000][8][gc,cpu      ] GC(27) User=0.06s Sys=0.00s Real=0.04s
[2026-07-13T11:24:45.643+0000][8][safepoint   ] Safepoint "G1CollectForAllocation", Time since last: 230698141486 ns, Reaching safepoint: 13922 ns, Cleanup: 5402 ns, At safepoint: 36402270 ns, Total: 36421594 ns
[2026-07-13T11:27:23.804+0000][8][safepoint   ] Safepoint "Cleanup", Time since last: 158165416397 ns, Reaching safepoint: 42911 ns, Cleanup: 16106 ns, At safepoint: 7446 ns, Total: 66463 ns
[2026-07-13T11:27:31.160+0000][8][safepoint   ] Safepoint "Cleanup", Time since last: 7347013037 ns, Reaching safepoint: 7676 ns, Cleanup: 54958 ns, At safepoint: 40420 ns, Total: 103054 ns
[2026-07-13T11:27:31.192+0000][8][gc,heap,exit] Heap
[2026-07-13T11:27:31.193+0000][8][gc,heap,exit]  garbage-first heap   total reserved 524288K, committed 524288K, used 137674K [0x00000000e0000000, 0x0000000100000000)
[2026-07-13T11:27:31.193+0000][8][gc,heap,exit]   region size 4096K, 14 young (57344K), 3 survivors (12288K)
[2026-07-13T11:27:31.194+0000][8][gc,heap,exit]  Metaspace       used 108268K, committed 112512K, reserved 1179648K
[2026-07-13T11:27:31.194+0000][8][gc,heap,exit]   class space    used 15019K, committed 16832K, reserved 1048576K
