[2026-07-13T11:40:46.631+0000][180][gc,init] CardTable entry size: 512
[2026-07-13T11:40:46.635+0000][180][gc     ] Using G1
[2026-07-13T11:40:46.665+0000][180][gc,init] Version: 22.0.1+8-16 (release)
[2026-07-13T11:40:46.665+0000][180][gc,init] CPUs: 4 total, 4 available
[2026-07-13T11:40:46.665+0000][180][gc,init] Memory: 32093M
[2026-07-13T11:40:46.666+0000][180][gc,init] Large Page Support: Disabled
[2026-07-13T11:40:46.666+0000][180][gc,init] NUMA Support: Disabled
[2026-07-13T11:40:46.666+0000][180][gc,init] Compressed Oops: Enabled (32-bit)
[2026-07-13T11:40:46.666+0000][180][gc,init] Heap Region Size: 1M
[2026-07-13T11:40:46.667+0000][180][gc,init] Heap Min Capacity: 512M
[2026-07-13T11:40:46.667+0000][180][gc,init] Heap Initial Capacity: 512M
[2026-07-13T11:40:46.667+0000][180][gc,init] Heap Max Capacity: 512M
[2026-07-13T11:40:46.668+0000][180][gc,init] Pre-touch: Disabled
[2026-07-13T11:40:46.668+0000][180][gc,init] Parallel Workers: 4
[2026-07-13T11:40:46.668+0000][180][gc,init] Concurrent Workers: 1
[2026-07-13T11:40:46.669+0000][180][gc,init] Concurrent Refinement Workers: 4
[2026-07-13T11:40:46.669+0000][180][gc,init] Periodic GC: Disabled
[2026-07-13T11:40:46.669+0000][180][gc,metaspace] CDS archive(s) not mapped
[2026-07-13T11:40:46.669+0000][180][gc,metaspace] Compressed class space mapped at: 0x0000000017000000-0x0000000057000000, reserved size: 1073741824
[2026-07-13T11:40:46.670+0000][180][gc,metaspace] Narrow klass base: 0x0000000000000000, Narrow klass shift: 0, Narrow klass range: 0x57000000
[2026-07-13T11:40:46.886+0000][180][gc,heap,exit] Heap
[2026-07-13T11:40:46.886+0000][180][gc,heap,exit]  garbage-first heap   total reserved 524288K, committed 524288K, used 3072K [0x00000000e0000000, 0x0000000100000000)
[2026-07-13T11:40:46.886+0000][180][gc,heap,exit]   region size 1024K, 3 young (3072K), 0 survivors (0K)
[2026-07-13T11:40:46.886+0000][180][gc,heap,exit]  Metaspace       used 3996K, committed 4032K, reserved 1114112K
[2026-07-13T11:40:46.887+0000][180][gc,heap,exit]   class space    used 315K, committed 320K, reserved 1048576K
