[2026-07-11T07:56:30.544+0000][7][gc,init] CardTable entry size: 512
[2026-07-11T07:56:30.546+0000][7][gc     ] Using G1
[2026-07-11T07:56:30.595+0000][7][gc,init] Version: 22.0.1+8-16 (release)
[2026-07-11T07:56:30.595+0000][7][gc,init] CPUs: 4 total, 4 available
[2026-07-11T07:56:30.596+0000][7][gc,init] Memory: 32093M
[2026-07-11T07:56:30.596+0000][7][gc,init] Large Page Support: Disabled
[2026-07-11T07:56:30.596+0000][7][gc,init] NUMA Support: Disabled
[2026-07-11T07:56:30.596+0000][7][gc,init] Compressed Oops: Enabled (32-bit)
[2026-07-11T07:56:30.596+0000][7][gc,init] Heap Region Size: 4M
[2026-07-11T07:56:30.597+0000][7][gc,init] Heap Min Capacity: 512M
[2026-07-11T07:56:30.597+0000][7][gc,init] Heap Initial Capacity: 512M
[2026-07-11T07:56:30.597+0000][7][gc,init] Heap Max Capacity: 512M
[2026-07-11T07:56:30.597+0000][7][gc,init] Pre-touch: Enabled
[2026-07-11T07:56:30.597+0000][7][gc,init] Parallel Workers: 4
[2026-07-11T07:56:30.598+0000][7][gc,init] Concurrent Workers: 1
[2026-07-11T07:56:30.599+0000][7][gc,init] Concurrent Refinement Workers: 4
[2026-07-11T07:56:30.599+0000][7][gc,init] Periodic GC: Disabled
[2026-07-11T07:56:30.611+0000][7][gc,metaspace] CDS archive(s) mapped at: [0x00007fcd62000000-0x00007fcd62c74000-0x00007fcd62c74000), size 13058048, SharedBaseAddress: 0x00007fcd62000000, ArchiveRelocationMode: 1.
[2026-07-11T07:56:30.611+0000][7][gc,metaspace] Compressed class space mapped at: 0x00007fcd63000000-0x00007fcda3000000, reserved size: 1073741824
[2026-07-11T07:56:30.611+0000][7][gc,metaspace] Narrow klass base: 0x00007fcd62000000, Narrow klass shift: 0, Narrow klass range: 0x100000000
[2026-07-11T07:56:31.648+0000][7][safepoint   ] Safepoint "Cleanup", Time since last: 1028713392 ns, Reaching safepoint: 3558 ns, Cleanup: 49794 ns, At safepoint: 1120197 ns, Total: 1173549 ns
[2026-07-11T07:56:32.716+0000][7][safepoint   ] Safepoint "Cleanup", Time since last: 1068388012 ns, Reaching safepoint: 2300 ns, Cleanup: 113681 ns, At safepoint: 16111 ns, Total: 132092 ns
[2026-07-11T07:56:33.601+0000][7][gc,start    ] GC(0) Pause Young (Normal) (G1 Evacuation Pause)
[2026-07-11T07:56:33.601+0000][7][gc,task     ] GC(0) Using 4 workers of 4 for evacuation
[2026-07-11T07:56:33.601+0000][7][gc,age      ] GC(0) Desired survivor size 2097152 bytes, new threshold 15 (max threshold 15)
[2026-07-11T07:56:33.607+0000][7][gc,phases   ] GC(0)   Pre Evacuate Collection Set: 0.27ms
[2026-07-11T07:56:33.607+0000][7][gc,phases   ] GC(0)   Merge Heap Roots: 0.05ms
[2026-07-11T07:56:33.607+0000][7][gc,phases   ] GC(0)   Evacuate Collection Set: 4.67ms
[2026-07-11T07:56:33.608+0000][7][gc,phases   ] GC(0)   Post Evacuate Collection Set: 0.81ms
[2026-07-11T07:56:33.608+0000][7][gc,phases   ] GC(0)   Other: 0.34ms
[2026-07-11T07:56:33.608+0000][7][gc,age      ] GC(0) Age table with threshold 15 (max threshold 15)
[2026-07-11T07:56:33.608+0000][7][gc,age      ] GC(0) - age   1:    4128240 bytes,    4128240 total
[2026-07-11T07:56:33.608+0000][7][gc,heap     ] GC(0) Eden regions: 6->0(5)
[2026-07-11T07:56:33.608+0000][7][gc,heap     ] GC(0) Survivor regions: 0->1(1)
[2026-07-11T07:56:33.608+0000][7][gc,heap     ] GC(0) Old regions: 1->2
[2026-07-11T07:56:33.608+0000][7][gc,heap     ] GC(0) Humongous regions: 0->0
[2026-07-11T07:56:33.609+0000][7][gc,metaspace] GC(0) Metaspace: 9290K(9536K)->9290K(9536K) NonClass: 8239K(8384K)->8239K(8384K) Class: 1051K(1152K)->1051K(1152K)
[2026-07-11T07:56:33.609+0000][7][gc          ] GC(0) Pause Young (Normal) (G1 Evacuation Pause) 25M->5M(512M) 8.019ms
[2026-07-11T07:56:33.609+0000][7][gc,cpu      ] GC(0) User=0.01s Sys=0.00s Real=0.01s
[2026-07-11T07:56:33.609+0000][7][safepoint   ] Safepoint "G1CollectForAllocation", Time since last: 883592563 ns, Reaching safepoint: 979222 ns, Cleanup: 83917 ns, At safepoint: 8327820 ns, Total: 9390959 ns
[2026-07-11T07:56:34.731+0000][7][safepoint   ] Safepoint "Cleanup", Time since last: 1121368137 ns, Reaching safepoint: 3816 ns, Cleanup: 123459 ns, At safepoint: 43484 ns, Total: 170759 ns
[2026-07-11T07:56:34.967+0000][7][gc,start    ] GC(1) Pause Young (Normal) (G1 Evacuation Pause)
[2026-07-11T07:56:34.968+0000][7][gc,task     ] GC(1) Using 4 workers of 4 for evacuation
[2026-07-11T07:56:34.968+0000][7][gc,age      ] GC(1) Desired survivor size 2097152 bytes, new threshold 1 (max threshold 15)
[2026-07-11T07:56:34.996+0000][7][gc,phases   ] GC(1)   Pre Evacuate Collection Set: 0.08ms
[2026-07-11T07:56:34.996+0000][7][gc,phases   ] GC(1)   Merge Heap Roots: 0.03ms
[2026-07-11T07:56:34.996+0000][7][gc,phases   ] GC(1)   Evacuate Collection Set: 26.63ms
[2026-07-11T07:56:34.996+0000][7][gc,phases   ] GC(1)   Post Evacuate Collection Set: 0.81ms
[2026-07-11T07:56:34.997+0000][7][gc,phases   ] GC(1)   Other: 0.33ms
[2026-07-11T07:56:34.998+0000][7][gc,age      ] GC(1) Age table with threshold 1 (max threshold 15)
[2026-07-11T07:56:35.000+0000][7][gc,age      ] GC(1) - age   1:    1961224 bytes,    1961224 total
[2026-07-11T07:56:35.000+0000][7][gc,heap     ] GC(1) Eden regions: 5->0(7)
[2026-07-11T07:56:35.000+0000][7][gc,heap     ] GC(1) Survivor regions: 1->1(1)
[2026-07-11T07:56:35.001+0000][7][gc,heap     ] GC(1) Old regions: 2->3
[2026-07-11T07:56:35.001+0000][7][gc,heap     ] GC(1) Humongous regions: 0->0
[2026-07-11T07:56:35.002+0000][7][gc,metaspace] GC(1) Metaspace: 12425K(12736K)->12425K(12736K) NonClass: 10918K(11072K)->10918K(11072K) Class: 1506K(1664K)->1506K(1664K)
[2026-07-11T07:56:35.004+0000][7][gc          ] GC(1) Pause Young (Normal) (G1 Evacuation Pause) 25M->7M(512M) 37.351ms
[2026-07-11T07:56:35.004+0000][7][gc,cpu      ] GC(1) User=0.02s Sys=0.01s Real=0.03s
[2026-07-11T07:56:35.005+0000][7][safepoint   ] Safepoint "G1CollectForAllocation", Time since last: 236010733 ns, Reaching safepoint: 6069 ns, Cleanup: 110489 ns, At safepoint: 38063484 ns, Total: 38180042 ns
[2026-07-11T07:56:36.389+0000][7][safepoint   ] Safepoint "Cleanup", Time since last: 1383461492 ns, Reaching safepoint: 794708 ns, Cleanup: 81728 ns, At safepoint: 21518 ns, Total: 897954 ns
[2026-07-11T07:56:37.392+0000][7][safepoint   ] Safepoint "Cleanup", Time since last: 1001641736 ns, Reaching safepoint: 847179 ns, Cleanup: 20236 ns, At safepoint: 95204 ns, Total: 962619 ns
[2026-07-11T07:56:37.917+0000][7][gc,start    ] GC(2) Pause Young (Normal) (G1 Evacuation Pause)
[2026-07-11T07:56:37.918+0000][7][gc,task     ] GC(2) Using 4 workers of 4 for evacuation
[2026-07-11T07:56:37.918+0000][7][gc,age      ] GC(2) Desired survivor size 2097152 bytes, new threshold 15 (max threshold 15)
[2026-07-11T07:56:37.967+0000][7][gc,phases   ] GC(2)   Pre Evacuate Collection Set: 0.07ms
[2026-07-11T07:56:37.968+0000][7][gc,phases   ] GC(2)   Merge Heap Roots: 0.10ms
[2026-07-11T07:56:37.968+0000][7][gc,phases   ] GC(2)   Evacuate Collection Set: 36.38ms
[2026-07-11T07:56:37.969+0000][7][gc,phases   ] GC(2)   Post Evacuate Collection Set: 12.22ms
[2026-07-11T07:56:37.970+0000][7][gc,phases   ] GC(2)   Other: 0.42ms
[2026-07-11T07:56:37.970+0000][7][gc,age      ] GC(2) Age table with threshold 15 (max threshold 15)
[2026-07-11T07:56:37.981+0000][7][gc,age      ] GC(2) - age   1:     955952 bytes,     955952 total
[2026-07-11T07:56:37.981+0000][7][gc,age      ] GC(2) - age   2:    1930608 bytes,    2886560 total
[2026-07-11T07:56:37.981+0000][7][gc,heap     ] GC(2) Eden regions: 7->0(21)
[2026-07-11T07:56:37.981+0000][7][gc,heap     ] GC(2) Survivor regions: 1->1(1)
[2026-07-11T07:56:37.985+0000][7][gc,heap     ] GC(2) Old regions: 3->3
[2026-07-11T07:56:37.985+0000][7][gc,heap     ] GC(2) Humongous regions: 0->0
[2026-07-11T07:56:37.986+0000][7][gc,metaspace] GC(2) Metaspace: 15426K(15808K)->15426K(15808K) NonClass: 13595K(13824K)->13595K(13824K) Class: 1831K(1984K)->1831K(1984K)
[2026-07-11T07:56:37.986+0000][7][gc          ] GC(2) Pause Young (Normal) (G1 Evacuation Pause) 35M->8M(512M) 68.356ms
[2026-07-11T07:56:37.986+0000][7][gc,cpu      ] GC(2) User=0.02s Sys=0.00s Real=0.07s
[2026-07-11T07:56:37.989+0000][7][safepoint   ] Safepoint "G1CollectForAllocation", Time since last: 525725995 ns, Reaching safepoint: 4786 ns, Cleanup: 23387 ns, At safepoint: 71092573 ns, Total: 71120746 ns
[2026-07-11T07:56:39.003+0000][7][safepoint   ] Safepoint "Cleanup", Time since last: 1013748358 ns, Reaching safepoint: 4958 ns, Cleanup: 1043607 ns, At safepoint: 10864 ns, Total: 1059429 ns
[2026-07-11T07:56:40.021+0000][7][safepoint   ] Safepoint "Cleanup", Time since last: 1016941734 ns, Reaching safepoint: 648901 ns, Cleanup: 31213 ns, At safepoint: 70279 ns, Total: 750393 ns
[2026-07-11T07:56:40.333+0000][7][gc,start    ] GC(3) Pause Young (Normal) (G1 Evacuation Pause)
[2026-07-11T07:56:40.333+0000][7][gc,task     ] GC(3) Using 4 workers of 4 for evacuation
[2026-07-11T07:56:40.333+0000][7][gc,age      ] GC(3) Desired survivor size 6291456 bytes, new threshold 15 (max threshold 15)
[2026-07-11T07:56:40.364+0000][7][gc,phases   ] GC(3)   Pre Evacuate Collection Set: 0.14ms
[2026-07-11T07:56:40.364+0000][7][gc,phases   ] GC(3)   Merge Heap Roots: 0.02ms
[2026-07-11T07:56:40.364+0000][7][gc,phases   ] GC(3)   Evacuate Collection Set: 30.32ms
[2026-07-11T07:56:40.365+0000][7][gc,phases   ] GC(3)   Post Evacuate Collection Set: 0.51ms
[2026-07-11T07:56:40.365+0000][7][gc,phases   ] GC(3)   Other: 0.33ms
[2026-07-11T07:56:40.365+0000][7][gc,age      ] GC(3) Age table with threshold 15 (max threshold 15)
[2026-07-11T07:56:40.366+0000][7][gc,age      ] GC(3) - age   1:    1117632 bytes,    1117632 total
[2026-07-11T07:56:40.367+0000][7][gc,age      ] GC(3) - age   2:     889536 bytes,    2007168 total
[2026-07-11T07:56:40.368+0000][7][gc,age      ] GC(3) - age   3:    1930376 bytes,    3937544 total
[2026-07-11T07:56:40.368+0000][7][gc,heap     ] GC(3) Eden regions: 22->0(74)
[2026-07-11T07:56:40.369+0000][7][gc,heap     ] GC(3) Survivor regions: 1->2(3)
[2026-07-11T07:56:40.375+0000][7][gc,heap     ] GC(3) Old regions: 3->3
[2026-07-11T07:56:40.375+0000][7][gc,heap     ] GC(3) Humongous regions: 0->0
[2026-07-11T07:56:40.375+0000][7][gc,metaspace] GC(3) Metaspace: 16580K(16960K)->16580K(16960K) NonClass: 14633K(14848K)->14633K(14848K) Class: 1946K(2112K)->1946K(2112K)
[2026-07-11T07:56:40.375+0000][7][gc          ] GC(3) Pause Young (Normal) (G1 Evacuation Pause) 96M->9M(512M) 42.648ms
[2026-07-11T07:56:40.375+0000][7][gc,cpu      ] GC(3) User=0.01s Sys=0.00s Real=0.05s
[2026-07-11T07:56:40.391+0000][7][safepoint   ] Safepoint "G1CollectForAllocation", Time since last: 311596655 ns, Reaching safepoint: 5494 ns, Cleanup: 16929 ns, At safepoint: 58422349 ns, Total: 58444772 ns
[2026-07-11T07:56:41.406+0000][7][safepoint   ] Safepoint "Cleanup", Time since last: 1007010626 ns, Reaching safepoint: 7499136 ns, Cleanup: 42379 ns, At safepoint: 51750 ns, Total: 7593265 ns
[2026-07-11T07:56:42.424+0000][7][safepoint   ] Safepoint "Cleanup", Time since last: 1014823500 ns, Reaching safepoint: 3089305 ns, Cleanup: 30529 ns, At safepoint: 15811 ns, Total: 3135645 ns
[2026-07-11T07:56:43.481+0000][7][safepoint   ] Safepoint "Cleanup", Time since last: 1055032576 ns, Reaching safepoint: 1954532 ns, Cleanup: 34011 ns, At safepoint: 13154 ns, Total: 2001697 ns
[2026-07-11T07:56:44.492+0000][7][safepoint   ] Safepoint "Cleanup", Time since last: 1008151667 ns, Reaching safepoint: 3409146 ns, Cleanup: 31939 ns, At safepoint: 51488 ns, Total: 3492573 ns
[2026-07-11T07:56:45.510+0000][7][safepoint   ] Safepoint "Cleanup", Time since last: 1011666207 ns, Reaching safepoint: 5004523 ns, Cleanup: 27509 ns, At safepoint: 116258 ns, Total: 5148290 ns
[2026-07-11T07:56:46.516+0000][7][safepoint   ] Safepoint "Cleanup", Time since last: 1006169297 ns, Reaching safepoint: 7291 ns, Cleanup: 22657 ns, At safepoint: 8403 ns, Total: 38351 ns
[2026-07-11T07:56:47.521+0000][7][safepoint   ] Safepoint "Cleanup", Time since last: 1004355064 ns, Reaching safepoint: 735487 ns, Cleanup: 21876 ns, At safepoint: 43268 ns, Total: 800631 ns
[2026-07-11T07:56:47.554+0000][7][gc,start    ] GC(4) Pause Young (Normal) (G1 Evacuation Pause)
[2026-07-11T07:56:47.556+0000][7][gc,task     ] GC(4) Using 4 workers of 4 for evacuation
[2026-07-11T07:56:47.556+0000][7][gc,age      ] GC(4) Desired survivor size 20971520 bytes, new threshold 15 (max threshold 15)
[2026-07-11T07:56:47.774+0000][7][gc,mmu      ] GC(4) MMU target violated: 201.0ms (200.0ms/201.0ms)
[2026-07-11T07:56:47.778+0000][7][gc,phases   ] GC(4)   Pre Evacuate Collection Set: 1.72ms
[2026-07-11T07:56:47.785+0000][7][gc,phases   ] GC(4)   Merge Heap Roots: 0.06ms
[2026-07-11T07:56:47.789+0000][7][gc,phases   ] GC(4)   Evacuate Collection Set: 205.02ms
[2026-07-11T07:56:47.791+0000][7][gc,phases   ] GC(4)   Post Evacuate Collection Set: 10.71ms
[2026-07-11T07:56:47.791+0000][7][gc,phases   ] GC(4)   Other: 4.51ms
[2026-07-11T07:56:47.792+0000][7][gc,age      ] GC(4) Age table with threshold 15 (max threshold 15)
[2026-07-11T07:56:47.798+0000][7][gc,age      ] GC(4) - age   1:    5320560 bytes,    5320560 total
[2026-07-11T07:56:47.807+0000][7][gc,age      ] GC(4) - age   2:    1111120 bytes,    6431680 total
[2026-07-11T07:56:47.807+0000][7][gc,age      ] GC(4) - age   3:     888472 bytes,    7320152 total
[2026-07-11T07:56:47.807+0000][7][gc,age      ] GC(4) - age   4:    1919672 bytes,    9239824 total
[2026-07-11T07:56:47.807+0000][7][gc,heap     ] GC(4) Eden regions: 74->0(54)
[2026-07-11T07:56:47.808+0000][7][gc,heap     ] GC(4) Survivor regions: 2->3(10)
[2026-07-11T07:56:47.808+0000][7][gc,heap     ] GC(4) Old regions: 3->3
[2026-07-11T07:56:47.808+0000][7][gc,heap     ] GC(4) Humongous regions: 0->0
[2026-07-11T07:56:47.808+0000][7][gc,metaspace] GC(4) Metaspace: 18920K(19328K)->18920K(19328K) NonClass: 16619K(16832K)->16619K(16832K) Class: 2301K(2496K)->2301K(2496K)
[2026-07-11T07:56:47.811+0000][7][gc          ] GC(4) Pause Young (Normal) (G1 Evacuation Pause) 305M->15M(512M) 257.425ms
[2026-07-11T07:56:47.811+0000][7][gc,cpu      ] GC(4) User=0.03s Sys=0.00s Real=0.26s
[2026-07-11T07:56:47.825+0000][7][safepoint   ] Safepoint "G1CollectForAllocation", Time since last: 32672232 ns, Reaching safepoint: 6569 ns, Cleanup: 5336 ns, At safepoint: 271267906 ns, Total: 271279811 ns
[2026-07-11T07:56:48.841+0000][7][safepoint   ] Safepoint "Cleanup", Time since last: 1006287370 ns, Reaching safepoint: 9960992 ns, Cleanup: 21778 ns, At safepoint: 15255 ns, Total: 9998025 ns
[2026-07-11T07:56:49.874+0000][7][safepoint   ] Safepoint "Cleanup", Time since last: 1030352570 ns, Reaching safepoint: 2476628 ns, Cleanup: 23519 ns, At safepoint: 16056 ns, Total: 2516203 ns
[2026-07-11T07:56:50.877+0000][7][safepoint   ] Safepoint "Cleanup", Time since last: 1001973098 ns, Reaching safepoint: 1238146 ns, Cleanup: 22108 ns, At safepoint: 14391 ns, Total: 1274645 ns
[2026-07-11T07:56:51.358+0000][7][gc,start    ] GC(5) Pause Young (Normal) (G1 Evacuation Pause)
[2026-07-11T07:56:51.360+0000][7][gc,task     ] GC(5) Using 4 workers of 4 for evacuation
[2026-07-11T07:56:51.360+0000][7][gc,age      ] GC(5) Desired survivor size 16777216 bytes, new threshold 15 (max threshold 15)
[2026-07-11T07:56:51.453+0000][7][gc,phases   ] GC(5)   Pre Evacuate Collection Set: 0.09ms
[2026-07-11T07:56:51.456+0000][7][gc,phases   ] GC(5)   Merge Heap Roots: 0.03ms
[2026-07-11T07:56:51.456+0000][7][gc,phases   ] GC(5)   Evacuate Collection Set: 82.36ms
[2026-07-11T07:56:51.459+0000][7][gc,phases   ] GC(5)   Post Evacuate Collection Set: 9.15ms
[2026-07-11T07:56:51.460+0000][7][gc,phases   ] GC(5)   Other: 1.63ms
[2026-07-11T07:56:51.460+0000][7][gc,age      ] GC(5) Age table with threshold 15 (max threshold 15)
[2026-07-11T07:56:51.460+0000][7][gc,age      ] GC(5) - age   1:    3336496 bytes,    3336496 total
[2026-07-11T07:56:51.460+0000][7][gc,age      ] GC(5) - age   2:    3826008 bytes,    7162504 total
[2026-07-11T07:56:51.460+0000][7][gc,age      ] GC(5) - age   3:    1110464 bytes,    8272968 total
[2026-07-11T07:56:51.460+0000][7][gc,age      ] GC(5) - age   4:     888200 bytes,    9161168 total
[2026-07-11T07:56:51.461+0000][7][gc,age      ] GC(5) - age   5:    1919608 bytes,   11080776 total
[2026-07-11T07:56:51.461+0000][7][gc,heap     ] GC(5) Eden regions: 54->0(42)
[2026-07-11T07:56:51.462+0000][7][gc,heap     ] GC(5) Survivor regions: 3->3(8)
[2026-07-11T07:56:51.462+0000][7][gc,heap     ] GC(5) Old regions: 3->3
[2026-07-11T07:56:51.462+0000][7][gc,heap     ] GC(5) Humongous regions: 0->0
[2026-07-11T07:56:51.463+0000][7][gc,metaspace] GC(5) Metaspace: 19843K(20288K)->19843K(20288K) NonClass: 17441K(17728K)->17441K(17728K) Class: 2402K(2560K)->2402K(2560K)
[2026-07-11T07:56:51.463+0000][7][gc          ] GC(5) Pause Young (Normal) (G1 Evacuation Pause) 231M->17M(512M) 105.580ms
[2026-07-11T07:56:51.470+0000][7][gc,cpu      ] GC(5) User=0.02s Sys=0.01s Real=0.11s
[2026-07-11T07:56:51.485+0000][7][safepoint   ] Safepoint "G1CollectForAllocation", Time since last: 480126455 ns, Reaching safepoint: 4820 ns, Cleanup: 33714 ns, At safepoint: 127348756 ns, Total: 127387290 ns
[2026-07-11T07:56:52.492+0000][7][safepoint   ] Safepoint "Cleanup", Time since last: 1002155474 ns, Reaching safepoint: 4505715 ns, Cleanup: 24372 ns, At safepoint: 15119 ns, Total: 4545206 ns
[2026-07-11T07:56:53.342+0000][7][gc,start    ] GC(6) Pause Young (Normal) (G1 Evacuation Pause)
[2026-07-11T07:56:53.342+0000][7][gc,task     ] GC(6) Using 4 workers of 4 for evacuation
[2026-07-11T07:56:53.342+0000][7][gc,age      ] GC(6) Desired survivor size 12582912 bytes, new threshold 15 (max threshold 15)
[2026-07-11T07:56:53.418+0000][7][gc,phases   ] GC(6)   Pre Evacuate Collection Set: 0.08ms
[2026-07-11T07:56:53.418+0000][7][gc,phases   ] GC(6)   Merge Heap Roots: 0.03ms
[2026-07-11T07:56:53.419+0000][7][gc,phases   ] GC(6)   Evacuate Collection Set: 68.22ms
[2026-07-11T07:56:53.423+0000][7][gc,phases   ] GC(6)   Post Evacuate Collection Set: 7.19ms
[2026-07-11T07:56:53.424+0000][7][gc,phases   ] GC(6)   Other: 0.40ms
[2026-07-11T07:56:53.424+0000][7][gc,age      ] GC(6) Age table with threshold 15 (max threshold 15)
[2026-07-11T07:56:53.424+0000][7][gc,age      ] GC(6) - age   1:    1261600 bytes,    1261600 total
[2026-07-11T07:56:53.424+0000][7][gc,age      ] GC(6) - age   2:    3328200 bytes,    4589800 total
[2026-07-11T07:56:53.424+0000][7][gc,age      ] GC(6) - age   3:    3825336 bytes,    8415136 total
[2026-07-11T07:56:53.425+0000][7][gc,age      ] GC(6) - age   4:    1110464 bytes,    9525600 total
[2026-07-11T07:56:53.425+0000][7][gc,age      ] GC(6) - age   5:     888200 bytes,   10413800 total
[2026-07-11T07:56:53.425+0000][7][gc,age      ] GC(6) - age   6:    1919608 bytes,   12333408 total
[2026-07-11T07:56:53.425+0000][7][gc,heap     ] GC(6) Eden regions: 42->0(72)
[2026-07-11T07:56:53.426+0000][7][gc,heap     ] GC(6) Survivor regions: 3->4(6)
[2026-07-11T07:56:53.426+0000][7][gc,heap     ] GC(6) Old regions: 3->3
[2026-07-11T07:56:53.426+0000][7][gc,heap     ] GC(6) Humongous regions: 0->0
[2026-07-11T07:56:53.431+0000][7][gc,metaspace] GC(6) Metaspace: 20086K(20544K)->20086K(20544K) NonClass: 17646K(17920K)->17646K(17920K) Class: 2440K(2624K)->2440K(2624K)
[2026-07-11T07:56:53.433+0000][7][gc          ] GC(6) Pause Young (Normal) (G1 Evacuation Pause) 185M->18M(512M) 91.132ms
[2026-07-11T07:56:53.433+0000][7][gc,cpu      ] GC(6) User=0.03s Sys=0.00s Real=0.09s
[2026-07-11T07:56:53.441+0000][7][safepoint   ] Safepoint "G1CollectForAllocation", Time since last: 849954895 ns, Reaching safepoint: 4072 ns, Cleanup: 15597 ns, At safepoint: 99163026 ns, Total: 99182695 ns
[2026-07-11T07:56:54.455+0000][7][safepoint   ] Safepoint "Cleanup", Time since last: 1011485441 ns, Reaching safepoint: 2871430 ns, Cleanup: 35332 ns, At safepoint: 16297 ns, Total: 2923059 ns
[2026-07-11T07:56:55.460+0000][7][safepoint   ] Safepoint "Cleanup", Time since last: 1004042380 ns, Reaching safepoint: 946033 ns, Cleanup: 19883 ns, At safepoint: 16097 ns, Total: 982013 ns
[2026-07-11T07:56:55.576+0000][7][gc,start    ] GC(7) Pause Young (Normal) (G1 Evacuation Pause)
[2026-07-11T07:56:55.578+0000][7][gc,task     ] GC(7) Using 4 workers of 4 for evacuation
[2026-07-11T07:56:55.578+0000][7][gc,age      ] GC(7) Desired survivor size 20971520 bytes, new threshold 15 (max threshold 15)
[2026-07-11T07:56:55.607+0000][7][gc,phases   ] GC(7)   Pre Evacuate Collection Set: 0.09ms
[2026-07-11T07:56:55.607+0000][7][gc,phases   ] GC(7)   Merge Heap Roots: 0.04ms
[2026-07-11T07:56:55.607+0000][7][gc,phases   ] GC(7)   Evacuate Collection Set: 27.98ms
[2026-07-11T07:56:55.608+0000][7][gc,phases   ] GC(7)   Post Evacuate Collection Set: 0.94ms
[2026-07-11T07:56:55.608+0000][7][gc,phases   ] GC(7)   Other: 0.31ms
[2026-07-11T07:56:55.608+0000][7][gc,age      ] GC(7) Age table with threshold 15 (max threshold 15)
[2026-07-11T07:56:55.608+0000][7][gc,age      ] GC(7) - age   1:    1453200 bytes,    1453200 total
[2026-07-11T07:56:55.608+0000][7][gc,age      ] GC(7) - age   2:     242824 bytes,    1696024 total
[2026-07-11T07:56:55.610+0000][7][gc,age      ] GC(7) - age   3:    3328168 bytes,    5024192 total
[2026-07-11T07:56:55.610+0000][7][gc,age      ] GC(7) - age   4:    3824456 bytes,    8848648 total
[2026-07-11T07:56:55.610+0000][7][gc,age      ] GC(7) - age   5:    1110464 bytes,    9959112 total
[2026-07-11T07:56:55.610+0000][7][gc,age      ] GC(7) - age   6:     888200 bytes,   10847312 total
[2026-07-11T07:56:55.610+0000][7][gc,age      ] GC(7) - age   7:    1919608 bytes,   12766920 total
[2026-07-11T07:56:55.611+0000][7][gc,heap     ] GC(7) Eden regions: 72->0(72)
[2026-07-11T07:56:55.611+0000][7][gc,heap     ] GC(7) Survivor regions: 4->4(10)
[2026-07-11T07:56:55.611+0000][7][gc,heap     ] GC(7) Old regions: 3->3
[2026-07-11T07:56:55.611+0000][7][gc,heap     ] GC(7) Humongous regions: 0->0
[2026-07-11T07:56:55.611+0000][7][gc,metaspace] GC(7) Metaspace: 20377K(20864K)->20377K(20864K) NonClass: 17883K(18176K)->17883K(18176K) Class: 2494K(2688K)->2494K(2688K)
[2026-07-11T07:56:55.612+0000][7][gc          ] GC(7) Pause Young (Normal) (G1 Evacuation Pause) 306M->19M(512M) 36.084ms
[2026-07-11T07:56:55.613+0000][7][gc,cpu      ] GC(7) User=0.02s Sys=0.01s Real=0.03s
[2026-07-11T07:56:55.617+0000][7][safepoint   ] Safepoint "G1CollectForAllocation", Time since last: 116110301 ns, Reaching safepoint: 4376 ns, Cleanup: 10978 ns, At safepoint: 41098887 ns, Total: 41114241 ns
[2026-07-11T07:56:55.817+0000][7][gc,start    ] GC(8) Pause Young (Concurrent Start) (Metadata GC Threshold)
[2026-07-11T07:56:55.817+0000][7][gc,task     ] GC(8) Using 4 workers of 4 for evacuation
[2026-07-11T07:56:55.817+0000][7][gc,age      ] GC(8) Desired survivor size 20971520 bytes, new threshold 15 (max threshold 15)
[2026-07-11T07:56:55.897+0000][7][gc,phases   ] GC(8)   Pre Evacuate Collection Set: 0.06ms
[2026-07-11T07:56:55.897+0000][7][gc,phases   ] GC(8)   Merge Heap Roots: 0.03ms
[2026-07-11T07:56:55.898+0000][7][gc,phases   ] GC(8)   Evacuate Collection Set: 66.95ms
[2026-07-11T07:56:55.898+0000][7][gc,phases   ] GC(8)   Post Evacuate Collection Set: 12.69ms
[2026-07-11T07:56:55.898+0000][7][gc,phases   ] GC(8)   Other: 0.21ms
[2026-07-11T07:56:55.899+0000][7][gc,age      ] GC(8) Age table with threshold 15 (max threshold 15)
[2026-07-11T07:56:55.899+0000][7][gc,age      ] GC(8) - age   1:    1256648 bytes,    1256648 total
[2026-07-11T07:56:55.899+0000][7][gc,age      ] GC(8) - age   2:     469784 bytes,    1726432 total
[2026-07-11T07:56:55.900+0000][7][gc,age      ] GC(8) - age   3:     242728 bytes,    1969160 total
[2026-07-11T07:56:55.900+0000][7][gc,age      ] GC(8) - age   4:    3327096 bytes,    5296256 total
[2026-07-11T07:56:55.900+0000][7][gc,age      ] GC(8) - age   5:    3820544 bytes,    9116800 total
[2026-07-11T07:56:55.900+0000][7][gc,age      ] GC(8) - age   6:    1110432 bytes,   10227232 total
[2026-07-11T07:56:55.900+0000][7][gc,age      ] GC(8) - age   7:     888200 bytes,   11115432 total
[2026-07-11T07:56:55.901+0000][7][gc,age      ] GC(8) - age   8:    1919608 bytes,   13035040 total
[2026-07-11T07:56:55.901+0000][7][gc,heap     ] GC(8) Eden regions: 6->0(72)
[2026-07-11T07:56:55.905+0000][7][gc,heap     ] GC(8) Survivor regions: 4->4(10)
[2026-07-11T07:56:55.905+0000][7][gc,heap     ] GC(8) Old regions: 3->3
[2026-07-11T07:56:55.905+0000][7][gc,heap     ] GC(8) Humongous regions: 0->0
[2026-07-11T07:56:55.906+0000][7][gc,metaspace] GC(8) Metaspace: 21011K(21504K)->21011K(21504K) NonClass: 18441K(18752K)->18441K(18752K) Class: 2569K(2752K)->2569K(2752K)
[2026-07-11T07:56:55.906+0000][7][gc          ] GC(8) Pause Young (Concurrent Start) (Metadata GC Threshold) 41M->19M(512M) 89.072ms
[2026-07-11T07:56:55.907+0000][7][gc,cpu      ] GC(8) User=0.03s Sys=0.01s Real=0.09s
[2026-07-11T07:56:55.907+0000][7][gc          ] GC(9) Concurrent Mark Cycle
[2026-07-11T07:56:55.908+0000][7][gc,marking  ] GC(9) Concurrent Scan Root Regions
[2026-07-11T07:56:55.912+0000][7][safepoint   ] Safepoint "CollectForMetadataAllocation", Time since last: 186272547 ns, Reaching safepoint: 9699336 ns, Cleanup: 3741816 ns, At safepoint: 94542310 ns, Total: 107983462 ns
[2026-07-11T07:56:55.923+0000][7][gc,marking  ] GC(9) Concurrent Scan Root Regions 14.626ms
[2026-07-11T07:56:55.923+0000][7][gc,marking  ] GC(9) Concurrent Mark
[2026-07-11T07:56:55.923+0000][7][gc,marking  ] GC(9) Concurrent Mark From Roots
[2026-07-11T07:56:55.923+0000][7][gc,task     ] GC(9) Using 1 workers of 1 for marking
[2026-07-11T07:56:55.936+0000][7][gc,marking  ] GC(9) Concurrent Mark From Roots 12.806ms
[2026-07-11T07:56:55.936+0000][7][gc,marking  ] GC(9) Concurrent Preclean
[2026-07-11T07:56:55.936+0000][7][gc,marking  ] GC(9) Concurrent Preclean 0.173ms
[2026-07-11T07:56:55.941+0000][7][gc,start    ] GC(9) Pause Remark
[2026-07-11T07:56:55.977+0000][7][gc          ] GC(9) Pause Remark 21M->21M(512M) 35.943ms
[2026-07-11T07:56:55.977+0000][7][gc,cpu      ] GC(9) User=0.05s Sys=0.00s Real=0.04s
[2026-07-11T07:56:55.987+0000][7][safepoint   ] Safepoint "G1PauseRemark", Time since last: 26487598 ns, Reaching safepoint: 3022894 ns, Cleanup: 6240 ns, At safepoint: 45969136 ns, Total: 48998270 ns
[2026-07-11T07:56:55.988+0000][7][gc,marking  ] GC(9) Concurrent Mark 65.371ms
[2026-07-11T07:56:55.988+0000][7][gc,marking  ] GC(9) Concurrent Rebuild Remembered Sets and Scrub Regions
[2026-07-11T07:56:56.002+0000][7][gc,marking  ] GC(9) Concurrent Rebuild Remembered Sets and Scrub Regions 13.601ms
[2026-07-11T07:56:56.006+0000][7][gc,start    ] GC(9) Pause Cleanup
[2026-07-11T07:56:56.006+0000][7][gc          ] GC(9) Pause Cleanup 21M->21M(512M) 0.230ms
[2026-07-11T07:56:56.007+0000][7][gc,cpu      ] GC(9) User=0.01s Sys=0.00s Real=0.00s
[2026-07-11T07:56:56.011+0000][7][safepoint   ] Safepoint "G1PauseCleanup", Time since last: 17484840 ns, Reaching safepoint: 1364368 ns, Cleanup: 13019 ns, At safepoint: 4489861 ns, Total: 5867248 ns
[2026-07-11T07:56:56.013+0000][7][gc,marking  ] GC(9) Concurrent Clear Claimed Marks
[2026-07-11T07:56:56.013+0000][7][gc,marking  ] GC(9) Concurrent Clear Claimed Marks 0.233ms
[2026-07-11T07:56:56.014+0000][7][gc,marking  ] GC(9) Concurrent Cleanup for Next Mark
[2026-07-11T07:56:56.014+0000][7][gc,marking  ] GC(9) Concurrent Cleanup for Next Mark 0.654ms
[2026-07-11T07:56:56.015+0000][7][gc          ] GC(9) Concurrent Mark Cycle 107.309ms
[2026-07-11T07:56:57.024+0000][7][safepoint   ] Safepoint "Cleanup", Time since last: 1013610361 ns, Reaching safepoint: 6580 ns, Cleanup: 48413 ns, At safepoint: 7746 ns, Total: 62739 ns
[2026-07-11T07:56:57.212+0000][7][gc,start    ] GC(10) Pause Young (Prepare Mixed) (G1 Evacuation Pause)
[2026-07-11T07:56:57.213+0000][7][gc,task     ] GC(10) Using 4 workers of 4 for evacuation
[2026-07-11T07:56:57.213+0000][7][gc,age      ] GC(10) Desired survivor size 20971520 bytes, new threshold 15 (max threshold 15)
[2026-07-11T07:56:57.250+0000][7][gc,phases   ] GC(10)   Pre Evacuate Collection Set: 0.09ms
[2026-07-11T07:56:57.250+0000][7][gc,phases   ] GC(10)   Merge Heap Roots: 0.11ms
[2026-07-11T07:56:57.250+0000][7][gc,phases   ] GC(10)   Evacuate Collection Set: 34.60ms
[2026-07-11T07:56:57.250+0000][7][gc,phases   ] GC(10)   Post Evacuate Collection Set: 1.90ms
[2026-07-11T07:56:57.250+0000][7][gc,phases   ] GC(10)   Other: 0.37ms
[2026-07-11T07:56:57.250+0000][7][gc,age      ] GC(10) Age table with threshold 15 (max threshold 15)
[2026-07-11T07:56:57.250+0000][7][gc,age      ] GC(10) - age   1:    1825280 bytes,    1825280 total
[2026-07-11T07:56:57.251+0000][7][gc,age      ] GC(10) - age   2:    1242888 bytes,    3068168 total
[2026-07-11T07:56:57.252+0000][7][gc,age      ] GC(10) - age   3:     469536 bytes,    3537704 total
[2026-07-11T07:56:57.252+0000][7][gc,age      ] GC(10) - age   4:     241640 bytes,    3779344 total
[2026-07-11T07:56:57.253+0000][7][gc,age      ] GC(10) - age   5:    3326968 bytes,    7106312 total
[2026-07-11T07:56:57.253+0000][7][gc,age      ] GC(10) - age   6:    3818928 bytes,   10925240 total
[2026-07-11T07:56:57.253+0000][7][gc,age      ] GC(10) - age   7:    1109408 bytes,   12034648 total
[2026-07-11T07:56:57.253+0000][7][gc,age      ] GC(10) - age   8:     879592 bytes,   12914240 total
[2026-07-11T07:56:57.253+0000][7][gc,age      ] GC(10) - age   9:    1918424 bytes,   14832664 total
[2026-07-11T07:56:57.253+0000][7][gc,heap     ] GC(10) Eden regions: 72->0(72)
[2026-07-11T07:56:57.253+0000][7][gc,heap     ] GC(10) Survivor regions: 4->4(10)
[2026-07-11T07:56:57.253+0000][7][gc,heap     ] GC(10) Old regions: 3->3
[2026-07-11T07:56:57.254+0000][7][gc,heap     ] GC(10) Humongous regions: 0->0
[2026-07-11T07:56:57.254+0000][7][gc,metaspace] GC(10) Metaspace: 21528K(22080K)->21528K(22080K) NonClass: 18879K(19200K)->18879K(19200K) Class: 2648K(2880K)->2648K(2880K)
[2026-07-11T07:56:57.254+0000][7][gc          ] GC(10) Pause Young (Prepare Mixed) (G1 Evacuation Pause) 307M->20M(512M) 41.418ms
[2026-07-11T07:56:57.254+0000][7][gc,cpu      ] GC(10) User=0.05s Sys=0.01s Real=0.04s
[2026-07-11T07:56:57.257+0000][7][safepoint   ] Safepoint "G1CollectForAllocation", Time since last: 188170539 ns, Reaching safepoint: 4513 ns, Cleanup: 3861 ns, At safepoint: 44145618 ns, Total: 44153992 ns
[2026-07-11T07:56:59.116+0000][7][safepoint   ] Safepoint "Cleanup", Time since last: 1858715037 ns, Reaching safepoint: 1002926 ns, Cleanup: 106116 ns, At safepoint: 43748 ns, Total: 1152790 ns
[2026-07-11T07:57:00.712+0000][7][safepoint   ] Safepoint "Cleanup", Time since last: 1591766662 ns, Reaching safepoint: 4069505 ns, Cleanup: 59011 ns, At safepoint: 50429 ns, Total: 4178945 ns
[2026-07-11T07:57:01.184+0000][7][gc,start    ] GC(11) Pause Young (Mixed) (G1 Evacuation Pause)
[2026-07-11T07:57:01.184+0000][7][gc,task     ] GC(11) Using 4 workers of 4 for evacuation
[2026-07-11T07:57:01.185+0000][7][gc,age      ] GC(11) Desired survivor size 20971520 bytes, new threshold 15 (max threshold 15)
[2026-07-11T07:57:01.244+0000][7][gc,phases   ] GC(11)   Pre Evacuate Collection Set: 0.09ms
[2026-07-11T07:57:01.244+0000][7][gc,phases   ] GC(11)   Merge Heap Roots: 0.06ms
[2026-07-11T07:57:01.244+0000][7][gc,phases   ] GC(11)   Evacuate Collection Set: 55.28ms
[2026-07-11T07:57:01.244+0000][7][gc,phases   ] GC(11)   Post Evacuate Collection Set: 3.27ms
[2026-07-11T07:57:01.244+0000][7][gc,phases   ] GC(11)   Other: 0.37ms
[2026-07-11T07:57:01.244+0000][7][gc,age      ] GC(11) Age table with threshold 15 (max threshold 15)
[2026-07-11T07:57:01.244+0000][7][gc,age      ] GC(11) - age   1:    9229296 bytes,    9229296 total
[2026-07-11T07:57:01.245+0000][7][gc,age      ] GC(11) - age   2:     908808 bytes,   10138104 total
[2026-07-11T07:57:01.245+0000][7][gc,age      ] GC(11) - age   3:    1232840 bytes,   11370944 total
[2026-07-11T07:57:01.245+0000][7][gc,age      ] GC(11) - age   4:     456784 bytes,   11827728 total
[2026-07-11T07:57:01.245+0000][7][gc,age      ] GC(11) - age   5:     233448 bytes,   12061176 total
[2026-07-11T07:57:01.245+0000][7][gc,age      ] GC(11) - age   6:    3315752 bytes,   15376928 total
[2026-07-11T07:57:01.245+0000][7][gc,age      ] GC(11) - age   7:    3773472 bytes,   19150400 total
[2026-07-11T07:57:01.245+0000][7][gc,age      ] GC(11) - age   8:    1061232 bytes,   20211632 total
[2026-07-11T07:57:01.245+0000][7][gc,age      ] GC(11) - age   9:     853688 bytes,   21065320 total
[2026-07-11T07:57:01.245+0000][7][gc,age      ] GC(11) - age  10:    1910832 bytes,   22976152 total
[2026-07-11T07:57:01.246+0000][7][gc,heap     ] GC(11) Eden regions: 72->0(70)
[2026-07-11T07:57:01.246+0000][7][gc,heap     ] GC(11) Survivor regions: 4->6(10)
[2026-07-11T07:57:01.246+0000][7][gc,heap     ] GC(11) Old regions: 3->2
[2026-07-11T07:57:01.246+0000][7][gc,heap     ] GC(11) Humongous regions: 0->0
[2026-07-11T07:57:01.246+0000][7][gc,metaspace] GC(11) Metaspace: 29929K(30912K)->29929K(30912K) NonClass: 26080K(26688K)->26080K(26688K) Class: 3849K(4224K)->3849K(4224K)
[2026-07-11T07:57:01.280+0000][7][gc          ] GC(11) Pause Young (Mixed) (G1 Evacuation Pause) 308M->29M(512M) 95.628ms
[2026-07-11T07:57:01.280+0000][7][gc,cpu      ] GC(11) User=0.05s Sys=0.00s Real=0.10s
[2026-07-11T07:57:01.300+0000][7][safepoint   ] Safepoint "G1CollectForAllocation", Time since last: 471872707 ns, Reaching safepoint: 5584 ns, Cleanup: 26256 ns, At safepoint: 115877010 ns, Total: 115908850 ns
[2026-07-11T07:57:02.323+0000][7][safepoint   ] Safepoint "Cleanup", Time since last: 1018981909 ns, Reaching safepoint: 3021301 ns, Cleanup: 1101002 ns, At safepoint: 53677 ns, Total: 4175980 ns
[2026-07-11T07:57:03.325+0000][7][safepoint   ] Safepoint "Cleanup", Time since last: 1000877425 ns, Reaching safepoint: 1007344 ns, Cleanup: 19747 ns, At safepoint: 76258 ns, Total: 1103349 ns
[2026-07-11T07:57:04.327+0000][7][safepoint   ] Safepoint "Cleanup", Time since last: 1000904976 ns, Reaching safepoint: 1002629 ns, Cleanup: 23414 ns, At safepoint: 49266 ns, Total: 1075309 ns
[2026-07-11T07:57:05.602+0000][7][gc,start    ] GC(12) Pause Young (Concurrent Start) (Metadata GC Threshold)
[2026-07-11T07:57:05.602+0000][7][gc,task     ] GC(12) Using 4 workers of 4 for evacuation
[2026-07-11T07:57:05.602+0000][7][gc,age      ] GC(12) Desired survivor size 20971520 bytes, new threshold 9 (max threshold 15)
[2026-07-11T07:57:05.716+0000][7][gc,phases   ] GC(12)   Pre Evacuate Collection Set: 0.08ms
[2026-07-11T07:57:05.717+0000][7][gc,phases   ] GC(12)   Merge Heap Roots: 0.04ms
[2026-07-11T07:57:05.717+0000][7][gc,phases   ] GC(12)   Evacuate Collection Set: 107.78ms
[2026-07-11T07:57:05.717+0000][7][gc,phases   ] GC(12)   Post Evacuate Collection Set: 6.24ms
[2026-07-11T07:57:05.717+0000][7][gc,phases   ] GC(12)   Other: 0.34ms
[2026-07-11T07:57:05.717+0000][7][gc,age      ] GC(12) Age table with threshold 9 (max threshold 15)
[2026-07-11T07:57:05.717+0000][7][gc,age      ] GC(12) - age   1:   18684384 bytes,   18684384 total
[2026-07-11T07:57:05.718+0000][7][gc,age      ] GC(12) - age   2:    8793048 bytes,   27477432 total
[2026-07-11T07:57:05.718+0000][7][gc,age      ] GC(12) - age   3:     897200 bytes,   28374632 total
[2026-07-11T07:57:05.718+0000][7][gc,age      ] GC(12) - age   4:    1232840 bytes,   29607472 total
[2026-07-11T07:57:05.718+0000][7][gc,age      ] GC(12) - age   5:     456720 bytes,   30064192 total
[2026-07-11T07:57:05.718+0000][7][gc,age      ] GC(12) - age   6:     233448 bytes,   30297640 total
[2026-07-11T07:57:05.719+0000][7][gc,age      ] GC(12) - age   7:    3309504 bytes,   33607144 total
[2026-07-11T07:57:05.719+0000][7][gc,age      ] GC(12) - age   8:    3769560 bytes,   37376704 total
[2026-07-11T07:57:05.719+0000][7][gc,age      ] GC(12) - age   9:    1060880 bytes,   38437584 total
[2026-07-11T07:57:05.719+0000][7][gc,heap     ] GC(12) Eden regions: 50->0(46)
[2026-07-11T07:57:05.719+0000][7][gc,heap     ] GC(12) Survivor regions: 6->10(10)
[2026-07-11T07:57:05.720+0000][7][gc,heap     ] GC(12) Old regions: 2->3
[2026-07-11T07:57:05.721+0000][7][gc,heap     ] GC(12) Humongous regions: 0->0
[2026-07-11T07:57:05.721+0000][7][gc,metaspace] GC(12) Metaspace: 35117K(36096K)->35117K(36096K) NonClass: 30469K(31040K)->30469K(31040K) Class: 4647K(5056K)->4647K(5056K)
[2026-07-11T07:57:05.721+0000][7][gc          ] GC(12) Pause Young (Concurrent Start) (Metadata GC Threshold) 227M->48M(512M) 119.180ms
[2026-07-11T07:57:05.721+0000][7][gc,cpu      ] GC(12) User=0.11s Sys=0.00s Real=0.12s
[2026-07-11T07:57:05.721+0000][7][gc          ] GC(13) Concurrent Mark Cycle
[2026-07-11T07:57:05.722+0000][7][gc,marking  ] GC(13) Concurrent Scan Root Regions
[2026-07-11T07:57:05.725+0000][7][safepoint   ] Safepoint "CollectForMetadataAllocation", Time since last: 1274384686 ns, Reaching safepoint: 4382 ns, Cleanup: 53626 ns, At safepoint: 123423514 ns, Total: 123481522 ns
[2026-07-11T07:57:05.823+0000][7][gc,marking  ] GC(13) Concurrent Scan Root Regions 101.142ms
[2026-07-11T07:57:05.824+0000][7][gc,marking  ] GC(13) Concurrent Mark
[2026-07-11T07:57:05.824+0000][7][gc,marking  ] GC(13) Concurrent Mark From Roots
[2026-07-11T07:57:05.824+0000][7][gc,task     ] GC(13) Using 1 workers of 1 for marking
[2026-07-11T07:57:05.841+0000][7][gc,marking  ] GC(13) Concurrent Mark From Roots 17.342ms
[2026-07-11T07:57:05.841+0000][7][gc,marking  ] GC(13) Concurrent Preclean
[2026-07-11T07:57:05.842+0000][7][gc,marking  ] GC(13) Concurrent Preclean 0.178ms
[2026-07-11T07:57:05.843+0000][7][gc,start    ] GC(13) Pause Remark
[2026-07-11T07:57:05.865+0000][7][gc          ] GC(13) Pause Remark 50M->50M(512M) 21.998ms
[2026-07-11T07:57:05.865+0000][7][gc,cpu      ] GC(13) User=0.02s Sys=0.00s Real=0.02s
[2026-07-11T07:57:05.866+0000][7][safepoint   ] Safepoint "G1PauseRemark", Time since last: 116717463 ns, Reaching safepoint: 1334815 ns, Cleanup: 21493 ns, At safepoint: 22504897 ns, Total: 23861205 ns
[2026-07-11T07:57:05.866+0000][7][gc,marking  ] GC(13) Concurrent Mark 42.674ms
[2026-07-11T07:57:05.866+0000][7][gc,marking  ] GC(13) Concurrent Rebuild Remembered Sets and Scrub Regions
[2026-07-11T07:57:05.878+0000][7][gc,marking  ] GC(13) Concurrent Rebuild Remembered Sets and Scrub Regions 11.226ms
[2026-07-11T07:57:05.879+0000][7][gc,start    ] GC(13) Pause Cleanup
[2026-07-11T07:57:05.880+0000][7][gc          ] GC(13) Pause Cleanup 50M->50M(512M) 1.232ms
[2026-07-11T07:57:05.881+0000][7][gc,cpu      ] GC(13) User=0.00s Sys=0.00s Real=0.00s
[2026-07-11T07:57:05.881+0000][7][safepoint   ] Safepoint "G1PauseCleanup", Time since last: 12587641 ns, Reaching safepoint: 900322 ns, Cleanup: 12248 ns, At safepoint: 1540213 ns, Total: 2452783 ns
[2026-07-11T07:57:05.886+0000][7][gc,marking  ] GC(13) Concurrent Clear Claimed Marks
[2026-07-11T07:57:05.886+0000][7][gc,marking  ] GC(13) Concurrent Clear Claimed Marks 0.827ms
[2026-07-11T07:57:05.887+0000][7][gc,marking  ] GC(13) Concurrent Cleanup for Next Mark
[2026-07-11T07:57:05.887+0000][7][gc,marking  ] GC(13) Concurrent Cleanup for Next Mark 0.746ms
[2026-07-11T07:57:05.888+0000][7][gc          ] GC(13) Concurrent Mark Cycle 166.397ms
[2026-07-11T07:57:06.890+0000][7][safepoint   ] Safepoint "Cleanup", Time since last: 1006347525 ns, Reaching safepoint: 3039968 ns, Cleanup: 66975 ns, At safepoint: 16506 ns, Total: 3123449 ns
[2026-07-11T07:57:08.658+0000][7][safepoint   ] Safepoint "Cleanup", Time since last: 1753900864 ns, Reaching safepoint: 13151557 ns, Cleanup: 136085 ns, At safepoint: 323661 ns, Total: 13611303 ns
[2026-07-11T07:57:09.671+0000][7][safepoint   ] Safepoint "Cleanup", Time since last: 1012903755 ns, Reaching safepoint: 3927 ns, Cleanup: 24530 ns, At safepoint: 3960 ns, Total: 32417 ns
[2026-07-11T07:57:10.680+0000][7][safepoint   ] Safepoint "Cleanup", Time since last: 1006351552 ns, Reaching safepoint: 3083446 ns, Cleanup: 48857 ns, At safepoint: 18605 ns, Total: 3150908 ns
[2026-07-11T07:57:11.692+0000][7][safepoint   ] Safepoint "Cleanup", Time since last: 1010524009 ns, Reaching safepoint: 1490254 ns, Cleanup: 45537 ns, At safepoint: 60570 ns, Total: 1596361 ns
[2026-07-11T07:57:11.806+0000][7][gc,start    ] GC(14) Pause Young (Normal) (G1 Evacuation Pause)
[2026-07-11T07:57:11.806+0000][7][gc,task     ] GC(14) Using 4 workers of 4 for evacuation
[2026-07-11T07:57:11.807+0000][7][gc,age      ] GC(14) Desired survivor size 14680064 bytes, new threshold 1 (max threshold 15)
[2026-07-11T07:57:12.009+0000][7][gc,mmu      ] GC(14) MMU target violated: 201.0ms (200.0ms/201.0ms)
[2026-07-11T07:57:12.010+0000][7][gc,phases   ] GC(14)   Pre Evacuate Collection Set: 0.14ms
[2026-07-11T07:57:12.010+0000][7][gc,phases   ] GC(14)   Merge Heap Roots: 0.11ms
[2026-07-11T07:57:12.011+0000][7][gc,phases   ] GC(14)   Evacuate Collection Set: 192.51ms
[2026-07-11T07:57:12.012+0000][7][gc,phases   ] GC(14)   Post Evacuate Collection Set: 8.83ms
[2026-07-11T07:57:12.012+0000][7][gc,phases   ] GC(14)   Other: 1.52ms
[2026-07-11T07:57:12.012+0000][7][gc,age      ] GC(14) Age table with threshold 1 (max threshold 15)
[2026-07-11T07:57:12.012+0000][7][gc,age      ] GC(14) - age   1:    5866488 bytes,    5866488 total
[2026-07-11T07:57:12.013+0000][7][gc,heap     ] GC(14) Eden regions: 40->0(74)
[2026-07-11T07:57:12.013+0000][7][gc,heap     ] GC(14) Survivor regions: 10->2(7)
[2026-07-11T07:57:12.013+0000][7][gc,heap     ] GC(14) Old regions: 3->12
[2026-07-11T07:57:12.015+0000][7][gc,heap     ] GC(14) Humongous regions: 0->0
[2026-07-11T07:57:12.015+0000][7][gc,metaspace] GC(14) Metaspace: 51566K(52800K)->51566K(52800K) NonClass: 44559K(45312K)->44559K(45312K) Class: 7006K(7488K)->7006K(7488K)
[2026-07-11T07:57:12.015+0000][7][gc          ] GC(14) Pause Young (Normal) (G1 Evacuation Pause) 208M->54M(512M) 209.093ms
[2026-07-11T07:57:12.016+0000][7][gc,cpu      ] GC(14) User=0.17s Sys=0.00s Real=0.20s
[2026-07-11T07:57:12.024+0000][7][safepoint   ] Safepoint "G1CollectForAllocation", Time since last: 113960158 ns, Reaching safepoint: 15148 ns, Cleanup: 5345 ns, At safepoint: 217879442 ns, Total: 217899935 ns
[2026-07-11T07:57:13.026+0000][7][safepoint   ] Safepoint "Cleanup", Time since last: 1000866093 ns, Reaching safepoint: 1074819 ns, Cleanup: 34873 ns, At safepoint: 108901 ns, Total: 1218593 ns
[2026-07-11T07:57:14.032+0000][7][safepoint   ] Safepoint "Cleanup", Time since last: 1004905823 ns, Reaching safepoint: 1024143 ns, Cleanup: 184832 ns, At safepoint: 49056 ns, Total: 1258031 ns
[2026-07-11T07:57:15.981+0000][7][safepoint   ] Safepoint "Cleanup", Time since last: 1945934031 ns, Reaching safepoint: 1785305 ns, Cleanup: 32972 ns, At safepoint: 48411 ns, Total: 1866688 ns
[2026-07-11T07:57:16.987+0000][7][safepoint   ] Safepoint "Cleanup", Time since last: 1004901534 ns, Reaching safepoint: 1042954 ns, Cleanup: 80849 ns, At safepoint: 14859 ns, Total: 1138662 ns
[2026-07-11T07:57:18.101+0000][7][safepoint   ] Safepoint "Cleanup", Time since last: 1112824621 ns, Reaching safepoint: 1065179 ns, Cleanup: 28375 ns, At safepoint: 48511 ns, Total: 1142065 ns
[2026-07-11T07:57:19.112+0000][7][safepoint   ] Safepoint "Cleanup", Time since last: 1005962707 ns, Reaching safepoint: 4925584 ns, Cleanup: 55753 ns, At safepoint: 25651 ns, Total: 5006988 ns
[2026-07-11T07:57:19.931+0000][7][gc,start    ] GC(15) Pause Young (Normal) (G1 Evacuation Pause)
[2026-07-11T07:57:19.932+0000][7][gc,task     ] GC(15) Using 4 workers of 4 for evacuation
[2026-07-11T07:57:19.932+0000][7][gc,age      ] GC(15) Desired survivor size 20971520 bytes, new threshold 15 (max threshold 15)
[2026-07-11T07:57:19.948+0000][7][gc,phases   ] GC(15)   Pre Evacuate Collection Set: 0.27ms
[2026-07-11T07:57:19.948+0000][7][gc,phases   ] GC(15)   Merge Heap Roots: 0.09ms
[2026-07-11T07:57:19.948+0000][7][gc,phases   ] GC(15)   Evacuate Collection Set: 12.48ms
[2026-07-11T07:57:19.948+0000][7][gc,phases   ] GC(15)   Post Evacuate Collection Set: 2.24ms
[2026-07-11T07:57:19.949+0000][7][gc,phases   ] GC(15)   Other: 0.66ms
[2026-07-11T07:57:19.949+0000][7][gc,age      ] GC(15) Age table with threshold 15 (max threshold 15)
[2026-07-11T07:57:19.949+0000][7][gc,age      ] GC(15) - age   1:    5424832 bytes,    5424832 total
[2026-07-11T07:57:19.949+0000][7][gc,age      ] GC(15) - age   2:    5606696 bytes,   11031528 total
[2026-07-11T07:57:19.949+0000][7][gc,heap     ] GC(15) Eden regions: 74->0(73)
[2026-07-11T07:57:19.950+0000][7][gc,heap     ] GC(15) Survivor regions: 2->3(10)
[2026-07-11T07:57:19.950+0000][7][gc,heap     ] GC(15) Old regions: 12->12
[2026-07-11T07:57:19.950+0000][7][gc,heap     ] GC(15) Humongous regions: 0->0
[2026-07-11T07:57:19.950+0000][7][gc,metaspace] GC(15) Metaspace: 59169K(60416K)->59169K(60416K) NonClass: 51108K(51840K)->51108K(51840K) Class: 8061K(8576K)->8061K(8576K)
[2026-07-11T07:57:19.951+0000][7][gc          ] GC(15) Pause Young (Normal) (G1 Evacuation Pause) 350M->58M(512M) 19.165ms
[2026-07-11T07:57:19.951+0000][7][gc,cpu      ] GC(15) User=0.05s Sys=0.00s Real=0.02s
[2026-07-11T07:57:19.953+0000][7][safepoint   ] Safepoint "G1CollectForAllocation", Time since last: 819163073 ns, Reaching safepoint: 5791 ns, Cleanup: 94891 ns, At safepoint: 21835566 ns, Total: 21936248 ns
[2026-07-11T07:57:19.973+0000][7][gc,start    ] GC(16) Pause Young (Concurrent Start) (Metadata GC Threshold)
[2026-07-11T07:57:19.973+0000][7][gc,task     ] GC(16) Using 4 workers of 4 for evacuation
[2026-07-11T07:57:19.974+0000][7][gc,age      ] GC(16) Desired survivor size 20971520 bytes, new threshold 15 (max threshold 15)
[2026-07-11T07:57:19.983+0000][7][gc,phases   ] GC(16)   Pre Evacuate Collection Set: 0.10ms
[2026-07-11T07:57:19.984+0000][7][gc,phases   ] GC(16)   Merge Heap Roots: 0.04ms
[2026-07-11T07:57:19.984+0000][7][gc,phases   ] GC(16)   Evacuate Collection Set: 8.66ms
[2026-07-11T07:57:19.984+0000][7][gc,phases   ] GC(16)   Post Evacuate Collection Set: 0.81ms
[2026-07-11T07:57:19.984+0000][7][gc,phases   ] GC(16)   Other: 0.45ms
[2026-07-11T07:57:19.984+0000][7][gc,age      ] GC(16) Age table with threshold 15 (max threshold 15)
[2026-07-11T07:57:19.984+0000][7][gc,age      ] GC(16) - age   1:     205184 bytes,     205184 total
[2026-07-11T07:57:19.984+0000][7][gc,age      ] GC(16) - age   2:    5329136 bytes,    5534320 total
[2026-07-11T07:57:19.985+0000][7][gc,age      ] GC(16) - age   3:    5606664 bytes,   11140984 total
[2026-07-11T07:57:19.985+0000][7][gc,heap     ] GC(16) Eden regions: 1->0(73)
[2026-07-11T07:57:19.985+0000][7][gc,heap     ] GC(16) Survivor regions: 3->3(10)
[2026-07-11T07:57:19.985+0000][7][gc,heap     ] GC(16) Old regions: 12->12
[2026-07-11T07:57:19.985+0000][7][gc,heap     ] GC(16) Humongous regions: 0->0
[2026-07-11T07:57:19.985+0000][7][gc,metaspace] GC(16) Metaspace: 59330K(60608K)->59330K(60608K) NonClass: 51250K(51968K)->51250K(51968K) Class: 8080K(8640K)->8080K(8640K)
[2026-07-11T07:57:19.985+0000][7][gc          ] GC(16) Pause Young (Concurrent Start) (Metadata GC Threshold) 60M->58M(512M) 12.474ms
[2026-07-11T07:57:19.986+0000][7][gc,cpu      ] GC(16) User=0.04s Sys=0.00s Real=0.01s
[2026-07-11T07:57:19.986+0000][7][gc          ] GC(17) Concurrent Mark Cycle
[2026-07-11T07:57:19.986+0000][7][gc,marking  ] GC(17) Concurrent Scan Root Regions
[2026-07-11T07:57:19.989+0000][7][safepoint   ] Safepoint "CollectForMetadataAllocation", Time since last: 19715292 ns, Reaching safepoint: 18561 ns, Cleanup: 11625 ns, At safepoint: 16108101 ns, Total: 16138287 ns
[2026-07-11T07:57:19.999+0000][7][gc,marking  ] GC(17) Concurrent Scan Root Regions 12.562ms
[2026-07-11T07:57:19.999+0000][7][gc,marking  ] GC(17) Concurrent Mark
[2026-07-11T07:57:19.999+0000][7][gc,marking  ] GC(17) Concurrent Mark From Roots
[2026-07-11T07:57:19.999+0000][7][gc,task     ] GC(17) Using 1 workers of 1 for marking
[2026-07-11T07:57:20.045+0000][7][safepoint   ] Safepoint "CollectForMetadataAllocation", Time since last: 55644314 ns, Reaching safepoint: 52762 ns, Cleanup: 15160 ns, At safepoint: 98912 ns, Total: 166834 ns
[2026-07-11T07:57:20.066+0000][7][safepoint   ] Safepoint "CollectForMetadataAllocation", Time since last: 20421249 ns, Reaching safepoint: 87600 ns, Cleanup: 8523 ns, At safepoint: 122696 ns, Total: 218819 ns
[2026-07-11T07:57:20.100+0000][7][safepoint   ] Safepoint "CollectForMetadataAllocation", Time since last: 34279963 ns, Reaching safepoint: 42033 ns, Cleanup: 9869 ns, At safepoint: 160524 ns, Total: 212426 ns
[2026-07-11T07:57:20.100+0000][7][gc,marking  ] GC(17) Concurrent Mark From Roots 101.287ms
[2026-07-11T07:57:20.100+0000][7][gc,marking  ] GC(17) Concurrent Preclean
[2026-07-11T07:57:20.101+0000][7][gc,marking  ] GC(17) Concurrent Preclean 0.286ms
[2026-07-11T07:57:20.102+0000][7][gc,start    ] GC(17) Pause Remark
[2026-07-11T07:57:20.109+0000][7][gc          ] GC(17) Pause Remark 64M->64M(512M) 7.320ms
[2026-07-11T07:57:20.110+0000][7][gc,cpu      ] GC(17) User=0.02s Sys=0.00s Real=0.01s
[2026-07-11T07:57:20.110+0000][7][safepoint   ] Safepoint "G1PauseRemark", Time since last: 918459 ns, Reaching safepoint: 1110494 ns, Cleanup: 4037 ns, At safepoint: 7957678 ns, Total: 9072209 ns
[2026-07-11T07:57:20.110+0000][7][gc,marking  ] GC(17) Concurrent Mark 111.394ms
[2026-07-11T07:57:20.110+0000][7][gc,marking  ] GC(17) Concurrent Rebuild Remembered Sets and Scrub Regions
[2026-07-11T07:57:20.147+0000][7][gc,marking  ] GC(17) Concurrent Rebuild Remembered Sets and Scrub Regions 36.524ms
[2026-07-11T07:57:20.149+0000][7][gc,start    ] GC(17) Pause Cleanup
[2026-07-11T07:57:20.150+0000][7][gc          ] GC(17) Pause Cleanup 66M->66M(512M) 0.439ms
[2026-07-11T07:57:20.150+0000][7][gc,cpu      ] GC(17) User=0.00s Sys=0.00s Real=0.00s
[2026-07-11T07:57:20.151+0000][7][safepoint   ] Safepoint "G1PauseCleanup", Time since last: 38130183 ns, Reaching safepoint: 996333 ns, Cleanup: 23283 ns, At safepoint: 1948279 ns, Total: 2967895 ns
[2026-07-11T07:57:20.151+0000][7][gc,marking  ] GC(17) Concurrent Clear Claimed Marks
[2026-07-11T07:57:20.152+0000][7][gc,marking  ] GC(17) Concurrent Clear Claimed Marks 0.196ms
[2026-07-11T07:57:20.152+0000][7][gc,marking  ] GC(17) Concurrent Cleanup for Next Mark
[2026-07-11T07:57:20.152+0000][7][gc,marking  ] GC(17) Concurrent Cleanup for Next Mark 0.611ms
[2026-07-11T07:57:20.153+0000][7][gc          ] GC(17) Concurrent Mark Cycle 166.834ms
[2026-07-11T07:57:21.335+0000][7][safepoint   ] Safepoint "Cleanup", Time since last: 1184014732 ns, Reaching safepoint: 2247 ns, Cleanup: 77209 ns, At safepoint: 57377 ns, Total: 136833 ns
[2026-07-11T07:57:21.946+0000][7][safepoint   ] Safepoint "ICBufferFull", Time since last: 610742644 ns, Reaching safepoint: 4466 ns, Cleanup: 74894 ns, At safepoint: 4584 ns, Total: 83944 ns
[2026-07-11T07:57:22.637+0000][7][safepoint   ] Safepoint "ICBufferFull", Time since last: 690857758 ns, Reaching safepoint: 4849 ns, Cleanup: 150011 ns, At safepoint: 7297 ns, Total: 162157 ns
[2026-07-11T07:57:23.098+0000][7][safepoint   ] Safepoint "ICBufferFull", Time since last: 461091701 ns, Reaching safepoint: 5899 ns, Cleanup: 92728 ns, At safepoint: 6425 ns, Total: 105052 ns
[2026-07-11T07:57:23.101+0000][7][safepoint   ] Safepoint "ICBufferFull", Time since last: 2298903 ns, Reaching safepoint: 6295 ns, Cleanup: 5525 ns, At safepoint: 5909 ns, Total: 17729 ns
[2026-07-11T07:57:23.506+0000][7][safepoint   ] Safepoint "ICBufferFull", Time since last: 404931547 ns, Reaching safepoint: 9316 ns, Cleanup: 87990 ns, At safepoint: 6474 ns, Total: 103780 ns
[2026-07-11T07:57:23.530+0000][7][gc,start    ] GC(18) Pause Young (Normal) (G1 Evacuation Pause)
[2026-07-11T07:57:23.530+0000][7][gc,task     ] GC(18) Using 4 workers of 4 for evacuation
[2026-07-11T07:57:23.530+0000][7][gc,age      ] GC(18) Desired survivor size 20971520 bytes, new threshold 15 (max threshold 15)
[2026-07-11T07:57:23.560+0000][7][gc,phases   ] GC(18)   Pre Evacuate Collection Set: 0.15ms
[2026-07-11T07:57:23.560+0000][7][gc,phases   ] GC(18)   Merge Heap Roots: 0.13ms
[2026-07-11T07:57:23.560+0000][7][gc,phases   ] GC(18)   Evacuate Collection Set: 25.71ms
[2026-07-11T07:57:23.560+0000][7][gc,phases   ] GC(18)   Post Evacuate Collection Set: 3.37ms
[2026-07-11T07:57:23.561+0000][7][gc,phases   ] GC(18)   Other: 0.46ms
[2026-07-11T07:57:23.561+0000][7][gc,age      ] GC(18) Age table with threshold 15 (max threshold 15)
[2026-07-11T07:57:23.561+0000][7][gc,age      ] GC(18) - age   1:   16894200 bytes,   16894200 total
[2026-07-11T07:57:23.561+0000][7][gc,age      ] GC(18) - age   2:     188768 bytes,   17082968 total
[2026-07-11T07:57:23.561+0000][7][gc,age      ] GC(18) - age   3:    5266976 bytes,   22349944 total
[2026-07-11T07:57:23.562+0000][7][gc,age      ] GC(18) - age   4:    5339480 bytes,   27689424 total
[2026-07-11T07:57:23.562+0000][7][gc,heap     ] GC(18) Eden regions: 73->0(69)
[2026-07-11T07:57:23.562+0000][7][gc,heap     ] GC(18) Survivor regions: 3->7(10)
[2026-07-11T07:57:23.562+0000][7][gc,heap     ] GC(18) Old regions: 12->12
[2026-07-11T07:57:23.562+0000][7][gc,heap     ] GC(18) Humongous regions: 2->2
[2026-07-11T07:57:23.562+0000][7][gc,metaspace] GC(18) Metaspace: 97105K(99776K)->97105K(99776K) NonClass: 83136K(84608K)->83136K(84608K) Class: 13969K(15168K)->13969K(15168K)
[2026-07-11T07:57:23.562+0000][7][gc          ] GC(18) Pause Young (Normal) (G1 Evacuation Pause) 358M->81M(512M) 32.702ms
[2026-07-11T07:57:23.562+0000][7][gc,cpu      ] GC(18) User=0.10s Sys=0.01s Real=0.03s
[2026-07-11T07:57:23.565+0000][7][safepoint   ] Safepoint "G1CollectForAllocation", Time since last: 23890917 ns, Reaching safepoint: 6860 ns, Cleanup: 17528 ns, At safepoint: 35393988 ns, Total: 35418376 ns
[2026-07-11T07:57:23.937+0000][7][safepoint   ] Safepoint "ICBufferFull", Time since last: 372089656 ns, Reaching safepoint: 6686 ns, Cleanup: 111065 ns, At safepoint: 7427 ns, Total: 125178 ns
[2026-07-11T07:57:24.243+0000][7][safepoint   ] Safepoint "ICBufferFull", Time since last: 305716642 ns, Reaching safepoint: 6816 ns, Cleanup: 80928 ns, At safepoint: 6572 ns, Total: 94316 ns
[2026-07-11T07:57:24.671+0000][7][safepoint   ] Safepoint "ICBufferFull", Time since last: 428352545 ns, Reaching safepoint: 7806 ns, Cleanup: 103175 ns, At safepoint: 6167 ns, Total: 117148 ns
[2026-07-11T07:57:25.223+0000][7][gc,start    ] GC(19) Pause Young (Concurrent Start) (Metadata GC Threshold)
[2026-07-11T07:57:25.223+0000][7][gc,task     ] GC(19) Using 4 workers of 4 for evacuation
[2026-07-11T07:57:25.223+0000][7][gc,age      ] GC(19) Desired survivor size 20971520 bytes, new threshold 3 (max threshold 15)
[2026-07-11T07:57:25.242+0000][7][gc,phases   ] GC(19)   Pre Evacuate Collection Set: 0.20ms
[2026-07-11T07:57:25.242+0000][7][gc,phases   ] GC(19)   Merge Heap Roots: 0.10ms
[2026-07-11T07:57:25.242+0000][7][gc,phases   ] GC(19)   Evacuate Collection Set: 16.87ms
[2026-07-11T07:57:25.243+0000][7][gc,phases   ] GC(19)   Post Evacuate Collection Set: 1.46ms
[2026-07-11T07:57:25.243+0000][7][gc,phases   ] GC(19)   Other: 0.30ms
[2026-07-11T07:57:25.243+0000][7][gc,age      ] GC(19) Age table with threshold 3 (max threshold 15)
[2026-07-11T07:57:25.243+0000][7][gc,age      ] GC(19) - age   1:     884768 bytes,     884768 total
[2026-07-11T07:57:25.243+0000][7][gc,age      ] GC(19) - age   2:   16164792 bytes,   17049560 total
[2026-07-11T07:57:25.243+0000][7][gc,age      ] GC(19) - age   3:     188616 bytes,   17238176 total
[2026-07-11T07:57:25.243+0000][7][gc,heap     ] GC(19) Eden regions: 49->0(71)
[2026-07-11T07:57:25.243+0000][7][gc,heap     ] GC(19) Survivor regions: 7->5(10)
[2026-07-11T07:57:25.243+0000][7][gc,heap     ] GC(19) Old regions: 12->15
[2026-07-11T07:57:25.244+0000][7][gc,heap     ] GC(19) Humongous regions: 2->2
[2026-07-11T07:57:25.244+0000][7][gc,metaspace] GC(19) Metaspace: 99969K(102720K)->99969K(102720K) NonClass: 85697K(87232K)->85697K(87232K) Class: 14272K(15488K)->14272K(15488K)
[2026-07-11T07:57:25.244+0000][7][gc          ] GC(19) Pause Young (Concurrent Start) (Metadata GC Threshold) 275M->83M(512M) 20.745ms
[2026-07-11T07:57:25.244+0000][7][gc,cpu      ] GC(19) User=0.06s Sys=0.00s Real=0.02s
[2026-07-11T07:57:25.244+0000][7][gc          ] GC(20) Concurrent Mark Cycle
[2026-07-11T07:57:25.244+0000][7][gc,marking  ] GC(20) Concurrent Scan Root Regions
[2026-07-11T07:57:25.244+0000][7][safepoint   ] Safepoint "CollectForMetadataAllocation", Time since last: 550409927 ns, Reaching safepoint: 10292 ns, Cleanup: 1107559 ns, At safepoint: 21270982 ns, Total: 22388833 ns
[2026-07-11T07:57:25.269+0000][7][gc,marking  ] GC(20) Concurrent Scan Root Regions 24.763ms
[2026-07-11T07:57:25.269+0000][7][gc,marking  ] GC(20) Concurrent Mark
[2026-07-11T07:57:25.269+0000][7][gc,marking  ] GC(20) Concurrent Mark From Roots
[2026-07-11T07:57:25.269+0000][7][gc,task     ] GC(20) Using 1 workers of 1 for marking
[2026-07-11T07:57:25.331+0000][7][gc,marking  ] GC(20) Concurrent Mark From Roots 61.325ms
[2026-07-11T07:57:25.331+0000][7][gc,marking  ] GC(20) Concurrent Preclean
[2026-07-11T07:57:25.331+0000][7][gc,marking  ] GC(20) Concurrent Preclean 0.259ms
[2026-07-11T07:57:25.331+0000][7][gc,start    ] GC(20) Pause Remark
[2026-07-11T07:57:25.338+0000][7][gc          ] GC(20) Pause Remark 84M->84M(512M) 6.961ms
[2026-07-11T07:57:25.338+0000][7][gc,cpu      ] GC(20) User=0.01s Sys=0.00s Real=0.01s
[2026-07-11T07:57:25.339+0000][7][safepoint   ] Safepoint "G1PauseRemark", Time since last: 86963410 ns, Reaching safepoint: 7286 ns, Cleanup: 28526 ns, At safepoint: 7359491 ns, Total: 7395303 ns
[2026-07-11T07:57:25.339+0000][7][gc,marking  ] GC(20) Concurrent Mark 69.964ms
[2026-07-11T07:57:25.339+0000][7][gc,marking  ] GC(20) Concurrent Rebuild Remembered Sets and Scrub Regions
[2026-07-11T07:57:25.376+0000][7][gc,marking  ] GC(20) Concurrent Rebuild Remembered Sets and Scrub Regions 36.880ms
[2026-07-11T07:57:25.377+0000][7][gc,start    ] GC(20) Pause Cleanup
[2026-07-11T07:57:25.377+0000][7][gc          ] GC(20) Pause Cleanup 84M->84M(512M) 0.248ms
[2026-07-11T07:57:25.377+0000][7][gc,cpu      ] GC(20) User=0.00s Sys=0.00s Real=0.00s
[2026-07-11T07:57:25.377+0000][7][safepoint   ] Safepoint "G1PauseCleanup", Time since last: 37836459 ns, Reaching safepoint: 7661 ns, Cleanup: 8255 ns, At safepoint: 428624 ns, Total: 444540 ns
[2026-07-11T07:57:25.377+0000][7][gc,marking  ] GC(20) Concurrent Clear Claimed Marks
[2026-07-11T07:57:25.377+0000][7][gc,marking  ] GC(20) Concurrent Clear Claimed Marks 0.338ms
[2026-07-11T07:57:25.378+0000][7][gc,marking  ] GC(20) Concurrent Cleanup for Next Mark
[2026-07-11T07:57:25.378+0000][7][gc,marking  ] GC(20) Concurrent Cleanup for Next Mark 0.569ms
[2026-07-11T07:57:25.378+0000][7][gc          ] GC(20) Concurrent Mark Cycle 134.329ms
[2026-07-11T07:57:25.605+0000][7][safepoint   ] Safepoint "ICBufferFull", Time since last: 228092807 ns, Reaching safepoint: 6256 ns, Cleanup: 106375 ns, At safepoint: 127898 ns, Total: 240529 ns
[2026-07-11T07:57:25.830+0000][7][safepoint   ] Safepoint "ICBufferFull", Time since last: 224813571 ns, Reaching safepoint: 6794 ns, Cleanup: 80327 ns, At safepoint: 5713 ns, Total: 92834 ns
[2026-07-11T07:57:27.401+0000][7][safepoint   ] Safepoint "ICBufferFull", Time since last: 1570873244 ns, Reaching safepoint: 9040 ns, Cleanup: 88360 ns, At safepoint: 5670 ns, Total: 103070 ns
[2026-07-11T07:57:28.402+0000][7][safepoint   ] Safepoint "Cleanup", Time since last: 1001039977 ns, Reaching safepoint: 9226 ns, Cleanup: 58715 ns, At safepoint: 6779 ns, Total: 74720 ns
[2026-07-11T07:57:28.895+0000][7][safepoint   ] Safepoint "ICBufferFull", Time since last: 492994092 ns, Reaching safepoint: 8561 ns, Cleanup: 83320 ns, At safepoint: 40800 ns, Total: 132681 ns
[2026-07-11T07:57:29.898+0000][7][safepoint   ] Safepoint "Cleanup", Time since last: 1001843880 ns, Reaching safepoint: 955228 ns, Cleanup: 38921 ns, At safepoint: 78439 ns, Total: 1072588 ns
[2026-07-11T07:57:31.719+0000][7][safepoint   ] Safepoint "ICBufferFull", Time since last: 1804489677 ns, Reaching safepoint: 15348329 ns, Cleanup: 105952 ns, At safepoint: 1208363 ns, Total: 16662644 ns
[2026-07-11T07:57:32.399+0000][7][gc,start    ] GC(21) Pause Young (Prepare Mixed) (G1 Evacuation Pause)
[2026-07-11T07:57:32.399+0000][7][gc,task     ] GC(21) Using 4 workers of 4 for evacuation
[2026-07-11T07:57:32.400+0000][7][gc,age      ] GC(21) Desired survivor size 20971520 bytes, new threshold 15 (max threshold 15)
[2026-07-11T07:57:32.510+0000][7][gc,phases   ] GC(21)   Pre Evacuate Collection Set: 0.11ms
[2026-07-11T07:57:32.510+0000][7][gc,phases   ] GC(21)   Merge Heap Roots: 0.82ms
[2026-07-11T07:57:32.510+0000][7][gc,phases   ] GC(21)   Evacuate Collection Set: 103.02ms
[2026-07-11T07:57:32.510+0000][7][gc,phases   ] GC(21)   Post Evacuate Collection Set: 5.38ms
[2026-07-11T07:57:32.510+0000][7][gc,phases   ] GC(21)   Other: 1.03ms
[2026-07-11T07:57:32.510+0000][7][gc,age      ] GC(21) Age table with threshold 15 (max threshold 15)
[2026-07-11T07:57:32.510+0000][7][gc,age      ] GC(21) - age   1:   11774240 bytes,   11774240 total
[2026-07-11T07:57:32.511+0000][7][gc,age      ] GC(21) - age   2:     744328 bytes,   12518568 total
[2026-07-11T07:57:32.511+0000][7][gc,age      ] GC(21) - age   3:   16010568 bytes,   28529136 total
[2026-07-11T07:57:32.511+0000][7][gc,age      ] GC(21) - age   4:     188456 bytes,   28717592 total
[2026-07-11T07:57:32.511+0000][7][gc,heap     ] GC(21) Eden regions: 71->0(68)
[2026-07-11T07:57:32.511+0000][7][gc,heap     ] GC(21) Survivor regions: 5->8(10)
[2026-07-11T07:57:32.511+0000][7][gc,heap     ] GC(21) Old regions: 15->15
[2026-07-11T07:57:32.511+0000][7][gc,heap     ] GC(21) Humongous regions: 2->2
[2026-07-11T07:57:32.511+0000][7][gc,metaspace] GC(21) Metaspace: 107077K(109824K)->107077K(109824K) NonClass: 91755K(93248K)->91755K(93248K) Class: 15321K(16576K)->15321K(16576K)
[2026-07-11T07:57:32.511+0000][7][gc          ] GC(21) Pause Young (Prepare Mixed) (G1 Evacuation Pause) 367M->94M(512M) 112.397ms
[2026-07-11T07:57:32.512+0000][7][gc,cpu      ] GC(21) User=0.05s Sys=0.01s Real=0.11s
[2026-07-11T07:57:32.514+0000][7][safepoint   ] Safepoint "G1CollectForAllocation", Time since last: 679549598 ns, Reaching safepoint: 12504 ns, Cleanup: 17464 ns, At safepoint: 115112080 ns, Total: 115142048 ns
[2026-07-11T07:57:33.523+0000][7][safepoint   ] Safepoint "Cleanup", Time since last: 1003023992 ns, Reaching safepoint: 1026586 ns, Cleanup: 30918 ns, At safepoint: 4851999 ns, Total: 5909503 ns
[2026-07-11T07:57:34.529+0000][7][safepoint   ] Safepoint "Cleanup", Time since last: 1004940069 ns, Reaching safepoint: 1254550 ns, Cleanup: 25224 ns, At safepoint: 56684 ns, Total: 1336458 ns
[2026-07-11T07:57:35.534+0000][7][safepoint   ] Safepoint "Cleanup", Time since last: 1004246429 ns, Reaching safepoint: 9428 ns, Cleanup: 10056 ns, At safepoint: 6196 ns, Total: 25680 ns
[2026-07-11T07:57:36.536+0000][7][safepoint   ] Safepoint "Cleanup", Time since last: 1002401589 ns, Reaching safepoint: 12719 ns, Cleanup: 21044 ns, At safepoint: 8381 ns, Total: 42144 ns
[2026-07-11T07:57:37.537+0000][7][safepoint   ] Safepoint "Cleanup", Time since last: 1001172188 ns, Reaching safepoint: 16760 ns, Cleanup: 47220 ns, At safepoint: 14938 ns, Total: 78918 ns
[2026-07-11T07:57:38.538+0000][7][safepoint   ] Safepoint "Cleanup", Time since last: 1000963628 ns, Reaching safepoint: 11203 ns, Cleanup: 12581 ns, At safepoint: 7235 ns, Total: 31019 ns
[2026-07-11T07:57:39.494+0000][7][gc,start    ] GC(22) Pause Young (Mixed) (G1 Evacuation Pause)
[2026-07-11T07:57:39.496+0000][7][gc,task     ] GC(22) Using 4 workers of 4 for evacuation
[2026-07-11T07:57:39.496+0000][7][gc,age      ] GC(22) Desired survivor size 20971520 bytes, new threshold 3 (max threshold 15)
[2026-07-11T07:57:39.583+0000][7][gc,phases   ] GC(22)   Pre Evacuate Collection Set: 0.12ms
[2026-07-11T07:57:39.583+0000][7][gc,phases   ] GC(22)   Merge Heap Roots: 3.38ms
[2026-07-11T07:57:39.583+0000][7][gc,phases   ] GC(22)   Evacuate Collection Set: 81.12ms
[2026-07-11T07:57:39.583+0000][7][gc,phases   ] GC(22)   Post Evacuate Collection Set: 1.46ms
[2026-07-11T07:57:39.583+0000][7][gc,phases   ] GC(22)   Other: 0.36ms
[2026-07-11T07:57:39.583+0000][7][gc,age      ] GC(22) Age table with threshold 3 (max threshold 15)
[2026-07-11T07:57:39.584+0000][7][gc,age      ] GC(22) - age   1:    2614864 bytes,    2614864 total
[2026-07-11T07:57:39.584+0000][7][gc,age      ] GC(22) - age   2:    7129472 bytes,    9744336 total
[2026-07-11T07:57:39.584+0000][7][gc,age      ] GC(22) - age   3:     743744 bytes,   10488080 total
[2026-07-11T07:57:39.584+0000][7][gc,heap     ] GC(22) Eden regions: 68->0(73)
[2026-07-11T07:57:39.584+0000][7][gc,heap     ] GC(22) Survivor regions: 8->3(10)
[2026-07-11T07:57:39.584+0000][7][gc,heap     ] GC(22) Old regions: 15->18
[2026-07-11T07:57:39.584+0000][7][gc,heap     ] GC(22) Humongous regions: 2->2
[2026-07-11T07:57:39.585+0000][7][gc,metaspace] GC(22) Metaspace: 107321K(110080K)->107321K(110080K) NonClass: 91996K(93504K)->91996K(93504K) Class: 15324K(16576K)->15324K(16576K)
[2026-07-11T07:57:39.585+0000][7][gc          ] GC(22) Pause Young (Mixed) (G1 Evacuation Pause) 365M->92M(512M) 90.460ms
[2026-07-11T07:57:39.585+0000][7][gc,cpu      ] GC(22) User=0.08s Sys=0.00s Real=0.09s
[2026-07-11T07:57:39.589+0000][7][safepoint   ] Safepoint "G1CollectForAllocation", Time since last: 955854609 ns, Reaching safepoint: 12459 ns, Cleanup: 44002 ns, At safepoint: 94781600 ns, Total: 94838061 ns
[2026-07-11T07:57:40.596+0000][7][safepoint   ] Safepoint "Cleanup", Time since last: 1002222793 ns, Reaching safepoint: 962946 ns, Cleanup: 83937 ns, At safepoint: 3954580 ns, Total: 5001463 ns
[2026-07-11T07:57:41.597+0000][7][safepoint   ] Safepoint "Cleanup", Time since last: 1001048029 ns, Reaching safepoint: 26012 ns, Cleanup: 98139 ns, At safepoint: 21473 ns, Total: 145624 ns
[2026-07-11T07:57:42.606+0000][7][safepoint   ] Safepoint "Cleanup", Time since last: 1004106802 ns, Reaching safepoint: 4778580 ns, Cleanup: 23955 ns, At safepoint: 111769 ns, Total: 4914304 ns
[2026-07-11T07:57:43.607+0000][7][safepoint   ] Safepoint "Cleanup", Time since last: 1000753107 ns, Reaching safepoint: 45013 ns, Cleanup: 16044 ns, At safepoint: 8858 ns, Total: 69915 ns
[2026-07-11T07:57:46.628+0000][7][safepoint   ] Safepoint "Cleanup", Time since last: 3021861269 ns, Reaching safepoint: 29666 ns, Cleanup: 27425 ns, At safepoint: 13174 ns, Total: 70265 ns
[2026-07-11T07:57:48.630+0000][7][safepoint   ] Safepoint "Cleanup", Time since last: 2001996054 ns, Reaching safepoint: 15816 ns, Cleanup: 13406 ns, At safepoint: 9154 ns, Total: 38376 ns
[2026-07-11T07:57:50.632+0000][7][safepoint   ] Safepoint "Cleanup", Time since last: 2001626803 ns, Reaching safepoint: 17775 ns, Cleanup: 224537 ns, At safepoint: 22883 ns, Total: 265195 ns
[2026-07-11T07:57:53.637+0000][7][safepoint   ] Safepoint "Cleanup", Time since last: 3005143650 ns, Reaching safepoint: 19699 ns, Cleanup: 37801 ns, At safepoint: 12687 ns, Total: 70187 ns
[2026-07-11T07:57:55.640+0000][7][safepoint   ] Safepoint "Cleanup", Time since last: 2002330257 ns, Reaching safepoint: 28227 ns, Cleanup: 24805 ns, At safepoint: 14747 ns, Total: 67779 ns
[2026-07-11T07:57:56.642+0000][7][safepoint   ] Safepoint "Cleanup", Time since last: 1002294230 ns, Reaching safepoint: 17013 ns, Cleanup: 16659 ns, At safepoint: 10674 ns, Total: 44346 ns
[2026-07-11T07:58:00.646+0000][7][safepoint   ] Safepoint "Cleanup", Time since last: 4004183294 ns, Reaching safepoint: 19666 ns, Cleanup: 22204 ns, At safepoint: 12046 ns, Total: 53916 ns
[2026-07-11T07:58:01.647+0000][7][safepoint   ] Safepoint "Cleanup", Time since last: 1000726665 ns, Reaching safepoint: 13539 ns, Cleanup: 12395 ns, At safepoint: 8227 ns, Total: 34161 ns
[2026-07-11T07:58:12.655+0000][7][safepoint   ] Safepoint "Cleanup", Time since last: 11008191327 ns, Reaching safepoint: 16684 ns, Cleanup: 22007 ns, At safepoint: 12877 ns, Total: 51568 ns
[2026-07-11T07:58:17.664+0000][7][safepoint   ] Safepoint "Cleanup", Time since last: 5005873388 ns, Reaching safepoint: 41711 ns, Cleanup: 18830 ns, At safepoint: 9973 ns, Total: 70514 ns
[2026-07-11T07:58:20.667+0000][7][safepoint   ] Safepoint "Cleanup", Time since last: 3003024467 ns, Reaching safepoint: 69873 ns, Cleanup: 19900 ns, At safepoint: 12939 ns, Total: 102712 ns
[2026-07-11T07:58:21.669+0000][7][safepoint   ] Safepoint "Cleanup", Time since last: 1001638169 ns, Reaching safepoint: 12731 ns, Cleanup: 13533 ns, At safepoint: 7919 ns, Total: 34183 ns
[2026-07-11T07:58:26.674+0000][7][safepoint   ] Safepoint "Cleanup", Time since last: 5005082058 ns, Reaching safepoint: 12049 ns, Cleanup: 11831 ns, At safepoint: 6413 ns, Total: 30293 ns
[2026-07-11T07:58:30.678+0000][7][safepoint   ] Safepoint "Cleanup", Time since last: 4003938663 ns, Reaching safepoint: 11911 ns, Cleanup: 13446 ns, At safepoint: 7169 ns, Total: 32526 ns
[2026-07-11T07:58:32.797+0000][7][safepoint   ] Safepoint "Cleanup", Time since last: 2118598437 ns, Reaching safepoint: 16371 ns, Cleanup: 15332 ns, At safepoint: 39763 ns, Total: 71466 ns
[2026-07-11T07:58:33.798+0000][7][safepoint   ] Safepoint "Cleanup", Time since last: 1001439430 ns, Reaching safepoint: 12144 ns, Cleanup: 10955 ns, At safepoint: 7393 ns, Total: 30492 ns
[2026-07-11T07:58:36.802+0000][7][safepoint   ] Safepoint "Cleanup", Time since last: 3003876893 ns, Reaching safepoint: 20714 ns, Cleanup: 10142 ns, At safepoint: 7308 ns, Total: 38164 ns
[2026-07-11T07:58:41.807+0000][7][safepoint   ] Safepoint "Cleanup", Time since last: 5005045493 ns, Reaching safepoint: 17004 ns, Cleanup: 12733 ns, At safepoint: 8170 ns, Total: 37907 ns
[2026-07-11T07:58:42.809+0000][7][safepoint   ] Safepoint "Cleanup", Time since last: 1001879341 ns, Reaching safepoint: 11228 ns, Cleanup: 11721 ns, At safepoint: 7923 ns, Total: 30872 ns
[2026-07-11T07:58:50.818+0000][7][safepoint   ] Safepoint "Cleanup", Time since last: 8007934401 ns, Reaching safepoint: 33321 ns, Cleanup: 11983 ns, At safepoint: 7094 ns, Total: 52398 ns
[2026-07-11T07:58:53.822+0000][7][safepoint   ] Safepoint "Cleanup", Time since last: 3004062246 ns, Reaching safepoint: 65586 ns, Cleanup: 62462 ns, At safepoint: 30962 ns, Total: 159010 ns
[2026-07-11T07:58:54.824+0000][7][safepoint   ] Safepoint "Cleanup", Time since last: 1001700816 ns, Reaching safepoint: 11407 ns, Cleanup: 10530 ns, At safepoint: 5869 ns, Total: 27806 ns
[2026-07-11T07:58:55.826+0000][7][safepoint   ] Safepoint "Cleanup", Time since last: 1001984385 ns, Reaching safepoint: 77394 ns, Cleanup: 87232 ns, At safepoint: 112600 ns, Total: 277226 ns
[2026-07-11T07:59:10.843+0000][7][safepoint   ] Safepoint "Cleanup", Time since last: 15016820229 ns, Reaching safepoint: 11288 ns, Cleanup: 12992 ns, At safepoint: 7102 ns, Total: 31382 ns
[2026-07-11T07:59:23.853+0000][7][safepoint   ] Safepoint "Cleanup", Time since last: 13009085598 ns, Reaching safepoint: 12804 ns, Cleanup: 14420 ns, At safepoint: 8793 ns, Total: 36017 ns
[2026-07-11T07:59:28.857+0000][7][safepoint   ] Safepoint "Cleanup", Time since last: 5003766564 ns, Reaching safepoint: 11597 ns, Cleanup: 13465 ns, At safepoint: 7863 ns, Total: 32925 ns
[2026-07-11T07:59:29.858+0000][7][safepoint   ] Safepoint "Cleanup", Time since last: 1001106497 ns, Reaching safepoint: 9773 ns, Cleanup: 8895 ns, At safepoint: 6400 ns, Total: 25068 ns
[2026-07-11T07:59:37.023+0000][7][safepoint   ] Safepoint "Cleanup", Time since last: 7165093871 ns, Reaching safepoint: 14688 ns, Cleanup: 11809 ns, At safepoint: 8954 ns, Total: 35451 ns
[2026-07-11T07:59:38.024+0000][7][safepoint   ] Safepoint "Cleanup", Time since last: 1000718146 ns, Reaching safepoint: 13856 ns, Cleanup: 12846 ns, At safepoint: 8349 ns, Total: 35051 ns
[2026-07-11T07:59:49.033+0000][7][safepoint   ] Safepoint "Cleanup", Time since last: 11008039099 ns, Reaching safepoint: 64412 ns, Cleanup: 37699 ns, At safepoint: 13169 ns, Total: 115280 ns
[2026-07-11T07:59:51.034+0000][7][safepoint   ] Safepoint "Cleanup", Time since last: 2001681556 ns, Reaching safepoint: 11219 ns, Cleanup: 6397 ns, At safepoint: 7507 ns, Total: 25123 ns
[2026-07-11T07:59:54.036+0000][7][safepoint   ] Safepoint "Cleanup", Time since last: 3002025100 ns, Reaching safepoint: 21532 ns, Cleanup: 13689 ns, At safepoint: 8307 ns, Total: 43528 ns
[2026-07-11T08:00:02.044+0000][7][safepoint   ] Safepoint "Cleanup", Time since last: 8007978306 ns, Reaching safepoint: 10572 ns, Cleanup: 34856 ns, At safepoint: 13737 ns, Total: 59165 ns
[2026-07-11T08:00:20.060+0000][7][safepoint   ] Safepoint "Cleanup", Time since last: 18015821337 ns, Reaching safepoint: 63517 ns, Cleanup: 12747 ns, At safepoint: 7522 ns, Total: 83786 ns
[2026-07-11T08:00:26.067+0000][7][safepoint   ] Safepoint "Cleanup", Time since last: 6006310360 ns, Reaching safepoint: 15562 ns, Cleanup: 15091 ns, At safepoint: 11563 ns, Total: 42216 ns
[2026-07-11T08:00:27.069+0000][7][safepoint   ] Safepoint "Cleanup", Time since last: 1001824658 ns, Reaching safepoint: 12395 ns, Cleanup: 11341 ns, At safepoint: 6903 ns, Total: 30639 ns
[2026-07-11T08:00:42.238+0000][7][safepoint   ] Safepoint "Cleanup", Time since last: 15168815807 ns, Reaching safepoint: 37528 ns, Cleanup: 16506 ns, At safepoint: 9642 ns, Total: 63676 ns
[2026-07-11T08:00:53.249+0000][7][safepoint   ] Safepoint "Cleanup", Time since last: 11010035180 ns, Reaching safepoint: 46179 ns, Cleanup: 17342 ns, At safepoint: 8136 ns, Total: 71657 ns
[2026-07-11T08:01:02.257+0000][7][safepoint   ] Safepoint "Cleanup", Time since last: 9007871443 ns, Reaching safepoint: 11886 ns, Cleanup: 12282 ns, At safepoint: 8057 ns, Total: 32225 ns
[2026-07-11T08:01:13.268+0000][7][safepoint   ] Safepoint "Cleanup", Time since last: 11011830164 ns, Reaching safepoint: 12251 ns, Cleanup: 11237 ns, At safepoint: 7475 ns, Total: 30963 ns
[2026-07-11T08:01:14.269+0000][7][safepoint   ] Safepoint "Cleanup", Time since last: 1000977584 ns, Reaching safepoint: 10949 ns, Cleanup: 11774 ns, At safepoint: 6707 ns, Total: 29430 ns
[2026-07-11T08:01:22.279+0000][7][safepoint   ] Safepoint "Cleanup", Time since last: 8007077232 ns, Reaching safepoint: 11130 ns, Cleanup: 11647 ns, At safepoint: 7960 ns, Total: 30737 ns
[2026-07-11T08:01:23.280+0000][7][safepoint   ] Safepoint "Cleanup", Time since last: 1000958886 ns, Reaching safepoint: 10429 ns, Cleanup: 17057 ns, At safepoint: 6723 ns, Total: 34209 ns
[2026-07-11T08:01:32.449+0000][7][safepoint   ] Safepoint "Cleanup", Time since last: 9169022176 ns, Reaching safepoint: 11568 ns, Cleanup: 15345 ns, At safepoint: 6889 ns, Total: 33802 ns
[2026-07-11T08:01:34.451+0000][7][safepoint   ] Safepoint "Cleanup", Time since last: 2002147157 ns, Reaching safepoint: 11816 ns, Cleanup: 12140 ns, At safepoint: 7859 ns, Total: 31815 ns
[2026-07-11T08:01:54.468+0000][7][safepoint   ] Safepoint "Cleanup", Time since last: 20016806060 ns, Reaching safepoint: 31636 ns, Cleanup: 10645 ns, At safepoint: 5834 ns, Total: 48115 ns
[2026-07-11T08:02:02.476+0000][7][safepoint   ] Safepoint "Cleanup", Time since last: 8007842727 ns, Reaching safepoint: 12152 ns, Cleanup: 13324 ns, At safepoint: 9341 ns, Total: 34817 ns
[2026-07-11T08:02:12.486+0000][7][safepoint   ] Safepoint "Cleanup", Time since last: 10010099501 ns, Reaching safepoint: 15469 ns, Cleanup: 17416 ns, At safepoint: 8561 ns, Total: 41446 ns
[2026-07-11T08:02:14.491+0000][7][safepoint   ] Safepoint "Cleanup", Time since last: 2005009474 ns, Reaching safepoint: 20304 ns, Cleanup: 14351 ns, At safepoint: 9316 ns, Total: 43971 ns
[2026-07-11T08:02:23.499+0000][7][safepoint   ] Safepoint "Cleanup", Time since last: 9006767507 ns, Reaching safepoint: 13901 ns, Cleanup: 13466 ns, At safepoint: 6756 ns, Total: 34123 ns
[2026-07-11T08:02:26.502+0000][7][safepoint   ] Safepoint "Cleanup", Time since last: 3003009763 ns, Reaching safepoint: 16097 ns, Cleanup: 17107 ns, At safepoint: 7641 ns, Total: 40845 ns
[2026-07-11T08:02:27.503+0000][7][safepoint   ] Safepoint "Cleanup", Time since last: 1000960285 ns, Reaching safepoint: 13466 ns, Cleanup: 13887 ns, At safepoint: 6336 ns, Total: 33689 ns
[2026-07-11T08:02:32.696+0000][7][safepoint   ] Safepoint "Cleanup", Time since last: 5193077688 ns, Reaching safepoint: 16794 ns, Cleanup: 13384 ns, At safepoint: 9045 ns, Total: 39223 ns
[2026-07-11T08:02:33.697+0000][7][safepoint   ] Safepoint "Cleanup", Time since last: 1000916047 ns, Reaching safepoint: 13766 ns, Cleanup: 7352 ns, At safepoint: 55021 ns, Total: 76139 ns
[2026-07-11T08:02:38.703+0000][7][safepoint   ] Safepoint "Cleanup", Time since last: 5005941636 ns, Reaching safepoint: 12828 ns, Cleanup: 11338 ns, At safepoint: 7247 ns, Total: 31413 ns
[2026-07-11T08:02:41.707+0000][7][safepoint   ] Safepoint "Cleanup", Time since last: 3003010457 ns, Reaching safepoint: 43284 ns, Cleanup: 77728 ns, At safepoint: 31108 ns, Total: 152120 ns
[2026-07-11T08:02:48.713+0000][7][safepoint   ] Safepoint "Cleanup", Time since last: 7005697749 ns, Reaching safepoint: 13091 ns, Cleanup: 11885 ns, At safepoint: 7479 ns, Total: 32455 ns
[2026-07-11T08:02:52.723+0000][7][safepoint   ] Safepoint "Cleanup", Time since last: 4009975527 ns, Reaching safepoint: 59871 ns, Cleanup: 19148 ns, At safepoint: 8117 ns, Total: 87136 ns
[2026-07-11T08:02:56.727+0000][7][safepoint   ] Safepoint "Cleanup", Time since last: 4003812918 ns, Reaching safepoint: 12497 ns, Cleanup: 12260 ns, At safepoint: 26731 ns, Total: 51488 ns
[2026-07-11T08:02:57.729+0000][7][safepoint   ] Safepoint "Cleanup", Time since last: 1001462684 ns, Reaching safepoint: 16729 ns, Cleanup: 14212 ns, At safepoint: 8957 ns, Total: 39898 ns
[2026-07-11T08:02:59.732+0000][7][safepoint   ] Safepoint "Cleanup", Time since last: 2003576535 ns, Reaching safepoint: 12650 ns, Cleanup: 11466 ns, At safepoint: 20023 ns, Total: 44139 ns
[2026-07-11T08:03:02.735+0000][7][safepoint   ] Safepoint "Cleanup", Time since last: 3002886194 ns, Reaching safepoint: 30751 ns, Cleanup: 12489 ns, At safepoint: 6485 ns, Total: 49725 ns
[2026-07-11T08:03:12.745+0000][7][safepoint   ] Safepoint "Cleanup", Time since last: 10009204300 ns, Reaching safepoint: 47211 ns, Cleanup: 13164 ns, At safepoint: 14448 ns, Total: 74823 ns
[2026-07-11T08:03:16.748+0000][7][safepoint   ] Safepoint "Cleanup", Time since last: 4002909080 ns, Reaching safepoint: 12387 ns, Cleanup: 12094 ns, At safepoint: 7977 ns, Total: 32458 ns
[2026-07-11T08:03:22.753+0000][7][safepoint   ] Safepoint "Cleanup", Time since last: 6004902283 ns, Reaching safepoint: 13074 ns, Cleanup: 11987 ns, At safepoint: 7348 ns, Total: 32409 ns
[2026-07-11T08:03:43.710+0000][7][safepoint   ] Safepoint "Cleanup", Time since last: 20957018012 ns, Reaching safepoint: 30791 ns, Cleanup: 14661 ns, At safepoint: 6003 ns, Total: 51455 ns
[2026-07-11T08:03:53.722+0000][7][safepoint   ] Safepoint "Cleanup", Time since last: 10010778555 ns, Reaching safepoint: 11388 ns, Cleanup: 11222 ns, At safepoint: 6669 ns, Total: 29279 ns
[2026-07-11T08:04:02.731+0000][7][safepoint   ] Safepoint "Cleanup", Time since last: 9009123075 ns, Reaching safepoint: 16765 ns, Cleanup: 16216 ns, At safepoint: 13523 ns, Total: 46504 ns
[2026-07-11T08:04:14.742+0000][7][safepoint   ] Safepoint "Cleanup", Time since last: 12010943869 ns, Reaching safepoint: 36593 ns, Cleanup: 14149 ns, At safepoint: 6870 ns, Total: 57612 ns
[2026-07-11T08:04:19.747+0000][7][safepoint   ] Safepoint "Cleanup", Time since last: 5003882082 ns, Reaching safepoint: 12080 ns, Cleanup: 11904 ns, At safepoint: 8135 ns, Total: 32119 ns
[2026-07-11T08:04:22.749+0000][7][safepoint   ] Safepoint "Cleanup", Time since last: 3002021798 ns, Reaching safepoint: 11546 ns, Cleanup: 10838 ns, At safepoint: 6773 ns, Total: 29157 ns
[2026-07-11T08:04:23.750+0000][7][safepoint   ] Safepoint "Cleanup", Time since last: 1001070244 ns, Reaching safepoint: 20495 ns, Cleanup: 19221 ns, At safepoint: 11976 ns, Total: 51692 ns
[2026-07-11T08:04:25.752+0000][7][safepoint   ] Safepoint "Cleanup", Time since last: 2001698674 ns, Reaching safepoint: 13004 ns, Cleanup: 12065 ns, At safepoint: 7000 ns, Total: 32069 ns
[2026-07-11T08:05:11.791+0000][7][safepoint   ] Safepoint "Cleanup", Time since last: 46043104690 ns, Reaching safepoint: 39905 ns, Cleanup: 14506 ns, At safepoint: 7092 ns, Total: 61503 ns
[2026-07-11T08:05:23.786+0000][7][safepoint   ] Safepoint "Cleanup", Time since last: 12008827394 ns, Reaching safepoint: 12381 ns, Cleanup: 15517 ns, At safepoint: 7834 ns, Total: 35732 ns
[2026-07-11T08:05:33.795+0000][7][safepoint   ] Safepoint "Cleanup", Time since last: 10009066618 ns, Reaching safepoint: 13277 ns, Cleanup: 11979 ns, At safepoint: 35969 ns, Total: 61225 ns
[2026-07-11T08:05:53.813+0000][7][safepoint   ] Safepoint "Cleanup", Time since last: 20018849321 ns, Reaching safepoint: 46026 ns, Cleanup: 10147 ns, At safepoint: 7578 ns, Total: 63751 ns
[2026-07-11T08:06:04.822+0000][7][safepoint   ] Safepoint "Cleanup", Time since last: 11009007720 ns, Reaching safepoint: 15152 ns, Cleanup: 15172 ns, At safepoint: 11145 ns, Total: 41469 ns
[2026-07-11T08:06:13.820+0000][7][gc,start    ] GC(23) Pause Young (Normal) (G1 Evacuation Pause)
[2026-07-11T08:06:13.821+0000][7][gc,task     ] GC(23) Using 4 workers of 4 for evacuation
[2026-07-11T08:06:13.821+0000][7][gc,age      ] GC(23) Desired survivor size 20971520 bytes, new threshold 15 (max threshold 15)
[2026-07-11T08:06:13.827+0000][7][gc,phases   ] GC(23)   Pre Evacuate Collection Set: 0.27ms
[2026-07-11T08:06:13.827+0000][7][gc,phases   ] GC(23)   Merge Heap Roots: 0.11ms
[2026-07-11T08:06:13.828+0000][7][gc,phases   ] GC(23)   Evacuate Collection Set: 4.17ms
[2026-07-11T08:06:13.828+0000][7][gc,phases   ] GC(23)   Post Evacuate Collection Set: 1.45ms
[2026-07-11T08:06:13.828+0000][7][gc,phases   ] GC(23)   Other: 0.30ms
[2026-07-11T08:06:13.828+0000][7][gc,age      ] GC(23) Age table with threshold 15 (max threshold 15)
[2026-07-11T08:06:13.828+0000][7][gc,age      ] GC(23) - age   1:     474304 bytes,     474304 total
[2026-07-11T08:06:13.828+0000][7][gc,age      ] GC(23) - age   2:      93216 bytes,     567520 total
[2026-07-11T08:06:13.829+0000][7][gc,age      ] GC(23) - age   3:    6966688 bytes,    7534208 total
[2026-07-11T08:06:13.829+0000][7][gc,age      ] GC(23) - age   4:     742344 bytes,    8276552 total
[2026-07-11T08:06:13.829+0000][7][gc,heap     ] GC(23) Eden regions: 73->0(73)
[2026-07-11T08:06:13.829+0000][7][gc,heap     ] GC(23) Survivor regions: 3->3(10)
[2026-07-11T08:06:13.829+0000][7][gc,heap     ] GC(23) Old regions: 18->18
[2026-07-11T08:06:13.830+0000][7][gc,heap     ] GC(23) Humongous regions: 2->2
[2026-07-11T08:06:13.830+0000][7][gc,metaspace] GC(23) Metaspace: 108452K(111232K)->108452K(111232K) NonClass: 93032K(94528K)->93032K(94528K) Class: 15420K(16704K)->15420K(16704K)
[2026-07-11T08:06:13.830+0000][7][gc          ] GC(23) Pause Young (Normal) (G1 Evacuation Pause) 384M->89M(512M) 9.633ms
[2026-07-11T08:06:13.830+0000][7][gc,cpu      ] GC(23) User=0.02s Sys=0.01s Real=0.01s
[2026-07-11T08:06:13.830+0000][7][safepoint   ] Safepoint "G1CollectForAllocation", Time since last: 8998298822 ns, Reaching safepoint: 28985 ns, Cleanup: 3315 ns, At safepoint: 10038599 ns, Total: 10070899 ns
[2026-07-11T08:06:14.831+0000][7][safepoint   ] Safepoint "Cleanup", Time since last: 1000550143 ns, Reaching safepoint: 10855 ns, Cleanup: 16172 ns, At safepoint: 6743 ns, Total: 33770 ns
[2026-07-11T08:06:21.836+0000][7][safepoint   ] Safepoint "Cleanup", Time since last: 7005994223 ns, Reaching safepoint: 13300 ns, Cleanup: 11976 ns, At safepoint: 8084 ns, Total: 33360 ns
[2026-07-11T08:06:23.838+0000][7][safepoint   ] Safepoint "Cleanup", Time since last: 2001867449 ns, Reaching safepoint: 10566 ns, Cleanup: 8860 ns, At safepoint: 7800 ns, Total: 27226 ns
[2026-07-11T08:06:27.842+0000][7][safepoint   ] Safepoint "Cleanup", Time since last: 4004093870 ns, Reaching safepoint: 14346 ns, Cleanup: 12023 ns, At safepoint: 7745 ns, Total: 34114 ns
[2026-07-11T08:06:41.857+0000][7][safepoint   ] Safepoint "Cleanup", Time since last: 14015014924 ns, Reaching safepoint: 33132 ns, Cleanup: 12435 ns, At safepoint: 10112 ns, Total: 55679 ns
[2026-07-11T08:06:53.870+0000][7][safepoint   ] Safepoint "Cleanup", Time since last: 12010835058 ns, Reaching safepoint: 11167 ns, Cleanup: 10489 ns, At safepoint: 7613 ns, Total: 29269 ns
[2026-07-11T08:06:54.871+0000][7][safepoint   ] Safepoint "Cleanup", Time since last: 1001058088 ns, Reaching safepoint: 11490 ns, Cleanup: 11911 ns, At safepoint: 7817 ns, Total: 31218 ns
[2026-07-11T08:06:55.872+0000][7][safepoint   ] Safepoint "Cleanup", Time since last: 1000900766 ns, Reaching safepoint: 10834 ns, Cleanup: 10028 ns, At safepoint: 6577 ns, Total: 27439 ns
[2026-07-11T08:07:23.897+0000][7][safepoint   ] Safepoint "Cleanup", Time since last: 28023938092 ns, Reaching safepoint: 25184 ns, Cleanup: 108670 ns, At safepoint: 23186 ns, Total: 157040 ns
[2026-07-11T08:07:45.357+0000][7][safepoint   ] Safepoint "Cleanup", Time since last: 21459807355 ns, Reaching safepoint: 47066 ns, Cleanup: 14101 ns, At safepoint: 8739 ns, Total: 69906 ns
[2026-07-11T08:08:23.397+0000][7][safepoint   ] Safepoint "Cleanup", Time since last: 38038131517 ns, Reaching safepoint: 38024 ns, Cleanup: 12847 ns, At safepoint: 6897 ns, Total: 57768 ns
[2026-07-11T08:08:25.400+0000][7][safepoint   ] Safepoint "Cleanup", Time since last: 2002950702 ns, Reaching safepoint: 14484 ns, Cleanup: 12468 ns, At safepoint: 8020 ns, Total: 34972 ns
[2026-07-11T08:08:26.401+0000][7][safepoint   ] Safepoint "Cleanup", Time since last: 1000801421 ns, Reaching safepoint: 13402 ns, Cleanup: 13781 ns, At safepoint: 8094 ns, Total: 35277 ns
[2026-07-11T08:08:28.403+0000][7][safepoint   ] Safepoint "Cleanup", Time since last: 2001965499 ns, Reaching safepoint: 13926 ns, Cleanup: 11239 ns, At safepoint: 6784 ns, Total: 31949 ns
[2026-07-11T08:08:31.405+0000][7][safepoint   ] Safepoint "Cleanup", Time since last: 3002085752 ns, Reaching safepoint: 16839 ns, Cleanup: 15268 ns, At safepoint: 11066 ns, Total: 43173 ns
[2026-07-11T08:08:39.413+0000][7][safepoint   ] Safepoint "Cleanup", Time since last: 8007799207 ns, Reaching safepoint: 36469 ns, Cleanup: 11334 ns, At safepoint: 6388 ns, Total: 54191 ns
[2026-07-11T08:08:55.429+0000][7][safepoint   ] Safepoint "Cleanup", Time since last: 16015057016 ns, Reaching safepoint: 12844 ns, Cleanup: 12780 ns, At safepoint: 8096 ns, Total: 33720 ns
[2026-07-11T08:09:26.459+0000][7][safepoint   ] Safepoint "Cleanup", Time since last: 31028902062 ns, Reaching safepoint: 28505 ns, Cleanup: 14365 ns, At safepoint: 8606 ns, Total: 51476 ns
[2026-07-11T08:09:36.468+0000][7][safepoint   ] Safepoint "Cleanup", Time since last: 10008874706 ns, Reaching safepoint: 16863 ns, Cleanup: 15278 ns, At safepoint: 8976 ns, Total: 41117 ns
[2026-07-11T08:09:46.477+0000][7][safepoint   ] Safepoint "Cleanup", Time since last: 10009219214 ns, Reaching safepoint: 36510 ns, Cleanup: 11219 ns, At safepoint: 7646 ns, Total: 55375 ns
[2026-07-11T08:09:49.482+0000][7][safepoint   ] Safepoint "Cleanup", Time since last: 3004753906 ns, Reaching safepoint: 15777 ns, Cleanup: 14899 ns, At safepoint: 11503 ns, Total: 42179 ns
[2026-07-11T08:09:53.487+0000][7][safepoint   ] Safepoint "Cleanup", Time since last: 4004964108 ns, Reaching safepoint: 12266 ns, Cleanup: 11158 ns, At safepoint: 7115 ns, Total: 30539 ns
[2026-07-11T08:09:56.490+0000][7][safepoint   ] Safepoint "Cleanup", Time since last: 3002924941 ns, Reaching safepoint: 10400 ns, Cleanup: 10835 ns, At safepoint: 7087 ns, Total: 28322 ns
[2026-07-11T08:10:16.500+0000][7][safepoint   ] Safepoint "Cleanup", Time since last: 20017137470 ns, Reaching safepoint: 37710 ns, Cleanup: 14160 ns, At safepoint: 6877 ns, Total: 58747 ns
[2026-07-11T08:10:21.505+0000][7][safepoint   ] Safepoint "Cleanup", Time since last: 5004860306 ns, Reaching safepoint: 12536 ns, Cleanup: 13182 ns, At safepoint: 8290 ns, Total: 34008 ns
[2026-07-11T08:10:26.509+0000][7][safepoint   ] Safepoint "Cleanup", Time since last: 5003975361 ns, Reaching safepoint: 11233 ns, Cleanup: 15784 ns, At safepoint: 7889 ns, Total: 34906 ns
[2026-07-11T08:10:36.654+0000][7][safepoint   ] Safepoint "Cleanup", Time since last: 10145019994 ns, Reaching safepoint: 18463 ns, Cleanup: 15446 ns, At safepoint: 9431 ns, Total: 43340 ns
[2026-07-11T08:10:53.679+0000][7][safepoint   ] Safepoint "Cleanup", Time since last: 17014927520 ns, Reaching safepoint: 31507 ns, Cleanup: 12357 ns, At safepoint: 6693 ns, Total: 50557 ns
[2026-07-11T08:10:55.681+0000][7][safepoint   ] Safepoint "Cleanup", Time since last: 2001987511 ns, Reaching safepoint: 14713 ns, Cleanup: 12903 ns, At safepoint: 10106 ns, Total: 37722 ns
[2026-07-11T08:10:56.682+0000][7][safepoint   ] Safepoint "Cleanup", Time since last: 1000934939 ns, Reaching safepoint: 17698 ns, Cleanup: 17478 ns, At safepoint: 13563 ns, Total: 48739 ns
[2026-07-11T08:10:58.683+0000][7][safepoint   ] Safepoint "Cleanup", Time since last: 2001062791 ns, Reaching safepoint: 15024 ns, Cleanup: 14411 ns, At safepoint: 8235 ns, Total: 37670 ns
[2026-07-11T08:11:03.686+0000][7][safepoint   ] Safepoint "Cleanup", Time since last: 5003782331 ns, Reaching safepoint: 13771 ns, Cleanup: 12961 ns, At safepoint: 9642 ns, Total: 36374 ns
[2026-07-11T08:11:09.694+0000][7][safepoint   ] Safepoint "Cleanup", Time since last: 6007729257 ns, Reaching safepoint: 117865 ns, Cleanup: 18973 ns, At safepoint: 15542 ns, Total: 152380 ns
[2026-07-11T08:11:36.894+0000][7][safepoint   ] Safepoint "Cleanup", Time since last: 27199199322 ns, Reaching safepoint: 13494 ns, Cleanup: 13675 ns, At safepoint: 7754 ns, Total: 34923 ns
[2026-07-11T08:11:46.904+0000][7][safepoint   ] Safepoint "Cleanup", Time since last: 10008842620 ns, Reaching safepoint: 41446 ns, Cleanup: 13713 ns, At safepoint: 7353 ns, Total: 62512 ns
[2026-07-11T08:11:56.913+0000][7][safepoint   ] Safepoint "Cleanup", Time since last: 10009057437 ns, Reaching safepoint: 14795 ns, Cleanup: 19385 ns, At safepoint: 10236 ns, Total: 44416 ns
[2026-07-11T08:12:23.940+0000][7][safepoint   ] Safepoint "Cleanup", Time since last: 27025956990 ns, Reaching safepoint: 14070 ns, Cleanup: 13250 ns, At safepoint: 7215 ns, Total: 34535 ns
[2026-07-11T08:12:37.113+0000][7][safepoint   ] Safepoint "Cleanup", Time since last: 13172970822 ns, Reaching safepoint: 12890 ns, Cleanup: 14891 ns, At safepoint: 8043 ns, Total: 35824 ns
[2026-07-11T08:12:42.118+0000][7][safepoint   ] Safepoint "Cleanup", Time since last: 5005007984 ns, Reaching safepoint: 42889 ns, Cleanup: 16977 ns, At safepoint: 16408 ns, Total: 76274 ns
[2026-07-11T08:13:08.152+0000][7][safepoint   ] Safepoint "Cleanup", Time since last: 26032815296 ns, Reaching safepoint: 11294 ns, Cleanup: 9972 ns, At safepoint: 5484 ns, Total: 26750 ns
[2026-07-11T08:13:17.162+0000][7][safepoint   ] Safepoint "Cleanup", Time since last: 9008785291 ns, Reaching safepoint: 34741 ns, Cleanup: 12284 ns, At safepoint: 7268 ns, Total: 54293 ns
[2026-07-11T08:13:27.057+0000][7][safepoint   ] Safepoint "Cleanup", Time since last: 9895201740 ns, Reaching safepoint: 5618 ns, Cleanup: 8964 ns, At safepoint: 3158 ns, Total: 17740 ns
[2026-07-11T08:13:28.204+0000][7][safepoint   ] Safepoint "Cleanup", Time since last: 1146894276 ns, Reaching safepoint: 11940 ns, Cleanup: 101878 ns, At safepoint: 7933 ns, Total: 121751 ns
[2026-07-11T08:13:37.351+0000][7][safepoint   ] Safepoint "Cleanup", Time since last: 9146956395 ns, Reaching safepoint: 15080 ns, Cleanup: 17026 ns, At safepoint: 7679 ns, Total: 39785 ns
[2026-07-11T08:13:53.368+0000][7][safepoint   ] Safepoint "Cleanup", Time since last: 16015826332 ns, Reaching safepoint: 35738 ns, Cleanup: 11445 ns, At safepoint: 6063 ns, Total: 53246 ns
[2026-07-11T08:13:56.370+0000][7][safepoint   ] Safepoint "Cleanup", Time since last: 3002072394 ns, Reaching safepoint: 15274 ns, Cleanup: 12656 ns, At safepoint: 49365 ns, Total: 77295 ns
[2026-07-11T08:14:08.382+0000][7][safepoint   ] Safepoint "Cleanup", Time since last: 12011726254 ns, Reaching safepoint: 14540 ns, Cleanup: 15953 ns, At safepoint: 9232 ns, Total: 39725 ns
[2026-07-11T08:14:18.392+0000][7][safepoint   ] Safepoint "Cleanup", Time since last: 10009920314 ns, Reaching safepoint: 33760 ns, Cleanup: 11033 ns, At safepoint: 6545 ns, Total: 51338 ns
[2026-07-11T08:14:21.396+0000][7][safepoint   ] Safepoint "Cleanup", Time since last: 3003085292 ns, Reaching safepoint: 11367 ns, Cleanup: 10432 ns, At safepoint: 6773 ns, Total: 28572 ns
[2026-07-11T08:14:26.401+0000][7][safepoint   ] Safepoint "Cleanup", Time since last: 5004990839 ns, Reaching safepoint: 17461 ns, Cleanup: 15392 ns, At safepoint: 12802 ns, Total: 45655 ns
[2026-07-11T08:14:28.403+0000][7][safepoint   ] Safepoint "Cleanup", Time since last: 2001047994 ns, Reaching safepoint: 870227 ns, Cleanup: 13411 ns, At safepoint: 73167 ns, Total: 956805 ns
[2026-07-11T08:14:48.579+0000][7][safepoint   ] Safepoint "Cleanup", Time since last: 20175809992 ns, Reaching safepoint: 47650 ns, Cleanup: 13852 ns, At safepoint: 7528 ns, Total: 69030 ns
[2026-07-11T08:15:27.624+0000][7][safepoint   ] Safepoint "Cleanup", Time since last: 39043105841 ns, Reaching safepoint: 64916 ns, Cleanup: 11434 ns, At safepoint: 7011 ns, Total: 83361 ns
[2026-07-11T08:15:53.748+0000][7][safepoint   ] Safepoint "Cleanup", Time since last: 26123786842 ns, Reaching safepoint: 39534 ns, Cleanup: 11758 ns, At safepoint: 6512 ns, Total: 57804 ns
[2026-07-11T08:15:58.753+0000][7][safepoint   ] Safepoint "Cleanup", Time since last: 5004939205 ns, Reaching safepoint: 19853 ns, Cleanup: 14882 ns, At safepoint: 8349 ns, Total: 43084 ns
[2026-07-11T08:16:27.777+0000][7][safepoint   ] Safepoint "Cleanup", Time since last: 29023197608 ns, Reaching safepoint: 12450 ns, Cleanup: 10874 ns, At safepoint: 8446 ns, Total: 31770 ns
[2026-07-11T08:16:28.779+0000][7][safepoint   ] Safepoint "Cleanup", Time since last: 1001730054 ns, Reaching safepoint: 12007 ns, Cleanup: 11180 ns, At safepoint: 7005 ns, Total: 30192 ns
[2026-07-11T08:16:34.764+0000][7][safepoint   ] Safepoint "Cleanup", Time since last: 5985034344 ns, Reaching safepoint: 11829 ns, Cleanup: 83565 ns, At safepoint: 15073 ns, Total: 110467 ns
[2026-07-11T08:16:38.768+0000][7][safepoint   ] Safepoint "Cleanup", Time since last: 4003755265 ns, Reaching safepoint: 12467 ns, Cleanup: 12940 ns, At safepoint: 6459 ns, Total: 31866 ns
[2026-07-11T08:16:48.779+0000][7][safepoint   ] Safepoint "Cleanup", Time since last: 10010197190 ns, Reaching safepoint: 35618 ns, Cleanup: 13677 ns, At safepoint: 7670 ns, Total: 56965 ns
[2026-07-11T08:16:53.784+0000][7][safepoint   ] Safepoint "Cleanup", Time since last: 5004859438 ns, Reaching safepoint: 12632 ns, Cleanup: 12035 ns, At safepoint: 6778 ns, Total: 31445 ns
[2026-07-11T08:16:57.787+0000][7][safepoint   ] Safepoint "Cleanup", Time since last: 4003001394 ns, Reaching safepoint: 10845 ns, Cleanup: 9786 ns, At safepoint: 5962 ns, Total: 26593 ns
[2026-07-11T08:16:58.788+0000][7][safepoint   ] Safepoint "Cleanup", Time since last: 1000789771 ns, Reaching safepoint: 19409 ns, Cleanup: 13688 ns, At safepoint: 10257 ns, Total: 43354 ns
[2026-07-11T08:17:01.791+0000][7][safepoint   ] Safepoint "Cleanup", Time since last: 3003193715 ns, Reaching safepoint: 12222 ns, Cleanup: 10713 ns, At safepoint: 7634 ns, Total: 30569 ns
[2026-07-11T08:17:23.810+0000][7][safepoint   ] Safepoint "Cleanup", Time since last: 22018870526 ns, Reaching safepoint: 15362 ns, Cleanup: 14488 ns, At safepoint: 7043 ns, Total: 36893 ns
[2026-07-11T08:17:38.982+0000][7][safepoint   ] Safepoint "Cleanup", Time since last: 15171981493 ns, Reaching safepoint: 17214 ns, Cleanup: 13728 ns, At safepoint: 8348 ns, Total: 39290 ns
[2026-07-11T08:18:00.001+0000][7][safepoint   ] Safepoint "Cleanup", Time since last: 21017245306 ns, Reaching safepoint: 40962 ns, Cleanup: 13725 ns, At safepoint: 8766 ns, Total: 63453 ns
[2026-07-11T08:18:02.003+0000][7][safepoint   ] Safepoint "Cleanup", Time since last: 2001670354 ns, Reaching safepoint: 12386 ns, Cleanup: 30626 ns, At safepoint: 8088 ns, Total: 51100 ns
[2026-07-11T08:18:03.004+0000][7][safepoint   ] Safepoint "Cleanup", Time since last: 1000916271 ns, Reaching safepoint: 21474 ns, Cleanup: 16038 ns, At safepoint: 10550 ns, Total: 48062 ns
[2026-07-11T08:18:05.006+0000][7][safepoint   ] Safepoint "Cleanup", Time since last: 2001937135 ns, Reaching safepoint: 17321 ns, Cleanup: 13774 ns, At safepoint: 9028 ns, Total: 40123 ns
[2026-07-11T08:18:10.010+0000][7][safepoint   ] Safepoint "Cleanup", Time since last: 5003958493 ns, Reaching safepoint: 15858 ns, Cleanup: 11585 ns, At safepoint: 7076 ns, Total: 34519 ns
[2026-07-11T08:18:24.273+0000][7][gc,start    ] GC(24) Pause Young (Normal) (G1 Evacuation Pause)
[2026-07-11T08:18:24.273+0000][7][gc,task     ] GC(24) Using 4 workers of 4 for evacuation
[2026-07-11T08:18:24.273+0000][7][gc,age      ] GC(24) Desired survivor size 20971520 bytes, new threshold 15 (max threshold 15)
[2026-07-11T08:18:24.281+0000][7][gc,phases   ] GC(24)   Pre Evacuate Collection Set: 0.32ms
[2026-07-11T08:18:24.282+0000][7][gc,phases   ] GC(24)   Merge Heap Roots: 0.09ms
[2026-07-11T08:18:24.282+0000][7][gc,phases   ] GC(24)   Evacuate Collection Set: 5.89ms
[2026-07-11T08:18:24.282+0000][7][gc,phases   ] GC(24)   Post Evacuate Collection Set: 1.47ms
[2026-07-11T08:18:24.282+0000][7][gc,phases   ] GC(24)   Other: 0.36ms
[2026-07-11T08:18:24.282+0000][7][gc,age      ] GC(24) Age table with threshold 15 (max threshold 15)
[2026-07-11T08:18:24.283+0000][7][gc,age      ] GC(24) - age   1:     941624 bytes,     941624 total
[2026-07-11T08:18:24.283+0000][7][gc,age      ] GC(24) - age   2:     432720 bytes,    1374344 total
[2026-07-11T08:18:24.283+0000][7][gc,age      ] GC(24) - age   3:      78072 bytes,    1452416 total
[2026-07-11T08:18:24.283+0000][7][gc,age      ] GC(24) - age   4:    6781688 bytes,    8234104 total
[2026-07-11T08:18:24.284+0000][7][gc,age      ] GC(24) - age   5:     732408 bytes,    8966512 total
[2026-07-11T08:18:24.284+0000][7][gc,heap     ] GC(24) Eden regions: 73->0(73)
[2026-07-11T08:18:24.284+0000][7][gc,heap     ] GC(24) Survivor regions: 3->3(10)
[2026-07-11T08:18:24.284+0000][7][gc,heap     ] GC(24) Old regions: 18->18
[2026-07-11T08:18:24.284+0000][7][gc,heap     ] GC(24) Humongous regions: 2->2
[2026-07-11T08:18:24.284+0000][7][gc,metaspace] GC(24) Metaspace: 109129K(111936K)->109129K(111936K) NonClass: 93649K(95168K)->93649K(95168K) Class: 15480K(16768K)->15480K(16768K)
[2026-07-11T08:18:24.285+0000][7][gc          ] GC(24) Pause Young (Normal) (G1 Evacuation Pause) 381M->89M(512M) 11.719ms
[2026-07-11T08:18:24.285+0000][7][gc,cpu      ] GC(24) User=0.02s Sys=0.00s Real=0.01s
[2026-07-11T08:18:24.285+0000][7][safepoint   ] Safepoint "G1CollectForAllocation", Time since last: 14262119813 ns, Reaching safepoint: 33172 ns, Cleanup: 3611 ns, At safepoint: 12159896 ns, Total: 12196679 ns
[2026-07-11T08:18:28.291+0000][7][safepoint   ] Safepoint "Cleanup", Time since last: 4005715229 ns, Reaching safepoint: 18078 ns, Cleanup: 13630 ns, At safepoint: 8191 ns, Total: 39899 ns
[2026-07-11T08:18:29.293+0000][7][safepoint   ] Safepoint "Cleanup", Time since last: 1001166626 ns, Reaching safepoint: 642303 ns, Cleanup: 11136 ns, At safepoint: 113588 ns, Total: 767027 ns
[2026-07-11T08:18:30.294+0000][7][safepoint   ] Safepoint "Cleanup", Time since last: 1000965663 ns, Reaching safepoint: 12270 ns, Cleanup: 11679 ns, At safepoint: 8826 ns, Total: 32775 ns
[2026-07-11T08:18:32.296+0000][7][safepoint   ] Safepoint "Cleanup", Time since last: 2002051121 ns, Reaching safepoint: 16694 ns, Cleanup: 11344 ns, At safepoint: 8018 ns, Total: 36056 ns
[2026-07-11T08:18:40.304+0000][7][safepoint   ] Safepoint "Cleanup", Time since last: 8008065695 ns, Reaching safepoint: 12451 ns, Cleanup: 14957 ns, At safepoint: 9865 ns, Total: 37273 ns
[2026-07-11T08:18:47.311+0000][7][safepoint   ] Safepoint "Cleanup", Time since last: 7005789704 ns, Reaching safepoint: 14347 ns, Cleanup: 13565 ns, At safepoint: 8455 ns, Total: 36367 ns
[2026-07-11T08:18:50.314+0000][7][safepoint   ] Safepoint "Cleanup", Time since last: 3002824828 ns, Reaching safepoint: 44499 ns, Cleanup: 18412 ns, At safepoint: 11453 ns, Total: 74364 ns
[2026-07-11T08:18:53.317+0000][7][safepoint   ] Safepoint "Cleanup", Time since last: 3002939710 ns, Reaching safepoint: 27706 ns, Cleanup: 18402 ns, At safepoint: 9056 ns, Total: 55164 ns
[2026-07-11T08:19:20.377+0000][7][safepoint   ] Safepoint "Cleanup", Time since last: 27059202592 ns, Reaching safepoint: 13108 ns, Cleanup: 12856 ns, At safepoint: 7628 ns, Total: 33592 ns
[2026-07-11T08:19:23.379+0000][7][safepoint   ] Safepoint "Cleanup", Time since last: 3001844526 ns, Reaching safepoint: 39703 ns, Cleanup: 15095 ns, At safepoint: 6206 ns, Total: 61004 ns
[2026-07-11T08:19:27.382+0000][7][safepoint   ] Safepoint "Cleanup", Time since last: 4003944521 ns, Reaching safepoint: 11278 ns, Cleanup: 11379 ns, At safepoint: 7404 ns, Total: 30061 ns
[2026-07-11T08:19:31.387+0000][7][safepoint   ] Safepoint "Cleanup", Time since last: 4004008757 ns, Reaching safepoint: 14924 ns, Cleanup: 15099 ns, At safepoint: 7969 ns, Total: 37992 ns
[2026-07-11T08:19:50.451+0000][7][safepoint   ] Safepoint "Cleanup", Time since last: 19064067145 ns, Reaching safepoint: 15329 ns, Cleanup: 14944 ns, At safepoint: 10408 ns, Total: 40681 ns
[2026-07-11T08:19:53.455+0000][7][safepoint   ] Safepoint "Cleanup", Time since last: 3002769716 ns, Reaching safepoint: 986142 ns, Cleanup: 15580 ns, At safepoint: 107524 ns, Total: 1109246 ns
[2026-07-11T08:19:56.459+0000][7][safepoint   ] Safepoint "Cleanup", Time since last: 3002916151 ns, Reaching safepoint: 914003 ns, Cleanup: 12265 ns, At safepoint: 104612 ns, Total: 1030880 ns
[2026-07-11T08:20:00.463+0000][7][safepoint   ] Safepoint "Cleanup", Time since last: 4004017247 ns, Reaching safepoint: 15235 ns, Cleanup: 10458 ns, At safepoint: 96953 ns, Total: 122646 ns
[2026-07-11T08:20:10.473+0000][7][safepoint   ] Safepoint "Cleanup", Time since last: 10009705191 ns, Reaching safepoint: 16002 ns, Cleanup: 12270 ns, At safepoint: 7083 ns, Total: 35355 ns
[2026-07-11T08:20:17.480+0000][7][safepoint   ] Safepoint "Cleanup", Time since last: 7006990004 ns, Reaching safepoint: 16087 ns, Cleanup: 12434 ns, At safepoint: 7574 ns, Total: 36095 ns
[2026-07-11T08:20:20.483+0000][7][safepoint   ] Safepoint "Cleanup", Time since last: 3003014589 ns, Reaching safepoint: 21672 ns, Cleanup: 14310 ns, At safepoint: 8768 ns, Total: 44750 ns
[2026-07-11T08:20:23.486+0000][7][safepoint   ] Safepoint "Cleanup", Time since last: 3002873562 ns, Reaching safepoint: 48832 ns, Cleanup: 14193 ns, At safepoint: 7121 ns, Total: 70146 ns
[2026-07-11T08:20:53.726+0000][7][safepoint   ] Safepoint "Cleanup", Time since last: 30238051874 ns, Reaching safepoint: 35957 ns, Cleanup: 12916 ns, At safepoint: 6972 ns, Total: 55845 ns
[2026-07-11T08:20:57.731+0000][7][safepoint   ] Safepoint "Cleanup", Time since last: 4004971531 ns, Reaching safepoint: 14552 ns, Cleanup: 11579 ns, At safepoint: 7158 ns, Total: 33289 ns
[2026-07-11T08:21:25.758+0000][7][safepoint   ] Safepoint "Cleanup", Time since last: 28025999313 ns, Reaching safepoint: 10374 ns, Cleanup: 12880 ns, At safepoint: 7088 ns, Total: 30342 ns
[2026-07-11T08:21:51.728+0000][7][safepoint   ] Safepoint "Cleanup", Time since last: 25970815383 ns, Reaching safepoint: 13007 ns, Cleanup: 15967 ns, At safepoint: 9236 ns, Total: 38210 ns
[2026-07-11T08:21:53.730+0000][7][safepoint   ] Safepoint "Cleanup", Time since last: 2001978660 ns, Reaching safepoint: 15077 ns, Cleanup: 15075 ns, At safepoint: 10118 ns, Total: 40270 ns
[2026-07-11T08:21:55.732+0000][7][safepoint   ] Safepoint "Cleanup", Time since last: 2001963885 ns, Reaching safepoint: 43088 ns, Cleanup: 13978 ns, At safepoint: 9954 ns, Total: 67020 ns
[2026-07-11T08:22:02.790+0000][7][safepoint   ] Safepoint "Cleanup", Time since last: 7058005036 ns, Reaching safepoint: 15259 ns, Cleanup: 58828 ns, At safepoint: 19167 ns, Total: 93254 ns
[2026-07-11T08:22:16.813+0000][7][safepoint   ] Safepoint "Cleanup", Time since last: 14018842705 ns, Reaching safepoint: 986493 ns, Cleanup: 15413 ns, At safepoint: 56420 ns, Total: 1058326 ns
[2026-07-11T08:22:17.814+0000][7][safepoint   ] Safepoint "Cleanup", Time since last: 1000897664 ns, Reaching safepoint: 10437 ns, Cleanup: 11812 ns, At safepoint: 7846 ns, Total: 30095 ns
[2026-07-11T08:22:19.816+0000][7][safepoint   ] Safepoint "Cleanup", Time since last: 2002147100 ns, Reaching safepoint: 23899 ns, Cleanup: 20668 ns, At safepoint: 18328 ns, Total: 62895 ns
[2026-07-11T08:22:20.817+0000][7][safepoint   ] Safepoint "Cleanup", Time since last: 1001063886 ns, Reaching safepoint: 13473 ns, Cleanup: 14253 ns, At safepoint: 42698 ns, Total: 70424 ns
[2026-07-11T08:22:22.820+0000][7][safepoint   ] Safepoint "Cleanup", Time since last: 2001921243 ns, Reaching safepoint: 872316 ns, Cleanup: 18539 ns, At safepoint: 125662 ns, Total: 1016517 ns
[2026-07-11T08:22:23.822+0000][7][safepoint   ] Safepoint "Cleanup", Time since last: 1000977859 ns, Reaching safepoint: 767250 ns, Cleanup: 14587 ns, At safepoint: 19255 ns, Total: 801092 ns
[2026-07-11T08:23:01.753+0000][7][safepoint   ] Safepoint "Cleanup", Time since last: 37929939619 ns, Reaching safepoint: 12935 ns, Cleanup: 14662 ns, At safepoint: 7362 ns, Total: 34959 ns
[2026-07-11T08:23:52.806+0000][7][safepoint   ] Safepoint "Cleanup", Time since last: 51050945721 ns, Reaching safepoint: 16655 ns, Cleanup: 14742 ns, At safepoint: 9747 ns, Total: 41144 ns
[2026-07-11T08:24:14.827+0000][7][safepoint   ] Safepoint "Cleanup", Time since last: 22020984892 ns, Reaching safepoint: 33752 ns, Cleanup: 15929 ns, At safepoint: 11167 ns, Total: 60848 ns
[2026-07-11T08:24:32.842+0000][7][safepoint   ] Safepoint "Cleanup", Time since last: 18015020209 ns, Reaching safepoint: 41290 ns, Cleanup: 18531 ns, At safepoint: 18236 ns, Total: 78057 ns
[2026-07-11T08:24:57.987+0000][7][safepoint   ] Safepoint "Cleanup", Time since last: 25143838323 ns, Reaching safepoint: 25043 ns, Cleanup: 42102 ns, At safepoint: 43259 ns, Total: 110404 ns
[2026-07-11T08:25:24.014+0000][7][safepoint   ] Safepoint "Cleanup", Time since last: 26025252797 ns, Reaching safepoint: 64804 ns, Cleanup: 19398 ns, At safepoint: 9744 ns, Total: 93946 ns
[2026-07-11T08:25:43.210+0000][7][safepoint   ] Safepoint "Cleanup", Time since last: 19195697781 ns, Reaching safepoint: 12050 ns, Cleanup: 15778 ns, At safepoint: 10669 ns, Total: 38497 ns
[2026-07-11T08:25:53.219+0000][7][safepoint   ] Safepoint "Cleanup", Time since last: 10010240893 ns, Reaching safepoint: 15436 ns, Cleanup: 16289 ns, At safepoint: 12402 ns, Total: 44127 ns
[2026-07-11T08:25:54.222+0000][7][safepoint   ] Safepoint "Cleanup", Time since last: 1002586997 ns, Reaching safepoint: 45865 ns, Cleanup: 17408 ns, At safepoint: 11768 ns, Total: 75041 ns
[2026-07-11T08:25:56.224+0000][7][safepoint   ] Safepoint "Cleanup", Time since last: 2001953795 ns, Reaching safepoint: 16446 ns, Cleanup: 16063 ns, At safepoint: 10314 ns, Total: 42823 ns
[2026-07-11T08:26:04.230+0000][7][safepoint   ] Safepoint "Cleanup", Time since last: 8005979017 ns, Reaching safepoint: 48264 ns, Cleanup: 15670 ns, At safepoint: 8973 ns, Total: 72907 ns
[2026-07-11T08:26:23.251+0000][7][safepoint   ] Safepoint "Cleanup", Time since last: 19018895124 ns, Reaching safepoint: 41804 ns, Cleanup: 11952 ns, At safepoint: 7965 ns, Total: 61721 ns
[2026-07-11T08:26:27.255+0000][7][safepoint   ] Safepoint "Cleanup", Time since last: 4004205663 ns, Reaching safepoint: 14415 ns, Cleanup: 13745 ns, At safepoint: 9875 ns, Total: 38035 ns
[2026-07-11T08:26:53.319+0000][7][safepoint   ] Safepoint "Cleanup", Time since last: 26062745515 ns, Reaching safepoint: 47267 ns, Cleanup: 17055 ns, At safepoint: 13410 ns, Total: 77732 ns
[2026-07-11T08:27:15.346+0000][7][safepoint   ] Safepoint "Cleanup", Time since last: 22026868631 ns, Reaching safepoint: 36014 ns, Cleanup: 12534 ns, At safepoint: 9579 ns, Total: 58127 ns
[2026-07-11T08:27:23.354+0000][7][safepoint   ] Safepoint "Cleanup", Time since last: 8006842414 ns, Reaching safepoint: 45141 ns, Cleanup: 15226 ns, At safepoint: 10717 ns, Total: 71084 ns
[2026-07-11T08:27:29.360+0000][7][safepoint   ] Safepoint "Cleanup", Time since last: 6006011714 ns, Reaching safepoint: 25075 ns, Cleanup: 13918 ns, At safepoint: 10681 ns, Total: 49674 ns
[2026-07-11T08:27:42.336+0000][7][safepoint   ] Safepoint "Cleanup", Time since last: 12976228755 ns, Reaching safepoint: 44903 ns, Cleanup: 14178 ns, At safepoint: 10039 ns, Total: 69120 ns
[2026-07-11T08:27:45.339+0000][7][safepoint   ] Safepoint "Cleanup", Time since last: 3002749449 ns, Reaching safepoint: 47184 ns, Cleanup: 17327 ns, At safepoint: 27015 ns, Total: 91526 ns
[2026-07-11T08:27:57.350+0000][7][safepoint   ] Safepoint "Cleanup", Time since last: 12010942581 ns, Reaching safepoint: 38141 ns, Cleanup: 13036 ns, At safepoint: 8727 ns, Total: 59904 ns
[2026-07-11T08:27:58.351+0000][7][safepoint   ] Safepoint "Cleanup", Time since last: 1000884117 ns, Reaching safepoint: 13698 ns, Cleanup: 13115 ns, At safepoint: 8633 ns, Total: 35446 ns
[2026-07-11T08:27:59.352+0000][7][safepoint   ] Safepoint "Cleanup", Time since last: 1000857959 ns, Reaching safepoint: 12098 ns, Cleanup: 11888 ns, At safepoint: 9063 ns, Total: 33049 ns
[2026-07-11T08:28:02.354+0000][7][safepoint   ] Safepoint "Cleanup", Time since last: 3002046022 ns, Reaching safepoint: 10833 ns, Cleanup: 17470 ns, At safepoint: 8358 ns, Total: 36661 ns
[2026-07-11T08:28:23.386+0000][7][safepoint   ] Safepoint "Cleanup", Time since last: 21029880286 ns, Reaching safepoint: 31530 ns, Cleanup: 11994 ns, At safepoint: 6848 ns, Total: 50372 ns
[2026-07-11T08:28:27.390+0000][7][safepoint   ] Safepoint "Cleanup", Time since last: 4004056748 ns, Reaching safepoint: 15506 ns, Cleanup: 13176 ns, At safepoint: 9494 ns, Total: 38176 ns
[2026-07-11T08:28:45.421+0000][7][safepoint   ] Safepoint "Cleanup", Time since last: 18030812246 ns, Reaching safepoint: 9677 ns, Cleanup: 11167 ns, At safepoint: 7846 ns, Total: 28690 ns
[2026-07-11T08:28:55.451+0000][7][safepoint   ] Safepoint "Cleanup", Time since last: 10028957806 ns, Reaching safepoint: 51215 ns, Cleanup: 14713 ns, At safepoint: 7582 ns, Total: 73510 ns
[2026-07-11T08:28:56.452+0000][7][safepoint   ] Safepoint "Cleanup", Time since last: 1001031327 ns, Reaching safepoint: 13069 ns, Cleanup: 14671 ns, At safepoint: 7424 ns, Total: 35164 ns
[2026-07-11T08:29:05.461+0000][7][safepoint   ] Safepoint "Cleanup", Time since last: 9008867316 ns, Reaching safepoint: 13159 ns, Cleanup: 12669 ns, At safepoint: 8122 ns, Total: 33950 ns
[2026-07-11T08:29:23.570+0000][7][safepoint   ] Safepoint "Cleanup", Time since last: 18107000721 ns, Reaching safepoint: 969664 ns, Cleanup: 21750 ns, At safepoint: 167468 ns, Total: 1158882 ns
[2026-07-11T08:29:25.572+0000][7][safepoint   ] Safepoint "Cleanup", Time since last: 2001859481 ns, Reaching safepoint: 17817 ns, Cleanup: 17615 ns, At safepoint: 77000 ns, Total: 112432 ns
[2026-07-11T08:29:31.578+0000][7][safepoint   ] Safepoint "Cleanup", Time since last: 6005797351 ns, Reaching safepoint: 12643 ns, Cleanup: 11126 ns, At safepoint: 101380 ns, Total: 125149 ns
[2026-07-11T08:29:35.415+0000][7][safepoint   ] Safepoint "Cleanup", Time since last: 3836239224 ns, Reaching safepoint: 993185 ns, Cleanup: 11787 ns, At safepoint: 79184 ns, Total: 1084156 ns
[2026-07-11T08:29:46.425+0000][7][safepoint   ] Safepoint "Cleanup", Time since last: 11009045735 ns, Reaching safepoint: 11702 ns, Cleanup: 12494 ns, At safepoint: 7071 ns, Total: 31267 ns
[2026-07-11T08:30:26.479+0000][7][safepoint   ] Safepoint "Cleanup", Time since last: 40052596263 ns, Reaching safepoint: 30339 ns, Cleanup: 18966 ns, At safepoint: 8402 ns, Total: 57707 ns
[2026-07-11T08:30:36.439+0000][7][safepoint   ] Safepoint "Cleanup", Time since last: 9960075256 ns, Reaching safepoint: 22338 ns, Cleanup: 20751 ns, At safepoint: 11286 ns, Total: 54375 ns
[2026-07-11T08:32:06.547+0000][7][safepoint   ] Safepoint "Cleanup", Time since last: 90105822957 ns, Reaching safepoint: 11380 ns, Cleanup: 11401 ns, At safepoint: 7350 ns, Total: 30131 ns
[2026-07-11T08:32:19.871+0000][7][gc,start    ] GC(25) Pause Young (Normal) (G1 Evacuation Pause)
[2026-07-11T08:32:19.872+0000][7][gc,task     ] GC(25) Using 4 workers of 4 for evacuation
[2026-07-11T08:32:19.872+0000][7][gc,age      ] GC(25) Desired survivor size 20971520 bytes, new threshold 15 (max threshold 15)
[2026-07-11T08:32:19.878+0000][7][gc,phases   ] GC(25)   Pre Evacuate Collection Set: 0.24ms
[2026-07-11T08:32:19.878+0000][7][gc,phases   ] GC(25)   Merge Heap Roots: 0.16ms
[2026-07-11T08:32:19.878+0000][7][gc,phases   ] GC(25)   Evacuate Collection Set: 3.87ms
[2026-07-11T08:32:19.878+0000][7][gc,phases   ] GC(25)   Post Evacuate Collection Set: 1.34ms
[2026-07-11T08:32:19.878+0000][7][gc,phases   ] GC(25)   Other: 0.34ms
[2026-07-11T08:32:19.879+0000][7][gc,age      ] GC(25) Age table with threshold 15 (max threshold 15)
[2026-07-11T08:32:19.879+0000][7][gc,age      ] GC(25) - age   1:      88336 bytes,      88336 total
[2026-07-11T08:32:19.879+0000][7][gc,age      ] GC(25) - age   2:     887152 bytes,     975488 total
[2026-07-11T08:32:19.879+0000][7][gc,age      ] GC(25) - age   3:     432688 bytes,    1408176 total
[2026-07-11T08:32:19.879+0000][7][gc,age      ] GC(25) - age   4:      78072 bytes,    1486248 total
[2026-07-11T08:32:19.879+0000][7][gc,age      ] GC(25) - age   5:    6735440 bytes,    8221688 total
[2026-07-11T08:32:19.879+0000][7][gc,age      ] GC(25) - age   6:     732344 bytes,    8954032 total
[2026-07-11T08:32:19.880+0000][7][gc,heap     ] GC(25) Eden regions: 73->0(73)
[2026-07-11T08:32:19.880+0000][7][gc,heap     ] GC(25) Survivor regions: 3->3(10)
[2026-07-11T08:32:19.880+0000][7][gc,heap     ] GC(25) Old regions: 18->18
[2026-07-11T08:32:19.880+0000][7][gc,heap     ] GC(25) Humongous regions: 2->2
[2026-07-11T08:32:19.880+0000][7][gc,metaspace] GC(25) Metaspace: 109376K(112192K)->109376K(112192K) NonClass: 93893K(95424K)->93893K(95424K) Class: 15482K(16768K)->15482K(16768K)
[2026-07-11T08:32:19.880+0000][7][gc          ] GC(25) Pause Young (Normal) (G1 Evacuation Pause) 381M->88M(512M) 8.603ms
[2026-07-11T08:32:19.880+0000][7][gc,cpu      ] GC(25) User=0.02s Sys=0.01s Real=0.01s
[2026-07-11T08:32:19.881+0000][7][safepoint   ] Safepoint "G1CollectForAllocation", Time since last: 13322895148 ns, Reaching safepoint: 134179 ns, Cleanup: 4729 ns, At safepoint: 9080590 ns, Total: 9219498 ns
[2026-07-11T08:32:37.555+0000][7][safepoint   ] Safepoint "Cleanup", Time since last: 17674768044 ns, Reaching safepoint: 11208 ns, Cleanup: 13278 ns, At safepoint: 7571 ns, Total: 32057 ns
[2026-07-11T08:32:47.565+0000][7][safepoint   ] Safepoint "Cleanup", Time since last: 10009264241 ns, Reaching safepoint: 44780 ns, Cleanup: 15697 ns, At safepoint: 13955 ns, Total: 74432 ns
[2026-07-11T08:32:53.570+0000][7][safepoint   ] Safepoint "Cleanup", Time since last: 6005787871 ns, Reaching safepoint: 9672 ns, Cleanup: 10736 ns, At safepoint: 6899 ns, Total: 27307 ns
[2026-07-11T08:33:02.579+0000][7][safepoint   ] Safepoint "Cleanup", Time since last: 9009037071 ns, Reaching safepoint: 11931 ns, Cleanup: 19918 ns, At safepoint: 9326 ns, Total: 41175 ns
[2026-07-11T08:33:27.603+0000][7][safepoint   ] Safepoint "Cleanup", Time since last: 25021809031 ns, Reaching safepoint: 52337 ns, Cleanup: 14055 ns, At safepoint: 7617 ns, Total: 74009 ns
[2026-07-11T08:33:40.799+0000][7][safepoint   ] Safepoint "Cleanup", Time since last: 13196118316 ns, Reaching safepoint: 13843 ns, Cleanup: 15921 ns, At safepoint: 10748 ns, Total: 40512 ns
[2026-07-11T08:33:55.854+0000][7][safepoint   ] Safepoint "Cleanup", Time since last: 15053862903 ns, Reaching safepoint: 18610 ns, Cleanup: 19449 ns, At safepoint: 10263 ns, Total: 48322 ns
[2026-07-11T08:35:22.082+0000][7][safepoint   ] Safepoint "Cleanup", Time since last: 86224885153 ns, Reaching safepoint: 44077 ns, Cleanup: 16328 ns, At safepoint: 10259 ns, Total: 70664 ns
[2026-07-11T08:35:48.257+0000][7][safepoint   ] Safepoint "Cleanup", Time since last: 26174016364 ns, Reaching safepoint: 278969 ns, Cleanup: 6886 ns, At safepoint: 6147 ns, Total: 292002 ns
[2026-07-11T08:36:23.290+0000][7][safepoint   ] Safepoint "Cleanup", Time since last: 35031745477 ns, Reaching safepoint: 34196 ns, Cleanup: 8290 ns, At safepoint: 9149 ns, Total: 51635 ns
[2026-07-11T08:36:26.292+0000][7][safepoint   ] Safepoint "Cleanup", Time since last: 3001842899 ns, Reaching safepoint: 11529 ns, Cleanup: 12518 ns, At safepoint: 7672 ns, Total: 31719 ns
[2026-07-11T08:36:59.506+0000][7][safepoint   ] Safepoint "Cleanup", Time since last: 33213918554 ns, Reaching safepoint: 13879 ns, Cleanup: 13749 ns, At safepoint: 7748 ns, Total: 35376 ns
[2026-07-11T08:37:09.516+0000][7][safepoint   ] Safepoint "Cleanup", Time since last: 10009839183 ns, Reaching safepoint: 12419 ns, Cleanup: 11508 ns, At safepoint: 7269 ns, Total: 31196 ns
[2026-07-11T08:37:29.538+0000][7][safepoint   ] Safepoint "Cleanup", Time since last: 20021102377 ns, Reaching safepoint: 32396 ns, Cleanup: 11564 ns, At safepoint: 6388 ns, Total: 50348 ns
[2026-07-11T08:37:49.742+0000][7][safepoint   ] Safepoint "Cleanup", Time since last: 20203027983 ns, Reaching safepoint: 50255 ns, Cleanup: 15467 ns, At safepoint: 10754 ns, Total: 76476 ns
[2026-07-11T08:37:59.750+0000][7][safepoint   ] Safepoint "Cleanup", Time since last: 10007836254 ns, Reaching safepoint: 10613 ns, Cleanup: 12143 ns, At safepoint: 6853 ns, Total: 29609 ns
[2026-07-11T08:38:02.752+0000][7][safepoint   ] Safepoint "Cleanup", Time since last: 3002063988 ns, Reaching safepoint: 10602 ns, Cleanup: 17782 ns, At safepoint: 7488 ns, Total: 35872 ns
[2026-07-11T08:38:57.841+0000][7][safepoint   ] Safepoint "Cleanup", Time since last: 55086964893 ns, Reaching safepoint: 11091 ns, Cleanup: 12565 ns, At safepoint: 7808 ns, Total: 31464 ns
[2026-07-11T08:38:59.843+0000][7][safepoint   ] Safepoint "Cleanup", Time since last: 2002021109 ns, Reaching safepoint: 13497 ns, Cleanup: 14418 ns, At safepoint: 11647 ns, Total: 39562 ns
[2026-07-11T08:39:30.870+0000][7][safepoint   ] Safepoint "Cleanup", Time since last: 31025742826 ns, Reaching safepoint: 14023 ns, Cleanup: 18545 ns, At safepoint: 7335 ns, Total: 39903 ns
[2026-07-11T08:39:40.051+0000][7][safepoint   ] Safepoint "Cleanup", Time since last: 9181105238 ns, Reaching safepoint: 14695 ns, Cleanup: 16535 ns, At safepoint: 8278 ns, Total: 39508 ns
[2026-07-11T08:39:50.062+0000][7][safepoint   ] Safepoint "Cleanup", Time since last: 10009768474 ns, Reaching safepoint: 31855 ns, Cleanup: 11694 ns, At safepoint: 6319 ns, Total: 49868 ns
[2026-07-11T08:40:01.114+0000][7][safepoint   ] Safepoint "Cleanup", Time since last: 11052014114 ns, Reaching safepoint: 36945 ns, Cleanup: 18741 ns, At safepoint: 10638 ns, Total: 66324 ns
[2026-07-11T08:40:26.139+0000][7][safepoint   ] Safepoint "Cleanup", Time since last: 25023982401 ns, Reaching safepoint: 33269 ns, Cleanup: 13166 ns, At safepoint: 6392 ns, Total: 52827 ns
[2026-07-11T08:40:31.144+0000][7][safepoint   ] Safepoint "Cleanup", Time since last: 5005142159 ns, Reaching safepoint: 11241 ns, Cleanup: 15729 ns, At safepoint: 8468 ns, Total: 35438 ns
[2026-07-11T08:40:51.071+0000][7][safepoint   ] Safepoint "Cleanup", Time since last: 19925801521 ns, Reaching safepoint: 34944 ns, Cleanup: 13720 ns, At safepoint: 11669 ns, Total: 60333 ns
[2026-07-11T08:42:21.109+0000][7][safepoint   ] Safepoint "Cleanup", Time since last: 90035940114 ns, Reaching safepoint: 9942 ns, Cleanup: 12643 ns, At safepoint: 6741 ns, Total: 29326 ns
[2026-07-11T08:42:28.117+0000][7][safepoint   ] Safepoint "Cleanup", Time since last: 7007118426 ns, Reaching safepoint: 12718 ns, Cleanup: 13124 ns, At safepoint: 9529 ns, Total: 35371 ns
[2026-07-11T08:42:52.160+0000][7][safepoint   ] Safepoint "Cleanup", Time since last: 24042876373 ns, Reaching safepoint: 14645 ns, Cleanup: 13170 ns, At safepoint: 8755 ns, Total: 36570 ns
[2026-07-11T08:43:02.169+0000][7][safepoint   ] Safepoint "Cleanup", Time since last: 10008728994 ns, Reaching safepoint: 13614 ns, Cleanup: 18695 ns, At safepoint: 7800 ns, Total: 40109 ns
[2026-07-11T08:43:32.197+0000][7][safepoint   ] Safepoint "Cleanup", Time since last: 30027104248 ns, Reaching safepoint: 9793 ns, Cleanup: 29175 ns, At safepoint: 6044 ns, Total: 45012 ns
[2026-07-11T08:44:24.220+0000][7][safepoint   ] Safepoint "Cleanup", Time since last: 52020997938 ns, Reaching safepoint: 35957 ns, Cleanup: 11313 ns, At safepoint: 7118 ns, Total: 54388 ns
[2026-07-11T08:45:23.464+0000][7][safepoint   ] Safepoint "Cleanup", Time since last: 59242922329 ns, Reaching safepoint: 34298 ns, Cleanup: 11651 ns, At safepoint: 7299 ns, Total: 53248 ns
[2026-07-11T08:45:43.470+0000][7][safepoint   ] Safepoint "Cleanup", Time since last: 20006023393 ns, Reaching safepoint: 31405 ns, Cleanup: 11860 ns, At safepoint: 9294 ns, Total: 52559 ns
[2026-07-11T08:45:52.480+0000][7][safepoint   ] Safepoint "Cleanup", Time since last: 9008742558 ns, Reaching safepoint: 13554 ns, Cleanup: 20360 ns, At safepoint: 7721 ns, Total: 41635 ns
[2026-07-11T08:46:15.332+0000][7][gc,start    ] GC(26) Pause Young (Normal) (G1 Evacuation Pause)
[2026-07-11T08:46:15.333+0000][7][gc,task     ] GC(26) Using 4 workers of 4 for evacuation
[2026-07-11T08:46:15.333+0000][7][gc,age      ] GC(26) Desired survivor size 20971520 bytes, new threshold 15 (max threshold 15)
[2026-07-11T08:46:15.340+0000][7][gc,phases   ] GC(26)   Pre Evacuate Collection Set: 0.28ms
[2026-07-11T08:46:15.340+0000][7][gc,phases   ] GC(26)   Merge Heap Roots: 0.14ms
[2026-07-11T08:46:15.340+0000][7][gc,phases   ] GC(26)   Evacuate Collection Set: 5.21ms
[2026-07-11T08:46:15.340+0000][7][gc,phases   ] GC(26)   Post Evacuate Collection Set: 1.25ms
[2026-07-11T08:46:15.340+0000][7][gc,phases   ] GC(26)   Other: 0.30ms
[2026-07-11T08:46:15.340+0000][7][gc,age      ] GC(26) Age table with threshold 15 (max threshold 15)
[2026-07-11T08:46:15.340+0000][7][gc,age      ] GC(26) - age   1:     110768 bytes,     110768 total
[2026-07-11T08:46:15.340+0000][7][gc,age      ] GC(26) - age   2:      72560 bytes,     183328 total
[2026-07-11T08:46:15.340+0000][7][gc,age      ] GC(26) - age   3:     878888 bytes,    1062216 total
[2026-07-11T08:46:15.341+0000][7][gc,age      ] GC(26) - age   4:     424256 bytes,    1486472 total
[2026-07-11T08:46:15.341+0000][7][gc,age      ] GC(26) - age   5:      78072 bytes,    1564544 total
[2026-07-11T08:46:15.341+0000][7][gc,age      ] GC(26) - age   6:    6710176 bytes,    8274720 total
[2026-07-11T08:46:15.341+0000][7][gc,age      ] GC(26) - age   7:     732344 bytes,    9007064 total
[2026-07-11T08:46:15.341+0000][7][gc,heap     ] GC(26) Eden regions: 73->0(73)
[2026-07-11T08:46:15.341+0000][7][gc,heap     ] GC(26) Survivor regions: 3->3(10)
[2026-07-11T08:46:15.342+0000][7][gc,heap     ] GC(26) Old regions: 18->18
[2026-07-11T08:46:15.342+0000][7][gc,heap     ] GC(26) Humongous regions: 2->2
[2026-07-11T08:46:15.342+0000][7][gc,metaspace] GC(26) Metaspace: 109612K(112448K)->109612K(112448K) NonClass: 94129K(95680K)->94129K(95680K) Class: 15482K(16768K)->15482K(16768K)
[2026-07-11T08:46:15.342+0000][7][gc          ] GC(26) Pause Young (Normal) (G1 Evacuation Pause) 380M->90M(512M) 9.781ms
[2026-07-11T08:46:15.342+0000][7][gc,cpu      ] GC(26) User=0.02s Sys=0.01s Real=0.01s
[2026-07-11T08:46:15.342+0000][7][safepoint   ] Safepoint "G1CollectForAllocation", Time since last: 22851670826 ns, Reaching safepoint: 35171 ns, Cleanup: 10929 ns, At safepoint: 10096013 ns, Total: 10142113 ns
[2026-07-11T08:46:33.357+0000][7][safepoint   ] Safepoint "Cleanup", Time since last: 18014369895 ns, Reaching safepoint: 12137 ns, Cleanup: 17019 ns, At safepoint: 9851 ns, Total: 39007 ns
[2026-07-11T08:47:13.510+0000][7][safepoint   ] Safepoint "Cleanup", Time since last: 40151088439 ns, Reaching safepoint: 55223 ns, Cleanup: 15738 ns, At safepoint: 9309 ns, Total: 80270 ns
[2026-07-11T08:47:23.519+0000][7][safepoint   ] Safepoint "Cleanup", Time since last: 10008623834 ns, Reaching safepoint: 13207 ns, Cleanup: 14027 ns, At safepoint: 6515 ns, Total: 33749 ns
[2026-07-11T08:48:02.402+0000][7][safepoint   ] Safepoint "Cleanup", Time since last: 39058167744 ns, Reaching safepoint: 69711 ns, Cleanup: 23979 ns, At safepoint: 11030 ns, Total: 104720 ns
[2026-07-11T08:48:27.432+0000][7][safepoint   ] Safepoint "Cleanup", Time since last: 25029706202 ns, Reaching safepoint: 42798 ns, Cleanup: 14968 ns, At safepoint: 10331 ns, Total: 68097 ns
[2026-07-11T09:18:43.096+0000][7][safepoint   ] Safepoint "Cleanup", Time since last: 1815464607056 ns, Reaching safepoint: 198919618 ns, Cleanup: 21422 ns, At safepoint: 380814 ns, Total: 199321854 ns
[2026-07-11T09:18:44.512+0000][7][safepoint   ] Safepoint "Cleanup", Time since last: 1577200268 ns, Reaching safepoint: 15225 ns, Cleanup: 47909 ns, At safepoint: 12226 ns, Total: 75360 ns
[2026-07-11T09:18:45.513+0000][7][safepoint   ] Safepoint "Cleanup", Time since last: 1000891574 ns, Reaching safepoint: 15923 ns, Cleanup: 15324 ns, At safepoint: 9447 ns, Total: 40694 ns
[2026-07-11T09:18:48.516+0000][7][safepoint   ] Safepoint "Cleanup", Time since last: 3003028443 ns, Reaching safepoint: 10314 ns, Cleanup: 10565 ns, At safepoint: 6372 ns, Total: 27251 ns
[2026-07-11T09:19:03.529+0000][7][safepoint   ] Safepoint "Cleanup", Time since last: 15013169274 ns, Reaching safepoint: 69168 ns, Cleanup: 24321 ns, At safepoint: 20403 ns, Total: 113892 ns
[2026-07-11T09:19:13.685+0000][7][safepoint   ] Safepoint "Cleanup", Time since last: 10010894501 ns, Reaching safepoint: 77202 ns, Cleanup: 25292 ns, At safepoint: 29643 ns, Total: 132137 ns
[2026-07-11T09:34:31.786+0000][7][safepoint   ] Safepoint "Cleanup", Time since last: 918123418797 ns, Reaching safepoint: 11721 ns, Cleanup: 129065 ns, At safepoint: 15983 ns, Total: 156769 ns
[2026-07-11T09:34:32.788+0000][7][safepoint   ] Safepoint "Cleanup", Time since last: 1001247381 ns, Reaching safepoint: 10490 ns, Cleanup: 10781 ns, At safepoint: 6693 ns, Total: 27964 ns
[2026-07-11T09:34:41.797+0000][7][safepoint   ] Safepoint "Cleanup", Time since last: 9008936756 ns, Reaching safepoint: 23040 ns, Cleanup: 23969 ns, At safepoint: 21647 ns, Total: 68656 ns
[2026-07-11T09:51:53.897+0000][7][safepoint   ] Safepoint "Cleanup", Time since last: 1032104664217 ns, Reaching safepoint: 15574 ns, Cleanup: 30033 ns, At safepoint: 9856 ns, Total: 55463 ns
[2026-07-11T09:52:46.052+0000][7][safepoint   ] Safepoint "Cleanup", Time since last: 52047945668 ns, Reaching safepoint: 76042 ns, Cleanup: 29595 ns, At safepoint: 28909 ns, Total: 134546 ns
[2026-07-11T10:10:47.851+0000][7][safepoint   ] Safepoint "Cleanup", Time since last: 1081814778368 ns, Reaching safepoint: 14300 ns, Cleanup: 47026 ns, At safepoint: 10272 ns, Total: 71598 ns
[2026-07-11T10:10:57.861+0000][7][safepoint   ] Safepoint "Cleanup", Time since last: 10009649860 ns, Reaching safepoint: 26117 ns, Cleanup: 31768 ns, At safepoint: 22524 ns, Total: 80409 ns
[2026-07-11T10:11:08.874+0000][7][safepoint   ] Safepoint "Cleanup", Time since last: 11012756593 ns, Reaching safepoint: 78549 ns, Cleanup: 31329 ns, At safepoint: 19682 ns, Total: 129560 ns
[2026-07-11T10:11:17.905+0000][7][safepoint   ] Safepoint "Cleanup", Time since last: 9009455914 ns, Reaching safepoint: 72104 ns, Cleanup: 29818 ns, At safepoint: 29137 ns, Total: 131059 ns
[2026-07-11T10:11:28.918+0000][7][safepoint   ] Safepoint "Cleanup", Time since last: 11013252818 ns, Reaching safepoint: 25061 ns, Cleanup: 31120 ns, At safepoint: 21812 ns, Total: 77993 ns
[2026-07-11T10:11:39.930+0000][7][safepoint   ] Safepoint "Cleanup", Time since last: 11011632616 ns, Reaching safepoint: 72718 ns, Cleanup: 30464 ns, At safepoint: 27914 ns, Total: 131096 ns
[2026-07-11T10:28:22.003+0000][7][safepoint   ] Safepoint "Cleanup", Time since last: 1002034748752 ns, Reaching safepoint: 67272165 ns, Cleanup: 21460 ns, At safepoint: 887610 ns, Total: 68181235 ns
[2026-07-11T10:28:32.215+0000][7][safepoint   ] Safepoint "Cleanup", Time since last: 10211804900 ns, Reaching safepoint: 25783 ns, Cleanup: 25360 ns, At safepoint: 20974 ns, Total: 72117 ns
[2026-07-11T10:28:52.274+0000][7][safepoint   ] Safepoint "Cleanup", Time since last: 20022429080 ns, Reaching safepoint: 78718 ns, Cleanup: 28361 ns, At safepoint: 21890 ns, Total: 128969 ns
[2026-07-11T10:29:55.956+0000][7][safepoint   ] Safepoint "Cleanup", Time since last: 63675877912 ns, Reaching safepoint: 73613 ns, Cleanup: 25924 ns, At safepoint: 29080 ns, Total: 128617 ns
[2026-07-11T10:46:31.078+0000][7][safepoint   ] Safepoint "Cleanup", Time since last: 995118836921 ns, Reaching safepoint: 10384 ns, Cleanup: 11775 ns, At safepoint: 3081 ns, Total: 25240 ns
[2026-07-11T10:46:31.387+0000][7][gc,start    ] GC(27) Pause Young (Normal) (G1 Evacuation Pause)
[2026-07-11T10:46:31.388+0000][7][gc,task     ] GC(27) Using 4 workers of 4 for evacuation
[2026-07-11T10:46:31.389+0000][7][gc,age      ] GC(27) Desired survivor size 20971520 bytes, new threshold 15 (max threshold 15)
[2026-07-11T10:46:31.582+0000][7][gc,phases   ] GC(27)   Pre Evacuate Collection Set: 0.43ms
[2026-07-11T10:46:31.585+0000][7][gc,phases   ] GC(27)   Merge Heap Roots: 2.14ms
[2026-07-11T10:46:31.588+0000][7][gc,phases   ] GC(27)   Evacuate Collection Set: 173.28ms
[2026-07-11T10:46:31.588+0000][7][gc,phases   ] GC(27)   Post Evacuate Collection Set: 16.60ms
[2026-07-11T10:46:31.589+0000][7][gc,phases   ] GC(27)   Other: 1.80ms
[2026-07-11T10:46:31.596+0000][7][gc,age      ] GC(27) Age table with threshold 15 (max threshold 15)
[2026-07-11T10:46:31.597+0000][7][gc,age      ] GC(27) - age   1:     501744 bytes,     501744 total
[2026-07-11T10:46:31.598+0000][7][gc,age      ] GC(27) - age   2:      94520 bytes,     596264 total
[2026-07-11T10:46:31.598+0000][7][gc,age      ] GC(27) - age   3:      47048 bytes,     643312 total
[2026-07-11T10:46:31.598+0000][7][gc,age      ] GC(27) - age   4:     456464 bytes,    1099776 total
[2026-07-11T10:46:31.599+0000][7][gc,age      ] GC(27) - age   5:     422424 bytes,    1522200 total
[2026-07-11T10:46:31.599+0000][7][gc,age      ] GC(27) - age   6:      77080 bytes,    1599280 total
[2026-07-11T10:46:31.599+0000][7][gc,age      ] GC(27) - age   7:    6704200 bytes,    8303480 total
[2026-07-11T10:46:31.599+0000][7][gc,age      ] GC(27) - age   8:     731944 bytes,    9035424 total
[2026-07-11T10:46:31.599+0000][7][gc,heap     ] GC(27) Eden regions: 73->0(73)
[2026-07-11T10:46:31.600+0000][7][gc,heap     ] GC(27) Survivor regions: 3->3(10)
[2026-07-11T10:46:31.601+0000][7][gc,heap     ] GC(27) Old regions: 18->18
[2026-07-11T10:46:31.601+0000][7][gc,heap     ] GC(27) Humongous regions: 2->2
[2026-07-11T10:46:31.601+0000][7][gc,metaspace] GC(27) Metaspace: 110100K(112896K)->110100K(112896K) NonClass: 94588K(96064K)->94588K(96064K) Class: 15512K(16832K)->15512K(16832K)
[2026-07-11T10:46:31.601+0000][7][gc          ] GC(27) Pause Young (Normal) (G1 Evacuation Pause) 382M->89M(512M) 214.249ms
[2026-07-11T10:46:31.601+0000][7][gc,cpu      ] GC(27) User=0.04s Sys=0.01s Real=0.21s
[2026-07-11T10:46:31.602+0000][7][safepoint   ] Safepoint "G1CollectForAllocation", Time since last: 330031713 ns, Reaching safepoint: 30159 ns, Cleanup: 32302 ns, At safepoint: 215625381 ns, Total: 215687842 ns
[2026-07-11T10:46:32.603+0000][7][safepoint   ] Safepoint "Cleanup", Time since last: 1000649106 ns, Reaching safepoint: 9822 ns, Cleanup: 17068 ns, At safepoint: 5577 ns, Total: 32467 ns
[2026-07-11T10:48:02.037+0000][7][safepoint   ] Safepoint "Cleanup", Time since last: 89425489331 ns, Reaching safepoint: 73478 ns, Cleanup: 26080 ns, At safepoint: 19452 ns, Total: 119010 ns
[2026-07-11T10:48:05.041+0000][7][safepoint   ] Safepoint "Cleanup", Time since last: 3004776674 ns, Reaching safepoint: 24075 ns, Cleanup: 26443 ns, At safepoint: 22400 ns, Total: 72918 ns
[2026-07-11T10:48:36.029+0000][7][safepoint   ] Safepoint "Cleanup", Time since last: 30988267719 ns, Reaching safepoint: 103871 ns, Cleanup: 53653 ns, At safepoint: 30905 ns, Total: 188429 ns
[2026-07-11T10:48:55.912+0000][7][safepoint   ] Safepoint "Cleanup", Time since last: 19882345207 ns, Reaching safepoint: 68100 ns, Cleanup: 19209 ns, At safepoint: 14064 ns, Total: 101373 ns
[2026-07-11T10:49:57.974+0000][7][safepoint   ] Safepoint "Cleanup", Time since last: 62060426647 ns, Reaching safepoint: 82193 ns, Cleanup: 29046 ns, At safepoint: 29405 ns, Total: 140644 ns
[2026-07-11T10:50:07.987+0000][7][safepoint   ] Safepoint "Cleanup", Time since last: 10012953757 ns, Reaching safepoint: 24409 ns, Cleanup: 24250 ns, At safepoint: 21923 ns, Total: 70582 ns
[2026-07-11T10:50:17.998+0000][7][safepoint   ] Safepoint "Cleanup", Time since last: 10011604803 ns, Reaching safepoint: 76287 ns, Cleanup: 31608 ns, At safepoint: 21164 ns, Total: 129059 ns
[2026-07-11T10:50:39.021+0000][7][safepoint   ] Safepoint "Cleanup", Time since last: 21023886819 ns, Reaching safepoint: 22517 ns, Cleanup: 23674 ns, At safepoint: 21133 ns, Total: 67324 ns
[2026-07-11T10:50:49.035+0000][7][safepoint   ] Safepoint "Cleanup", Time since last: 10013868063 ns, Reaching safepoint: 73280 ns, Cleanup: 32216 ns, At safepoint: 20974 ns, Total: 126470 ns
[2026-07-11T11:07:13.980+0000][7][safepoint   ] Safepoint "Cleanup", Time since last: 984964576187 ns, Reaching safepoint: 16669 ns, Cleanup: 51961 ns, At safepoint: 11594 ns, Total: 80224 ns
[2026-07-11T11:07:23.988+0000][7][safepoint   ] Safepoint "Cleanup", Time since last: 10008187326 ns, Reaching safepoint: 22501 ns, Cleanup: 24554 ns, At safepoint: 22209 ns, Total: 69264 ns
[2026-07-11T11:07:43.046+0000][7][safepoint   ] Safepoint "Cleanup", Time since last: 19022840182 ns, Reaching safepoint: 71389 ns, Cleanup: 20858 ns, At safepoint: 37432 ns, Total: 129679 ns
[2026-07-11T11:08:16.272+0000][7][safepoint   ] Safepoint "Cleanup", Time since last: 33219157525 ns, Reaching safepoint: 79560 ns, Cleanup: 30704 ns, At safepoint: 20753 ns, Total: 131017 ns
[2026-07-11T11:08:57.316+0000][7][safepoint   ] Safepoint "Cleanup", Time since last: 41042033129 ns, Reaching safepoint: 22943 ns, Cleanup: 157554 ns, At safepoint: 22443 ns, Total: 202940 ns
[2026-07-11T11:09:14.509+0000][7][safepoint   ] Safepoint "Cleanup", Time since last: 17191279376 ns, Reaching safepoint: 23259 ns, Cleanup: 24830 ns, At safepoint: 19696 ns, Total: 67785 ns
[2026-07-11T11:17:37.982+0000][7][safepoint   ] Safepoint "Cleanup", Time since last: 503149757944 ns, Reaching safepoint: 323412906 ns, Cleanup: 19867 ns, At safepoint: 14378028 ns, Total: 337810801 ns
[2026-07-11T11:17:38.995+0000][7][safepoint   ] Safepoint "Cleanup", Time since last: 1012330863 ns, Reaching safepoint: 10142 ns, Cleanup: 25637 ns, At safepoint: 8854 ns, Total: 44633 ns
[2026-07-11T11:17:59.016+0000][7][safepoint   ] Safepoint "Cleanup", Time since last: 20019775702 ns, Reaching safepoint: 71763 ns, Cleanup: 26407 ns, At safepoint: 1272829 ns, Total: 1370999 ns
[2026-07-11T11:18:08.030+0000][7][safepoint   ] Safepoint "Cleanup", Time since last: 9011156618 ns, Reaching safepoint: 20379 ns, Cleanup: 21750 ns, At safepoint: 22459 ns, Total: 64588 ns
[2026-07-11T11:18:38.748+0000][7][safepoint   ] Safepoint "Cleanup", Time since last: 30716422550 ns, Reaching safepoint: 13135 ns, Cleanup: 16158 ns, At safepoint: 11650 ns, Total: 40943 ns
[2026-07-11T11:20:25.584+0000][7][safepoint   ] Safepoint "Cleanup", Time since last: 106836119621 ns, Reaching safepoint: 72702 ns, Cleanup: 25795 ns, At safepoint: 21963 ns, Total: 120460 ns
[2026-07-11T11:34:49.715+0000][7][safepoint   ] Safepoint "Cleanup", Time since last: 864149043144 ns, Reaching safepoint: 17675 ns, Cleanup: 19448 ns, At safepoint: 8089 ns, Total: 45212 ns
[2026-07-11T11:35:19.520+0000][7][safepoint   ] Safepoint "Cleanup", Time since last: 29775319619 ns, Reaching safepoint: 343684 ns, Cleanup: 29566 ns, At safepoint: 192067 ns, Total: 565317 ns
[2026-07-11T11:36:49.541+0000][7][safepoint   ] Safepoint "Cleanup", Time since last: 90012179687 ns, Reaching safepoint: 23683 ns, Cleanup: 25939 ns, At safepoint: 21872 ns, Total: 71494 ns
[2026-07-11T11:36:57.550+0000][7][safepoint   ] Safepoint "Cleanup", Time since last: 8008898511 ns, Reaching safepoint: 23167 ns, Cleanup: 37518 ns, At safepoint: 23534 ns, Total: 84219 ns
[2026-07-11T11:37:26.115+0000][7][safepoint   ] Safepoint "Cleanup", Time since last: 28563907954 ns, Reaching safepoint: 94176 ns, Cleanup: 22597 ns, At safepoint: 20343 ns, Total: 137116 ns
[2026-07-11T11:37:28.118+0000][7][safepoint   ] Safepoint "Cleanup", Time since last: 2003453836 ns, Reaching safepoint: 8940 ns, Cleanup: 12387 ns, At safepoint: 5978 ns, Total: 27305 ns
[2026-07-11T11:37:35.136+0000][7][gc,start    ] GC(28) Pause Young (Normal) (G1 Evacuation Pause)
[2026-07-11T11:37:35.137+0000][7][gc,task     ] GC(28) Using 4 workers of 4 for evacuation
[2026-07-11T11:37:35.137+0000][7][gc,age      ] GC(28) Desired survivor size 20971520 bytes, new threshold 15 (max threshold 15)
[2026-07-11T11:37:35.142+0000][7][gc,phases   ] GC(28)   Pre Evacuate Collection Set: 0.31ms
[2026-07-11T11:37:35.142+0000][7][gc,phases   ] GC(28)   Merge Heap Roots: 0.10ms
[2026-07-11T11:37:35.142+0000][7][gc,phases   ] GC(28)   Evacuate Collection Set: 3.59ms
[2026-07-11T11:37:35.142+0000][7][gc,phases   ] GC(28)   Post Evacuate Collection Set: 1.17ms
[2026-07-11T11:37:35.143+0000][7][gc,phases   ] GC(28)   Other: 0.34ms
[2026-07-11T11:37:35.143+0000][7][gc,age      ] GC(28) Age table with threshold 15 (max threshold 15)
[2026-07-11T11:37:35.143+0000][7][gc,age      ] GC(28) - age   1:     239696 bytes,     239696 total
[2026-07-11T11:37:35.143+0000][7][gc,age      ] GC(28) - age   2:     157672 bytes,     397368 total
[2026-07-11T11:37:35.143+0000][7][gc,age      ] GC(28) - age   3:      53488 bytes,     450856 total
[2026-07-11T11:37:35.143+0000][7][gc,age      ] GC(28) - age   4:      47048 bytes,     497904 total
[2026-07-11T11:37:35.144+0000][7][gc,age      ] GC(28) - age   5:     456368 bytes,     954272 total
[2026-07-11T11:37:35.144+0000][7][gc,age      ] GC(28) - age   6:     422424 bytes,    1376696 total
[2026-07-11T11:37:35.144+0000][7][gc,age      ] GC(28) - age   7:      76984 bytes,    1453680 total
[2026-07-11T11:37:35.144+0000][7][gc,age      ] GC(28) - age   8:    6698736 bytes,    8152416 total
[2026-07-11T11:37:35.144+0000][7][gc,age      ] GC(28) - age   9:     731944 bytes,    8884360 total
[2026-07-11T11:37:35.144+0000][7][gc,heap     ] GC(28) Eden regions: 73->0(73)
[2026-07-11T11:37:35.144+0000][7][gc,heap     ] GC(28) Survivor regions: 3->3(10)
[2026-07-11T11:37:35.144+0000][7][gc,heap     ] GC(28) Old regions: 18->18
[2026-07-11T11:37:35.145+0000][7][gc,heap     ] GC(28) Humongous regions: 2->2
[2026-07-11T11:37:35.145+0000][7][gc,metaspace] GC(28) Metaspace: 110357K(113216K)->110357K(113216K) NonClass: 94845K(96384K)->94845K(96384K) Class: 15512K(16832K)->15512K(16832K)
[2026-07-11T11:37:35.145+0000][7][gc          ] GC(28) Pause Young (Normal) (G1 Evacuation Pause) 381M->89M(512M) 8.460ms
[2026-07-11T11:37:35.145+0000][7][gc,cpu      ] GC(28) User=0.02s Sys=0.00s Real=0.01s
[2026-07-11T11:37:35.145+0000][7][safepoint   ] Safepoint "G1CollectForAllocation", Time since last: 7017836051 ns, Reaching safepoint: 8521 ns, Cleanup: 2508 ns, At safepoint: 8976200 ns, Total: 8987229 ns
[2026-07-11T11:40:19.798+0000][7][safepoint   ] Safepoint "Cleanup", Time since last: 164651579067 ns, Reaching safepoint: 73321 ns, Cleanup: 34526 ns, At safepoint: 19750 ns, Total: 127597 ns
[2026-07-11T11:40:49.829+0000][7][safepoint   ] Safepoint "Cleanup", Time since last: 30031014646 ns, Reaching safepoint: 23526 ns, Cleanup: 31214 ns, At safepoint: 22564 ns, Total: 77304 ns
[2026-07-11T11:40:54.322+0000][7][safepoint   ] Safepoint "Cleanup", Time since last: 4493115650 ns, Reaching safepoint: 9322 ns, Cleanup: 9991 ns, At safepoint: 5078 ns, Total: 24391 ns
[2026-07-11T11:42:27.317+0000][7][safepoint   ] Safepoint "Cleanup", Time since last: 92992529180 ns, Reaching safepoint: 77142 ns, Cleanup: 26533 ns, At safepoint: 22853 ns, Total: 126528 ns
[2026-07-11T11:43:59.712+0000][7][safepoint   ] Safepoint "Cleanup", Time since last: 92396416396 ns, Reaching safepoint: 23375 ns, Cleanup: 24452 ns, At safepoint: 21857 ns, Total: 69684 ns
[2026-07-11T11:44:10.725+0000][7][safepoint   ] Safepoint "Cleanup", Time since last: 11012334401 ns, Reaching safepoint: 76417 ns, Cleanup: 27153 ns, At safepoint: 29910 ns, Total: 133480 ns
[2026-07-11T11:44:49.595+0000][7][safepoint   ] Safepoint "Cleanup", Time since last: 38869154612 ns, Reaching safepoint: 854321 ns, Cleanup: 34026 ns, At safepoint: 45699 ns, Total: 934046 ns
[2026-07-11T11:46:19.698+0000][7][safepoint   ] Safepoint "Cleanup", Time since last: 90101897431 ns, Reaching safepoint: 86157 ns, Cleanup: 43846 ns, At safepoint: 22688 ns, Total: 152691 ns
[2026-07-11T11:47:20.334+0000][7][safepoint   ] Safepoint "Cleanup", Time since last: 60636731017 ns, Reaching safepoint: 73937 ns, Cleanup: 25422 ns, At safepoint: 20830 ns, Total: 120189 ns
[2026-07-11T11:47:23.338+0000][7][safepoint   ] Safepoint "Cleanup", Time since last: 3004234962 ns, Reaching safepoint: 22356 ns, Cleanup: 25537 ns, At safepoint: 21006 ns, Total: 68899 ns
[2026-07-11T11:47:49.647+0000][7][safepoint   ] Safepoint "Cleanup", Time since last: 26306294265 ns, Reaching safepoint: 28328 ns, Cleanup: 9538 ns, At safepoint: 6240 ns, Total: 44106 ns
[2026-07-11T11:47:57.655+0000][7][safepoint   ] Safepoint "Cleanup", Time since last: 8007201825 ns, Reaching safepoint: 93097 ns, Cleanup: 34031 ns, At safepoint: 39748 ns, Total: 166876 ns
[2026-07-11T12:17:50.445+0000][7][safepoint   ] Safepoint "Cleanup", Time since last: 1792829552587 ns, Reaching safepoint: 13022 ns, Cleanup: 14745 ns, At safepoint: 4624 ns, Total: 32391 ns
[2026-07-11T12:19:44.452+0000][7][safepoint   ] Safepoint "Cleanup", Time since last: 113957239185 ns, Reaching safepoint: 72782 ns, Cleanup: 42244 ns, At safepoint: 27434 ns, Total: 142460 ns
[2026-07-11T12:19:50.463+0000][7][safepoint   ] Safepoint "Cleanup", Time since last: 6010838152 ns, Reaching safepoint: 1906331 ns, Cleanup: 28931 ns, At safepoint: 59807 ns, Total: 1995069 ns
[2026-07-11T12:20:12.530+0000][7][gc,start    ] GC(29) Pause Young (Normal) (G1 Evacuation Pause)
[2026-07-11T12:20:12.531+0000][7][gc,task     ] GC(29) Using 4 workers of 4 for evacuation
[2026-07-11T12:20:12.532+0000][7][gc,age      ] GC(29) Desired survivor size 20971520 bytes, new threshold 15 (max threshold 15)
[2026-07-11T12:20:12.559+0000][7][gc,phases   ] GC(29)   Pre Evacuate Collection Set: 1.50ms
[2026-07-11T12:20:12.560+0000][7][gc,phases   ] GC(29)   Merge Heap Roots: 0.22ms
[2026-07-11T12:20:12.561+0000][7][gc,phases   ] GC(29)   Evacuate Collection Set: 20.30ms
[2026-07-11T12:20:12.562+0000][7][gc,phases   ] GC(29)   Post Evacuate Collection Set: 4.06ms
[2026-07-11T12:20:12.562+0000][7][gc,phases   ] GC(29)   Other: 1.75ms
[2026-07-11T12:20:12.563+0000][7][gc,age      ] GC(29) Age table with threshold 15 (max threshold 15)
[2026-07-11T12:20:12.564+0000][7][gc,age      ] GC(29) - age   1:     504960 bytes,     504960 total
[2026-07-11T12:20:12.565+0000][7][gc,age      ] GC(29) - age   2:     188000 bytes,     692960 total
[2026-07-11T12:20:12.566+0000][7][gc,age      ] GC(29) - age   3:     118904 bytes,     811864 total
[2026-07-11T12:20:12.567+0000][7][gc,age      ] GC(29) - age   4:      28864 bytes,     840728 total
[2026-07-11T12:20:12.568+0000][7][gc,age      ] GC(29) - age   5:      47048 bytes,     887776 total
[2026-07-11T12:20:12.569+0000][7][gc,age      ] GC(29) - age   6:     456304 bytes,    1344080 total
[2026-07-11T12:20:12.570+0000][7][gc,age      ] GC(29) - age   7:     422424 bytes,    1766504 total
[2026-07-11T12:20:12.571+0000][7][gc,age      ] GC(29) - age   8:      76984 bytes,    1843488 total
[2026-07-11T12:20:12.572+0000][7][gc,age      ] GC(29) - age   9:    6698736 bytes,    8542224 total
[2026-07-11T12:20:12.573+0000][7][gc,age      ] GC(29) - age  10:     731944 bytes,    9274168 total
[2026-07-11T12:20:12.573+0000][7][gc,heap     ] GC(29) Eden regions: 73->0(73)
[2026-07-11T12:20:12.574+0000][7][gc,heap     ] GC(29) Survivor regions: 3->3(10)
[2026-07-11T12:20:12.575+0000][7][gc,heap     ] GC(29) Old regions: 18->18
[2026-07-11T12:20:12.576+0000][7][gc,heap     ] GC(29) Humongous regions: 2->2
[2026-07-11T12:20:12.577+0000][7][gc,metaspace] GC(29) Metaspace: 110675K(113472K)->110675K(113472K) NonClass: 95163K(96640K)->95163K(96640K) Class: 15512K(16832K)->15512K(16832K)
[2026-07-11T12:20:12.577+0000][7][gc          ] GC(29) Pause Young (Normal) (G1 Evacuation Pause) 381M->90M(512M) 47.744ms
[2026-07-11T12:20:12.579+0000][7][gc,cpu      ] GC(29) User=0.06s Sys=0.01s Real=0.05s
[2026-07-11T12:20:12.580+0000][7][safepoint   ] Safepoint "G1CollectForAllocation", Time since last: 22066733782 ns, Reaching safepoint: 73093 ns, Cleanup: 8883 ns, At safepoint: 50423702 ns, Total: 50505678 ns
[2026-07-11T12:20:20.592+0000][7][safepoint   ] Safepoint "Cleanup", Time since last: 8009931307 ns, Reaching safepoint: 63608 ns, Cleanup: 32227 ns, At safepoint: 28540 ns, Total: 124375 ns
[2026-07-11T12:20:45.723+0000][7][safepoint   ] Safepoint "Cleanup", Time since last: 25130883642 ns, Reaching safepoint: 76193 ns, Cleanup: 51636 ns, At safepoint: 21680 ns, Total: 149509 ns
[2026-07-11T12:20:50.729+0000][7][safepoint   ] Safepoint "Cleanup", Time since last: 5006675245 ns, Reaching safepoint: 25472 ns, Cleanup: 25076 ns, At safepoint: 21464 ns, Total: 72012 ns
[2026-07-11T12:34:51.431+0000][7][safepoint   ] Safepoint "Cleanup", Time since last: 840693601625 ns, Reaching safepoint: 1234371 ns, Cleanup: 10603 ns, At safepoint: 6468414 ns, Total: 7713388 ns
[2026-07-11T12:34:52.551+0000][7][safepoint   ] Safepoint "Cleanup", Time since last: 1178440923 ns, Reaching safepoint: 14967 ns, Cleanup: 57189 ns, At safepoint: 7118 ns, Total: 79274 ns
[2026-07-11T12:35:02.563+0000][7][safepoint   ] Safepoint "Cleanup", Time since last: 10011238910 ns, Reaching safepoint: 25040 ns, Cleanup: 32506 ns, At safepoint: 22357 ns, Total: 79903 ns
[2026-07-11T12:49:10.118+0000][7][safepoint   ] Safepoint "Cleanup", Time since last: 847504443410 ns, Reaching safepoint: 10740 ns, Cleanup: 26422 ns, At safepoint: 6553 ns, Total: 43715 ns
[2026-07-11T12:49:40.150+0000][7][safepoint   ] Safepoint "Cleanup", Time since last: 30031517733 ns, Reaching safepoint: 75151 ns, Cleanup: 28011 ns, At safepoint: 30666 ns, Total: 133828 ns
[2026-07-11T12:50:24.393+0000][7][safepoint   ] Safepoint "Cleanup", Time since last: 44242654553 ns, Reaching safepoint: 101859 ns, Cleanup: 32250 ns, At safepoint: 28846 ns, Total: 162955 ns
[2026-07-11T12:51:09.443+0000][7][safepoint   ] Safepoint "Cleanup", Time since last: 45048074884 ns, Reaching safepoint: 97179 ns, Cleanup: 32435 ns, At safepoint: 26997 ns, Total: 156611 ns
[2026-07-11T13:09:23.250+0000][7][safepoint   ] Safepoint "Cleanup", Time since last: 1093832922733 ns, Reaching safepoint: 1136131 ns, Cleanup: 19464 ns, At safepoint: 41144 ns, Total: 1196739 ns
[2026-07-11T13:09:24.461+0000][7][safepoint   ] Safepoint "Cleanup", Time since last: 1209048467 ns, Reaching safepoint: 1030813 ns, Cleanup: 28646 ns, At safepoint: 14089 ns, Total: 1073548 ns
[2026-07-11T13:09:53.598+0000][7][safepoint   ] Safepoint "Cleanup", Time since last: 29030305527 ns, Reaching safepoint: 72091 ns, Cleanup: 32597 ns, At safepoint: 31537 ns, Total: 136225 ns
[2026-07-11T13:28:14.372+0000][7][safepoint   ] Safepoint "Cleanup", Time since last: 1100696259891 ns, Reaching safepoint: 31234952 ns, Cleanup: 21199 ns, At safepoint: 44050868 ns, Total: 75307019 ns
[2026-07-11T13:28:15.574+0000][7][safepoint   ] Safepoint "Cleanup", Time since last: 1223023465 ns, Reaching safepoint: 14596 ns, Cleanup: 22250 ns, At safepoint: 8685 ns, Total: 45531 ns
[2026-07-11T13:29:07.652+0000][7][safepoint   ] Safepoint "Cleanup", Time since last: 52053324040 ns, Reaching safepoint: 75600 ns, Cleanup: 26539 ns, At safepoint: 29753 ns, Total: 131892 ns
[2026-07-11T13:29:15.294+0000][7][safepoint   ] Safepoint "Cleanup", Time since last: 7636973604 ns, Reaching safepoint: 24994 ns, Cleanup: 23971 ns, At safepoint: 22344 ns, Total: 71309 ns
[2026-07-11T13:29:45.325+0000][7][safepoint   ] Safepoint "Cleanup", Time since last: 30030195812 ns, Reaching safepoint: 24622 ns, Cleanup: 24581 ns, At safepoint: 22595 ns, Total: 71798 ns
[2026-07-11T13:30:29.555+0000][7][safepoint   ] Safepoint "Cleanup", Time since last: 44228540063 ns, Reaching safepoint: 64952 ns, Cleanup: 21656 ns, At safepoint: 27020 ns, Total: 113628 ns
[2026-07-11T13:47:16.450+0000][7][safepoint   ] Safepoint "Cleanup", Time since last: 1006915433360 ns, Reaching safepoint: 15380 ns, Cleanup: 33345 ns, At safepoint: 12019 ns, Total: 60744 ns
[2026-07-11T13:47:30.850+0000][7][gc,start    ] GC(30) Pause Young (Normal) (G1 Evacuation Pause)
[2026-07-11T13:47:30.851+0000][7][gc,task     ] GC(30) Using 4 workers of 4 for evacuation
[2026-07-11T13:47:30.852+0000][7][gc,age      ] GC(30) Desired survivor size 20971520 bytes, new threshold 15 (max threshold 15)
[2026-07-11T13:47:30.880+0000][7][gc,phases   ] GC(30)   Pre Evacuate Collection Set: 1.33ms
[2026-07-11T13:47:30.881+0000][7][gc,phases   ] GC(30)   Merge Heap Roots: 0.55ms
[2026-07-11T13:47:30.882+0000][7][gc,phases   ] GC(30)   Evacuate Collection Set: 19.90ms
[2026-07-11T13:47:30.883+0000][7][gc,phases   ] GC(30)   Post Evacuate Collection Set: 4.39ms
[2026-07-11T13:47:30.884+0000][7][gc,phases   ] GC(30)   Other: 2.34ms
[2026-07-11T13:47:30.885+0000][7][gc,age      ] GC(30) Age table with threshold 15 (max threshold 15)
[2026-07-11T13:47:30.886+0000][7][gc,age      ] GC(30) - age   1:     641480 bytes,     641480 total
[2026-07-11T13:47:30.886+0000][7][gc,age      ] GC(30) - age   2:      55848 bytes,     697328 total
[2026-07-11T13:47:30.887+0000][7][gc,age      ] GC(30) - age   3:      29672 bytes,     727000 total
[2026-07-11T13:47:30.888+0000][7][gc,age      ] GC(30) - age   4:     112392 bytes,     839392 total
[2026-07-11T13:47:30.889+0000][7][gc,age      ] GC(30) - age   5:      28824 bytes,     868216 total
[2026-07-11T13:47:30.890+0000][7][gc,age      ] GC(30) - age   6:      47048 bytes,     915264 total
[2026-07-11T13:47:30.891+0000][7][gc,age      ] GC(30) - age   7:     456304 bytes,    1371568 total
[2026-07-11T13:47:30.891+0000][7][gc,age      ] GC(30) - age   8:     422288 bytes,    1793856 total
[2026-07-11T13:47:30.892+0000][7][gc,age      ] GC(30) - age   9:      76984 bytes,    1870840 total
[2026-07-11T13:47:30.893+0000][7][gc,age      ] GC(30) - age  10:    6698736 bytes,    8569576 total
[2026-07-11T13:47:30.894+0000][7][gc,age      ] GC(30) - age  11:     731944 bytes,    9301520 total
[2026-07-11T13:47:30.895+0000][7][gc,heap     ] GC(30) Eden regions: 73->0(73)
[2026-07-11T13:47:30.895+0000][7][gc,heap     ] GC(30) Survivor regions: 3->3(10)
[2026-07-11T13:47:30.896+0000][7][gc,heap     ] GC(30) Old regions: 18->18
[2026-07-11T13:47:30.897+0000][7][gc,heap     ] GC(30) Humongous regions: 2->2
[2026-07-11T13:47:30.898+0000][7][gc,metaspace] GC(30) Metaspace: 110813K(113664K)->110813K(113664K) NonClass: 95300K(96832K)->95300K(96832K) Class: 15512K(16832K)->15512K(16832K)
[2026-07-11T13:47:30.899+0000][7][gc          ] GC(30) Pause Young (Normal) (G1 Evacuation Pause) 382M->90M(512M) 49.462ms
[2026-07-11T13:47:30.899+0000][7][gc,cpu      ] GC(30) User=0.07s Sys=0.00s Real=0.05s
[2026-07-11T13:47:30.901+0000][7][safepoint   ] Safepoint "G1CollectForAllocation", Time since last: 14399227932 ns, Reaching safepoint: 70334 ns, Cleanup: 8634 ns, At safepoint: 51294854 ns, Total: 51373822 ns
[2026-07-11T13:48:16.953+0000][7][safepoint   ] Safepoint "Cleanup", Time since last: 45992057922 ns, Reaching safepoint: 74520 ns, Cleanup: 23828 ns, At safepoint: 30140 ns, Total: 128488 ns
[2026-07-11T13:48:49.988+0000][7][safepoint   ] Safepoint "Cleanup", Time since last: 33034476582 ns, Reaching safepoint: 74599 ns, Cleanup: 32358 ns, At safepoint: 29639 ns, Total: 136596 ns
[2026-07-11T13:49:16.015+0000][7][safepoint   ] Safepoint "Cleanup", Time since last: 26025963650 ns, Reaching safepoint: 21484 ns, Cleanup: 22073 ns, At safepoint: 20381 ns, Total: 63938 ns
[2026-07-11T14:07:24.355+0000][7][safepoint   ] Safepoint "Cleanup", Time since last: 1088365836634 ns, Reaching safepoint: 11626 ns, Cleanup: 28747 ns, At safepoint: 11049 ns, Total: 51422 ns
[2026-07-11T14:07:29.360+0000][7][safepoint   ] Safepoint "Cleanup", Time since last: 5004919302 ns, Reaching safepoint: 9421 ns, Cleanup: 9596 ns, At safepoint: 5688 ns, Total: 24705 ns
[2026-07-11T14:26:53.438+0000][7][safepoint   ] Safepoint "Cleanup", Time since last: 1164058738107 ns, Reaching safepoint: 17603 ns, Cleanup: 19072 ns, At safepoint: 250437 ns, Total: 287112 ns
[2026-07-11T14:44:39.417+0000][7][safepoint   ] Safepoint "Cleanup", Time since last: 1065963185527 ns, Reaching safepoint: 16205 ns, Cleanup: 27530 ns, At safepoint: 9961 ns, Total: 53696 ns
[2026-07-11T14:45:09.483+0000][7][safepoint   ] Safepoint "Cleanup", Time since last: 30029928403 ns, Reaching safepoint: 75003 ns, Cleanup: 24210 ns, At safepoint: 30282 ns, Total: 129495 ns
[2026-07-11T14:45:14.489+0000][7][safepoint   ] Safepoint "Cleanup", Time since last: 5006201452 ns, Reaching safepoint: 27625 ns, Cleanup: 25031 ns, At safepoint: 23686 ns, Total: 76342 ns
[2026-07-11T14:46:12.768+0000][7][safepoint   ] Safepoint "Cleanup", Time since last: 58271006326 ns, Reaching safepoint: 27382 ns, Cleanup: 29352 ns, At safepoint: 24561 ns, Total: 81295 ns
[2026-07-11T14:46:22.779+0000][7][safepoint   ] Safepoint "Cleanup", Time since last: 10011547904 ns, Reaching safepoint: 25361 ns, Cleanup: 23729 ns, At safepoint: 22541 ns, Total: 71631 ns
[2026-07-11T14:46:33.792+0000][7][safepoint   ] Safepoint "Cleanup", Time since last: 11012222240 ns, Reaching safepoint: 87488 ns, Cleanup: 26115 ns, At safepoint: 272506 ns, Total: 386109 ns
[2026-07-11T14:46:43.742+0000][7][safepoint   ] Safepoint "Cleanup", Time since last: 9948152836 ns, Reaching safepoint: 25930 ns, Cleanup: 31198 ns, At safepoint: 23528 ns, Total: 80656 ns
[2026-07-11T14:50:11.497+0000][7][safepoint   ] Safepoint "Cleanup", Time since last: 207773565238 ns, Reaching safepoint: 10883 ns, Cleanup: 19045 ns, At safepoint: 7171 ns, Total: 37099 ns
[2026-07-11T14:50:32.517+0000][7][safepoint   ] Safepoint "Cleanup", Time since last: 21019635135 ns, Reaching safepoint: 85398 ns, Cleanup: 25912 ns, At safepoint: 33587 ns, Total: 144897 ns
[2026-07-11T15:07:12.795+0000][7][safepoint   ] Safepoint "Cleanup", Time since last: 1000281494685 ns, Reaching safepoint: 1722588 ns, Cleanup: 42055 ns, At safepoint: 93705 ns, Total: 1858348 ns
[2026-07-11T15:07:13.797+0000][7][safepoint   ] Safepoint "Cleanup", Time since last: 1001813587 ns, Reaching safepoint: 13902 ns, Cleanup: 10464 ns, At safepoint: 7330 ns, Total: 31696 ns
[2026-07-11T15:07:23.806+0000][7][safepoint   ] Safepoint "Cleanup", Time since last: 10009481977 ns, Reaching safepoint: 24370 ns, Cleanup: 24891 ns, At safepoint: 21709 ns, Total: 70970 ns
[2026-07-11T15:07:52.858+0000][7][safepoint   ] Safepoint "Cleanup", Time since last: 29028916234 ns, Reaching safepoint: 153489 ns, Cleanup: 29602 ns, At safepoint: 26802 ns, Total: 209893 ns
[2026-07-11T15:07:54.441+0000][7][gc,start    ] GC(31) Pause Young (Normal) (G1 Evacuation Pause)
[2026-07-11T15:07:54.442+0000][7][gc,task     ] GC(31) Using 4 workers of 4 for evacuation
[2026-07-11T15:07:54.443+0000][7][gc,age      ] GC(31) Desired survivor size 20971520 bytes, new threshold 15 (max threshold 15)
[2026-07-11T15:07:54.472+0000][7][gc,phases   ] GC(31)   Pre Evacuate Collection Set: 1.31ms
[2026-07-11T15:07:54.473+0000][7][gc,phases   ] GC(31)   Merge Heap Roots: 0.85ms
[2026-07-11T15:07:54.474+0000][7][gc,phases   ] GC(31)   Evacuate Collection Set: 20.59ms
[2026-07-11T15:07:54.475+0000][7][gc,phases   ] GC(31)   Post Evacuate Collection Set: 4.92ms
[2026-07-11T15:07:54.476+0000][7][gc,phases   ] GC(31)   Other: 2.63ms
[2026-07-11T15:07:54.477+0000][7][gc,age      ] GC(31) Age table with threshold 15 (max threshold 15)
[2026-07-11T15:07:54.478+0000][7][gc,age      ] GC(31) - age   1:     633936 bytes,     633936 total
[2026-07-11T15:07:54.479+0000][7][gc,age      ] GC(31) - age   2:      56240 bytes,     690176 total
[2026-07-11T15:07:54.479+0000][7][gc,age      ] GC(31) - age   3:      55784 bytes,     745960 total
[2026-07-11T15:07:54.480+0000][7][gc,age      ] GC(31) - age   4:      29608 bytes,     775568 total
[2026-07-11T15:07:54.482+0000][7][gc,age      ] GC(31) - age   5:     112328 bytes,     887896 total
[2026-07-11T15:07:54.483+0000][7][gc,age      ] GC(31) - age   6:      28824 bytes,     916720 total
[2026-07-11T15:07:54.484+0000][7][gc,age      ] GC(31) - age   7:      47048 bytes,     963768 total
[2026-07-11T15:07:54.485+0000][7][gc,age      ] GC(31) - age   8:     456304 bytes,    1420072 total
[2026-07-11T15:07:54.486+0000][7][gc,age      ] GC(31) - age   9:     421064 bytes,    1841136 total
[2026-07-11T15:07:54.486+0000][7][gc,age      ] GC(31) - age  10:      76984 bytes,    1918120 total
[2026-07-11T15:07:54.487+0000][7][gc,age      ] GC(31) - age  11:    6698736 bytes,    8616856 total
[2026-07-11T15:07:54.488+0000][7][gc,age      ] GC(31) - age  12:     731944 bytes,    9348800 total
[2026-07-11T15:07:54.489+0000][7][gc,heap     ] GC(31) Eden regions: 73->0(73)
[2026-07-11T15:07:54.490+0000][7][gc,heap     ] GC(31) Survivor regions: 3->3(10)
[2026-07-11T15:07:54.491+0000][7][gc,heap     ] GC(31) Old regions: 18->18
[2026-07-11T15:07:54.492+0000][7][gc,heap     ] GC(31) Humongous regions: 2->2
[2026-07-11T15:07:54.492+0000][7][gc,metaspace] GC(31) Metaspace: 110936K(113856K)->110936K(113856K) NonClass: 95423K(97024K)->95423K(97024K) Class: 15512K(16832K)->15512K(16832K)
[2026-07-11T15:07:54.493+0000][7][gc          ] GC(31) Pause Young (Normal) (G1 Evacuation Pause) 382M->89M(512M) 51.713ms
[2026-07-11T15:07:54.494+0000][7][gc,cpu      ] GC(31) User=0.07s Sys=0.01s Real=0.05s
[2026-07-11T15:07:54.495+0000][7][safepoint   ] Safepoint "G1CollectForAllocation", Time since last: 1583240851 ns, Reaching safepoint: 23957 ns, Cleanup: 8818 ns, At safepoint: 53651338 ns, Total: 53684113 ns
[2026-07-11T15:17:58.601+0000][7][safepoint   ] Safepoint "Cleanup", Time since last: 604109190677 ns, Reaching safepoint: 17042 ns, Cleanup: 19222 ns, At safepoint: 10184 ns, Total: 46448 ns
[2026-07-11T15:18:08.610+0000][7][safepoint   ] Safepoint "Cleanup", Time since last: 10008704795 ns, Reaching safepoint: 25260 ns, Cleanup: 39011 ns, At safepoint: 25518 ns, Total: 89789 ns
[2026-07-11T15:36:44.628+0000][7][safepoint   ] Safepoint "Cleanup", Time since last: 1116035628328 ns, Reaching safepoint: 16630 ns, Cleanup: 20947 ns, At safepoint: 10730 ns, Total: 48307 ns
[2026-07-11T15:36:53.634+0000][7][safepoint   ] Safepoint "Cleanup", Time since last: 9005944093 ns, Reaching safepoint: 9854 ns, Cleanup: 5366 ns, At safepoint: 6335 ns, Total: 21555 ns
[2026-07-11T15:37:15.694+0000][7][safepoint   ] Safepoint "Cleanup", Time since last: 22024151829 ns, Reaching safepoint: 71824 ns, Cleanup: 38585 ns, At safepoint: 32042 ns, Total: 142451 ns
[2026-07-11T15:37:43.686+0000][7][safepoint   ] Safepoint "Cleanup", Time since last: 27982218077 ns, Reaching safepoint: 55841 ns, Cleanup: 21401 ns, At safepoint: 16204 ns, Total: 93446 ns
[2026-07-11T15:38:38.742+0000][7][safepoint   ] Safepoint "Cleanup", Time since last: 55055013106 ns, Reaching safepoint: 67689 ns, Cleanup: 25086 ns, At safepoint: 29768 ns, Total: 122543 ns
[2026-07-11T15:51:12.575+0000][7][safepoint   ] Safepoint "Cleanup", Time since last: 753847336325 ns, Reaching safepoint: 128488 ns, Cleanup: 753108 ns, At safepoint: 119340 ns, Total: 1000936 ns
[2026-07-11T15:51:42.601+0000][7][safepoint   ] Safepoint "Cleanup", Time since last: 30025772969 ns, Reaching safepoint: 68859 ns, Cleanup: 23784 ns, At safepoint: 28204 ns, Total: 120847 ns
[2026-07-11T15:52:58.642+0000][7][safepoint   ] Safepoint "Cleanup", Time since last: 76039178906 ns, Reaching safepoint: 81108 ns, Cleanup: 25674 ns, At safepoint: 21937 ns, Total: 128719 ns
[2026-07-11T15:54:34.757+0000][7][safepoint   ] Safepoint "Cleanup", Time since last: 96083487376 ns, Reaching safepoint: 9524820 ns, Cleanup: 17514 ns, At safepoint: 23472415 ns, Total: 33014749 ns
[2026-07-11T15:55:00.040+0000][7][safepoint   ] Safepoint "Cleanup", Time since last: 25282599400 ns, Reaching safepoint: 24908 ns, Cleanup: 25048 ns, At safepoint: 23017 ns, Total: 72973 ns
[2026-07-11T16:12:23.719+0000][7][safepoint   ] Safepoint "Cleanup", Time since last: 1043639783323 ns, Reaching safepoint: 41507661 ns, Cleanup: 16510 ns, At safepoint: 371647 ns, Total: 41895818 ns
[2026-07-11T16:12:24.920+0000][7][safepoint   ] Safepoint "Cleanup", Time since last: 1200580001 ns, Reaching safepoint: 16092 ns, Cleanup: 20940 ns, At safepoint: 15265 ns, Total: 52297 ns
[2026-07-11T16:14:12.743+0000][7][safepoint   ] Safepoint "Cleanup", Time since last: 107785765335 ns, Reaching safepoint: 79358 ns, Cleanup: 25347 ns, At safepoint: 34804 ns, Total: 139509 ns
[2026-07-11T16:14:23.758+0000][7][safepoint   ] Safepoint "Cleanup", Time since last: 11012338029 ns, Reaching safepoint: 1216132 ns, Cleanup: 24480 ns, At safepoint: 437121 ns, Total: 1677733 ns
[2026-07-11T16:14:24.760+0000][7][safepoint   ] Safepoint "Cleanup", Time since last: 1001574090 ns, Reaching safepoint: 26105 ns, Cleanup: 25542 ns, At safepoint: 24385 ns, Total: 76032 ns
[2026-07-11T16:30:03.659+0000][7][safepoint   ] Safepoint "Cleanup", Time since last: 938917516305 ns, Reaching safepoint: 12710 ns, Cleanup: 13854 ns, At safepoint: 7767 ns, Total: 34331 ns
[2026-07-11T16:30:33.597+0000][7][safepoint   ] Safepoint "Cleanup", Time since last: 30029269090 ns, Reaching safepoint: 79338 ns, Cleanup: 24465 ns, At safepoint: 157754 ns, Total: 261557 ns
[2026-07-11T16:31:32.875+0000][7][safepoint   ] Safepoint "Cleanup", Time since last: 59275068792 ns, Reaching safepoint: 87100 ns, Cleanup: 24913 ns, At safepoint: 21675 ns, Total: 133688 ns
[2026-07-11T16:32:12.933+0000][7][gc,start    ] GC(32) Pause Young (Normal) (G1 Evacuation Pause)
[2026-07-11T16:32:12.934+0000][7][gc,task     ] GC(32) Using 4 workers of 4 for evacuation
[2026-07-11T16:32:12.935+0000][7][gc,age      ] GC(32) Desired survivor size 20971520 bytes, new threshold 15 (max threshold 15)
[2026-07-11T16:32:12.985+0000][7][gc,phases   ] GC(32)   Pre Evacuate Collection Set: 2.26ms
[2026-07-11T16:32:12.986+0000][7][gc,phases   ] GC(32)   Merge Heap Roots: 0.51ms
[2026-07-11T16:32:12.987+0000][7][gc,phases   ] GC(32)   Evacuate Collection Set: 40.55ms
[2026-07-11T16:32:12.987+0000][7][gc,phases   ] GC(32)   Post Evacuate Collection Set: 5.43ms
[2026-07-11T16:32:12.988+0000][7][gc,phases   ] GC(32)   Other: 1.97ms
[2026-07-11T16:32:12.989+0000][7][gc,age      ] GC(32) Age table with threshold 15 (max threshold 15)
[2026-07-11T16:32:12.990+0000][7][gc,age      ] GC(32) - age   1:     564704 bytes,     564704 total
[2026-07-11T16:32:12.991+0000][7][gc,age      ] GC(32) - age   2:      31480 bytes,     596184 total
[2026-07-11T16:32:12.991+0000][7][gc,age      ] GC(32) - age   3:      54776 bytes,     650960 total
[2026-07-11T16:32:12.992+0000][7][gc,age      ] GC(32) - age   4:      55784 bytes,     706744 total
[2026-07-11T16:32:12.993+0000][7][gc,age      ] GC(32) - age   5:      29544 bytes,     736288 total
[2026-07-11T16:32:12.994+0000][7][gc,age      ] GC(32) - age   6:     112264 bytes,     848552 total
[2026-07-11T16:32:12.995+0000][7][gc,age      ] GC(32) - age   7:      28824 bytes,     877376 total
[2026-07-11T16:32:12.995+0000][7][gc,age      ] GC(32) - age   8:      47048 bytes,     924424 total
[2026-07-11T16:32:12.998+0000][7][gc,age      ] GC(32) - age   9:     456304 bytes,    1380728 total
[2026-07-11T16:32:12.999+0000][7][gc,age      ] GC(32) - age  10:     421064 bytes,    1801792 total
[2026-07-11T16:32:12.999+0000][7][gc,age      ] GC(32) - age  11:      76984 bytes,    1878776 total
[2026-07-11T16:32:13.000+0000][7][gc,age      ] GC(32) - age  12:    6698736 bytes,    8577512 total
[2026-07-11T16:32:13.001+0000][7][gc,age      ] GC(32) - age  13:     731944 bytes,    9309456 total
[2026-07-11T16:32:13.002+0000][7][gc,heap     ] GC(32) Eden regions: 73->0(73)
[2026-07-11T16:32:13.003+0000][7][gc,heap     ] GC(32) Survivor regions: 3->3(10)
[2026-07-11T16:32:13.004+0000][7][gc,heap     ] GC(32) Old regions: 18->18
[2026-07-11T16:32:13.005+0000][7][gc,heap     ] GC(32) Humongous regions: 2->2
[2026-07-11T16:32:13.006+0000][7][gc,metaspace] GC(32) Metaspace: 111034K(113920K)->111034K(113920K) NonClass: 95521K(97088K)->95521K(97088K) Class: 15512K(16832K)->15512K(16832K)
[2026-07-11T16:32:13.006+0000][7][gc          ] GC(32) Pause Young (Normal) (G1 Evacuation Pause) 381M->90M(512M) 73.794ms
[2026-07-11T16:32:13.007+0000][7][gc,cpu      ] GC(32) User=0.10s Sys=0.00s Real=0.08s
[2026-07-11T16:32:13.009+0000][7][safepoint   ] Safepoint "G1CollectForAllocation", Time since last: 40057836389 ns, Reaching safepoint: 79861 ns, Cleanup: 8579 ns, At safepoint: 76094036 ns, Total: 76182476 ns
[2026-07-11T16:49:10.534+0000][7][safepoint   ] Safepoint "Cleanup", Time since last: 1017547375722 ns, Reaching safepoint: 14130 ns, Cleanup: 86006 ns, At safepoint: 14137 ns, Total: 114273 ns
[2026-07-11T16:50:02.600+0000][7][safepoint   ] Safepoint "Cleanup", Time since last: 52051315225 ns, Reaching safepoint: 71703 ns, Cleanup: 23981 ns, At safepoint: 20934 ns, Total: 116618 ns
[2026-07-11T16:50:12.852+0000][7][safepoint   ] Safepoint "Cleanup", Time since last: 10250602972 ns, Reaching safepoint: 69693 ns, Cleanup: 35722 ns, At safepoint: 21408 ns, Total: 126823 ns
[2026-07-11T16:50:22.862+0000][7][safepoint   ] Safepoint "Cleanup", Time since last: 10010115383 ns, Reaching safepoint: 25009 ns, Cleanup: 34787 ns, At safepoint: 20921 ns, Total: 80717 ns
[2026-07-11T16:53:12.625+0000][7][safepoint   ] Safepoint "Cleanup", Time since last: 169762756165 ns, Reaching safepoint: 77557 ns, Cleanup: 20935 ns, At safepoint: 29318 ns, Total: 127810 ns
[2026-07-11T16:53:43.653+0000][7][safepoint   ] Safepoint "Cleanup", Time since last: 31027082364 ns, Reaching safepoint: 75835 ns, Cleanup: 25148 ns, At safepoint: 30335 ns, Total: 131318 ns
[2026-07-11T16:54:10.679+0000][7][safepoint   ] Safepoint "Cleanup", Time since last: 27025779112 ns, Reaching safepoint: 78844 ns, Cleanup: 24299 ns, At safepoint: 21289 ns, Total: 124432 ns
[2026-07-11T16:57:52.487+0000][7][safepoint   ] Safepoint "Cleanup", Time since last: 221813535108 ns, Reaching safepoint: 948495 ns, Cleanup: 13579 ns, At safepoint: 62966 ns, Total: 1025040 ns
[2026-07-11T17:08:43.935+0000][7][safepoint   ] Safepoint "Cleanup", Time since last: 651437067324 ns, Reaching safepoint: 14942272 ns, Cleanup: 15805 ns, At safepoint: 12126311 ns, Total: 27084388 ns
[2026-07-11T17:08:44.939+0000][7][safepoint   ] Safepoint "Cleanup", Time since last: 1003452104 ns, Reaching safepoint: 15886 ns, Cleanup: 23606 ns, At safepoint: 10443 ns, Total: 49935 ns
[2026-07-11T17:09:15.987+0000][7][safepoint   ] Safepoint "Cleanup", Time since last: 31030328535 ns, Reaching safepoint: 24168 ns, Cleanup: 27744 ns, At safepoint: 23685 ns, Total: 75597 ns
[2026-07-11T17:26:45.863+0000][7][safepoint   ] Safepoint "Cleanup", Time since last: 1049640855376 ns, Reaching safepoint: 255860831 ns, Cleanup: 13434 ns, At safepoint: 6526 ns, Total: 255880791 ns
[2026-07-11T17:26:46.869+0000][7][safepoint   ] Safepoint "Cleanup", Time since last: 1004880512 ns, Reaching safepoint: 1087209 ns, Cleanup: 17253 ns, At safepoint: 134147 ns, Total: 1238609 ns
[2026-07-11T17:27:27.927+0000][7][safepoint   ] Safepoint "Cleanup", Time since last: 41041164627 ns, Reaching safepoint: 24488 ns, Cleanup: 25992 ns, At safepoint: 22968 ns, Total: 73448 ns
[2026-07-11T17:27:45.873+0000][7][safepoint   ] Safepoint "Cleanup", Time since last: 17942229989 ns, Reaching safepoint: 24631 ns, Cleanup: 20883 ns, At safepoint: 12791 ns, Total: 58305 ns
[2026-07-11T17:27:58.886+0000][7][safepoint   ] Safepoint "Cleanup", Time since last: 13013434533 ns, Reaching safepoint: 70869 ns, Cleanup: 25665 ns, At safepoint: 22534 ns, Total: 119068 ns
[2026-07-11T17:28:09.899+0000][7][safepoint   ] Safepoint "Cleanup", Time since last: 11012216681 ns, Reaching safepoint: 68757 ns, Cleanup: 29353 ns, At safepoint: 30605 ns, Total: 128715 ns
[2026-07-11T17:28:29.922+0000][7][safepoint   ] Safepoint "Cleanup", Time since last: 20020758665 ns, Reaching safepoint: 75521 ns, Cleanup: 38272 ns, At safepoint: 22650 ns, Total: 136443 ns
[2026-07-11T17:28:40.932+0000][7][safepoint   ] Safepoint "Cleanup", Time since last: 11010297037 ns, Reaching safepoint: 74125 ns, Cleanup: 28937 ns, At safepoint: 31792 ns, Total: 134854 ns
[2026-07-11T17:45:09.949+0000][7][safepoint   ] Safepoint "Cleanup", Time since last: 989038249736 ns, Reaching safepoint: 13141 ns, Cleanup: 12100 ns, At safepoint: 8239 ns, Total: 33480 ns
[2026-07-11T18:02:35.605+0000][7][safepoint   ] Safepoint "Cleanup", Time since last: 1045659273660 ns, Reaching safepoint: 16659 ns, Cleanup: 37411 ns, At safepoint: 12082 ns, Total: 66152 ns
[2026-07-11T18:04:06.961+0000][7][safepoint   ] Safepoint "Cleanup", Time since last: 89327703230 ns, Reaching safepoint: 25268 ns, Cleanup: 38832 ns, At safepoint: 23616 ns, Total: 87716 ns
[2026-07-11T18:21:40.837+0000][7][gc,start    ] GC(33) Pause Young (Normal) (G1 Evacuation Pause)
[2026-07-11T18:21:40.975+0000][7][gc,task     ] GC(33) Using 4 workers of 4 for evacuation
[2026-07-11T18:21:40.975+0000][7][gc,age      ] GC(33) Desired survivor size 20971520 bytes, new threshold 15 (max threshold 15)
[2026-07-11T18:21:41.069+0000][7][gc,phases   ] GC(33)   Pre Evacuate Collection Set: 21.71ms
[2026-07-11T18:21:41.072+0000][7][gc,phases   ] GC(33)   Merge Heap Roots: 1.38ms
[2026-07-11T18:21:41.072+0000][7][gc,phases   ] GC(33)   Evacuate Collection Set: 61.43ms
[2026-07-11T18:21:41.073+0000][7][gc,phases   ] GC(33)   Post Evacuate Collection Set: 8.66ms
[2026-07-11T18:21:41.073+0000][7][gc,phases   ] GC(33)   Other: 1.57ms
[2026-07-11T18:21:41.073+0000][7][gc,age      ] GC(33) Age table with threshold 15 (max threshold 15)
[2026-07-11T18:21:41.074+0000][7][gc,age      ] GC(33) - age   1:     257296 bytes,     257296 total
[2026-07-11T18:21:41.076+0000][7][gc,age      ] GC(33) - age   2:      27872 bytes,     285168 total
[2026-07-11T18:21:41.077+0000][7][gc,age      ] GC(33) - age   3:      30936 bytes,     316104 total
[2026-07-11T18:21:41.077+0000][7][gc,age      ] GC(33) - age   4:      54712 bytes,     370816 total
[2026-07-11T18:21:41.077+0000][7][gc,age      ] GC(33) - age   5:      55784 bytes,     426600 total
[2026-07-11T18:21:41.077+0000][7][gc,age      ] GC(33) - age   6:      29544 bytes,     456144 total
[2026-07-11T18:21:41.078+0000][7][gc,age      ] GC(33) - age   7:     112168 bytes,     568312 total
[2026-07-11T18:21:41.078+0000][7][gc,age      ] GC(33) - age   8:      28824 bytes,     597136 total
[2026-07-11T18:21:41.079+0000][7][gc,age      ] GC(33) - age   9:      47048 bytes,     644184 total
[2026-07-11T18:21:41.079+0000][7][gc,age      ] GC(33) - age  10:     456304 bytes,    1100488 total
[2026-07-11T18:21:41.079+0000][7][gc,age      ] GC(33) - age  11:     421064 bytes,    1521552 total
[2026-07-11T18:21:41.079+0000][7][gc,age      ] GC(33) - age  12:      76984 bytes,    1598536 total
[2026-07-11T18:21:41.079+0000][7][gc,age      ] GC(33) - age  13:    6698736 bytes,    8297272 total
[2026-07-11T18:21:41.080+0000][7][gc,age      ] GC(33) - age  14:     731944 bytes,    9029216 total
[2026-07-11T18:21:41.080+0000][7][gc,heap     ] GC(33) Eden regions: 73->0(73)
[2026-07-11T18:21:41.082+0000][7][gc,heap     ] GC(33) Survivor regions: 3->3(10)
[2026-07-11T18:21:41.084+0000][7][gc,heap     ] GC(33) Old regions: 18->18
[2026-07-11T18:21:41.084+0000][7][gc,heap     ] GC(33) Humongous regions: 2->2
[2026-07-11T18:21:41.084+0000][7][gc,metaspace] GC(33) Metaspace: 111153K(113984K)->111153K(113984K) NonClass: 95639K(97152K)->95639K(97152K) Class: 15513K(16832K)->15513K(16832K)
[2026-07-11T18:21:41.085+0000][7][gc          ] GC(33) Pause Young (Normal) (G1 Evacuation Pause) 382M->89M(512M) 248.030ms
[2026-07-11T18:21:41.085+0000][7][gc,cpu      ] GC(33) User=0.03s Sys=0.00s Real=0.25s
[2026-07-11T18:21:41.090+0000][7][safepoint   ] Safepoint "G1CollectForAllocation", Time since last: 1053770870091 ns, Reaching safepoint: 124789372 ns, Cleanup: 16348 ns, At safepoint: 253456558 ns, Total: 378262278 ns
[2026-07-11T18:21:42.092+0000][7][safepoint   ] Safepoint "Cleanup", Time since last: 1002497145 ns, Reaching safepoint: 12176 ns, Cleanup: 28782 ns, At safepoint: 10701 ns, Total: 51659 ns
[2026-07-11T18:23:11.593+0000][7][safepoint   ] Safepoint "Cleanup", Time since last: 89609195474 ns, Reaching safepoint: 100889 ns, Cleanup: 29971 ns, At safepoint: 24293 ns, Total: 155153 ns
[2026-07-11T18:23:41.627+0000][7][safepoint   ] Safepoint "Cleanup", Time since last: 30033286352 ns, Reaching safepoint: 22876 ns, Cleanup: 25585 ns, At safepoint: 24995 ns, Total: 73456 ns
[2026-07-11T18:41:31.676+0000][7][safepoint   ] Safepoint "Cleanup", Time since last: 1070004001500 ns, Reaching safepoint: 40222813 ns, Cleanup: 28013 ns, At safepoint: 29000622 ns, Total: 69251448 ns
[2026-07-11T18:41:32.871+0000][7][safepoint   ] Safepoint "Cleanup", Time since last: 1194926863 ns, Reaching safepoint: 14137 ns, Cleanup: 15694 ns, At safepoint: 10227 ns, Total: 40058 ns
[2026-07-11T18:42:01.914+0000][7][safepoint   ] Safepoint "Cleanup", Time since last: 29030401680 ns, Reaching safepoint: 82201 ns, Cleanup: 26608 ns, At safepoint: 31106 ns, Total: 139915 ns
[2026-07-11T18:42:34.625+0000][7][safepoint   ] Safepoint "Cleanup", Time since last: 32707329919 ns, Reaching safepoint: 25612 ns, Cleanup: 25334 ns, At safepoint: 425083 ns, Total: 476029 ns
[2026-07-11T18:59:49.563+0000][7][safepoint   ] Safepoint "Cleanup", Time since last: 1034959991489 ns, Reaching safepoint: 11004 ns, Cleanup: 22615 ns, At safepoint: 9247 ns, Total: 42866 ns
[2026-07-11T18:59:59.573+0000][7][safepoint   ] Safepoint "Cleanup", Time since last: 10009118420 ns, Reaching safepoint: 26728 ns, Cleanup: 27537 ns, At safepoint: 25003 ns, Total: 79268 ns
[2026-07-11T19:02:24.027+0000][7][safepoint   ] Safepoint "Cleanup", Time since last: 144528561078 ns, Reaching safepoint: 69808 ns, Cleanup: 22379 ns, At safepoint: 23752 ns, Total: 115939 ns
[2026-07-11T19:04:06.121+0000][7][safepoint   ] Safepoint "Cleanup", Time since last: 102094073551 ns, Reaching safepoint: 48868 ns, Cleanup: 15847 ns, At safepoint: 12296 ns, Total: 77011 ns
[2026-07-11T19:04:49.785+0000][7][safepoint   ] Safepoint "Cleanup", Time since last: 43669187887 ns, Reaching safepoint: 24942 ns, Cleanup: 26017 ns, At safepoint: 23176 ns, Total: 74135 ns
[2026-07-11T19:04:55.794+0000][7][safepoint   ] Safepoint "Cleanup", Time since last: 6008019393 ns, Reaching safepoint: 25980 ns, Cleanup: 32040 ns, At safepoint: 553296 ns, Total: 611316 ns
[2026-07-11T19:05:16.814+0000][7][safepoint   ] Safepoint "Cleanup", Time since last: 21022225011 ns, Reaching safepoint: 25353 ns, Cleanup: 25618 ns, At safepoint: 29983 ns, Total: 80954 ns
[2026-07-11T19:21:07.007+0000][7][safepoint   ] Safepoint "Cleanup", Time since last: 950236899781 ns, Reaching safepoint: 7931270 ns, Cleanup: 15160 ns, At safepoint: 3564768 ns, Total: 11511198 ns
[2026-07-11T19:21:08.236+0000][7][safepoint   ] Safepoint "Cleanup", Time since last: 1228966163 ns, Reaching safepoint: 10112 ns, Cleanup: 20608 ns, At safepoint: 7114 ns, Total: 37834 ns
[2026-07-11T19:38:17.594+0000][7][safepoint   ] Safepoint "Cleanup", Time since last: 1029222121119 ns, Reaching safepoint: 74412701 ns, Cleanup: 243676 ns, At safepoint: 17345697 ns, Total: 92002074 ns
[2026-07-11T19:38:18.631+0000][7][safepoint   ] Safepoint "Cleanup", Time since last: 1036827567 ns, Reaching safepoint: 15524 ns, Cleanup: 42255 ns, At safepoint: 12193 ns, Total: 69972 ns
[2026-07-11T19:38:28.637+0000][7][safepoint   ] Safepoint "Cleanup", Time since last: 10006405987 ns, Reaching safepoint: 22902 ns, Cleanup: 24377 ns, At safepoint: 21535 ns, Total: 68814 ns
[2026-07-11T19:38:42.684+0000][7][gc,start    ] GC(34) Pause Young (Normal) (G1 Evacuation Pause)
[2026-07-11T19:38:42.685+0000][7][gc,task     ] GC(34) Using 4 workers of 4 for evacuation
[2026-07-11T19:38:42.686+0000][7][gc,age      ] GC(34) Desired survivor size 20971520 bytes, new threshold 15 (max threshold 15)
[2026-07-11T19:38:42.715+0000][7][gc,phases   ] GC(34)   Pre Evacuate Collection Set: 1.49ms
[2026-07-11T19:38:42.716+0000][7][gc,phases   ] GC(34)   Merge Heap Roots: 0.19ms
[2026-07-11T19:38:42.716+0000][7][gc,phases   ] GC(34)   Evacuate Collection Set: 21.29ms
[2026-07-11T19:38:42.717+0000][7][gc,phases   ] GC(34)   Post Evacuate Collection Set: 4.04ms
[2026-07-11T19:38:42.718+0000][7][gc,phases   ] GC(34)   Other: 2.34ms
[2026-07-11T19:38:42.719+0000][7][gc,age      ] GC(34) Age table with threshold 15 (max threshold 15)
[2026-07-11T19:38:42.720+0000][7][gc,age      ] GC(34) - age   1:     272008 bytes,     272008 total
[2026-07-11T19:38:42.720+0000][7][gc,age      ] GC(34) - age   2:      32872 bytes,     304880 total
[2026-07-11T19:38:42.721+0000][7][gc,age      ] GC(34) - age   3:      27480 bytes,     332360 total
[2026-07-11T19:38:42.722+0000][7][gc,age      ] GC(34) - age   4:      30936 bytes,     363296 total
[2026-07-11T19:38:42.723+0000][7][gc,age      ] GC(34) - age   5:      54712 bytes,     418008 total
[2026-07-11T19:38:42.723+0000][7][gc,age      ] GC(34) - age   6:      55784 bytes,     473792 total
[2026-07-11T19:38:42.724+0000][7][gc,age      ] GC(34) - age   7:      29544 bytes,     503336 total
[2026-07-11T19:38:42.725+0000][7][gc,age      ] GC(34) - age   8:     112168 bytes,     615504 total
[2026-07-11T19:38:42.726+0000][7][gc,age      ] GC(34) - age   9:      28824 bytes,     644328 total
[2026-07-11T19:38:42.727+0000][7][gc,age      ] GC(34) - age  10:      47048 bytes,     691376 total
[2026-07-11T19:38:42.728+0000][7][gc,age      ] GC(34) - age  11:     456304 bytes,    1147680 total
[2026-07-11T19:38:42.729+0000][7][gc,age      ] GC(34) - age  12:     421064 bytes,    1568744 total
[2026-07-11T19:38:42.730+0000][7][gc,age      ] GC(34) - age  13:      76984 bytes,    1645728 total
[2026-07-11T19:38:42.731+0000][7][gc,age      ] GC(34) - age  14:    6698736 bytes,    8344464 total
[2026-07-11T19:38:42.731+0000][7][gc,age      ] GC(34) - age  15:     731944 bytes,    9076408 total
[2026-07-11T19:38:42.732+0000][7][gc,heap     ] GC(34) Eden regions: 73->0(73)
[2026-07-11T19:38:42.732+0000][7][gc,heap     ] GC(34) Survivor regions: 3->3(10)
[2026-07-11T19:38:42.733+0000][7][gc,heap     ] GC(34) Old regions: 18->18
[2026-07-11T19:38:42.734+0000][7][gc,heap     ] GC(34) Humongous regions: 2->2
[2026-07-11T19:38:42.735+0000][7][gc,metaspace] GC(34) Metaspace: 111310K(114176K)->111310K(114176K) NonClass: 95796K(97344K)->95796K(97344K) Class: 15513K(16832K)->15513K(16832K)
[2026-07-11T19:38:42.736+0000][7][gc          ] GC(34) Pause Young (Normal) (G1 Evacuation Pause) 381M->89M(512M) 51.770ms
[2026-07-11T19:38:42.737+0000][7][gc,cpu      ] GC(34) User=0.08s Sys=0.01s Real=0.06s
[2026-07-11T19:38:42.739+0000][7][safepoint   ] Safepoint "G1CollectForAllocation", Time since last: 14046866657 ns, Reaching safepoint: 64284 ns, Cleanup: 8179 ns, At safepoint: 55050392 ns, Total: 55122855 ns
[2026-07-11T19:42:02.020+0000][7][safepoint   ] Safepoint "Cleanup", Time since last: 199275459328 ns, Reaching safepoint: 9661 ns, Cleanup: 10493 ns, At safepoint: 6049 ns, Total: 26203 ns
[2026-07-11T19:42:33.046+0000][7][safepoint   ] Safepoint "Cleanup", Time since last: 31026593360 ns, Reaching safepoint: 329136 ns, Cleanup: 26062 ns, At safepoint: 27859 ns, Total: 383057 ns
[2026-07-11T19:42:43.057+0000][7][safepoint   ] Safepoint "Cleanup", Time since last: 10011644700 ns, Reaching safepoint: 23964 ns, Cleanup: 24758 ns, At safepoint: 21716 ns, Total: 70438 ns
[2026-07-11T19:43:18.167+0000][7][safepoint   ] Safepoint "Cleanup", Time since last: 35106928959 ns, Reaching safepoint: 79166 ns, Cleanup: 29500 ns, At safepoint: 20417 ns, Total: 129083 ns
[2026-07-11T19:46:41.967+0000][7][safepoint   ] Safepoint "Cleanup", Time since last: 203802497017 ns, Reaching safepoint: 72259 ns, Cleanup: 25721 ns, At safepoint: 25856 ns, Total: 123836 ns
[2026-07-11T19:47:21.512+0000][7][safepoint   ] Safepoint "Cleanup", Time since last: 39546856462 ns, Reaching safepoint: 31999 ns, Cleanup: 14916 ns, At safepoint: 4395 ns, Total: 51310 ns
[2026-07-11T19:48:03.498+0000][7][safepoint   ] Safepoint "Cleanup", Time since last: 41987861785 ns, Reaching safepoint: 10723 ns, Cleanup: 9740 ns, At safepoint: 27155 ns, Total: 47618 ns
[2026-07-11T19:48:33.902+0000][7][safepoint   ] Safepoint "Cleanup", Time since last: 30405768812 ns, Reaching safepoint: 8556 ns, Cleanup: 17407 ns, At safepoint: 7211 ns, Total: 33174 ns
[2026-07-11T19:49:55.838+0000][7][safepoint   ] Safepoint "Cleanup", Time since last: 81935297165 ns, Reaching safepoint: 42721 ns, Cleanup: 16194 ns, At safepoint: 6935 ns, Total: 65850 ns
[2026-07-11T19:55:08.213+0000][7][safepoint   ] Safepoint "Cleanup", Time since last: 312215822659 ns, Reaching safepoint: 8905 ns, Cleanup: 10062 ns, At safepoint: 6773 ns, Total: 25740 ns
[2026-07-11T19:55:48.363+0000][7][gc,start    ] GC(35) Pause Young (Normal) (G1 Evacuation Pause)
[2026-07-11T19:55:48.364+0000][7][gc,task     ] GC(35) Using 4 workers of 4 for evacuation
[2026-07-11T19:55:48.364+0000][7][gc,age      ] GC(35) Desired survivor size 20971520 bytes, new threshold 15 (max threshold 15)
[2026-07-11T19:55:48.374+0000][7][gc,phases   ] GC(35)   Pre Evacuate Collection Set: 0.39ms
[2026-07-11T19:55:48.374+0000][7][gc,phases   ] GC(35)   Merge Heap Roots: 0.20ms
[2026-07-11T19:55:48.375+0000][7][gc,phases   ] GC(35)   Evacuate Collection Set: 6.55ms
[2026-07-11T19:55:48.375+0000][7][gc,phases   ] GC(35)   Post Evacuate Collection Set: 2.05ms
[2026-07-11T19:55:48.375+0000][7][gc,phases   ] GC(35)   Other: 0.78ms
[2026-07-11T19:55:48.376+0000][7][gc,age      ] GC(35) Age table with threshold 15 (max threshold 15)
[2026-07-11T19:55:48.376+0000][7][gc,age      ] GC(35) - age   1:     478600 bytes,     478600 total
[2026-07-11T19:55:48.376+0000][7][gc,age      ] GC(35) - age   2:     240608 bytes,     719208 total
[2026-07-11T19:55:48.377+0000][7][gc,age      ] GC(35) - age   3:      32872 bytes,     752080 total
[2026-07-11T19:55:48.377+0000][7][gc,age      ] GC(35) - age   4:      27480 bytes,     779560 total
[2026-07-11T19:55:48.377+0000][7][gc,age      ] GC(35) - age   5:      30936 bytes,     810496 total
[2026-07-11T19:55:48.377+0000][7][gc,age      ] GC(35) - age   6:      52888 bytes,     863384 total
[2026-07-11T19:55:48.378+0000][7][gc,age      ] GC(35) - age   7:      55784 bytes,     919168 total
[2026-07-11T19:55:48.378+0000][7][gc,age      ] GC(35) - age   8:      29544 bytes,     948712 total
[2026-07-11T19:55:48.379+0000][7][gc,age      ] GC(35) - age   9:     112168 bytes,    1060880 total
[2026-07-11T19:55:48.379+0000][7][gc,age      ] GC(35) - age  10:      28824 bytes,    1089704 total
[2026-07-11T19:55:48.379+0000][7][gc,age      ] GC(35) - age  11:      47048 bytes,    1136752 total
[2026-07-11T19:55:48.379+0000][7][gc,age      ] GC(35) - age  12:     423704 bytes,    1560456 total
[2026-07-11T19:55:48.380+0000][7][gc,age      ] GC(35) - age  13:     421064 bytes,    1981520 total
[2026-07-11T19:55:48.380+0000][7][gc,age      ] GC(35) - age  14:      76984 bytes,    2058504 total
[2026-07-11T19:55:48.380+0000][7][gc,age      ] GC(35) - age  15:    6698736 bytes,    8757240 total
[2026-07-11T19:55:48.380+0000][7][gc,heap     ] GC(35) Eden regions: 73->0(73)
[2026-07-11T19:55:48.381+0000][7][gc,heap     ] GC(35) Survivor regions: 3->3(10)
[2026-07-11T19:55:48.381+0000][7][gc,heap     ] GC(35) Old regions: 18->19
[2026-07-11T19:55:48.381+0000][7][gc,heap     ] GC(35) Humongous regions: 2->2
[2026-07-11T19:55:48.381+0000][7][gc,metaspace] GC(35) Metaspace: 111318K(114176K)->111318K(114176K) NonClass: 95804K(97344K)->95804K(97344K) Class: 15513K(16832K)->15513K(16832K)
[2026-07-11T19:55:48.382+0000][7][gc          ] GC(35) Pause Young (Normal) (G1 Evacuation Pause) 381M->90M(512M) 18.714ms
[2026-07-11T19:55:48.382+0000][7][gc,cpu      ] GC(35) User=0.03s Sys=0.00s Real=0.02s
[2026-07-11T19:55:48.382+0000][7][safepoint   ] Safepoint "G1CollectForAllocation", Time since last: 40151093622 ns, Reaching safepoint: 12427 ns, Cleanup: 4768 ns, At safepoint: 19419221 ns, Total: 19436416 ns
[2026-07-11T19:56:40.642+0000][7][safepoint   ] Safepoint "Cleanup", Time since last: 52295558927 ns, Reaching safepoint: 29303 ns, Cleanup: 11403 ns, At safepoint: 8041 ns, Total: 48747 ns
[2026-07-11T20:27:38.888+0000][7][safepoint   ] Safepoint "Cleanup", Time since last: 1858250584642 ns, Reaching safepoint: 14044 ns, Cleanup: 117506 ns, At safepoint: 193379 ns, Total: 324929 ns
[2026-07-11T20:38:32.316+0000][7][safepoint   ] Safepoint "Cleanup", Time since last: 653372778281 ns, Reaching safepoint: 14289 ns, Cleanup: 9868 ns, At safepoint: 28137 ns, Total: 52294 ns
[2026-07-11T20:38:33.707+0000][7][safepoint   ] Safepoint "Cleanup", Time since last: 1404874041 ns, Reaching safepoint: 15262 ns, Cleanup: 11666 ns, At safepoint: 7696 ns, Total: 34624 ns
[2026-07-11T20:38:42.716+0000][7][safepoint   ] Safepoint "Cleanup", Time since last: 9008232820 ns, Reaching safepoint: 28304 ns, Cleanup: 46102 ns, At safepoint: 20203 ns, Total: 94609 ns
[2026-07-11T20:38:52.727+0000][7][safepoint   ] Safepoint "Cleanup", Time since last: 10011173991 ns, Reaching safepoint: 82658 ns, Cleanup: 37841 ns, At safepoint: 30909 ns, Total: 151408 ns
[2026-07-11T20:42:47.856+0000][7][safepoint   ] Safepoint "Cleanup", Time since last: 235131309948 ns, Reaching safepoint: 29880 ns, Cleanup: 10536 ns, At safepoint: 33514 ns, Total: 73930 ns
[2026-07-11T20:43:34.031+0000][7][safepoint   ] Safepoint "Cleanup", Time since last: 46049357584 ns, Reaching safepoint: 73528 ns, Cleanup: 27791 ns, At safepoint: 20323 ns, Total: 121642 ns
[2026-07-11T20:49:17.896+0000][7][safepoint   ] Safepoint "Cleanup", Time since last: 343866513747 ns, Reaching safepoint: 12728 ns, Cleanup: 14508 ns, At safepoint: 42095 ns, Total: 69331 ns
[2026-07-11T21:19:31.232+0000][7][safepoint   ] Safepoint "Cleanup", Time since last: 1813371936998 ns, Reaching safepoint: 15159 ns, Cleanup: 20750 ns, At safepoint: 8874 ns, Total: 44783 ns
[2026-07-11T21:21:14.266+0000][7][gc,start    ] GC(36) Pause Young (Normal) (G1 Evacuation Pause)
[2026-07-11T21:21:14.268+0000][7][gc,task     ] GC(36) Using 4 workers of 4 for evacuation
[2026-07-11T21:21:14.269+0000][7][gc,age      ] GC(36) Desired survivor size 20971520 bytes, new threshold 15 (max threshold 15)
[2026-07-11T21:21:14.341+0000][7][gc,phases   ] GC(36)   Pre Evacuate Collection Set: 1.91ms
[2026-07-11T21:21:14.342+0000][7][gc,phases   ] GC(36)   Merge Heap Roots: 0.21ms
[2026-07-11T21:21:14.342+0000][7][gc,phases   ] GC(36)   Evacuate Collection Set: 59.01ms
[2026-07-11T21:21:14.344+0000][7][gc,phases   ] GC(36)   Post Evacuate Collection Set: 10.01ms
[2026-07-11T21:21:14.345+0000][7][gc,phases   ] GC(36)   Other: 1.76ms
[2026-07-11T21:21:14.346+0000][7][gc,age      ] GC(36) Age table with threshold 15 (max threshold 15)
[2026-07-11T21:21:14.347+0000][7][gc,age      ] GC(36) - age   1:     304480 bytes,     304480 total
[2026-07-11T21:21:14.348+0000][7][gc,age      ] GC(36) - age   2:      38376 bytes,     342856 total
[2026-07-11T21:21:14.349+0000][7][gc,age      ] GC(36) - age   3:      51224 bytes,     394080 total
[2026-07-11T21:21:14.350+0000][7][gc,age      ] GC(36) - age   4:      27664 bytes,     421744 total
[2026-07-11T21:21:14.351+0000][7][gc,age      ] GC(36) - age   5:      27416 bytes,     449160 total
[2026-07-11T21:21:14.352+0000][7][gc,age      ] GC(36) - age   6:      29712 bytes,     478872 total
[2026-07-11T21:21:14.353+0000][7][gc,age      ] GC(36) - age   7:      52808 bytes,     531680 total
[2026-07-11T21:21:14.354+0000][7][gc,age      ] GC(36) - age   8:      55784 bytes,     587464 total
[2026-07-11T21:21:14.355+0000][7][gc,age      ] GC(36) - age   9:      29544 bytes,     617008 total
[2026-07-11T21:21:14.356+0000][7][gc,age      ] GC(36) - age  10:     112168 bytes,     729176 total
[2026-07-11T21:21:14.358+0000][7][gc,age      ] GC(36) - age  11:      28824 bytes,     758000 total
[2026-07-11T21:21:14.359+0000][7][gc,age      ] GC(36) - age  12:      47048 bytes,     805048 total
[2026-07-11T21:21:14.360+0000][7][gc,age      ] GC(36) - age  13:     423664 bytes,    1228712 total
[2026-07-11T21:21:14.360+0000][7][gc,age      ] GC(36) - age  14:     421064 bytes,    1649776 total
[2026-07-11T21:21:14.361+0000][7][gc,age      ] GC(36) - age  15:      76984 bytes,    1726760 total
[2026-07-11T21:21:14.362+0000][7][gc,heap     ] GC(36) Eden regions: 73->0(75)
[2026-07-11T21:21:14.362+0000][7][gc,heap     ] GC(36) Survivor regions: 3->1(10)
[2026-07-11T21:21:14.364+0000][7][gc,heap     ] GC(36) Old regions: 19->20
[2026-07-11T21:21:14.364+0000][7][gc,heap     ] GC(36) Humongous regions: 2->2
[2026-07-11T21:21:14.365+0000][7][gc,metaspace] GC(36) Metaspace: 111436K(114240K)->111436K(114240K) NonClass: 95922K(97408K)->95922K(97408K) Class: 15514K(16832K)->15514K(16832K)
[2026-07-11T21:21:14.365+0000][7][gc          ] GC(36) Pause Young (Normal) (G1 Evacuation Pause) 382M->90M(512M) 99.149ms
[2026-07-11T21:21:14.367+0000][7][gc,cpu      ] GC(36) User=0.07s Sys=0.00s Real=0.10s
[2026-07-11T21:21:14.369+0000][7][safepoint   ] Safepoint "G1CollectForAllocation", Time since last: 102844196354 ns, Reaching safepoint: 72118 ns, Cleanup: 9567 ns, At safepoint: 103095987 ns, Total: 103177672 ns
[2026-07-11T21:21:46.403+0000][7][safepoint   ] Safepoint "Cleanup", Time since last: 32034869867 ns, Reaching safepoint: 104850 ns, Cleanup: 27800 ns, At safepoint: 25305 ns, Total: 157955 ns
[2026-07-11T21:38:36.082+0000][7][safepoint   ] Safepoint "Cleanup", Time since last: 1009696767737 ns, Reaching safepoint: 12661 ns, Cleanup: 13565 ns, At safepoint: 7782 ns, Total: 34008 ns
[2026-07-11T21:40:09.094+0000][7][safepoint   ] Safepoint "Cleanup", Time since last: 93079356640 ns, Reaching safepoint: 77221 ns, Cleanup: 26539 ns, At safepoint: 31088 ns, Total: 134848 ns
[2026-07-11T21:56:21.054+0000][7][safepoint   ] Safepoint "Cleanup", Time since last: 971983378258 ns, Reaching safepoint: 12775 ns, Cleanup: 12660 ns, At safepoint: 4137 ns, Total: 29572 ns
[2026-07-11T21:56:32.064+0000][7][safepoint   ] Safepoint "Cleanup", Time since last: 11010344273 ns, Reaching safepoint: 25372 ns, Cleanup: 23889 ns, At safepoint: 19477 ns, Total: 68738 ns
[2026-07-11T21:56:42.075+0000][7][safepoint   ] Safepoint "Cleanup", Time since last: 10011005874 ns, Reaching safepoint: 78486 ns, Cleanup: 28034 ns, At safepoint: 29196 ns, Total: 135716 ns
[2026-07-11T21:56:51.086+0000][7][safepoint   ] Safepoint "Cleanup", Time since last: 9008688568 ns, Reaching safepoint: 94491 ns, Cleanup: 33438 ns, At safepoint: 33296 ns, Total: 161225 ns
[2026-07-11T21:57:03.100+0000][7][safepoint   ] Safepoint "Cleanup", Time since last: 12014215829 ns, Reaching safepoint: 26647 ns, Cleanup: 25522 ns, At safepoint: 20896 ns, Total: 73065 ns
[2026-07-11T22:15:09.508+0000][7][safepoint   ] Safepoint "Cleanup", Time since last: 1086416366434 ns, Reaching safepoint: 17038941 ns, Cleanup: 25126 ns, At safepoint: 33869 ns, Total: 17097936 ns
[2026-07-11T22:15:10.517+0000][7][safepoint   ] Safepoint "Cleanup", Time since last: 1008944437 ns, Reaching safepoint: 10261 ns, Cleanup: 13048 ns, At safepoint: 7158 ns, Total: 30467 ns
[2026-07-11T22:16:10.524+0000][7][safepoint   ] Safepoint "Cleanup", Time since last: 59980219692 ns, Reaching safepoint: 22645 ns, Cleanup: 24408 ns, At safepoint: 23353 ns, Total: 70406 ns
[2026-07-11T22:16:33.547+0000][7][safepoint   ] Safepoint "Cleanup", Time since last: 23022852258 ns, Reaching safepoint: 70583 ns, Cleanup: 27409 ns, At safepoint: 30446 ns, Total: 128438 ns
[2026-07-11T22:16:40.555+0000][7][safepoint   ] Safepoint "Cleanup", Time since last: 7007887503 ns, Reaching safepoint: 23416 ns, Cleanup: 22675 ns, At safepoint: 21077 ns, Total: 67168 ns
[2026-07-11T22:34:39.507+0000][7][safepoint   ] Safepoint "Cleanup", Time since last: 1078975729636 ns, Reaching safepoint: 16476 ns, Cleanup: 26694 ns, At safepoint: 9575 ns, Total: 52745 ns
[2026-07-11T22:35:38.715+0000][7][safepoint   ] Safepoint "Cleanup", Time since last: 59200118477 ns, Reaching safepoint: 973363 ns, Cleanup: 22636 ns, At safepoint: 162708 ns, Total: 1158707 ns
[2026-07-11T22:35:41.719+0000][7][safepoint   ] Safepoint "Cleanup", Time since last: 3004108610 ns, Reaching safepoint: 70346 ns, Cleanup: 28237 ns, At safepoint: 29059 ns, Total: 127642 ns
[2026-07-11T22:36:12.750+0000][7][safepoint   ] Safepoint "Cleanup", Time since last: 31030533137 ns, Reaching safepoint: 73176 ns, Cleanup: 27041 ns, At safepoint: 21908 ns, Total: 122125 ns
[2026-07-11T22:36:18.757+0000][7][safepoint   ] Safepoint "Cleanup", Time since last: 6007071988 ns, Reaching safepoint: 23843 ns, Cleanup: 24488 ns, At safepoint: 21077 ns, Total: 69408 ns
[2026-07-11T22:36:22.762+0000][7][safepoint   ] Safepoint "Cleanup", Time since last: 4004740402 ns, Reaching safepoint: 22802 ns, Cleanup: 28010 ns, At safepoint: 23583 ns, Total: 74395 ns
[2026-07-11T22:36:38.779+0000][7][safepoint   ] Safepoint "Cleanup", Time since last: 16016159004 ns, Reaching safepoint: 78163 ns, Cleanup: 22600 ns, At safepoint: 20391 ns, Total: 121154 ns
[2026-07-11T22:50:20.053+0000][7][safepoint   ] Safepoint "Cleanup", Time since last: 821294663668 ns, Reaching safepoint: 13783 ns, Cleanup: 25415 ns, At safepoint: 9766 ns, Total: 48964 ns
[2026-07-11T22:51:54.220+0000][7][safepoint   ] Safepoint "Cleanup", Time since last: 94114909714 ns, Reaching safepoint: 186924 ns, Cleanup: 166758 ns, At safepoint: 41265 ns, Total: 394947 ns
[2026-07-11T22:52:29.476+0000][7][gc,start    ] GC(37) Pause Young (Normal) (G1 Evacuation Pause)
[2026-07-11T22:52:29.477+0000][7][gc,task     ] GC(37) Using 4 workers of 4 for evacuation
[2026-07-11T22:52:29.478+0000][7][gc,age      ] GC(37) Desired survivor size 20971520 bytes, new threshold 15 (max threshold 15)
[2026-07-11T22:52:29.502+0000][7][gc,phases   ] GC(37)   Pre Evacuate Collection Set: 1.64ms
[2026-07-11T22:52:29.503+0000][7][gc,phases   ] GC(37)   Merge Heap Roots: 0.22ms
[2026-07-11T22:52:29.504+0000][7][gc,phases   ] GC(37)   Evacuate Collection Set: 15.54ms
[2026-07-11T22:52:29.505+0000][7][gc,phases   ] GC(37)   Post Evacuate Collection Set: 4.48ms
[2026-07-11T22:52:29.506+0000][7][gc,phases   ] GC(37)   Other: 2.48ms
[2026-07-11T22:52:29.507+0000][7][gc,age      ] GC(37) Age table with threshold 15 (max threshold 15)
[2026-07-11T22:52:29.507+0000][7][gc,age      ] GC(37) - age   1:     297696 bytes,     297696 total
[2026-07-11T22:52:29.508+0000][7][gc,age      ] GC(37) - age   2:      53576 bytes,     351272 total
[2026-07-11T22:52:29.509+0000][7][gc,age      ] GC(37) - age   3:      27968 bytes,     379240 total
[2026-07-11T22:52:29.511+0000][7][gc,age      ] GC(37) - age   4:      26928 bytes,     406168 total
[2026-07-11T22:52:29.511+0000][7][gc,age      ] GC(37) - age   5:      27664 bytes,     433832 total
[2026-07-11T22:52:29.512+0000][7][gc,age      ] GC(37) - age   6:      27416 bytes,     461248 total
[2026-07-11T22:52:29.513+0000][7][gc,age      ] GC(37) - age   7:      29648 bytes,     490896 total
[2026-07-11T22:52:29.514+0000][7][gc,age      ] GC(37) - age   8:      52808 bytes,     543704 total
[2026-07-11T22:52:29.514+0000][7][gc,age      ] GC(37) - age   9:      55784 bytes,     599488 total
[2026-07-11T22:52:29.515+0000][7][gc,age      ] GC(37) - age  10:      29544 bytes,     629032 total
[2026-07-11T22:52:29.517+0000][7][gc,age      ] GC(37) - age  11:     112168 bytes,     741200 total
[2026-07-11T22:52:29.518+0000][7][gc,age      ] GC(37) - age  12:      28824 bytes,     770024 total
[2026-07-11T22:52:29.518+0000][7][gc,age      ] GC(37) - age  13:      47048 bytes,     817072 total
[2026-07-11T22:52:29.519+0000][7][gc,age      ] GC(37) - age  14:     423664 bytes,    1240736 total
[2026-07-11T22:52:29.520+0000][7][gc,age      ] GC(37) - age  15:     421064 bytes,    1661800 total
[2026-07-11T22:52:29.521+0000][7][gc,heap     ] GC(37) Eden regions: 75->0(75)
[2026-07-11T22:52:29.522+0000][7][gc,heap     ] GC(37) Survivor regions: 1->1(10)
[2026-07-11T22:52:29.523+0000][7][gc,heap     ] GC(37) Old regions: 20->20
[2026-07-11T22:52:29.524+0000][7][gc,heap     ] GC(37) Humongous regions: 2->2
[2026-07-11T22:52:29.525+0000][7][gc,metaspace] GC(37) Metaspace: 111533K(114368K)->111533K(114368K) NonClass: 96019K(97536K)->96019K(97536K) Class: 15514K(16832K)->15514K(16832K)
[2026-07-11T22:52:29.526+0000][7][gc          ] GC(37) Pause Young (Normal) (G1 Evacuation Pause) 390M->89M(512M) 49.790ms
[2026-07-11T22:52:29.527+0000][7][gc,cpu      ] GC(37) User=0.04s Sys=0.01s Real=0.05s
[2026-07-11T22:52:29.528+0000][7][safepoint   ] Safepoint "G1CollectForAllocation", Time since last: 35254442812 ns, Reaching safepoint: 139629 ns, Cleanup: 12593 ns, At safepoint: 53451824 ns, Total: 53604046 ns
[2026-07-11T23:09:53.206+0000][7][safepoint   ] Safepoint "Cleanup", Time since last: 1043651519478 ns, Reaching safepoint: 46315077 ns, Cleanup: 20923 ns, At safepoint: 10370066 ns, Total: 56706066 ns
[2026-07-11T23:09:54.428+0000][7][safepoint   ] Safepoint "Cleanup", Time since last: 1222123400 ns, Reaching safepoint: 15803 ns, Cleanup: 16457 ns, At safepoint: 9538 ns, Total: 41798 ns
[2026-07-11T23:28:50.083+0000][7][safepoint   ] Safepoint "Cleanup", Time since last: 1135731649272 ns, Reaching safepoint: 82346689 ns, Cleanup: 15073 ns, At safepoint: 11940553 ns, Total: 94302315 ns
[2026-07-11T23:28:51.283+0000][7][safepoint   ] Safepoint "Cleanup", Time since last: 1200138154 ns, Reaching safepoint: 15076 ns, Cleanup: 13353 ns, At safepoint: 8321 ns, Total: 36750 ns
[2026-07-11T23:38:48.522+0000][7][safepoint   ] Safepoint "Cleanup", Time since last: 597304801775 ns, Reaching safepoint: 15672 ns, Cleanup: 20936 ns, At safepoint: 9259 ns, Total: 45867 ns
[2026-07-11T23:43:05.577+0000][7][safepoint   ] Safepoint "Cleanup", Time since last: 257017075466 ns, Reaching safepoint: 11272 ns, Cleanup: 11868 ns, At safepoint: 7623 ns, Total: 30763 ns
[2026-07-11T23:45:34.932+0000][7][safepoint   ] Safepoint "Cleanup", Time since last: 149337470034 ns, Reaching safepoint: 27482 ns, Cleanup: 32875 ns, At safepoint: 79239 ns, Total: 139596 ns
[2026-07-11T23:48:03.954+0000][7][safepoint   ] Safepoint "Cleanup", Time since last: 149023542106 ns, Reaching safepoint: 41341 ns, Cleanup: 15422 ns, At safepoint: 7051 ns, Total: 63814 ns
[2026-07-11T23:48:50.756+0000][7][safepoint   ] Safepoint "Cleanup", Time since last: 46804088910 ns, Reaching safepoint: 8084 ns, Cleanup: 22952 ns, At safepoint: 6503 ns, Total: 37539 ns
[2026-07-11T23:49:37.644+0000][7][safepoint   ] Safepoint "Cleanup", Time since last: 46890523172 ns, Reaching safepoint: 8453 ns, Cleanup: 9016 ns, At safepoint: 5160 ns, Total: 22629 ns
[2026-07-11T23:51:36.840+0000][7][gc,start    ] GC(38) Pause Young (Normal) (G1 Evacuation Pause)
[2026-07-11T23:51:36.841+0000][7][gc,task     ] GC(38) Using 4 workers of 4 for evacuation
[2026-07-11T23:51:36.841+0000][7][gc,age      ] GC(38) Desired survivor size 20971520 bytes, new threshold 15 (max threshold 15)
[2026-07-11T23:51:36.846+0000][7][gc,phases   ] GC(38)   Pre Evacuate Collection Set: 0.28ms
[2026-07-11T23:51:36.846+0000][7][gc,phases   ] GC(38)   Merge Heap Roots: 0.10ms
[2026-07-11T23:51:36.847+0000][7][gc,phases   ] GC(38)   Evacuate Collection Set: 3.07ms
[2026-07-11T23:51:36.847+0000][7][gc,phases   ] GC(38)   Post Evacuate Collection Set: 1.13ms
[2026-07-11T23:51:36.847+0000][7][gc,phases   ] GC(38)   Other: 0.49ms
[2026-07-11T23:51:36.847+0000][7][gc,age      ] GC(38) Age table with threshold 15 (max threshold 15)
[2026-07-11T23:51:36.847+0000][7][gc,age      ] GC(38) - age   1:     379720 bytes,     379720 total
[2026-07-11T23:51:36.847+0000][7][gc,age      ] GC(38) - age   2:      34136 bytes,     413856 total
[2026-07-11T23:51:36.847+0000][7][gc,age      ] GC(38) - age   3:      53320 bytes,     467176 total
[2026-07-11T23:51:36.847+0000][7][gc,age      ] GC(38) - age   4:      27968 bytes,     495144 total
[2026-07-11T23:51:36.848+0000][7][gc,age      ] GC(38) - age   5:      26928 bytes,     522072 total
[2026-07-11T23:51:36.848+0000][7][gc,age      ] GC(38) - age   6:      27664 bytes,     549736 total
[2026-07-11T23:51:36.848+0000][7][gc,age      ] GC(38) - age   7:      27416 bytes,     577152 total
[2026-07-11T23:51:36.848+0000][7][gc,age      ] GC(38) - age   8:      29648 bytes,     606800 total
[2026-07-11T23:51:36.848+0000][7][gc,age      ] GC(38) - age   9:      52744 bytes,     659544 total
[2026-07-11T23:51:36.848+0000][7][gc,age      ] GC(38) - age  10:      55784 bytes,     715328 total
[2026-07-11T23:51:36.849+0000][7][gc,age      ] GC(38) - age  11:      29544 bytes,     744872 total
[2026-07-11T23:51:36.849+0000][7][gc,age      ] GC(38) - age  12:     112168 bytes,     857040 total
[2026-07-11T23:51:36.849+0000][7][gc,age      ] GC(38) - age  13:      28824 bytes,     885864 total
[2026-07-11T23:51:36.849+0000][7][gc,age      ] GC(38) - age  14:      47048 bytes,     932912 total
[2026-07-11T23:51:36.849+0000][7][gc,age      ] GC(38) - age  15:     423664 bytes,    1356576 total
[2026-07-11T23:51:36.849+0000][7][gc,heap     ] GC(38) Eden regions: 75->0(75)
[2026-07-11T23:51:36.849+0000][7][gc,heap     ] GC(38) Survivor regions: 1->1(10)
[2026-07-11T23:51:36.850+0000][7][gc,heap     ] GC(38) Old regions: 20->21
[2026-07-11T23:51:36.850+0000][7][gc,heap     ] GC(38) Humongous regions: 2->2
[2026-07-11T23:51:36.850+0000][7][gc,metaspace] GC(38) Metaspace: 111587K(114432K)->111587K(114432K) NonClass: 96073K(97600K)->96073K(97600K) Class: 15514K(16832K)->15514K(16832K)
[2026-07-11T23:51:36.850+0000][7][gc          ] GC(38) Pause Young (Normal) (G1 Evacuation Pause) 389M->89M(512M) 10.386ms
[2026-07-11T23:51:36.850+0000][7][gc,cpu      ] GC(38) User=0.01s Sys=0.00s Real=0.01s
[2026-07-11T23:51:36.850+0000][7][safepoint   ] Safepoint "G1CollectForAllocation", Time since last: 119200534819 ns, Reaching safepoint: 31455 ns, Cleanup: 3762 ns, At safepoint: 10866283 ns, Total: 10901500 ns
[2026-07-11T23:52:34.075+0000][7][safepoint   ] Safepoint "Cleanup", Time since last: 57225525896 ns, Reaching safepoint: 35650 ns, Cleanup: 11567 ns, At safepoint: 550673 ns, Total: 597890 ns
[2026-07-11T23:53:51.018+0000][7][safepoint   ] Safepoint "Cleanup", Time since last: 76967354929 ns, Reaching safepoint: 974994 ns, Cleanup: 12526 ns, At safepoint: 75240 ns, Total: 1062760 ns
[2026-07-11T23:56:45.847+0000][7][safepoint   ] Safepoint "Cleanup", Time since last: 174818154481 ns, Reaching safepoint: 46443 ns, Cleanup: 16784 ns, At safepoint: 14732 ns, Total: 77959 ns
[2026-07-12T00:28:42.344+0000][7][safepoint   ] Safepoint "Cleanup", Time since last: 1916279805561 ns, Reaching safepoint: 259606196 ns, Cleanup: 15965 ns, At safepoint: 65470 ns, Total: 259687631 ns
[2026-07-12T00:28:43.347+0000][7][safepoint   ] Safepoint "Cleanup", Time since last: 1003236220 ns, Reaching safepoint: 15516 ns, Cleanup: 40331 ns, At safepoint: 29439 ns, Total: 85286 ns
[2026-07-12T00:30:12.419+0000][7][safepoint   ] Safepoint "Cleanup", Time since last: 89087303672 ns, Reaching safepoint: 22046 ns, Cleanup: 20549 ns, At safepoint: 23722 ns, Total: 66317 ns
[2026-07-12T00:39:15.894+0000][7][safepoint   ] Safepoint "Cleanup", Time since last: 543493576222 ns, Reaching safepoint: 16475 ns, Cleanup: 17206 ns, At safepoint: 10205 ns, Total: 43886 ns
[2026-07-12T00:44:52.201+0000][7][safepoint   ] Safepoint "Cleanup", Time since last: 336079256120 ns, Reaching safepoint: 104645 ns, Cleanup: 29205 ns, At safepoint: 41280 ns, Total: 175130 ns
[2026-07-12T00:46:49.773+0000][7][safepoint   ] Safepoint "Cleanup", Time since last: 117571626181 ns, Reaching safepoint: 40146 ns, Cleanup: 14350 ns, At safepoint: 9117 ns, Total: 63613 ns
[2026-07-12T00:47:38.007+0000][7][gc,start    ] GC(39) Pause Young (Normal) (G1 Evacuation Pause)
[2026-07-12T00:47:38.008+0000][7][gc,task     ] GC(39) Using 4 workers of 4 for evacuation
[2026-07-12T00:47:38.008+0000][7][gc,age      ] GC(39) Desired survivor size 20971520 bytes, new threshold 15 (max threshold 15)
[2026-07-12T00:47:38.011+0000][7][gc,phases   ] GC(39)   Pre Evacuate Collection Set: 0.27ms
[2026-07-12T00:47:38.011+0000][7][gc,phases   ] GC(39)   Merge Heap Roots: 0.11ms
[2026-07-12T00:47:38.011+0000][7][gc,phases   ] GC(39)   Evacuate Collection Set: 1.73ms
[2026-07-12T00:47:38.012+0000][7][gc,phases   ] GC(39)   Post Evacuate Collection Set: 0.90ms
[2026-07-12T00:47:38.012+0000][7][gc,phases   ] GC(39)   Other: 0.56ms
[2026-07-12T00:47:38.012+0000][7][gc,age      ] GC(39) Age table with threshold 15 (max threshold 15)
[2026-07-12T00:47:38.012+0000][7][gc,age      ] GC(39) - age   1:     607824 bytes,     607824 total
[2026-07-12T00:47:38.012+0000][7][gc,age      ] GC(39) - age   2:      44376 bytes,     652200 total
[2026-07-12T00:47:38.012+0000][7][gc,age      ] GC(39) - age   3:      27992 bytes,     680192 total
[2026-07-12T00:47:38.012+0000][7][gc,age      ] GC(39) - age   4:      53320 bytes,     733512 total
[2026-07-12T00:47:38.012+0000][7][gc,age      ] GC(39) - age   5:      27968 bytes,     761480 total
[2026-07-12T00:47:38.012+0000][7][gc,age      ] GC(39) - age   6:      26928 bytes,     788408 total
[2026-07-12T00:47:38.013+0000][7][gc,age      ] GC(39) - age   7:      27664 bytes,     816072 total
[2026-07-12T00:47:38.013+0000][7][gc,age      ] GC(39) - age   8:      27416 bytes,     843488 total
[2026-07-12T00:47:38.013+0000][7][gc,age      ] GC(39) - age   9:      29648 bytes,     873136 total
[2026-07-12T00:47:38.013+0000][7][gc,age      ] GC(39) - age  10:      52744 bytes,     925880 total
[2026-07-12T00:47:38.013+0000][7][gc,age      ] GC(39) - age  11:      55784 bytes,     981664 total
[2026-07-12T00:47:38.013+0000][7][gc,age      ] GC(39) - age  12:      29544 bytes,    1011208 total
[2026-07-12T00:47:38.013+0000][7][gc,age      ] GC(39) - age  13:     112168 bytes,    1123376 total
[2026-07-12T00:47:38.013+0000][7][gc,age      ] GC(39) - age  14:      28824 bytes,    1152200 total
[2026-07-12T00:47:38.013+0000][7][gc,age      ] GC(39) - age  15:      47048 bytes,    1199248 total
[2026-07-12T00:47:38.013+0000][7][gc,heap     ] GC(39) Eden regions: 75->0(75)
[2026-07-12T00:47:38.013+0000][7][gc,heap     ] GC(39) Survivor regions: 1->1(10)
[2026-07-12T00:47:38.013+0000][7][gc,heap     ] GC(39) Old regions: 21->21
[2026-07-12T00:47:38.013+0000][7][gc,heap     ] GC(39) Humongous regions: 2->2
[2026-07-12T00:47:38.013+0000][7][gc,metaspace] GC(39) Metaspace: 111609K(114496K)->111609K(114496K) NonClass: 96095K(97664K)->96095K(97664K) Class: 15514K(16832K)->15514K(16832K)
[2026-07-12T00:47:38.013+0000][7][gc          ] GC(39) Pause Young (Normal) (G1 Evacuation Pause) 389M->89M(512M) 6.550ms
[2026-07-12T00:47:38.014+0000][7][gc,cpu      ] GC(39) User=0.00s Sys=0.00s Real=0.01s
[2026-07-12T00:47:38.014+0000][7][safepoint   ] Safepoint "G1CollectForAllocation", Time since last: 48234185407 ns, Reaching safepoint: 27070 ns, Cleanup: 3294 ns, At safepoint: 6889320 ns, Total: 6919684 ns
[2026-07-12T00:48:49.912+0000][7][safepoint   ] Safepoint "Cleanup", Time since last: 71899722792 ns, Reaching safepoint: 269383 ns, Cleanup: 13671 ns, At safepoint: 8235 ns, Total: 291289 ns
[2026-07-12T00:51:21.163+0000][7][safepoint   ] Safepoint "Cleanup", Time since last: 151256599717 ns, Reaching safepoint: 10632 ns, Cleanup: 31673 ns, At safepoint: 5857 ns, Total: 48162 ns
[2026-07-12T01:22:15.629+0000][7][safepoint   ] Safepoint "Cleanup", Time since last: 1854464643682 ns, Reaching safepoint: 73222 ns, Cleanup: 25196 ns, At safepoint: 22221 ns, Total: 120639 ns
[2026-07-12T01:22:25.642+0000][7][safepoint   ] Safepoint "Cleanup", Time since last: 10013030980 ns, Reaching safepoint: 73827 ns, Cleanup: 28872 ns, At safepoint: 29275 ns, Total: 131974 ns
[2026-07-12T01:40:15.277+0000][7][safepoint   ] Safepoint "Cleanup", Time since last: 1069651084938 ns, Reaching safepoint: 11682 ns, Cleanup: 78117 ns, At safepoint: 9103 ns, Total: 98902 ns
[2026-07-12T01:40:25.287+0000][7][safepoint   ] Safepoint "Cleanup", Time since last: 10009171943 ns, Reaching safepoint: 24064 ns, Cleanup: 24347 ns, At safepoint: 23781 ns, Total: 72192 ns
[2026-07-12T01:52:23.271+0000][7][safepoint   ] Safepoint "Cleanup", Time since last: 717974658131 ns, Reaching safepoint: 18168 ns, Cleanup: 89389 ns, At safepoint: 13579 ns, Total: 121136 ns
[2026-07-12T02:12:19.265+0000][7][safepoint   ] Safepoint "Cleanup", Time since last: 1196019791596 ns, Reaching safepoint: 14719 ns, Cleanup: 16442 ns, At safepoint: 10163 ns, Total: 41324 ns
[2026-07-12T02:12:49.307+0000][7][safepoint   ] Safepoint "Cleanup", Time since last: 30029504071 ns, Reaching safepoint: 75149 ns, Cleanup: 27638 ns, At safepoint: 30632 ns, Total: 133419 ns
[2026-07-12T02:30:42.258+0000][7][safepoint   ] Safepoint "Cleanup", Time since last: 1073001380037 ns, Reaching safepoint: 30936 ns, Cleanup: 17783 ns, At safepoint: 10378 ns, Total: 59097 ns
[2026-07-12T02:31:03.278+0000][7][safepoint   ] Safepoint "Cleanup", Time since last: 21019288445 ns, Reaching safepoint: 23827 ns, Cleanup: 27483 ns, At safepoint: 23782 ns, Total: 75092 ns
[2026-07-12T02:31:13.551+0000][7][safepoint   ] Safepoint "Cleanup", Time since last: 10011222479 ns, Reaching safepoint: 1287439 ns, Cleanup: 27115 ns, At safepoint: 78534 ns, Total: 1393088 ns
[2026-07-12T02:53:24.644+0000][7][gc,start    ] GC(40) Pause Young (Normal) (G1 Evacuation Pause)
[2026-07-12T02:53:24.814+0000][7][gc,task     ] GC(40) Using 4 workers of 4 for evacuation
[2026-07-12T02:53:24.815+0000][7][gc,age      ] GC(40) Desired survivor size 20971520 bytes, new threshold 15 (max threshold 15)
[2026-07-12T02:53:24.850+0000][7][gc,phases   ] GC(40)   Pre Evacuate Collection Set: 1.62ms
[2026-07-12T02:53:24.850+0000][7][gc,phases   ] GC(40)   Merge Heap Roots: 5.58ms
[2026-07-12T02:53:24.850+0000][7][gc,phases   ] GC(40)   Evacuate Collection Set: 17.74ms
[2026-07-12T02:53:24.851+0000][7][gc,phases   ] GC(40)   Post Evacuate Collection Set: 7.22ms
[2026-07-12T02:53:24.851+0000][7][gc,phases   ] GC(40)   Other: 3.70ms
[2026-07-12T02:53:24.854+0000][7][gc,age      ] GC(40) Age table with threshold 15 (max threshold 15)
[2026-07-12T02:53:24.854+0000][7][gc,age      ] GC(40) - age   1:     782440 bytes,     782440 total
[2026-07-12T02:53:24.854+0000][7][gc,age      ] GC(40) - age   2:      30752 bytes,     813192 total
[2026-07-12T02:53:24.854+0000][7][gc,age      ] GC(40) - age   3:      27128 bytes,     840320 total
[2026-07-12T02:53:24.855+0000][7][gc,age      ] GC(40) - age   4:      27960 bytes,     868280 total
[2026-07-12T02:53:24.855+0000][7][gc,age      ] GC(40) - age   5:      52096 bytes,     920376 total
[2026-07-12T02:53:24.855+0000][7][gc,age      ] GC(40) - age   6:      27968 bytes,     948344 total
[2026-07-12T02:53:24.856+0000][7][gc,age      ] GC(40) - age   7:      26896 bytes,     975240 total
[2026-07-12T02:53:24.856+0000][7][gc,age      ] GC(40) - age   8:      27664 bytes,    1002904 total
[2026-07-12T02:53:24.856+0000][7][gc,age      ] GC(40) - age   9:      27416 bytes,    1030320 total
[2026-07-12T02:53:24.856+0000][7][gc,age      ] GC(40) - age  10:      29648 bytes,    1059968 total
[2026-07-12T02:53:24.857+0000][7][gc,age      ] GC(40) - age  11:      52744 bytes,    1112712 total
[2026-07-12T02:53:24.857+0000][7][gc,age      ] GC(40) - age  12:      55784 bytes,    1168496 total
[2026-07-12T02:53:24.857+0000][7][gc,age      ] GC(40) - age  13:      29544 bytes,    1198040 total
[2026-07-12T02:53:24.858+0000][7][gc,age      ] GC(40) - age  14:     111272 bytes,    1309312 total
[2026-07-12T02:53:24.858+0000][7][gc,age      ] GC(40) - age  15:      28824 bytes,    1338136 total
[2026-07-12T02:53:24.858+0000][7][gc,heap     ] GC(40) Eden regions: 75->0(75)
[2026-07-12T02:53:24.858+0000][7][gc,heap     ] GC(40) Survivor regions: 1->1(10)
[2026-07-12T02:53:24.859+0000][7][gc,heap     ] GC(40) Old regions: 21->21
[2026-07-12T02:53:24.859+0000][7][gc,heap     ] GC(40) Humongous regions: 2->2
[2026-07-12T02:53:24.859+0000][7][gc,metaspace] GC(40) Metaspace: 112081K(114880K)->112081K(114880K) NonClass: 96487K(97984K)->96487K(97984K) Class: 15594K(16896K)->15594K(16896K)
[2026-07-12T02:53:24.860+0000][7][gc          ] GC(40) Pause Young (Normal) (G1 Evacuation Pause) 389M->90M(512M) 215.433ms
[2026-07-12T02:53:24.861+0000][7][gc,cpu      ] GC(40) User=0.02s Sys=0.00s Real=0.21s
[2026-07-12T02:53:24.864+0000][7][safepoint   ] Safepoint "G1CollectForAllocation", Time since last: 1331132150886 ns, Reaching safepoint: 9164 ns, Cleanup: 4447 ns, At safepoint: 220030434 ns, Total: 220044045 ns
[2026-07-12T02:53:25.865+0000][7][safepoint   ] Safepoint "Cleanup", Time since last: 1000747782 ns, Reaching safepoint: 14723 ns, Cleanup: 16830 ns, At safepoint: 9567 ns, Total: 41120 ns
[2026-07-12T02:54:37.838+0000][7][safepoint   ] Safepoint "Cleanup", Time since last: 71921727217 ns, Reaching safepoint: 74523 ns, Cleanup: 432662 ns, At safepoint: 22333 ns, Total: 529518 ns
[2026-07-12T02:55:40.092+0000][7][safepoint   ] Safepoint "Cleanup", Time since last: 62250982654 ns, Reaching safepoint: 24820 ns, Cleanup: 26252 ns, At safepoint: 22395 ns, Total: 73467 ns
[2026-07-12T02:57:23.372+0000][7][safepoint   ] Safepoint "Cleanup", Time since last: 103274275166 ns, Reaching safepoint: 57166 ns, Cleanup: 24450 ns, At safepoint: 17024 ns, Total: 98640 ns
[2026-07-12T02:57:55.406+0000][7][safepoint   ] Safepoint "Cleanup", Time since last: 32031636881 ns, Reaching safepoint: 58341 ns, Cleanup: 18846 ns, At safepoint: 21877 ns, Total: 99064 ns
[2026-07-12T02:58:25.436+0000][7][safepoint   ] Safepoint "Cleanup", Time since last: 30029705136 ns, Reaching safepoint: 45073 ns, Cleanup: 16545 ns, At safepoint: 12382 ns, Total: 74000 ns
[2026-07-12T03:14:57.905+0000][7][safepoint   ] Safepoint "Cleanup", Time since last: 992495791833 ns, Reaching safepoint: 16156 ns, Cleanup: 29191 ns, At safepoint: 9157 ns, Total: 54504 ns
[2026-07-12T03:15:07.917+0000][7][safepoint   ] Safepoint "Cleanup", Time since last: 10012368585 ns, Reaching safepoint: 26667 ns, Cleanup: 25566 ns, At safepoint: 24389 ns, Total: 76622 ns
[2026-07-12T03:17:54.001+0000][7][safepoint   ] Safepoint "Cleanup", Time since last: 166022758088 ns, Reaching safepoint: 71800 ns, Cleanup: 28004 ns, At safepoint: 24162 ns, Total: 123966 ns
[2026-07-12T03:20:15.633+0000][7][safepoint   ] Safepoint "Cleanup", Time since last: 141626888089 ns, Reaching safepoint: 13987 ns, Cleanup: 14746 ns, At safepoint: 10639 ns, Total: 39372 ns
[2026-07-12T03:22:42.548+0000][7][gc,start    ] GC(41) Pause Young (Normal) (G1 Evacuation Pause)
[2026-07-12T03:22:42.550+0000][7][gc,task     ] GC(41) Using 4 workers of 4 for evacuation
[2026-07-12T03:22:42.550+0000][7][gc,age      ] GC(41) Desired survivor size 20971520 bytes, new threshold 15 (max threshold 15)
[2026-07-12T03:22:42.556+0000][7][gc,phases   ] GC(41)   Pre Evacuate Collection Set: 0.61ms
[2026-07-12T03:22:42.556+0000][7][gc,phases   ] GC(41)   Merge Heap Roots: 0.25ms
[2026-07-12T03:22:42.556+0000][7][gc,phases   ] GC(41)   Evacuate Collection Set: 2.88ms
[2026-07-12T03:22:42.556+0000][7][gc,phases   ] GC(41)   Post Evacuate Collection Set: 1.23ms
[2026-07-12T03:22:42.557+0000][7][gc,phases   ] GC(41)   Other: 0.49ms
[2026-07-12T03:22:42.557+0000][7][gc,age      ] GC(41) Age table with threshold 15 (max threshold 15)
[2026-07-12T03:22:42.557+0000][7][gc,age      ] GC(41) - age   1:     635888 bytes,     635888 total
[2026-07-12T03:22:42.557+0000][7][gc,age      ] GC(41) - age   2:     278640 bytes,     914528 total
[2026-07-12T03:22:42.557+0000][7][gc,age      ] GC(41) - age   3:      30688 bytes,     945216 total
[2026-07-12T03:22:42.557+0000][7][gc,age      ] GC(41) - age   4:      27128 bytes,     972344 total
[2026-07-12T03:22:42.557+0000][7][gc,age      ] GC(41) - age   5:      27960 bytes,    1000304 total
[2026-07-12T03:22:42.558+0000][7][gc,age      ] GC(41) - age   6:      52096 bytes,    1052400 total
[2026-07-12T03:22:42.558+0000][7][gc,age      ] GC(41) - age   7:      27968 bytes,    1080368 total
[2026-07-12T03:22:42.558+0000][7][gc,age      ] GC(41) - age   8:      26896 bytes,    1107264 total
[2026-07-12T03:22:42.558+0000][7][gc,age      ] GC(41) - age   9:      27664 bytes,    1134928 total
[2026-07-12T03:22:42.558+0000][7][gc,age      ] GC(41) - age  10:      27416 bytes,    1162344 total
[2026-07-12T03:22:42.558+0000][7][gc,age      ] GC(41) - age  11:      29648 bytes,    1191992 total
[2026-07-12T03:22:42.559+0000][7][gc,age      ] GC(41) - age  12:      52744 bytes,    1244736 total
[2026-07-12T03:22:42.559+0000][7][gc,age      ] GC(41) - age  13:      55784 bytes,    1300520 total
[2026-07-12T03:22:42.559+0000][7][gc,age      ] GC(41) - age  14:      29512 bytes,    1330032 total
[2026-07-12T03:22:42.559+0000][7][gc,age      ] GC(41) - age  15:     111272 bytes,    1441304 total
[2026-07-12T03:22:42.559+0000][7][gc,heap     ] GC(41) Eden regions: 75->0(75)
[2026-07-12T03:22:42.559+0000][7][gc,heap     ] GC(41) Survivor regions: 1->1(10)
[2026-07-12T03:22:42.559+0000][7][gc,heap     ] GC(41) Old regions: 21->21
[2026-07-12T03:22:42.560+0000][7][gc,heap     ] GC(41) Humongous regions: 2->2
[2026-07-12T03:22:42.560+0000][7][gc,metaspace] GC(41) Metaspace: 112131K(114944K)->112131K(114944K) NonClass: 96536K(98048K)->96536K(98048K) Class: 15594K(16896K)->15594K(16896K)
[2026-07-12T03:22:42.560+0000][7][gc          ] GC(41) Pause Young (Normal) (G1 Evacuation Pause) 390M->90M(512M) 11.533ms
[2026-07-12T03:22:42.560+0000][7][gc,cpu      ] GC(41) User=0.01s Sys=0.00s Real=0.02s
[2026-07-12T03:22:42.560+0000][7][safepoint   ] Safepoint "G1CollectForAllocation", Time since last: 146910117963 ns, Reaching safepoint: 34788 ns, Cleanup: 3894 ns, At safepoint: 11971627 ns, Total: 12010309 ns
[2026-07-12T03:24:57.507+0000][7][safepoint   ] Safepoint "Cleanup", Time since last: 134941733160 ns, Reaching safepoint: 48860 ns, Cleanup: 17687 ns, At safepoint: 10849 ns, Total: 77396 ns
[2026-07-12T03:25:27.536+0000][7][safepoint   ] Safepoint "Cleanup", Time since last: 30028106436 ns, Reaching safepoint: 42959 ns, Cleanup: 16195 ns, At safepoint: 15600 ns, Total: 74754 ns
[2026-07-12T03:25:57.563+0000][7][safepoint   ] Safepoint "Cleanup", Time since last: 30026644509 ns, Reaching safepoint: 105465 ns, Cleanup: 14680 ns, At safepoint: 15717 ns, Total: 135862 ns
[2026-07-12T03:26:27.591+0000][7][safepoint   ] Safepoint "Cleanup", Time since last: 30027007841 ns, Reaching safepoint: 46303 ns, Cleanup: 21853 ns, At safepoint: 11448 ns, Total: 79604 ns
[2026-07-12T03:29:57.783+0000][7][safepoint   ] Safepoint "Cleanup", Time since last: 210185052382 ns, Reaching safepoint: 46125 ns, Cleanup: 16793 ns, At safepoint: 11872 ns, Total: 74790 ns
[2026-07-12T03:30:59.840+0000][7][safepoint   ] Safepoint "Cleanup", Time since last: 62055817093 ns, Reaching safepoint: 30528 ns, Cleanup: 44352 ns, At safepoint: 8479 ns, Total: 83359 ns
[2026-07-12T03:31:09.848+0000][7][safepoint   ] Safepoint "Cleanup", Time since last: 10007884663 ns, Reaching safepoint: 44787 ns, Cleanup: 15720 ns, At safepoint: 14619 ns, Total: 75126 ns
[2026-07-12T03:32:40.929+0000][7][safepoint   ] Safepoint "Cleanup", Time since last: 91077988240 ns, Reaching safepoint: 49584 ns, Cleanup: 17483 ns, At safepoint: 15088 ns, Total: 82155 ns
[2026-07-12T03:34:57.457+0000][7][safepoint   ] Safepoint "Cleanup", Time since last: 136522878295 ns, Reaching safepoint: 47936 ns, Cleanup: 26862 ns, At safepoint: 10736 ns, Total: 85534 ns
[2026-07-12T03:36:57.563+0000][7][safepoint   ] Safepoint "Cleanup", Time since last: 120102896392 ns, Reaching safepoint: 47805 ns, Cleanup: 14138 ns, At safepoint: 25265 ns, Total: 87208 ns
[2026-07-12T03:36:58.059+0000][7][gc,start    ] GC(42) Pause Young (Normal) (G1 Evacuation Pause)
[2026-07-12T03:36:58.060+0000][7][gc,task     ] GC(42) Using 4 workers of 4 for evacuation
[2026-07-12T03:36:58.060+0000][7][gc,age      ] GC(42) Desired survivor size 20971520 bytes, new threshold 15 (max threshold 15)
[2026-07-12T03:36:58.064+0000][7][gc,phases   ] GC(42)   Pre Evacuate Collection Set: 0.32ms
[2026-07-12T03:36:58.064+0000][7][gc,phases   ] GC(42)   Merge Heap Roots: 0.05ms
[2026-07-12T03:36:58.064+0000][7][gc,phases   ] GC(42)   Evacuate Collection Set: 2.26ms
[2026-07-12T03:36:58.064+0000][7][gc,phases   ] GC(42)   Post Evacuate Collection Set: 1.00ms
[2026-07-12T03:36:58.064+0000][7][gc,phases   ] GC(42)   Other: 0.37ms
[2026-07-12T03:36:58.065+0000][7][gc,age      ] GC(42) Age table with threshold 15 (max threshold 15)
[2026-07-12T03:36:58.065+0000][7][gc,age      ] GC(42) - age   1:      56224 bytes,      56224 total
[2026-07-12T03:36:58.065+0000][7][gc,age      ] GC(42) - age   2:     621936 bytes,     678160 total
[2026-07-12T03:36:58.065+0000][7][gc,age      ] GC(42) - age   3:     262160 bytes,     940320 total
[2026-07-12T03:36:58.065+0000][7][gc,age      ] GC(42) - age   4:      30688 bytes,     971008 total
[2026-07-12T03:36:58.065+0000][7][gc,age      ] GC(42) - age   5:      27128 bytes,     998136 total
[2026-07-12T03:36:58.066+0000][7][gc,age      ] GC(42) - age   6:      27960 bytes,    1026096 total
[2026-07-12T03:36:58.066+0000][7][gc,age      ] GC(42) - age   7:      25688 bytes,    1051784 total
[2026-07-12T03:36:58.066+0000][7][gc,age      ] GC(42) - age   8:      27968 bytes,    1079752 total
[2026-07-12T03:36:58.066+0000][7][gc,age      ] GC(42) - age   9:      26896 bytes,    1106648 total
[2026-07-12T03:36:58.066+0000][7][gc,age      ] GC(42) - age  10:      27664 bytes,    1134312 total
[2026-07-12T03:36:58.066+0000][7][gc,age      ] GC(42) - age  11:      27416 bytes,    1161728 total
[2026-07-12T03:36:58.066+0000][7][gc,age      ] GC(42) - age  12:      29648 bytes,    1191376 total
[2026-07-12T03:36:58.067+0000][7][gc,age      ] GC(42) - age  13:      52744 bytes,    1244120 total
[2026-07-12T03:36:58.067+0000][7][gc,age      ] GC(42) - age  14:      55784 bytes,    1299904 total
[2026-07-12T03:36:58.067+0000][7][gc,age      ] GC(42) - age  15:      29512 bytes,    1329416 total
[2026-07-12T03:36:58.067+0000][7][gc,heap     ] GC(42) Eden regions: 75->0(75)
[2026-07-12T03:36:58.067+0000][7][gc,heap     ] GC(42) Survivor regions: 1->1(10)
[2026-07-12T03:36:58.067+0000][7][gc,heap     ] GC(42) Old regions: 21->21
[2026-07-12T03:36:58.067+0000][7][gc,heap     ] GC(42) Humongous regions: 2->2
[2026-07-12T03:36:58.067+0000][7][gc,metaspace] GC(42) Metaspace: 112237K(115072K)->112237K(115072K) NonClass: 96642K(98176K)->96642K(98176K) Class: 15594K(16896K)->15594K(16896K)
[2026-07-12T03:36:58.068+0000][7][gc          ] GC(42) Pause Young (Normal) (G1 Evacuation Pause) 390M->90M(512M) 8.129ms
[2026-07-12T03:36:58.068+0000][7][gc,cpu      ] GC(42) User=0.01s Sys=0.00s Real=0.01s
[2026-07-12T03:36:58.068+0000][7][safepoint   ] Safepoint "G1CollectForAllocation", Time since last: 496283910 ns, Reaching safepoint: 11627 ns, Cleanup: 4237 ns, At safepoint: 8571239 ns, Total: 8587103 ns
[2026-07-12T03:37:03.072+0000][7][safepoint   ] Safepoint "Cleanup", Time since last: 5004220883 ns, Reaching safepoint: 26766 ns, Cleanup: 6825 ns, At safepoint: 5863 ns, Total: 39454 ns
[2026-07-12T03:37:58.119+0000][7][safepoint   ] Safepoint "Cleanup", Time since last: 55044765385 ns, Reaching safepoint: 29487 ns, Cleanup: 9404 ns, At safepoint: 8139 ns, Total: 47030 ns
[2026-07-12T03:39:13.449+0000][7][safepoint   ] Safepoint "Cleanup", Time since last: 75327863518 ns, Reaching safepoint: 10975 ns, Cleanup: 9788 ns, At safepoint: 6287 ns, Total: 27050 ns
[2026-07-12T03:39:23.461+0000][7][safepoint   ] Safepoint "Cleanup", Time since last: 10011963082 ns, Reaching safepoint: 26806 ns, Cleanup: 9302 ns, At safepoint: 7953 ns, Total: 44061 ns
[2026-07-12T03:39:27.465+0000][7][safepoint   ] Safepoint "Cleanup", Time since last: 4002902848 ns, Reaching safepoint: 11150 ns, Cleanup: 8970 ns, At safepoint: 6369 ns, Total: 26489 ns
[2026-07-12T03:39:57.491+0000][7][safepoint   ] Safepoint "Cleanup", Time since last: 30025165971 ns, Reaching safepoint: 42446 ns, Cleanup: 14385 ns, At safepoint: 10717 ns, Total: 67548 ns
[2026-07-12T03:43:57.463+0000][7][safepoint   ] Safepoint "Cleanup", Time since last: 239965169128 ns, Reaching safepoint: 52977 ns, Cleanup: 17882 ns, At safepoint: 12415 ns, Total: 83274 ns
[2026-07-12T03:44:27.492+0000][7][safepoint   ] Safepoint "Cleanup", Time since last: 30027664158 ns, Reaching safepoint: 45793 ns, Cleanup: 14785 ns, At safepoint: 13461 ns, Total: 74039 ns
[2026-07-12T03:44:45.507+0000][7][safepoint   ] Safepoint "Cleanup", Time since last: 18014887587 ns, Reaching safepoint: 10920 ns, Cleanup: 12393 ns, At safepoint: 7402 ns, Total: 30715 ns
[2026-07-12T03:44:55.517+0000][7][safepoint   ] Safepoint "Cleanup", Time since last: 10010073317 ns, Reaching safepoint: 46368 ns, Cleanup: 14808 ns, At safepoint: 14641 ns, Total: 75817 ns
[2026-07-12T03:44:57.520+0000][7][safepoint   ] Safepoint "Cleanup", Time since last: 2001896777 ns, Reaching safepoint: 15767 ns, Cleanup: 16272 ns, At safepoint: 11829 ns, Total: 43868 ns
[2026-07-12T03:45:57.575+0000][7][safepoint   ] Safepoint "Cleanup", Time since last: 60053208050 ns, Reaching safepoint: 16525 ns, Cleanup: 14356 ns, At safepoint: 14650 ns, Total: 45531 ns
[2026-07-12T03:47:23.267+0000][7][safepoint   ] Safepoint "Cleanup", Time since last: 85690833487 ns, Reaching safepoint: 16410 ns, Cleanup: 14596 ns, At safepoint: 11481 ns, Total: 42487 ns
[2026-07-12T03:51:13.557+0000][7][gc,start    ] GC(43) Pause Young (Normal) (G1 Evacuation Pause)
[2026-07-12T03:51:13.558+0000][7][gc,task     ] GC(43) Using 4 workers of 4 for evacuation
[2026-07-12T03:51:13.558+0000][7][gc,age      ] GC(43) Desired survivor size 20971520 bytes, new threshold 15 (max threshold 15)
[2026-07-12T03:51:13.562+0000][7][gc,phases   ] GC(43)   Pre Evacuate Collection Set: 0.69ms
[2026-07-12T03:51:13.563+0000][7][gc,phases   ] GC(43)   Merge Heap Roots: 0.25ms
[2026-07-12T03:51:13.563+0000][7][gc,phases   ] GC(43)   Evacuate Collection Set: 1.61ms
[2026-07-12T03:51:13.563+0000][7][gc,phases   ] GC(43)   Post Evacuate Collection Set: 1.27ms
[2026-07-12T03:51:13.563+0000][7][gc,phases   ] GC(43)   Other: 0.72ms
[2026-07-12T03:51:13.563+0000][7][gc,age      ] GC(43) Age table with threshold 15 (max threshold 15)
[2026-07-12T03:51:13.564+0000][7][gc,age      ] GC(43) - age   1:      68728 bytes,      68728 total
[2026-07-12T03:51:13.564+0000][7][gc,age      ] GC(43) - age   2:      42088 bytes,     110816 total
[2026-07-12T03:51:13.564+0000][7][gc,age      ] GC(43) - age   3:     621760 bytes,     732576 total
[2026-07-12T03:51:13.564+0000][7][gc,age      ] GC(43) - age   4:     262160 bytes,     994736 total
[2026-07-12T03:51:13.564+0000][7][gc,age      ] GC(43) - age   5:      30688 bytes,    1025424 total
[2026-07-12T03:51:13.565+0000][7][gc,age      ] GC(43) - age   6:      27128 bytes,    1052552 total
[2026-07-12T03:51:13.565+0000][7][gc,age      ] GC(43) - age   7:      27960 bytes,    1080512 total
[2026-07-12T03:51:13.565+0000][7][gc,age      ] GC(43) - age   8:      25648 bytes,    1106160 total
[2026-07-12T03:51:13.565+0000][7][gc,age      ] GC(43) - age   9:      27968 bytes,    1134128 total
[2026-07-12T03:51:13.565+0000][7][gc,age      ] GC(43) - age  10:      26896 bytes,    1161024 total
[2026-07-12T03:51:13.566+0000][7][gc,age      ] GC(43) - age  11:      27664 bytes,    1188688 total
[2026-07-12T03:51:13.566+0000][7][gc,age      ] GC(43) - age  12:      27416 bytes,    1216104 total
[2026-07-12T03:51:13.566+0000][7][gc,age      ] GC(43) - age  13:      29648 bytes,    1245752 total
[2026-07-12T03:51:13.566+0000][7][gc,age      ] GC(43) - age  14:      52744 bytes,    1298496 total
[2026-07-12T03:51:13.566+0000][7][gc,age      ] GC(43) - age  15:      31200 bytes,    1329696 total
[2026-07-12T03:51:13.566+0000][7][gc,heap     ] GC(43) Eden regions: 75->0(75)
[2026-07-12T03:51:13.566+0000][7][gc,heap     ] GC(43) Survivor regions: 1->1(10)
[2026-07-12T03:51:13.567+0000][7][gc,heap     ] GC(43) Old regions: 21->21
[2026-07-12T03:51:13.567+0000][7][gc,heap     ] GC(43) Humongous regions: 2->2
[2026-07-12T03:51:13.567+0000][7][gc,metaspace] GC(43) Metaspace: 112239K(115072K)->112239K(115072K) NonClass: 96644K(98176K)->96644K(98176K) Class: 15594K(16896K)->15594K(16896K)
[2026-07-12T03:51:13.567+0000][7][gc          ] GC(43) Pause Young (Normal) (G1 Evacuation Pause) 390M->90M(512M) 10.458ms
[2026-07-12T03:51:13.567+0000][7][gc,cpu      ] GC(43) User=0.01s Sys=0.00s Real=0.01s
[2026-07-12T03:51:13.567+0000][7][safepoint   ] Safepoint "G1CollectForAllocation", Time since last: 230282128468 ns, Reaching safepoint: 11259 ns, Cleanup: 3791 ns, At safepoint: 10864483 ns, Total: 10879533 ns
[2026-07-12T03:51:58.610+0000][7][safepoint   ] Safepoint "Cleanup", Time since last: 45040699729 ns, Reaching safepoint: 45495 ns, Cleanup: 75216 ns, At safepoint: 13191 ns, Total: 133902 ns
[2026-07-12T03:55:09.952+0000][7][safepoint   ] Safepoint "Cleanup", Time since last: 191335884206 ns, Reaching safepoint: 42651 ns, Cleanup: 14177 ns, At safepoint: 13818 ns, Total: 70646 ns
[2026-07-12T03:55:27.968+0000][7][safepoint   ] Safepoint "Cleanup", Time since last: 18015992406 ns, Reaching safepoint: 12922 ns, Cleanup: 11528 ns, At safepoint: 7537 ns, Total: 31987 ns
[2026-07-12T04:00:52.022+0000][7][safepoint   ] Safepoint "Cleanup", Time since last: 324044782665 ns, Reaching safepoint: 15909 ns, Cleanup: 18092 ns, At safepoint: 11487 ns, Total: 45488 ns
[2026-07-12T04:04:57.865+0000][7][safepoint   ] Safepoint "Cleanup", Time since last: 245833891024 ns, Reaching safepoint: 13541 ns, Cleanup: 12733 ns, At safepoint: 35118 ns, Total: 61392 ns
[2026-07-12T04:05:24.049+0000][7][safepoint   ] Safepoint "Cleanup", Time since last: 26184215773 ns, Reaching safepoint: 16659 ns, Cleanup: 16424 ns, At safepoint: 11604 ns, Total: 44687 ns
[2026-07-12T04:05:29.112+0000][7][gc,start    ] GC(44) Pause Young (Normal) (G1 Evacuation Pause)
[2026-07-12T04:05:29.112+0000][7][gc,task     ] GC(44) Using 4 workers of 4 for evacuation
[2026-07-12T04:05:29.113+0000][7][gc,age      ] GC(44) Desired survivor size 20971520 bytes, new threshold 15 (max threshold 15)
[2026-07-12T04:05:29.116+0000][7][gc,phases   ] GC(44)   Pre Evacuate Collection Set: 0.28ms
[2026-07-12T04:05:29.116+0000][7][gc,phases   ] GC(44)   Merge Heap Roots: 0.12ms
[2026-07-12T04:05:29.116+0000][7][gc,phases   ] GC(44)   Evacuate Collection Set: 1.37ms
[2026-07-12T04:05:29.116+0000][7][gc,phases   ] GC(44)   Post Evacuate Collection Set: 0.94ms
[2026-07-12T04:05:29.116+0000][7][gc,phases   ] GC(44)   Other: 0.38ms
[2026-07-12T04:05:29.116+0000][7][gc,age      ] GC(44) Age table with threshold 15 (max threshold 15)
[2026-07-12T04:05:29.116+0000][7][gc,age      ] GC(44) - age   1:      80328 bytes,      80328 total
[2026-07-12T04:05:29.116+0000][7][gc,age      ] GC(44) - age   2:      53368 bytes,     133696 total
[2026-07-12T04:05:29.116+0000][7][gc,age      ] GC(44) - age   3:      42024 bytes,     175720 total
[2026-07-12T04:05:29.116+0000][7][gc,age      ] GC(44) - age   4:     621728 bytes,     797448 total
[2026-07-12T04:05:29.116+0000][7][gc,age      ] GC(44) - age   5:     261976 bytes,    1059424 total
[2026-07-12T04:05:29.117+0000][7][gc,age      ] GC(44) - age   6:      30688 bytes,    1090112 total
[2026-07-12T04:05:29.117+0000][7][gc,age      ] GC(44) - age   7:      27128 bytes,    1117240 total
[2026-07-12T04:05:29.117+0000][7][gc,age      ] GC(44) - age   8:      27960 bytes,    1145200 total
[2026-07-12T04:05:29.117+0000][7][gc,age      ] GC(44) - age   9:      25648 bytes,    1170848 total
[2026-07-12T04:05:29.117+0000][7][gc,age      ] GC(44) - age  10:      27968 bytes,    1198816 total
[2026-07-12T04:05:29.117+0000][7][gc,age      ] GC(44) - age  11:      26896 bytes,    1225712 total
[2026-07-12T04:05:29.117+0000][7][gc,age      ] GC(44) - age  12:      27664 bytes,    1253376 total
[2026-07-12T04:05:29.117+0000][7][gc,age      ] GC(44) - age  13:      27416 bytes,    1280792 total
[2026-07-12T04:05:29.117+0000][7][gc,age      ] GC(44) - age  14:      29648 bytes,    1310440 total
[2026-07-12T04:05:29.117+0000][7][gc,age      ] GC(44) - age  15:      28160 bytes,    1338600 total
[2026-07-12T04:05:29.117+0000][7][gc,heap     ] GC(44) Eden regions: 75->0(75)
[2026-07-12T04:05:29.117+0000][7][gc,heap     ] GC(44) Survivor regions: 1->1(10)
[2026-07-12T04:05:29.118+0000][7][gc,heap     ] GC(44) Old regions: 21->21
[2026-07-12T04:05:29.118+0000][7][gc,heap     ] GC(44) Humongous regions: 2->2
[2026-07-12T04:05:29.118+0000][7][gc,metaspace] GC(44) Metaspace: 112254K(115072K)->112254K(115072K) NonClass: 96659K(98176K)->96659K(98176K) Class: 15594K(16896K)->15594K(16896K)
[2026-07-12T04:05:29.118+0000][7][gc          ] GC(44) Pause Young (Normal) (G1 Evacuation Pause) 390M->90M(512M) 5.597ms
[2026-07-12T04:05:29.118+0000][7][gc,cpu      ] GC(44) User=0.01s Sys=0.01s Real=0.01s
[2026-07-12T04:05:29.118+0000][7][safepoint   ] Safepoint "G1CollectForAllocation", Time since last: 5062687026 ns, Reaching safepoint: 8385 ns, Cleanup: 2586 ns, At safepoint: 5799590 ns, Total: 5810561 ns
[2026-07-12T04:10:05.771+0000][7][safepoint   ] Safepoint "Cleanup", Time since last: 276644691532 ns, Reaching safepoint: 39068 ns, Cleanup: 12482 ns, At safepoint: 8966 ns, Total: 60516 ns
[2026-07-12T04:14:57.808+0000][7][safepoint   ] Safepoint "Cleanup", Time since last: 292027607043 ns, Reaching safepoint: 11327 ns, Cleanup: 14649 ns, At safepoint: 6297 ns, Total: 32273 ns
[2026-07-12T04:54:27.854+0000][7][safepoint   ] Safepoint "Cleanup", Time since last: 2370142895808 ns, Reaching safepoint: 10171 ns, Cleanup: 14077 ns, At safepoint: 6829 ns, Total: 31077 ns
[2026-07-12T04:55:52.063+0000][7][gc,start    ] GC(45) Pause Young (Normal) (G1 Evacuation Pause)
[2026-07-12T04:55:52.064+0000][7][gc,task     ] GC(45) Using 4 workers of 4 for evacuation
[2026-07-12T04:55:52.065+0000][7][gc,age      ] GC(45) Desired survivor size 20971520 bytes, new threshold 15 (max threshold 15)
[2026-07-12T04:55:52.080+0000][7][gc,phases   ] GC(45)   Pre Evacuate Collection Set: 0.73ms
[2026-07-12T04:55:52.081+0000][7][gc,phases   ] GC(45)   Merge Heap Roots: 0.39ms
[2026-07-12T04:55:52.082+0000][7][gc,phases   ] GC(45)   Evacuate Collection Set: 8.88ms
[2026-07-12T04:55:52.084+0000][7][gc,phases   ] GC(45)   Post Evacuate Collection Set: 4.00ms
[2026-07-12T04:55:52.085+0000][7][gc,phases   ] GC(45)   Other: 1.85ms
[2026-07-12T04:55:52.086+0000][7][gc,age      ] GC(45) Age table with threshold 15 (max threshold 15)
[2026-07-12T04:55:52.087+0000][7][gc,age      ] GC(45) - age   1:     308848 bytes,     308848 total
[2026-07-12T04:55:52.087+0000][7][gc,age      ] GC(45) - age   2:      64688 bytes,     373536 total
[2026-07-12T04:55:52.088+0000][7][gc,age      ] GC(45) - age   3:      53272 bytes,     426808 total
[2026-07-12T04:55:52.089+0000][7][gc,age      ] GC(45) - age   4:      32320 bytes,     459128 total
[2026-07-12T04:55:52.090+0000][7][gc,age      ] GC(45) - age   5:      45504 bytes,     504632 total
[2026-07-12T04:55:52.091+0000][7][gc,age      ] GC(45) - age   6:     200752 bytes,     705384 total
[2026-07-12T04:55:52.093+0000][7][gc,age      ] GC(45) - age   7:      29864 bytes,     735248 total
[2026-07-12T04:55:52.094+0000][7][gc,age      ] GC(45) - age   8:      27128 bytes,     762376 total
[2026-07-12T04:55:52.095+0000][7][gc,age      ] GC(45) - age   9:      27960 bytes,     790336 total
[2026-07-12T04:55:52.096+0000][7][gc,age      ] GC(45) - age  10:      25568 bytes,     815904 total
[2026-07-12T04:55:52.097+0000][7][gc,age      ] GC(45) - age  11:      27968 bytes,     843872 total
[2026-07-12T04:55:52.098+0000][7][gc,age      ] GC(45) - age  12:      26896 bytes,     870768 total
[2026-07-12T04:55:52.099+0000][7][gc,age      ] GC(45) - age  13:      27664 bytes,     898432 total
[2026-07-12T04:55:52.100+0000][7][gc,age      ] GC(45) - age  14:      27416 bytes,     925848 total
[2026-07-12T04:55:52.100+0000][7][gc,age      ] GC(45) - age  15:      29648 bytes,     955496 total
[2026-07-12T04:55:52.101+0000][7][gc,heap     ] GC(45) Eden regions: 75->0(75)
[2026-07-12T04:55:52.102+0000][7][gc,heap     ] GC(45) Survivor regions: 1->1(10)
[2026-07-12T04:55:52.103+0000][7][gc,heap     ] GC(45) Old regions: 21->21
[2026-07-12T04:55:52.104+0000][7][gc,heap     ] GC(45) Humongous regions: 2->2
[2026-07-12T04:55:52.105+0000][7][gc,metaspace] GC(45) Metaspace: 112269K(115072K)->112269K(115072K) NonClass: 96674K(98176K)->96674K(98176K) Class: 15594K(16896K)->15594K(16896K)
[2026-07-12T04:55:52.106+0000][7][gc          ] GC(45) Pause Young (Normal) (G1 Evacuation Pause) 390M->89M(512M) 42.849ms
[2026-07-12T04:55:52.106+0000][7][gc,cpu      ] GC(45) User=0.03s Sys=0.02s Real=0.04s
[2026-07-12T04:55:52.108+0000][7][safepoint   ] Safepoint "G1CollectForAllocation", Time since last: 84208431356 ns, Reaching safepoint: 71810 ns, Cleanup: 9761 ns, At safepoint: 45674751 ns, Total: 45756322 ns
[2026-07-12T05:37:53.411+0000][7][safepoint   ] Safepoint "Cleanup", Time since last: 2521092836622 ns, Reaching safepoint: 30977 ns, Cleanup: 17570 ns, At safepoint: 8822 ns, Total: 57369 ns
[2026-07-12T05:39:04.481+0000][7][safepoint   ] Safepoint "Cleanup", Time since last: 71067942259 ns, Reaching safepoint: 33943 ns, Cleanup: 12392 ns, At safepoint: 9120 ns, Total: 55455 ns
[2026-07-12T05:43:55.752+0000][7][safepoint   ] Safepoint "Cleanup", Time since last: 291261910582 ns, Reaching safepoint: 34895 ns, Cleanup: 11605 ns, At safepoint: 6752 ns, Total: 53252 ns
[2026-07-12T05:44:15.771+0000][7][safepoint   ] Safepoint "Cleanup", Time since last: 20018794623 ns, Reaching safepoint: 126760 ns, Cleanup: 13005 ns, At safepoint: 8726 ns, Total: 148491 ns
[2026-07-12T05:44:52.801+0000][7][safepoint   ] Safepoint "Cleanup", Time since last: 37028088499 ns, Reaching safepoint: 46842 ns, Cleanup: 15442 ns, At safepoint: 12012 ns, Total: 74296 ns
[2026-07-12T05:45:52.855+0000][7][safepoint   ] Safepoint "Cleanup", Time since last: 60052878348 ns, Reaching safepoint: 38500 ns, Cleanup: 15685 ns, At safepoint: 8919 ns, Total: 63104 ns
[2026-07-12T05:46:06.867+0000][7][safepoint   ] Safepoint "Cleanup", Time since last: 14011897397 ns, Reaching safepoint: 33629 ns, Cleanup: 13621 ns, At safepoint: 9659 ns, Total: 56909 ns
[2026-07-12T05:46:22.882+0000][7][safepoint   ] Safepoint "Cleanup", Time since last: 16014058335 ns, Reaching safepoint: 12608 ns, Cleanup: 17218 ns, At safepoint: 9843 ns, Total: 39669 ns
[2026-07-12T05:49:27.787+0000][7][gc,start    ] GC(46) Pause Young (Normal) (G1 Evacuation Pause)
[2026-07-12T05:49:27.788+0000][7][gc,task     ] GC(46) Using 4 workers of 4 for evacuation
[2026-07-12T05:49:27.788+0000][7][gc,age      ] GC(46) Desired survivor size 20971520 bytes, new threshold 15 (max threshold 15)
[2026-07-12T05:49:27.792+0000][7][gc,phases   ] GC(46)   Pre Evacuate Collection Set: 0.39ms
[2026-07-12T05:49:27.793+0000][7][gc,phases   ] GC(46)   Merge Heap Roots: 0.21ms
[2026-07-12T05:49:27.793+0000][7][gc,phases   ] GC(46)   Evacuate Collection Set: 2.44ms
[2026-07-12T05:49:27.793+0000][7][gc,phases   ] GC(46)   Post Evacuate Collection Set: 1.33ms
[2026-07-12T05:49:27.793+0000][7][gc,phases   ] GC(46)   Other: 0.52ms
[2026-07-12T05:49:27.793+0000][7][gc,age      ] GC(46) Age table with threshold 15 (max threshold 15)
[2026-07-12T05:49:27.793+0000][7][gc,age      ] GC(46) - age   1:     522336 bytes,     522336 total
[2026-07-12T05:49:27.793+0000][7][gc,age      ] GC(46) - age   2:     139496 bytes,     661832 total
[2026-07-12T05:49:27.794+0000][7][gc,age      ] GC(46) - age   3:      52056 bytes,     713888 total
[2026-07-12T05:49:27.794+0000][7][gc,age      ] GC(46) - age   4:      53272 bytes,     767160 total
[2026-07-12T05:49:27.794+0000][7][gc,age      ] GC(46) - age   5:      32320 bytes,     799480 total
[2026-07-12T05:49:27.794+0000][7][gc,age      ] GC(46) - age   6:      28120 bytes,     827600 total
[2026-07-12T05:49:27.794+0000][7][gc,age      ] GC(46) - age   7:     193928 bytes,    1021528 total
[2026-07-12T05:49:27.794+0000][7][gc,age      ] GC(46) - age   8:      29864 bytes,    1051392 total
[2026-07-12T05:49:27.794+0000][7][gc,age      ] GC(46) - age   9:      27128 bytes,    1078520 total
[2026-07-12T05:49:27.795+0000][7][gc,age      ] GC(46) - age  10:      27960 bytes,    1106480 total
[2026-07-12T05:49:27.795+0000][7][gc,age      ] GC(46) - age  11:      25568 bytes,    1132048 total
[2026-07-12T05:49:27.795+0000][7][gc,age      ] GC(46) - age  12:      27968 bytes,    1160016 total
[2026-07-12T05:49:27.795+0000][7][gc,age      ] GC(46) - age  13:      26896 bytes,    1186912 total
[2026-07-12T05:49:27.795+0000][7][gc,age      ] GC(46) - age  14:      27664 bytes,    1214576 total
[2026-07-12T05:49:27.795+0000][7][gc,age      ] GC(46) - age  15:      27416 bytes,    1241992 total
[2026-07-12T05:49:27.796+0000][7][gc,heap     ] GC(46) Eden regions: 75->0(75)
[2026-07-12T05:49:27.796+0000][7][gc,heap     ] GC(46) Survivor regions: 1->1(10)
[2026-07-12T05:49:27.796+0000][7][gc,heap     ] GC(46) Old regions: 21->21
[2026-07-12T05:49:27.796+0000][7][gc,heap     ] GC(46) Humongous regions: 2->2
[2026-07-12T05:49:27.796+0000][7][gc,metaspace] GC(46) Metaspace: 112288K(115136K)->112288K(115136K) NonClass: 96693K(98240K)->96693K(98240K) Class: 15594K(16896K)->15594K(16896K)
[2026-07-12T05:49:27.796+0000][7][gc          ] GC(46) Pause Young (Normal) (G1 Evacuation Pause) 389M->90M(512M) 9.793ms
[2026-07-12T05:49:27.796+0000][7][gc,cpu      ] GC(46) User=0.01s Sys=0.00s Real=0.01s
[2026-07-12T05:49:27.797+0000][7][safepoint   ] Safepoint "G1CollectForAllocation", Time since last: 184898544944 ns, Reaching safepoint: 30803 ns, Cleanup: 3964 ns, At safepoint: 10201785 ns, Total: 10236552 ns
[2026-07-12T05:54:52.639+0000][7][safepoint   ] Safepoint "Cleanup", Time since last: 324858263889 ns, Reaching safepoint: 43415 ns, Cleanup: 15274 ns, At safepoint: 11480 ns, Total: 70169 ns
[2026-07-12T05:57:23.778+0000][7][safepoint   ] Safepoint "Cleanup", Time since last: 151133874849 ns, Reaching safepoint: 14732 ns, Cleanup: 16099 ns, At safepoint: 39800 ns, Total: 70631 ns
[2026-07-12T06:01:20.641+0000][7][safepoint   ] Safepoint "Cleanup", Time since last: 236856785074 ns, Reaching safepoint: 37928 ns, Cleanup: 10939 ns, At safepoint: 6811 ns, Total: 55678 ns
[2026-07-12T06:03:43.185+0000][7][gc,start    ] GC(47) Pause Young (Normal) (G1 Evacuation Pause)
[2026-07-12T06:03:43.185+0000][7][gc,task     ] GC(47) Using 4 workers of 4 for evacuation
[2026-07-12T06:03:43.186+0000][7][gc,age      ] GC(47) Desired survivor size 20971520 bytes, new threshold 15 (max threshold 15)
[2026-07-12T06:03:43.189+0000][7][gc,phases   ] GC(47)   Pre Evacuate Collection Set: 0.31ms
[2026-07-12T06:03:43.190+0000][7][gc,phases   ] GC(47)   Merge Heap Roots: 0.24ms
[2026-07-12T06:03:43.190+0000][7][gc,phases   ] GC(47)   Evacuate Collection Set: 1.93ms
[2026-07-12T06:03:43.190+0000][7][gc,phases   ] GC(47)   Post Evacuate Collection Set: 1.09ms
[2026-07-12T06:03:43.190+0000][7][gc,phases   ] GC(47)   Other: 0.34ms
[2026-07-12T06:03:43.190+0000][7][gc,age      ] GC(47) Age table with threshold 15 (max threshold 15)
[2026-07-12T06:03:43.190+0000][7][gc,age      ] GC(47) - age   1:      52672 bytes,      52672 total
[2026-07-12T06:03:43.191+0000][7][gc,age      ] GC(47) - age   2:     508552 bytes,     561224 total
[2026-07-12T06:03:43.191+0000][7][gc,age      ] GC(47) - age   3:     123096 bytes,     684320 total
[2026-07-12T06:03:43.191+0000][7][gc,age      ] GC(47) - age   4:      52056 bytes,     736376 total
[2026-07-12T06:03:43.191+0000][7][gc,age      ] GC(47) - age   5:      28688 bytes,     765064 total
[2026-07-12T06:03:43.191+0000][7][gc,age      ] GC(47) - age   6:      32320 bytes,     797384 total
[2026-07-12T06:03:43.191+0000][7][gc,age      ] GC(47) - age   7:      28120 bytes,     825504 total
[2026-07-12T06:03:43.191+0000][7][gc,age      ] GC(47) - age   8:     193928 bytes,    1019432 total
[2026-07-12T06:03:43.192+0000][7][gc,age      ] GC(47) - age   9:      29864 bytes,    1049296 total
[2026-07-12T06:03:43.192+0000][7][gc,age      ] GC(47) - age  10:      27128 bytes,    1076424 total
[2026-07-12T06:03:43.192+0000][7][gc,age      ] GC(47) - age  11:      27960 bytes,    1104384 total
[2026-07-12T06:03:43.192+0000][7][gc,age      ] GC(47) - age  12:      25568 bytes,    1129952 total
[2026-07-12T06:03:43.192+0000][7][gc,age      ] GC(47) - age  13:      27968 bytes,    1157920 total
[2026-07-12T06:03:43.192+0000][7][gc,age      ] GC(47) - age  14:      26896 bytes,    1184816 total
[2026-07-12T06:03:43.192+0000][7][gc,age      ] GC(47) - age  15:      27664 bytes,    1212480 total
[2026-07-12T06:03:43.193+0000][7][gc,heap     ] GC(47) Eden regions: 75->0(75)
[2026-07-12T06:03:43.193+0000][7][gc,heap     ] GC(47) Survivor regions: 1->1(10)
[2026-07-12T06:03:43.193+0000][7][gc,heap     ] GC(47) Old regions: 21->21
[2026-07-12T06:03:43.193+0000][7][gc,heap     ] GC(47) Humongous regions: 2->2
[2026-07-12T06:03:43.193+0000][7][gc,metaspace] GC(47) Metaspace: 112289K(115136K)->112289K(115136K) NonClass: 96694K(98240K)->96694K(98240K) Class: 15594K(16896K)->15594K(16896K)
[2026-07-12T06:03:43.193+0000][7][gc          ] GC(47) Pause Young (Normal) (G1 Evacuation Pause) 390M->90M(512M) 8.094ms
[2026-07-12T06:03:43.194+0000][7][gc,cpu      ] GC(47) User=0.01s Sys=0.00s Real=0.01s
[2026-07-12T06:03:43.194+0000][7][safepoint   ] Safepoint "G1CollectForAllocation", Time since last: 142539959997 ns, Reaching safepoint: 30337 ns, Cleanup: 3969 ns, At safepoint: 8467947 ns, Total: 8502253 ns
[2026-07-12T06:09:55.397+0000][7][safepoint   ] Safepoint "Cleanup", Time since last: 372326454026 ns, Reaching safepoint: 26262 ns, Cleanup: 9592 ns, At safepoint: 8372 ns, Total: 44226 ns
[2026-07-12T06:10:16.417+0000][7][safepoint   ] Safepoint "Cleanup", Time since last: 21020034473 ns, Reaching safepoint: 11714 ns, Cleanup: 11433 ns, At safepoint: 22605 ns, Total: 45752 ns
[2026-07-12T06:12:46.553+0000][7][safepoint   ] Safepoint "Cleanup", Time since last: 150134899632 ns, Reaching safepoint: 10866 ns, Cleanup: 13780 ns, At safepoint: 7467 ns, Total: 32113 ns
[2026-07-12T06:13:27.593+0000][7][safepoint   ] Safepoint "Cleanup", Time since last: 41039944406 ns, Reaching safepoint: 12188 ns, Cleanup: 13314 ns, At safepoint: 8886 ns, Total: 34388 ns
[2026-07-12T06:17:23.889+0000][7][safepoint   ] Safepoint "Cleanup", Time since last: 236294886102 ns, Reaching safepoint: 12881 ns, Cleanup: 12745 ns, At safepoint: 7599 ns, Total: 33225 ns
[2026-07-12T06:17:54.374+0000][7][gc,start    ] GC(48) Pause Young (Normal) (G1 Evacuation Pause)
[2026-07-12T06:17:54.375+0000][7][gc,task     ] GC(48) Using 4 workers of 4 for evacuation
[2026-07-12T06:17:54.375+0000][7][gc,age      ] GC(48) Desired survivor size 20971520 bytes, new threshold 15 (max threshold 15)
[2026-07-12T06:17:54.380+0000][7][gc,phases   ] GC(48)   Pre Evacuate Collection Set: 0.40ms
[2026-07-12T06:17:54.380+0000][7][gc,phases   ] GC(48)   Merge Heap Roots: 0.37ms
[2026-07-12T06:17:54.380+0000][7][gc,phases   ] GC(48)   Evacuate Collection Set: 2.72ms
[2026-07-12T06:17:54.380+0000][7][gc,phases   ] GC(48)   Post Evacuate Collection Set: 0.83ms
[2026-07-12T06:17:54.380+0000][7][gc,phases   ] GC(48)   Other: 0.55ms
[2026-07-12T06:17:54.380+0000][7][gc,age      ] GC(48) Age table with threshold 15 (max threshold 15)
[2026-07-12T06:17:54.381+0000][7][gc,age      ] GC(48) - age   1:      83104 bytes,      83104 total
[2026-07-12T06:17:54.381+0000][7][gc,age      ] GC(48) - age   2:      37480 bytes,     120584 total
[2026-07-12T06:17:54.381+0000][7][gc,age      ] GC(48) - age   3:     508456 bytes,     629040 total
[2026-07-12T06:17:54.381+0000][7][gc,age      ] GC(48) - age   4:     123056 bytes,     752096 total
[2026-07-12T06:17:54.381+0000][7][gc,age      ] GC(48) - age   5:      27472 bytes,     779568 total
[2026-07-12T06:17:54.382+0000][7][gc,age      ] GC(48) - age   6:      28648 bytes,     808216 total
[2026-07-12T06:17:54.382+0000][7][gc,age      ] GC(48) - age   7:      32320 bytes,     840536 total
[2026-07-12T06:17:54.382+0000][7][gc,age      ] GC(48) - age   8:      28120 bytes,     868656 total
[2026-07-12T06:17:54.382+0000][7][gc,age      ] GC(48) - age   9:     193928 bytes,    1062584 total
[2026-07-12T06:17:54.382+0000][7][gc,age      ] GC(48) - age  10:      29864 bytes,    1092448 total
[2026-07-12T06:17:54.382+0000][7][gc,age      ] GC(48) - age  11:      27128 bytes,    1119576 total
[2026-07-12T06:17:54.382+0000][7][gc,age      ] GC(48) - age  12:      27960 bytes,    1147536 total
[2026-07-12T06:17:54.383+0000][7][gc,age      ] GC(48) - age  13:      25568 bytes,    1173104 total
[2026-07-12T06:17:54.383+0000][7][gc,age      ] GC(48) - age  14:      27968 bytes,    1201072 total
[2026-07-12T06:17:54.383+0000][7][gc,age      ] GC(48) - age  15:      26896 bytes,    1227968 total
[2026-07-12T06:17:54.383+0000][7][gc,heap     ] GC(48) Eden regions: 75->0(75)
[2026-07-12T06:17:54.383+0000][7][gc,heap     ] GC(48) Survivor regions: 1->1(10)
[2026-07-12T06:17:54.383+0000][7][gc,heap     ] GC(48) Old regions: 21->21
[2026-07-12T06:17:54.383+0000][7][gc,heap     ] GC(48) Humongous regions: 2->2
[2026-07-12T06:17:54.384+0000][7][gc,metaspace] GC(48) Metaspace: 112294K(115136K)->112294K(115136K) NonClass: 96699K(98240K)->96699K(98240K) Class: 15594K(16896K)->15594K(16896K)
[2026-07-12T06:17:54.384+0000][7][gc          ] GC(48) Pause Young (Normal) (G1 Evacuation Pause) 390M->90M(512M) 9.416ms
[2026-07-12T06:17:54.384+0000][7][gc,cpu      ] GC(48) User=0.01s Sys=0.00s Real=0.01s
[2026-07-12T06:17:54.384+0000][7][safepoint   ] Safepoint "G1CollectForAllocation", Time since last: 30485343913 ns, Reaching safepoint: 45518 ns, Cleanup: 5317 ns, At safepoint: 10004021 ns, Total: 10054856 ns
[2026-07-12T06:17:59.392+0000][7][safepoint   ] Safepoint "Cleanup", Time since last: 5007863480 ns, Reaching safepoint: 8501 ns, Cleanup: 25288 ns, At safepoint: 33466 ns, Total: 67255 ns
[2026-07-12T06:48:06.064+0000][7][safepoint   ] Safepoint "Cleanup", Time since last: 1806780002666 ns, Reaching safepoint: 39270947 ns, Cleanup: 16611 ns, At safepoint: 42258 ns, Total: 39329816 ns
[2026-07-12T06:48:07.233+0000][7][safepoint   ] Safepoint "Cleanup", Time since last: 1168352802 ns, Reaching safepoint: 18879 ns, Cleanup: 26806 ns, At safepoint: 11774 ns, Total: 57459 ns
[2026-07-12T06:55:48.646+0000][7][safepoint   ] Safepoint "Cleanup", Time since last: 461164831061 ns, Reaching safepoint: 10803 ns, Cleanup: 34715 ns, At safepoint: 6051 ns, Total: 51569 ns
[2026-07-12T07:18:09.276+0000][7][safepoint   ] Safepoint "Cleanup", Time since last: 1340654943093 ns, Reaching safepoint: 17412 ns, Cleanup: 14979 ns, At safepoint: 20105 ns, Total: 52496 ns
[2026-07-12T07:50:29.366+0000][7][safepoint   ] Safepoint "Cleanup", Time since last: 1939985096818 ns, Reaching safepoint: 103950174 ns, Cleanup: 15128 ns, At safepoint: 1946581 ns, Total: 105911883 ns
[2026-07-12T07:50:30.551+0000][7][safepoint   ] Safepoint "Cleanup", Time since last: 1185883853 ns, Reaching safepoint: 13496 ns, Cleanup: 23657 ns, At safepoint: 9148 ns, Total: 46301 ns
[2026-07-12T07:56:42.102+0000][7][safepoint   ] Safepoint "Cleanup", Time since last: 371647754322 ns, Reaching safepoint: 66993729 ns, Cleanup: 9962 ns, At safepoint: 10418670 ns, Total: 77422361 ns
[2026-07-12T07:56:43.363+0000][7][safepoint   ] Safepoint "Cleanup", Time since last: 1261001867 ns, Reaching safepoint: 9929 ns, Cleanup: 16477 ns, At safepoint: 6456 ns, Total: 32862 ns
[2026-07-12T08:12:44.372+0000][7][safepoint   ] Safepoint "Cleanup", Time since last: 961029138728 ns, Reaching safepoint: 11522 ns, Cleanup: 10931 ns, At safepoint: 7645 ns, Total: 30098 ns
[2026-07-12T08:19:43.395+0000][7][safepoint   ] Safepoint "Cleanup", Time since last: 419018784361 ns, Reaching safepoint: 14832 ns, Cleanup: 21236 ns, At safepoint: 8821 ns, Total: 44889 ns
[2026-07-12T08:20:13.424+0000][7][safepoint   ] Safepoint "Cleanup", Time since last: 30028156993 ns, Reaching safepoint: 69416 ns, Cleanup: 31192 ns, At safepoint: 28913 ns, Total: 129521 ns
[2026-07-12T08:40:14.397+0000][7][safepoint   ] Safepoint "Cleanup", Time since last: 1201001691793 ns, Reaching safepoint: 2777143 ns, Cleanup: 19885 ns, At safepoint: 1340365 ns, Total: 4137393 ns
[2026-07-12T08:40:15.401+0000][7][safepoint   ] Safepoint "Cleanup", Time since last: 1004688822 ns, Reaching safepoint: 12432 ns, Cleanup: 16717 ns, At safepoint: 7285 ns, Total: 36434 ns
[2026-07-12T08:40:44.689+0000][7][gc,start    ] GC(49) Pause Young (Normal) (G1 Evacuation Pause)
[2026-07-12T08:40:44.690+0000][7][gc,task     ] GC(49) Using 4 workers of 4 for evacuation
[2026-07-12T08:40:44.691+0000][7][gc,age      ] GC(49) Desired survivor size 20971520 bytes, new threshold 15 (max threshold 15)
[2026-07-12T08:40:44.702+0000][7][gc,phases   ] GC(49)   Pre Evacuate Collection Set: 0.91ms
[2026-07-12T08:40:44.702+0000][7][gc,phases   ] GC(49)   Merge Heap Roots: 0.92ms
[2026-07-12T08:40:44.703+0000][7][gc,phases   ] GC(49)   Evacuate Collection Set: 5.42ms
[2026-07-12T08:40:44.705+0000][7][gc,phases   ] GC(49)   Post Evacuate Collection Set: 2.56ms
[2026-07-12T08:40:44.706+0000][7][gc,phases   ] GC(49)   Other: 1.70ms
[2026-07-12T08:40:44.707+0000][7][gc,age      ] GC(49) Age table with threshold 15 (max threshold 15)
[2026-07-12T08:40:44.708+0000][7][gc,age      ] GC(49) - age   1:     320320 bytes,     320320 total
[2026-07-12T08:40:44.709+0000][7][gc,age      ] GC(49) - age   2:      51920 bytes,     372240 total
[2026-07-12T08:40:44.709+0000][7][gc,age      ] GC(49) - age   3:      27200 bytes,     399440 total
[2026-07-12T08:40:44.710+0000][7][gc,age      ] GC(49) - age   4:      28880 bytes,     428320 total
[2026-07-12T08:40:44.711+0000][7][gc,age      ] GC(49) - age   5:      60240 bytes,     488560 total
[2026-07-12T08:40:44.712+0000][7][gc,age      ] GC(49) - age   6:      27432 bytes,     515992 total
[2026-07-12T08:40:44.713+0000][7][gc,age      ] GC(49) - age   7:      28648 bytes,     544640 total
[2026-07-12T08:40:44.714+0000][7][gc,age      ] GC(49) - age   8:      32320 bytes,     576960 total
[2026-07-12T08:40:44.715+0000][7][gc,age      ] GC(49) - age   9:      27696 bytes,     604656 total
[2026-07-12T08:40:44.716+0000][7][gc,age      ] GC(49) - age  10:     192248 bytes,     796904 total
[2026-07-12T08:40:44.716+0000][7][gc,age      ] GC(49) - age  11:      29864 bytes,     826768 total
[2026-07-12T08:40:44.717+0000][7][gc,age      ] GC(49) - age  12:      27128 bytes,     853896 total
[2026-07-12T08:40:44.718+0000][7][gc,age      ] GC(49) - age  13:      27960 bytes,     881856 total
[2026-07-12T08:40:44.718+0000][7][gc,age      ] GC(49) - age  14:      25568 bytes,     907424 total
[2026-07-12T08:40:44.719+0000][7][gc,age      ] GC(49) - age  15:      27968 bytes,     935392 total
[2026-07-12T08:40:44.719+0000][7][gc,heap     ] GC(49) Eden regions: 75->0(75)
[2026-07-12T08:40:44.720+0000][7][gc,heap     ] GC(49) Survivor regions: 1->1(10)
[2026-07-12T08:40:44.721+0000][7][gc,heap     ] GC(49) Old regions: 21->21
[2026-07-12T08:40:44.721+0000][7][gc,heap     ] GC(49) Humongous regions: 2->2
[2026-07-12T08:40:44.722+0000][7][gc,metaspace] GC(49) Metaspace: 112377K(115264K)->112377K(115264K) NonClass: 96782K(98368K)->96782K(98368K) Class: 15594K(16896K)->15594K(16896K)
[2026-07-12T08:40:44.723+0000][7][gc          ] GC(49) Pause Young (Normal) (G1 Evacuation Pause) 390M->89M(512M) 33.960ms
[2026-07-12T08:40:44.723+0000][7][gc,cpu      ] GC(49) User=0.02s Sys=0.01s Real=0.04s
[2026-07-12T08:40:44.725+0000][7][safepoint   ] Safepoint "G1CollectForAllocation", Time since last: 29062685793 ns, Reaching safepoint: 69223 ns, Cleanup: 20060 ns, At safepoint: 35858266 ns, Total: 35947549 ns
[2026-07-12T09:00:35.280+0000][7][safepoint   ] Safepoint "Cleanup", Time since last: 1190574506985 ns, Reaching safepoint: 13487 ns, Cleanup: 12913 ns, At safepoint: 8630 ns, Total: 35030 ns
[2026-07-12T09:01:35.343+0000][7][safepoint   ] Safepoint "Cleanup", Time since last: 60076211076 ns, Reaching safepoint: 23651 ns, Cleanup: 31487 ns, At safepoint: 21787 ns, Total: 76925 ns
[2026-07-12T09:20:09.283+0000][7][safepoint   ] Safepoint "Cleanup", Time since last: 1113963569956 ns, Reaching safepoint: 39963 ns, Cleanup: 14608 ns, At safepoint: 6755 ns, Total: 61326 ns
[2026-07-12T09:20:50.340+0000][7][safepoint   ] Safepoint "Cleanup", Time since last: 41042296285 ns, Reaching safepoint: 69614 ns, Cleanup: 26152 ns, At safepoint: 28500 ns, Total: 124266 ns
[2026-07-12T09:39:24.379+0000][7][safepoint   ] Safepoint "Cleanup", Time since last: 1114053784793 ns, Reaching safepoint: 13873 ns, Cleanup: 13397 ns, At safepoint: 9187 ns, Total: 36457 ns
[2026-07-12T09:41:28.853+0000][7][safepoint   ] Safepoint "Cleanup", Time since last: 124440318700 ns, Reaching safepoint: 206886 ns, Cleanup: 26004 ns, At safepoint: 32696 ns, Total: 265586 ns
[2026-07-12T09:58:45.365+0000][7][safepoint   ] Safepoint "Cleanup", Time since last: 1036535105337 ns, Reaching safepoint: 13190 ns, Cleanup: 24376 ns, At safepoint: 114398 ns, Total: 151964 ns
[2026-07-12T10:17:43.711+0000][7][safepoint   ] Safepoint "Cleanup", Time since last: 1138338879982 ns, Reaching safepoint: 13462 ns, Cleanup: 17089 ns, At safepoint: 4839 ns, Total: 35390 ns
[2026-07-12T10:19:01.951+0000][7][gc,start    ] GC(50) Pause Young (Normal) (G1 Evacuation Pause)
[2026-07-12T10:19:01.952+0000][7][gc,task     ] GC(50) Using 4 workers of 4 for evacuation
[2026-07-12T10:19:01.953+0000][7][gc,age      ] GC(50) Desired survivor size 20971520 bytes, new threshold 15 (max threshold 15)
[2026-07-12T10:19:01.965+0000][7][gc,phases   ] GC(50)   Pre Evacuate Collection Set: 1.68ms
[2026-07-12T10:19:01.966+0000][7][gc,phases   ] GC(50)   Merge Heap Roots: 0.52ms
[2026-07-12T10:19:01.967+0000][7][gc,phases   ] GC(50)   Evacuate Collection Set: 5.65ms
[2026-07-12T10:19:01.968+0000][7][gc,phases   ] GC(50)   Post Evacuate Collection Set: 3.25ms
[2026-07-12T10:19:01.969+0000][7][gc,phases   ] GC(50)   Other: 2.35ms
[2026-07-12T10:19:01.969+0000][7][gc,age      ] GC(50) Age table with threshold 15 (max threshold 15)
[2026-07-12T10:19:01.970+0000][7][gc,age      ] GC(50) - age   1:     282200 bytes,     282200 total
[2026-07-12T10:19:01.971+0000][7][gc,age      ] GC(50) - age   2:      52080 bytes,     334280 total
[2026-07-12T10:19:01.971+0000][7][gc,age      ] GC(50) - age   3:      51920 bytes,     386200 total
[2026-07-12T10:19:01.972+0000][7][gc,age      ] GC(50) - age   4:      27200 bytes,     413400 total
[2026-07-12T10:19:01.973+0000][7][gc,age      ] GC(50) - age   5:      28816 bytes,     442216 total
[2026-07-12T10:19:01.974+0000][7][gc,age      ] GC(50) - age   6:      60240 bytes,     502456 total
[2026-07-12T10:19:01.975+0000][7][gc,age      ] GC(50) - age   7:      27432 bytes,     529888 total
[2026-07-12T10:19:01.975+0000][7][gc,age      ] GC(50) - age   8:      28648 bytes,     558536 total
[2026-07-12T10:19:01.976+0000][7][gc,age      ] GC(50) - age   9:      32320 bytes,     590856 total
[2026-07-12T10:19:01.977+0000][7][gc,age      ] GC(50) - age  10:      27696 bytes,     618552 total
[2026-07-12T10:19:01.978+0000][7][gc,age      ] GC(50) - age  11:     192248 bytes,     810800 total
[2026-07-12T10:19:01.979+0000][7][gc,age      ] GC(50) - age  12:      29864 bytes,     840664 total
[2026-07-12T10:19:01.980+0000][7][gc,age      ] GC(50) - age  13:      27064 bytes,     867728 total
[2026-07-12T10:19:01.981+0000][7][gc,age      ] GC(50) - age  14:      27960 bytes,     895688 total
[2026-07-12T10:19:01.981+0000][7][gc,age      ] GC(50) - age  15:      25568 bytes,     921256 total
[2026-07-12T10:19:01.982+0000][7][gc,heap     ] GC(50) Eden regions: 75->0(75)
[2026-07-12T10:19:01.983+0000][7][gc,heap     ] GC(50) Survivor regions: 1->1(10)
[2026-07-12T10:19:01.984+0000][7][gc,heap     ] GC(50) Old regions: 21->21
[2026-07-12T10:19:01.985+0000][7][gc,heap     ] GC(50) Humongous regions: 2->2
[2026-07-12T10:19:01.985+0000][7][gc,metaspace] GC(50) Metaspace: 112438K(115264K)->112438K(115264K) NonClass: 96844K(98368K)->96844K(98368K) Class: 15594K(16896K)->15594K(16896K)
[2026-07-12T10:19:01.986+0000][7][gc          ] GC(50) Pause Young (Normal) (G1 Evacuation Pause) 389M->90M(512M) 35.260ms
[2026-07-12T10:19:01.987+0000][7][gc,cpu      ] GC(50) User=0.02s Sys=0.01s Real=0.04s
[2026-07-12T10:19:01.988+0000][7][safepoint   ] Safepoint "G1CollectForAllocation", Time since last: 78118573061 ns, Reaching safepoint: 76736 ns, Cleanup: 9453 ns, At safepoint: 37758796 ns, Total: 37844985 ns
[2026-07-12T10:22:43.519+0000][7][safepoint   ] Safepoint "Cleanup", Time since last: 221530166479 ns, Reaching safepoint: 25340 ns, Cleanup: 25470 ns, At safepoint: 24462 ns, Total: 75272 ns
[2026-07-12T10:40:42.471+0000][7][safepoint   ] Safepoint "Cleanup", Time since last: 1078974688955 ns, Reaching safepoint: 11779 ns, Cleanup: 17755 ns, At safepoint: 7364 ns, Total: 36898 ns
[2026-07-12T10:42:41.842+0000][7][safepoint   ] Safepoint "Cleanup", Time since last: 119333967411 ns, Reaching safepoint: 75617 ns, Cleanup: 27516 ns, At safepoint: 30696 ns, Total: 133829 ns
[2026-07-12T11:00:38.559+0000][7][safepoint   ] Safepoint "Cleanup", Time since last: 1076738160395 ns, Reaching safepoint: 73591 ns, Cleanup: 24777 ns, At safepoint: 30742 ns, Total: 129110 ns
[2026-07-12T11:02:21.666+0000][7][safepoint   ] Safepoint "Cleanup", Time since last: 103104688369 ns, Reaching safepoint: 71832 ns, Cleanup: 24916 ns, At safepoint: 19955 ns, Total: 116703 ns
[2026-07-12T11:20:02.501+0000][7][safepoint   ] Safepoint "Cleanup", Time since last: 1060856294805 ns, Reaching safepoint: 14541 ns, Cleanup: 21934 ns, At safepoint: 10000 ns, Total: 46475 ns
[2026-07-12T11:20:23.519+0000][7][safepoint   ] Safepoint "Cleanup", Time since last: 21017462454 ns, Reaching safepoint: 79233 ns, Cleanup: 28420 ns, At safepoint: 30558 ns, Total: 138211 ns
[2026-07-12T11:22:01.868+0000][7][safepoint   ] Safepoint "Cleanup", Time since last: 98332805855 ns, Reaching safepoint: 82838 ns, Cleanup: 29691 ns, At safepoint: 22105 ns, Total: 134634 ns
[2026-07-12T11:27:57.655+0000][7][safepoint   ] Safepoint "Cleanup", Time since last: 355737209741 ns, Reaching safepoint: 51742935 ns, Cleanup: 15385 ns, At safepoint: 4713797 ns, Total: 56472117 ns
[2026-07-12T11:27:58.668+0000][7][safepoint   ] Safepoint "Cleanup", Time since last: 1012806620 ns, Reaching safepoint: 9750 ns, Cleanup: 11793 ns, At safepoint: 6729 ns, Total: 28272 ns
[2026-07-12T11:29:57.776+0000][7][safepoint   ] Safepoint "Cleanup", Time since last: 119108734262 ns, Reaching safepoint: 176446 ns, Cleanup: 31942 ns, At safepoint: 38830 ns, Total: 247218 ns
[2026-07-12T11:45:47.960+0000][7][gc,start    ] GC(51) Pause Young (Normal) (G1 Evacuation Pause)
[2026-07-12T11:45:47.964+0000][7][gc,task     ] GC(51) Using 4 workers of 4 for evacuation
[2026-07-12T11:45:47.964+0000][7][gc,age      ] GC(51) Desired survivor size 20971520 bytes, new threshold 15 (max threshold 15)
[2026-07-12T11:45:47.981+0000][7][gc,phases   ] GC(51)   Pre Evacuate Collection Set: 0.74ms
[2026-07-12T11:45:47.981+0000][7][gc,phases   ] GC(51)   Merge Heap Roots: 0.55ms
[2026-07-12T11:45:47.981+0000][7][gc,phases   ] GC(51)   Evacuate Collection Set: 9.68ms
[2026-07-12T11:45:47.982+0000][7][gc,phases   ] GC(51)   Post Evacuate Collection Set: 4.74ms
[2026-07-12T11:45:47.982+0000][7][gc,phases   ] GC(51)   Other: 1.78ms
[2026-07-12T11:45:47.982+0000][7][gc,age      ] GC(51) Age table with threshold 15 (max threshold 15)
[2026-07-12T11:45:47.983+0000][7][gc,age      ] GC(51) - age   1:     577272 bytes,     577272 total
[2026-07-12T11:45:47.983+0000][7][gc,age      ] GC(51) - age   2:      32544 bytes,     609816 total
[2026-07-12T11:45:47.983+0000][7][gc,age      ] GC(51) - age   3:      51760 bytes,     661576 total
[2026-07-12T11:45:47.983+0000][7][gc,age      ] GC(51) - age   4:      51920 bytes,     713496 total
[2026-07-12T11:45:47.984+0000][7][gc,age      ] GC(51) - age   5:      27200 bytes,     740696 total
[2026-07-12T11:45:47.984+0000][7][gc,age      ] GC(51) - age   6:      28816 bytes,     769512 total
[2026-07-12T11:45:47.985+0000][7][gc,age      ] GC(51) - age   7:      60240 bytes,     829752 total
[2026-07-12T11:45:47.986+0000][7][gc,age      ] GC(51) - age   8:      27432 bytes,     857184 total
[2026-07-12T11:45:47.986+0000][7][gc,age      ] GC(51) - age   9:      28648 bytes,     885832 total
[2026-07-12T11:45:47.986+0000][7][gc,age      ] GC(51) - age  10:      32320 bytes,     918152 total
[2026-07-12T11:45:47.987+0000][7][gc,age      ] GC(51) - age  11:      27632 bytes,     945784 total
[2026-07-12T11:45:47.987+0000][7][gc,age      ] GC(51) - age  12:     192248 bytes,    1138032 total
[2026-07-12T11:45:47.987+0000][7][gc,age      ] GC(51) - age  13:      29800 bytes,    1167832 total
[2026-07-12T11:45:47.987+0000][7][gc,age      ] GC(51) - age  14:      27064 bytes,    1194896 total
[2026-07-12T11:45:48.010+0000][7][gc,age      ] GC(51) - age  15:      27960 bytes,    1222856 total
[2026-07-12T11:45:48.010+0000][7][gc,heap     ] GC(51) Eden regions: 75->0(75)
[2026-07-12T11:45:48.011+0000][7][gc,heap     ] GC(51) Survivor regions: 1->1(10)
[2026-07-12T11:45:48.011+0000][7][gc,heap     ] GC(51) Old regions: 21->21
[2026-07-12T11:45:48.011+0000][7][gc,heap     ] GC(51) Humongous regions: 2->2
[2026-07-12T11:45:48.011+0000][7][gc,metaspace] GC(51) Metaspace: 112496K(115328K)->112496K(115328K) NonClass: 96901K(98432K)->96901K(98432K) Class: 15594K(16896K)->15594K(16896K)
[2026-07-12T11:45:48.012+0000][7][gc          ] GC(51) Pause Young (Normal) (G1 Evacuation Pause) 389M->90M(512M) 51.627ms
[2026-07-12T11:45:48.012+0000][7][gc,cpu      ] GC(51) User=0.00s Sys=0.00s Real=0.05s
[2026-07-12T11:45:48.015+0000][7][safepoint   ] Safepoint "G1CollectForAllocation", Time since last: 950203369076 ns, Reaching safepoint: 14239 ns, Cleanup: 5209 ns, At safepoint: 54768501 ns, Total: 54787949 ns
[2026-07-12T11:45:49.016+0000][7][safepoint   ] Safepoint "Cleanup", Time since last: 1000914385 ns, Reaching safepoint: 22440 ns, Cleanup: 15697 ns, At safepoint: 20195 ns, Total: 58332 ns
[2026-07-12T11:53:56.223+0000][7][safepoint   ] Safepoint "Cleanup", Time since last: 487551220553 ns, Reaching safepoint: 11014 ns, Cleanup: 14927 ns, At safepoint: 7924 ns, Total: 33865 ns
[2026-07-12T11:54:26.577+0000][7][safepoint   ] Safepoint "Cleanup", Time since last: 30028231268 ns, Reaching safepoint: 79893 ns, Cleanup: 29366 ns, At safepoint: 30196 ns, Total: 139455 ns
[2026-07-12T12:11:29.902+0000][7][safepoint   ] Safepoint "Cleanup", Time since last: 1023330672417 ns, Reaching safepoint: 1028920 ns, Cleanup: 31700 ns, At safepoint: 440084 ns, Total: 1500704 ns
[2026-07-12T12:22:12.573+0000][7][safepoint   ] Safepoint "Cleanup", Time since last: 642687268366 ns, Reaching safepoint: 16967 ns, Cleanup: 14294 ns, At safepoint: 9110 ns, Total: 40371 ns
[2026-07-12T12:22:42.610+0000][7][safepoint   ] Safepoint "Cleanup", Time since last: 30028371413 ns, Reaching safepoint: 62219 ns, Cleanup: 23881 ns, At safepoint: 28704 ns, Total: 114804 ns
[2026-07-12T12:39:12.556+0000][7][safepoint   ] Safepoint "Cleanup", Time since last: 989964303067 ns, Reaching safepoint: 15158 ns, Cleanup: 16206 ns, At safepoint: 17393 ns, Total: 48757 ns
[2026-07-12T12:57:56.933+0000][7][safepoint   ] Safepoint "Cleanup", Time since last: 1124363836062 ns, Reaching safepoint: 11601 ns, Cleanup: 11621 ns, At safepoint: 6887 ns, Total: 30109 ns
[2026-07-12T13:01:25.861+0000][7][safepoint   ] Safepoint "Cleanup", Time since last: 208894271335 ns, Reaching safepoint: 21245 ns, Cleanup: 20641 ns, At safepoint: 17239 ns, Total: 59125 ns
[2026-07-12T13:03:01.107+0000][7][gc,start    ] GC(52) Pause Young (Normal) (G1 Evacuation Pause)
[2026-07-12T13:03:01.108+0000][7][gc,task     ] GC(52) Using 4 workers of 4 for evacuation
[2026-07-12T13:03:01.109+0000][7][gc,age      ] GC(52) Desired survivor size 20971520 bytes, new threshold 15 (max threshold 15)
[2026-07-12T13:03:01.114+0000][7][gc,phases   ] GC(52)   Pre Evacuate Collection Set: 0.52ms
[2026-07-12T13:03:01.115+0000][7][gc,phases   ] GC(52)   Merge Heap Roots: 0.21ms
[2026-07-12T13:03:01.115+0000][7][gc,phases   ] GC(52)   Evacuate Collection Set: 3.28ms
[2026-07-12T13:03:01.115+0000][7][gc,phases   ] GC(52)   Post Evacuate Collection Set: 1.09ms
[2026-07-12T13:03:01.115+0000][7][gc,phases   ] GC(52)   Other: 0.77ms
[2026-07-12T13:03:01.116+0000][7][gc,age      ] GC(52) Age table with threshold 15 (max threshold 15)
[2026-07-12T13:03:01.116+0000][7][gc,age      ] GC(52) - age   1:     560144 bytes,     560144 total
[2026-07-12T13:03:01.116+0000][7][gc,age      ] GC(52) - age   2:      26792 bytes,     586936 total
[2026-07-12T13:03:01.116+0000][7][gc,age      ] GC(52) - age   3:      26944 bytes,     613880 total
[2026-07-12T13:03:01.117+0000][7][gc,age      ] GC(52) - age   4:      51152 bytes,     665032 total
[2026-07-12T13:03:01.117+0000][7][gc,age      ] GC(52) - age   5:      51920 bytes,     716952 total
[2026-07-12T13:03:01.117+0000][7][gc,age      ] GC(52) - age   6:      27200 bytes,     744152 total
[2026-07-12T13:03:01.117+0000][7][gc,age      ] GC(52) - age   7:      28816 bytes,     772968 total
[2026-07-12T13:03:01.118+0000][7][gc,age      ] GC(52) - age   8:      60176 bytes,     833144 total
[2026-07-12T13:03:01.118+0000][7][gc,age      ] GC(52) - age   9:      27432 bytes,     860576 total
[2026-07-12T13:03:01.118+0000][7][gc,age      ] GC(52) - age  10:      28648 bytes,     889224 total
[2026-07-12T13:03:01.119+0000][7][gc,age      ] GC(52) - age  11:      32320 bytes,     921544 total
[2026-07-12T13:03:01.119+0000][7][gc,age      ] GC(52) - age  12:      27632 bytes,     949176 total
[2026-07-12T13:03:01.119+0000][7][gc,age      ] GC(52) - age  13:     192184 bytes,    1141360 total
[2026-07-12T13:03:01.119+0000][7][gc,age      ] GC(52) - age  14:      29800 bytes,    1171160 total
[2026-07-12T13:03:01.120+0000][7][gc,age      ] GC(52) - age  15:      27000 bytes,    1198160 total
[2026-07-12T13:03:01.120+0000][7][gc,heap     ] GC(52) Eden regions: 75->0(75)
[2026-07-12T13:03:01.120+0000][7][gc,heap     ] GC(52) Survivor regions: 1->1(10)
[2026-07-12T13:03:01.120+0000][7][gc,heap     ] GC(52) Old regions: 21->21
[2026-07-12T13:03:01.121+0000][7][gc,heap     ] GC(52) Humongous regions: 2->2
[2026-07-12T13:03:01.121+0000][7][gc,metaspace] GC(52) Metaspace: 112536K(115328K)->112536K(115328K) NonClass: 96941K(98432K)->96941K(98432K) Class: 15594K(16896K)->15594K(16896K)
[2026-07-12T13:03:01.121+0000][7][gc          ] GC(52) Pause Young (Normal) (G1 Evacuation Pause) 390M->90M(512M) 13.922ms
[2026-07-12T13:03:01.121+0000][7][gc,cpu      ] GC(52) User=0.01s Sys=0.00s Real=0.01s
[2026-07-12T13:03:01.122+0000][7][safepoint   ] Safepoint "G1CollectForAllocation", Time since last: 95243122252 ns, Reaching safepoint: 12770 ns, Cleanup: 4971 ns, At safepoint: 14608819 ns, Total: 14626560 ns
[2026-07-12T13:03:56.167+0000][7][safepoint   ] Safepoint "Cleanup", Time since last: 55043506685 ns, Reaching safepoint: 43611 ns, Cleanup: 15141 ns, At safepoint: 10727 ns, Total: 69479 ns
[2026-07-12T13:05:26.251+0000][7][safepoint   ] Safepoint "Cleanup", Time since last: 90082682385 ns, Reaching safepoint: 44165 ns, Cleanup: 16948 ns, At safepoint: 10790 ns, Total: 71903 ns
[2026-07-12T13:23:14.670+0000][7][safepoint   ] Safepoint "Cleanup", Time since last: 1068455012680 ns, Reaching safepoint: 14312 ns, Cleanup: 17936 ns, At safepoint: 7224 ns, Total: 39472 ns
[2026-07-12T13:23:44.717+0000][7][safepoint   ] Safepoint "Cleanup", Time since last: 30028961221 ns, Reaching safepoint: 63261 ns, Cleanup: 35639 ns, At safepoint: 31130 ns, Total: 130030 ns
[2026-07-12T13:40:30.776+0000][7][safepoint   ] Safepoint "Cleanup", Time since last: 1006075702551 ns, Reaching safepoint: 14348 ns, Cleanup: 38280 ns, At safepoint: 7961 ns, Total: 60589 ns
[2026-07-12T13:52:18.793+0000][7][safepoint   ] Safepoint "Cleanup", Time since last: 708034712030 ns, Reaching safepoint: 10847 ns, Cleanup: 10726 ns, At safepoint: 6892 ns, Total: 28465 ns
[2026-07-12T13:55:45.446+0000][7][safepoint   ] Safepoint "Cleanup", Time since last: 206620475551 ns, Reaching safepoint: 781304 ns, Cleanup: 30699 ns, At safepoint: 50474 ns, Total: 862477 ns
[2026-07-12T13:57:13.761+0000][7][safepoint   ] Safepoint "Cleanup", Time since last: 87882492176 ns, Reaching safepoint: 313450504 ns, Cleanup: 12703 ns, At safepoint: 418424 ns, Total: 313881631 ns
[2026-07-12T13:57:18.767+0000][7][safepoint   ] Safepoint "Cleanup", Time since last: 5005658017 ns, Reaching safepoint: 14033 ns, Cleanup: 16967 ns, At safepoint: 12817 ns, Total: 43817 ns
[2026-07-12T13:57:23.771+0000][7][safepoint   ] Safepoint "Cleanup", Time since last: 5004124840 ns, Reaching safepoint: 24636 ns, Cleanup: 23421 ns, At safepoint: 24655 ns, Total: 72712 ns
[2026-07-12T13:58:49.896+0000][7][safepoint   ] Safepoint "Cleanup", Time since last: 86115207614 ns, Reaching safepoint: 6226473 ns, Cleanup: 16469 ns, At safepoint: 3510057 ns, Total: 9752999 ns
[2026-07-12T14:09:44.145+0000][7][safepoint   ] Safepoint "Cleanup", Time since last: 654261581839 ns, Reaching safepoint: 13677 ns, Cleanup: 18892 ns, At safepoint: 8152 ns, Total: 40721 ns
[2026-07-12T14:24:15.974+0000][7][safepoint   ] Safepoint "Cleanup", Time since last: 871846846919 ns, Reaching safepoint: 11592 ns, Cleanup: 13043 ns, At safepoint: 6699 ns, Total: 31334 ns
[2026-07-12T15:25:17.886+0000][7][safepoint   ] Safepoint "Cleanup", Time since last: 3661934864622 ns, Reaching safepoint: 19689 ns, Cleanup: 470489 ns, At safepoint: 22246 ns, Total: 512424 ns
[2026-07-12T15:25:57.103+0000][7][gc,start    ] GC(53) Pause Young (Normal) (G1 Evacuation Pause)
[2026-07-12T15:25:57.105+0000][7][gc,task     ] GC(53) Using 4 workers of 4 for evacuation
[2026-07-12T15:25:57.105+0000][7][gc,age      ] GC(53) Desired survivor size 20971520 bytes, new threshold 15 (max threshold 15)
[2026-07-12T15:25:57.120+0000][7][gc,phases   ] GC(53)   Pre Evacuate Collection Set: 2.20ms
[2026-07-12T15:25:57.121+0000][7][gc,phases   ] GC(53)   Merge Heap Roots: 0.60ms
[2026-07-12T15:25:57.122+0000][7][gc,phases   ] GC(53)   Evacuate Collection Set: 6.56ms
[2026-07-12T15:25:57.123+0000][7][gc,phases   ] GC(53)   Post Evacuate Collection Set: 4.49ms
[2026-07-12T15:25:57.123+0000][7][gc,phases   ] GC(53)   Other: 1.65ms
[2026-07-12T15:25:57.124+0000][7][gc,age      ] GC(53) Age table with threshold 15 (max threshold 15)
[2026-07-12T15:25:57.125+0000][7][gc,age      ] GC(53) - age   1:     286304 bytes,     286304 total
[2026-07-12T15:25:57.126+0000][7][gc,age      ] GC(53) - age   2:      30104 bytes,     316408 total
[2026-07-12T15:25:57.126+0000][7][gc,age      ] GC(53) - age   3:      26792 bytes,     343200 total
[2026-07-12T15:25:57.127+0000][7][gc,age      ] GC(53) - age   4:      26912 bytes,     370112 total
[2026-07-12T15:25:57.128+0000][7][gc,age      ] GC(53) - age   5:      49928 bytes,     420040 total
[2026-07-12T15:25:57.129+0000][7][gc,age      ] GC(53) - age   6:      51920 bytes,     471960 total
[2026-07-12T15:25:57.130+0000][7][gc,age      ] GC(53) - age   7:      27200 bytes,     499160 total
[2026-07-12T15:25:57.131+0000][7][gc,age      ] GC(53) - age   8:      28816 bytes,     527976 total
[2026-07-12T15:25:57.131+0000][7][gc,age      ] GC(53) - age   9:      60176 bytes,     588152 total
[2026-07-12T15:25:57.132+0000][7][gc,age      ] GC(53) - age  10:      27432 bytes,     615584 total
[2026-07-12T15:25:57.133+0000][7][gc,age      ] GC(53) - age  11:      28648 bytes,     644232 total
[2026-07-12T15:25:57.134+0000][7][gc,age      ] GC(53) - age  12:      32320 bytes,     676552 total
[2026-07-12T15:25:57.135+0000][7][gc,age      ] GC(53) - age  13:      27632 bytes,     704184 total
[2026-07-12T15:25:57.135+0000][7][gc,age      ] GC(53) - age  14:     192184 bytes,     896368 total
[2026-07-12T15:25:57.136+0000][7][gc,age      ] GC(53) - age  15:      29800 bytes,     926168 total
[2026-07-12T15:25:57.137+0000][7][gc,heap     ] GC(53) Eden regions: 75->0(75)
[2026-07-12T15:25:57.138+0000][7][gc,heap     ] GC(53) Survivor regions: 1->1(10)
[2026-07-12T15:25:57.139+0000][7][gc,heap     ] GC(53) Old regions: 21->21
[2026-07-12T15:25:57.140+0000][7][gc,heap     ] GC(53) Humongous regions: 2->2
[2026-07-12T15:25:57.140+0000][7][gc,metaspace] GC(53) Metaspace: 112592K(115392K)->112592K(115392K) NonClass: 96997K(98496K)->96997K(98496K) Class: 15594K(16896K)->15594K(16896K)
[2026-07-12T15:25:57.141+0000][7][gc          ] GC(53) Pause Young (Normal) (G1 Evacuation Pause) 390M->90M(512M) 37.558ms
[2026-07-12T15:25:57.142+0000][7][gc,cpu      ] GC(53) User=0.02s Sys=0.01s Real=0.04s
[2026-07-12T15:25:57.143+0000][7][safepoint   ] Safepoint "G1CollectForAllocation", Time since last: 39159930399 ns, Reaching safepoint: 76752 ns, Cleanup: 9347 ns, At safepoint: 39428749 ns, Total: 39514848 ns
[2026-07-12T15:28:23.459+0000][7][safepoint   ] Safepoint "Cleanup", Time since last: 146313322421 ns, Reaching safepoint: 23294 ns, Cleanup: 25203 ns, At safepoint: 19478 ns, Total: 67975 ns
[2026-07-12T15:51:25.967+0000][7][safepoint   ] Safepoint "Cleanup", Time since last: 1382527658511 ns, Reaching safepoint: 11494 ns, Cleanup: 17314 ns, At safepoint: 7832 ns, Total: 36640 ns
[2026-07-12T15:51:55.995+0000][7][safepoint   ] Safepoint "Cleanup", Time since last: 30030394164 ns, Reaching safepoint: 82969 ns, Cleanup: 24242 ns, At safepoint: 21281 ns, Total: 128492 ns
[2026-07-12T15:53:25.219+0000][7][safepoint   ] Safepoint "Cleanup", Time since last: 89223938239 ns, Reaching safepoint: 207051 ns, Cleanup: 24873 ns, At safepoint: 32066 ns, Total: 263990 ns
[2026-07-12T15:53:26.392+0000][7][safepoint   ] Safepoint "Cleanup", Time since last: 1172245895 ns, Reaching safepoint: 424402 ns, Cleanup: 163791 ns, At safepoint: 51432 ns, Total: 639625 ns
[2026-07-12T16:18:56.448+0000][7][safepoint   ] Safepoint "Cleanup", Time since last: 1530048046916 ns, Reaching safepoint: 5705449 ns, Cleanup: 17757 ns, At safepoint: 2308823 ns, Total: 8032029 ns
[2026-07-12T16:18:57.418+0000][7][safepoint   ] Safepoint "Cleanup", Time since last: 1002620854 ns, Reaching safepoint: 14756 ns, Cleanup: 31450 ns, At safepoint: 14602 ns, Total: 60808 ns
[2026-07-12T16:35:33.179+0000][7][gc,start    ] GC(54) Pause Young (Normal) (G1 Evacuation Pause)
[2026-07-12T16:35:33.289+0000][7][gc,task     ] GC(54) Using 4 workers of 4 for evacuation
[2026-07-12T16:35:33.291+0000][7][gc,age      ] GC(54) Desired survivor size 20971520 bytes, new threshold 15 (max threshold 15)
[2026-07-12T16:35:33.342+0000][7][gc,phases   ] GC(54)   Pre Evacuate Collection Set: 1.26ms
[2026-07-12T16:35:33.342+0000][7][gc,phases   ] GC(54)   Merge Heap Roots: 1.91ms
[2026-07-12T16:35:33.346+0000][7][gc,phases   ] GC(54)   Evacuate Collection Set: 22.74ms
[2026-07-12T16:35:33.350+0000][7][gc,phases   ] GC(54)   Post Evacuate Collection Set: 22.62ms
[2026-07-12T16:35:33.350+0000][7][gc,phases   ] GC(54)   Other: 4.01ms
[2026-07-12T16:35:33.350+0000][7][gc,age      ] GC(54) Age table with threshold 15 (max threshold 15)
[2026-07-12T16:35:33.350+0000][7][gc,age      ] GC(54) - age   1:     175512 bytes,     175512 total
[2026-07-12T16:35:33.350+0000][7][gc,age      ] GC(54) - age   2:      32240 bytes,     207752 total
[2026-07-12T16:35:33.351+0000][7][gc,age      ] GC(54) - age   3:      24880 bytes,     232632 total
[2026-07-12T16:35:33.351+0000][7][gc,age      ] GC(54) - age   4:      26792 bytes,     259424 total
[2026-07-12T16:35:33.353+0000][7][gc,age      ] GC(54) - age   5:      26912 bytes,     286336 total
[2026-07-12T16:35:33.353+0000][7][gc,age      ] GC(54) - age   6:      49928 bytes,     336264 total
[2026-07-12T16:35:33.354+0000][7][gc,age      ] GC(54) - age   7:      51920 bytes,     388184 total
[2026-07-12T16:35:33.354+0000][7][gc,age      ] GC(54) - age   8:      27200 bytes,     415384 total
[2026-07-12T16:35:33.355+0000][7][gc,age      ] GC(54) - age   9:      28816 bytes,     444200 total
[2026-07-12T16:35:33.355+0000][7][gc,age      ] GC(54) - age  10:      60176 bytes,     504376 total
[2026-07-12T16:35:33.355+0000][7][gc,age      ] GC(54) - age  11:      27432 bytes,     531808 total
[2026-07-12T16:35:33.355+0000][7][gc,age      ] GC(54) - age  12:      28648 bytes,     560456 total
[2026-07-12T16:35:33.355+0000][7][gc,age      ] GC(54) - age  13:      32320 bytes,     592776 total
[2026-07-12T16:35:33.355+0000][7][gc,age      ] GC(54) - age  14:      27632 bytes,     620408 total
[2026-07-12T16:35:33.356+0000][7][gc,age      ] GC(54) - age  15:     192184 bytes,     812592 total
[2026-07-12T16:35:33.356+0000][7][gc,heap     ] GC(54) Eden regions: 75->0(75)
[2026-07-12T16:35:33.356+0000][7][gc,heap     ] GC(54) Survivor regions: 1->1(10)
[2026-07-12T16:35:33.356+0000][7][gc,heap     ] GC(54) Old regions: 21->21
[2026-07-12T16:35:33.356+0000][7][gc,heap     ] GC(54) Humongous regions: 2->2
[2026-07-12T16:35:33.357+0000][7][gc,metaspace] GC(54) Metaspace: 112660K(115520K)->112660K(115520K) NonClass: 97066K(98624K)->97066K(98624K) Class: 15594K(16896K)->15594K(16896K)
[2026-07-12T16:35:33.357+0000][7][gc          ] GC(54) Pause Young (Normal) (G1 Evacuation Pause) 390M->90M(512M) 177.578ms
[2026-07-12T16:35:33.357+0000][7][gc,cpu      ] GC(54) User=0.03s Sys=0.01s Real=0.18s
[2026-07-12T16:35:33.359+0000][7][safepoint   ] Safepoint "G1CollectForAllocation", Time since last: 995753785787 ns, Reaching safepoint: 15859 ns, Cleanup: 4449 ns, At safepoint: 180022944 ns, Total: 180043252 ns
[2026-07-12T16:35:44.425+0000][7][safepoint   ] Safepoint "Cleanup", Time since last: 11065377988 ns, Reaching safepoint: 25227 ns, Cleanup: 24975 ns, At safepoint: 23143 ns, Total: 73345 ns
[2026-07-12T16:37:23.213+0000][7][safepoint   ] Safepoint "Cleanup", Time since last: 98758666830 ns, Reaching safepoint: 70171 ns, Cleanup: 21428 ns, At safepoint: 20563 ns, Total: 112162 ns
[2026-07-12T17:16:37.014+0000][7][safepoint   ] Safepoint "Cleanup", Time since last: 2353856842676 ns, Reaching safepoint: 15315 ns, Cleanup: 21319 ns, At safepoint: 12184 ns, Total: 48818 ns
[2026-07-12T17:16:47.024+0000][7][safepoint   ] Safepoint "Cleanup", Time since last: 10010339539 ns, Reaching safepoint: 24788 ns, Cleanup: 28267 ns, At safepoint: 21374 ns, Total: 74429 ns
[2026-07-12T17:17:07.090+0000][7][safepoint   ] Safepoint "Cleanup", Time since last: 20021453863 ns, Reaching safepoint: 64719 ns, Cleanup: 30953 ns, At safepoint: 30112 ns, Total: 125784 ns
[2026-07-12T17:17:24.108+0000][7][safepoint   ] Safepoint "Cleanup", Time since last: 17017599401 ns, Reaching safepoint: 560052 ns, Cleanup: 54239 ns, At safepoint: 25041 ns, Total: 639332 ns
[2026-07-12T17:33:15.167+0000][7][safepoint   ] Safepoint "Cleanup", Time since last: 951070606052 ns, Reaching safepoint: 14831 ns, Cleanup: 13446 ns, At safepoint: 8340 ns, Total: 36617 ns
[2026-07-12T17:53:46.093+0000][7][safepoint   ] Safepoint "Cleanup", Time since last: 1230929947214 ns, Reaching safepoint: 45004 ns, Cleanup: 17665 ns, At safepoint: 9196 ns, Total: 71865 ns
[2026-07-12T17:56:15.156+0000][7][safepoint   ] Safepoint "Cleanup", Time since last: 149116582496 ns, Reaching safepoint: 407906 ns, Cleanup: 28086 ns, At safepoint: 37188 ns, Total: 473180 ns
[2026-07-12T19:00:02.118+0000][7][safepoint   ] Safepoint "Cleanup", Time since last: 3827043696350 ns, Reaching safepoint: 13510 ns, Cleanup: 14780 ns, At safepoint: 8140 ns, Total: 36430 ns
[2026-07-12T19:16:25.314+0000][7][safepoint   ] Safepoint "Cleanup", Time since last: 983005658033 ns, Reaching safepoint: 118869 ns, Cleanup: 29469 ns, At safepoint: 43691 ns, Total: 192029 ns
[2026-07-12T19:17:23.355+0000][7][safepoint   ] Safepoint "Cleanup", Time since last: 58035704914 ns, Reaching safepoint: 82423 ns, Cleanup: 26988 ns, At safepoint: 31156 ns, Total: 140567 ns
[2026-07-12T19:17:39.374+0000][7][safepoint   ] Safepoint "Cleanup", Time since last: 16017689810 ns, Reaching safepoint: 79034 ns, Cleanup: 25692 ns, At safepoint: 22649 ns, Total: 127375 ns
[2026-07-12T19:17:50.504+0000][7][gc,start    ] GC(55) Pause Young (Normal) (G1 Evacuation Pause)
[2026-07-12T19:17:50.508+0000][7][gc,task     ] GC(55) Using 4 workers of 4 for evacuation
[2026-07-12T19:17:50.509+0000][7][gc,age      ] GC(55) Desired survivor size 20971520 bytes, new threshold 15 (max threshold 15)
[2026-07-12T19:17:50.526+0000][7][gc,phases   ] GC(55)   Pre Evacuate Collection Set: 1.88ms
[2026-07-12T19:17:50.527+0000][7][gc,phases   ] GC(55)   Merge Heap Roots: 1.28ms
[2026-07-12T19:17:50.527+0000][7][gc,phases   ] GC(55)   Evacuate Collection Set: 9.27ms
[2026-07-12T19:17:50.528+0000][7][gc,phases   ] GC(55)   Post Evacuate Collection Set: 4.22ms
[2026-07-12T19:17:50.529+0000][7][gc,phases   ] GC(55)   Other: 1.86ms
[2026-07-12T19:17:50.530+0000][7][gc,age      ] GC(55) Age table with threshold 15 (max threshold 15)
[2026-07-12T19:17:50.531+0000][7][gc,age      ] GC(55) - age   1:     298392 bytes,     298392 total
[2026-07-12T19:17:50.532+0000][7][gc,age      ] GC(55) - age   2:      30552 bytes,     328944 total
[2026-07-12T19:17:50.532+0000][7][gc,age      ] GC(55) - age   3:      24520 bytes,     353464 total
[2026-07-12T19:17:50.533+0000][7][gc,age      ] GC(55) - age   4:      24816 bytes,     378280 total
[2026-07-12T19:17:50.534+0000][7][gc,age      ] GC(55) - age   5:      26792 bytes,     405072 total
[2026-07-12T19:17:50.535+0000][7][gc,age      ] GC(55) - age   6:      26912 bytes,     431984 total
[2026-07-12T19:17:50.535+0000][7][gc,age      ] GC(55) - age   7:      49928 bytes,     481912 total
[2026-07-12T19:17:50.536+0000][7][gc,age      ] GC(55) - age   8:      51920 bytes,     533832 total
[2026-07-12T19:17:50.537+0000][7][gc,age      ] GC(55) - age   9:      27200 bytes,     561032 total
[2026-07-12T19:17:50.539+0000][7][gc,age      ] GC(55) - age  10:      28816 bytes,     589848 total
[2026-07-12T19:17:50.539+0000][7][gc,age      ] GC(55) - age  11:      60176 bytes,     650024 total
[2026-07-12T19:17:50.540+0000][7][gc,age      ] GC(55) - age  12:      27432 bytes,     677456 total
[2026-07-12T19:17:50.541+0000][7][gc,age      ] GC(55) - age  13:      28648 bytes,     706104 total
[2026-07-12T19:17:50.542+0000][7][gc,age      ] GC(55) - age  14:      32320 bytes,     738424 total
[2026-07-12T19:17:50.542+0000][7][gc,age      ] GC(55) - age  15:      27632 bytes,     766056 total
[2026-07-12T19:17:50.543+0000][7][gc,heap     ] GC(55) Eden regions: 75->0(75)
[2026-07-12T19:17:50.544+0000][7][gc,heap     ] GC(55) Survivor regions: 1->1(10)
[2026-07-12T19:17:50.545+0000][7][gc,heap     ] GC(55) Old regions: 21->21
[2026-07-12T19:17:50.545+0000][7][gc,heap     ] GC(55) Humongous regions: 2->2
[2026-07-12T19:17:50.546+0000][7][gc,metaspace] GC(55) Metaspace: 112727K(115584K)->112727K(115584K) NonClass: 97132K(98688K)->97132K(98688K) Class: 15594K(16896K)->15594K(16896K)
[2026-07-12T19:17:50.547+0000][7][gc          ] GC(55) Pause Young (Normal) (G1 Evacuation Pause) 390M->90M(512M) 43.126ms
[2026-07-12T19:17:50.548+0000][7][gc,cpu      ] GC(55) User=0.03s Sys=0.01s Real=0.04s
[2026-07-12T19:17:50.549+0000][7][safepoint   ] Safepoint "G1CollectForAllocation", Time since last: 11129954632 ns, Reaching safepoint: 21361 ns, Cleanup: 8659 ns, At safepoint: 44656272 ns, Total: 44686292 ns
[2026-07-12T19:41:00.232+0000][7][safepoint   ] Safepoint "Cleanup", Time since last: 1389709792134 ns, Reaching safepoint: 13570 ns, Cleanup: 16467 ns, At safepoint: 9134 ns, Total: 39171 ns
[2026-07-12T19:41:30.237+0000][7][safepoint   ] Safepoint "Cleanup", Time since last: 30030729260 ns, Reaching safepoint: 79284 ns, Cleanup: 27155 ns, At safepoint: 29997 ns, Total: 136436 ns
[2026-07-12T20:00:16.497+0000][7][safepoint   ] Safepoint "Cleanup", Time since last: 1126283105906 ns, Reaching safepoint: 15800 ns, Cleanup: 41414 ns, At safepoint: 51259 ns, Total: 108473 ns
[2026-07-12T20:16:52.196+0000][7][safepoint   ] Safepoint "Cleanup", Time since last: 995838083454 ns, Reaching safepoint: 14871 ns, Cleanup: 12943 ns, At safepoint: 8908 ns, Total: 36722 ns
[2026-07-12T20:17:22.259+0000][7][safepoint   ] Safepoint "Cleanup", Time since last: 30025237986 ns, Reaching safepoint: 78288 ns, Cleanup: 27591 ns, At safepoint: 36464 ns, Total: 142343 ns
[2026-07-12T20:38:58.668+0000][7][safepoint   ] Safepoint "Cleanup", Time since last: 1296414947431 ns, Reaching safepoint: 7258616 ns, Cleanup: 20051 ns, At safepoint: 7660954 ns, Total: 14939621 ns
[2026-07-12T20:38:59.858+0000][7][safepoint   ] Safepoint "Cleanup", Time since last: 1189618285 ns, Reaching safepoint: 14995 ns, Cleanup: 11831 ns, At safepoint: 7985 ns, Total: 34811 ns
[2026-07-12T20:39:28.955+0000][7][safepoint   ] Safepoint "Cleanup", Time since last: 29030348984 ns, Reaching safepoint: 26392 ns, Cleanup: 24610 ns, At safepoint: 23909 ns, Total: 74911 ns
[2026-07-12T20:43:59.029+0000][7][safepoint   ] Safepoint "Cleanup", Time since last: 270075872087 ns, Reaching safepoint: 28382 ns, Cleanup: 27814 ns, At safepoint: 23961 ns, Total: 80157 ns
[2026-07-12T20:46:58.772+0000][7][gc,start    ] GC(56) Pause Young (Normal) (G1 Evacuation Pause)
[2026-07-12T20:46:58.774+0000][7][gc,task     ] GC(56) Using 4 workers of 4 for evacuation
[2026-07-12T20:46:58.774+0000][7][gc,age      ] GC(56) Desired survivor size 20971520 bytes, new threshold 15 (max threshold 15)
[2026-07-12T20:46:58.788+0000][7][gc,phases   ] GC(56)   Pre Evacuate Collection Set: 0.59ms
[2026-07-12T20:46:58.789+0000][7][gc,phases   ] GC(56)   Merge Heap Roots: 0.29ms
[2026-07-12T20:46:58.790+0000][7][gc,phases   ] GC(56)   Evacuate Collection Set: 7.38ms
[2026-07-12T20:46:58.791+0000][7][gc,phases   ] GC(56)   Post Evacuate Collection Set: 3.65ms
[2026-07-12T20:46:58.791+0000][7][gc,phases   ] GC(56)   Other: 2.49ms
[2026-07-12T20:46:58.792+0000][7][gc,age      ] GC(56) Age table with threshold 15 (max threshold 15)
[2026-07-12T20:46:58.794+0000][7][gc,age      ] GC(56) - age   1:     695336 bytes,     695336 total
[2026-07-12T20:46:58.795+0000][7][gc,age      ] GC(56) - age   2:      37104 bytes,     732440 total
[2026-07-12T20:46:58.796+0000][7][gc,age      ] GC(56) - age   3:      25344 bytes,     757784 total
[2026-07-12T20:46:58.796+0000][7][gc,age      ] GC(56) - age   4:      24392 bytes,     782176 total
[2026-07-12T20:46:58.797+0000][7][gc,age      ] GC(56) - age   5:      24816 bytes,     806992 total
[2026-07-12T20:46:58.798+0000][7][gc,age      ] GC(56) - age   6:      26664 bytes,     833656 total
[2026-07-12T20:46:58.799+0000][7][gc,age      ] GC(56) - age   7:      26912 bytes,     860568 total
[2026-07-12T20:46:58.799+0000][7][gc,age      ] GC(56) - age   8:      49928 bytes,     910496 total
[2026-07-12T20:46:58.800+0000][7][gc,age      ] GC(56) - age   9:      51920 bytes,     962416 total
[2026-07-12T20:46:58.801+0000][7][gc,age      ] GC(56) - age  10:      27200 bytes,     989616 total
[2026-07-12T20:46:58.801+0000][7][gc,age      ] GC(56) - age  11:      28816 bytes,    1018432 total
[2026-07-12T20:46:58.802+0000][7][gc,age      ] GC(56) - age  12:      60176 bytes,    1078608 total
[2026-07-12T20:46:58.803+0000][7][gc,age      ] GC(56) - age  13:      27432 bytes,    1106040 total
[2026-07-12T20:46:58.804+0000][7][gc,age      ] GC(56) - age  14:      28648 bytes,    1134688 total
[2026-07-12T20:46:58.804+0000][7][gc,age      ] GC(56) - age  15:      32320 bytes,    1167008 total
[2026-07-12T20:46:58.805+0000][7][gc,heap     ] GC(56) Eden regions: 75->0(75)
[2026-07-12T20:46:58.806+0000][7][gc,heap     ] GC(56) Survivor regions: 1->1(10)
[2026-07-12T20:46:58.806+0000][7][gc,heap     ] GC(56) Old regions: 21->21
[2026-07-12T20:46:58.807+0000][7][gc,heap     ] GC(56) Humongous regions: 2->2
[2026-07-12T20:46:58.808+0000][7][gc,metaspace] GC(56) Metaspace: 112782K(115648K)->112782K(115648K) NonClass: 97187K(98752K)->97187K(98752K) Class: 15594K(16896K)->15594K(16896K)
[2026-07-12T20:46:58.809+0000][7][gc          ] GC(56) Pause Young (Normal) (G1 Evacuation Pause) 390M->90M(512M) 36.602ms
[2026-07-12T20:46:58.810+0000][7][gc,cpu      ] GC(56) User=0.03s Sys=0.01s Real=0.03s
[2026-07-12T20:46:58.810+0000][7][safepoint   ] Safepoint "G1CollectForAllocation", Time since last: 179747087116 ns, Reaching safepoint: 21096 ns, Cleanup: 8676 ns, At safepoint: 38324993 ns, Total: 38354765 ns
[2026-07-12T20:49:04.926+0000][7][safepoint   ] Safepoint "Cleanup", Time since last: 126057233502 ns, Reaching safepoint: 37863636 ns, Cleanup: 1159192 ns, At safepoint: 22003497 ns, Total: 61026325 ns
[2026-07-12T20:49:06.144+0000][7][safepoint   ] Safepoint "Cleanup", Time since last: 1218016279 ns, Reaching safepoint: 9921 ns, Cleanup: 12756 ns, At safepoint: 7546 ns, Total: 30223 ns
[2026-07-12T20:51:30.880+0000][7][safepoint   ] Safepoint "Cleanup", Time since last: 144727917283 ns, Reaching safepoint: 7702620 ns, Cleanup: 15656 ns, At safepoint: 3695604 ns, Total: 11413880 ns
[2026-07-12T20:52:03.179+0000][7][safepoint   ] Safepoint "Cleanup", Time since last: 32298988297 ns, Reaching safepoint: 78709 ns, Cleanup: 25503 ns, At safepoint: 31247 ns, Total: 135459 ns
[2026-07-12T21:24:43.265+0000][7][safepoint   ] Safepoint "Cleanup", Time since last: 1960146272242 ns, Reaching safepoint: 16014 ns, Cleanup: 29081 ns, At safepoint: 11204 ns, Total: 56299 ns
[2026-07-12T21:26:43.564+0000][7][safepoint   ] Safepoint "Cleanup", Time since last: 120254690761 ns, Reaching safepoint: 27182 ns, Cleanup: 26335 ns, At safepoint: 24296 ns, Total: 77813 ns
[2026-07-12T21:27:42.566+0000][7][safepoint   ] Safepoint "Cleanup", Time since last: 59000066579 ns, Reaching safepoint: 312917 ns, Cleanup: 74199 ns, At safepoint: 20657 ns, Total: 407773 ns
[2026-07-12T21:27:50.576+0000][7][safepoint   ] Safepoint "Cleanup", Time since last: 8009360445 ns, Reaching safepoint: 23497 ns, Cleanup: 22807 ns, At safepoint: 19666 ns, Total: 65970 ns
[2026-07-12T21:59:33.263+0000][7][safepoint   ] Safepoint "Cleanup", Time since last: 1902728362295 ns, Reaching safepoint: 13298 ns, Cleanup: 14163 ns, At safepoint: 9800 ns, Total: 37261 ns
[2026-07-12T22:16:02.369+0000][7][safepoint   ] Safepoint "Cleanup", Time since last: 989172916606 ns, Reaching safepoint: 15951 ns, Cleanup: 14954 ns, At safepoint: 7451 ns, Total: 38356 ns
[2026-07-12T22:32:54.658+0000][7][gc,start    ] GC(57) Pause Young (Normal) (G1 Evacuation Pause)
[2026-07-12T22:32:54.665+0000][7][gc,task     ] GC(57) Using 4 workers of 4 for evacuation
[2026-07-12T22:32:54.665+0000][7][gc,age      ] GC(57) Desired survivor size 20971520 bytes, new threshold 15 (max threshold 15)
[2026-07-12T22:32:54.684+0000][7][gc,phases   ] GC(57)   Pre Evacuate Collection Set: 0.91ms
[2026-07-12T22:32:54.686+0000][7][gc,phases   ] GC(57)   Merge Heap Roots: 0.09ms
[2026-07-12T22:32:54.691+0000][7][gc,phases   ] GC(57)   Evacuate Collection Set: 10.90ms
[2026-07-12T22:32:54.692+0000][7][gc,phases   ] GC(57)   Post Evacuate Collection Set: 6.07ms
[2026-07-12T22:32:54.693+0000][7][gc,phases   ] GC(57)   Other: 0.68ms
[2026-07-12T22:32:54.693+0000][7][gc,age      ] GC(57) Age table with threshold 15 (max threshold 15)
[2026-07-12T22:32:54.693+0000][7][gc,age      ] GC(57) - age   1:     475312 bytes,     475312 total
[2026-07-12T22:32:54.693+0000][7][gc,age      ] GC(57) - age   2:      29824 bytes,     505136 total
[2026-07-12T22:32:54.694+0000][7][gc,age      ] GC(57) - age   3:      24720 bytes,     529856 total
[2026-07-12T22:32:54.694+0000][7][gc,age      ] GC(57) - age   4:      25248 bytes,     555104 total
[2026-07-12T22:32:54.694+0000][7][gc,age      ] GC(57) - age   5:      23168 bytes,     578272 total
[2026-07-12T22:32:54.695+0000][7][gc,age      ] GC(57) - age   6:      24624 bytes,     602896 total
[2026-07-12T22:32:54.695+0000][7][gc,age      ] GC(57) - age   7:      26664 bytes,     629560 total
[2026-07-12T22:32:54.696+0000][7][gc,age      ] GC(57) - age   8:      26912 bytes,     656472 total
[2026-07-12T22:32:54.696+0000][7][gc,age      ] GC(57) - age   9:      49928 bytes,     706400 total
[2026-07-12T22:32:54.696+0000][7][gc,age      ] GC(57) - age  10:      51920 bytes,     758320 total
[2026-07-12T22:32:54.697+0000][7][gc,age      ] GC(57) - age  11:      27200 bytes,     785520 total
[2026-07-12T22:32:54.697+0000][7][gc,age      ] GC(57) - age  12:      28816 bytes,     814336 total
[2026-07-12T22:32:54.697+0000][7][gc,age      ] GC(57) - age  13:      60176 bytes,     874512 total
[2026-07-12T22:32:54.697+0000][7][gc,age      ] GC(57) - age  14:      27432 bytes,     901944 total
[2026-07-12T22:32:54.699+0000][7][gc,age      ] GC(57) - age  15:      28648 bytes,     930592 total
[2026-07-12T22:32:54.699+0000][7][gc,heap     ] GC(57) Eden regions: 75->0(75)
[2026-07-12T22:32:54.700+0000][7][gc,heap     ] GC(57) Survivor regions: 1->1(10)
[2026-07-12T22:32:54.702+0000][7][gc,heap     ] GC(57) Old regions: 21->21
[2026-07-12T22:32:54.702+0000][7][gc,heap     ] GC(57) Humongous regions: 2->2
[2026-07-12T22:32:54.702+0000][7][gc,metaspace] GC(57) Metaspace: 112795K(115648K)->112795K(115648K) NonClass: 97200K(98752K)->97200K(98752K) Class: 15594K(16896K)->15594K(16896K)
[2026-07-12T22:32:54.702+0000][7][gc          ] GC(57) Pause Young (Normal) (G1 Evacuation Pause) 390M->90M(512M) 44.796ms
[2026-07-12T22:32:54.704+0000][7][gc,cpu      ] GC(57) User=0.01s Sys=0.01s Real=0.05s
[2026-07-12T22:32:54.704+0000][7][safepoint   ] Safepoint "G1CollectForAllocation", Time since last: 1012309001207 ns, Reaching safepoint: 15561 ns, Cleanup: 5531 ns, At safepoint: 46846390 ns, Total: 46867482 ns
[2026-07-12T22:32:55.705+0000][7][safepoint   ] Safepoint "Cleanup", Time since last: 1001077086 ns, Reaching safepoint: 15883 ns, Cleanup: 14916 ns, At safepoint: 10332 ns, Total: 41131 ns
[2026-07-12T23:39:05.179+0000][7][safepoint   ] Safepoint "Cleanup", Time since last: 3969541071236 ns, Reaching safepoint: 32943 ns, Cleanup: 15655 ns, At safepoint: 17138 ns, Total: 65736 ns
[2026-07-12T23:51:34.791+0000][7][safepoint   ] Safepoint "Cleanup", Time since last: 749258726958 ns, Reaching safepoint: 33130 ns, Cleanup: 14491 ns, At safepoint: 10890 ns, Total: 58511 ns
[2026-07-12T23:56:09.603+0000][7][safepoint   ] Safepoint "Cleanup", Time since last: 274810183243 ns, Reaching safepoint: 13346 ns, Cleanup: 12509 ns, At safepoint: 8728 ns, Total: 34583 ns
[2026-07-12T23:56:40.630+0000][7][safepoint   ] Safepoint "Cleanup", Time since last: 31029168727 ns, Reaching safepoint: 24209 ns, Cleanup: 27854 ns, At safepoint: 72671 ns, Total: 124734 ns
[2026-07-12T23:57:08.710+0000][7][safepoint   ] Safepoint "Cleanup", Time since last: 28077655338 ns, Reaching safepoint: 3370 ns, Cleanup: 8410 ns, At safepoint: 3716 ns, Total: 15496 ns
[2026-07-12T23:59:17.048+0000][7][safepoint   ] Safepoint "Cleanup", Time since last: 128336870280 ns, Reaching safepoint: 16330 ns, Cleanup: 16614 ns, At safepoint: 12907 ns, Total: 45851 ns
[2026-07-13T00:06:23.004+0000][7][safepoint   ] Safepoint "Cleanup", Time since last: 425971047070 ns, Reaching safepoint: 11223 ns, Cleanup: 16750 ns, At safepoint: 6732 ns, Total: 34705 ns
[2026-07-13T00:06:52.119+0000][7][gc,start    ] GC(58) Pause Young (Normal) (G1 Evacuation Pause)
[2026-07-13T00:06:52.120+0000][7][gc,task     ] GC(58) Using 4 workers of 4 for evacuation
[2026-07-13T00:06:52.121+0000][7][gc,age      ] GC(58) Desired survivor size 20971520 bytes, new threshold 15 (max threshold 15)
[2026-07-13T00:06:52.136+0000][7][gc,phases   ] GC(58)   Pre Evacuate Collection Set: 1.51ms
[2026-07-13T00:06:52.137+0000][7][gc,phases   ] GC(58)   Merge Heap Roots: 0.60ms
[2026-07-13T00:06:52.137+0000][7][gc,phases   ] GC(58)   Evacuate Collection Set: 8.35ms
[2026-07-13T00:06:52.138+0000][7][gc,phases   ] GC(58)   Post Evacuate Collection Set: 3.14ms
[2026-07-13T00:06:52.138+0000][7][gc,phases   ] GC(58)   Other: 2.41ms
[2026-07-13T00:06:52.139+0000][7][gc,age      ] GC(58) Age table with threshold 15 (max threshold 15)
[2026-07-13T00:06:52.140+0000][7][gc,age      ] GC(58) - age   1:     329840 bytes,     329840 total
[2026-07-13T00:06:52.141+0000][7][gc,age      ] GC(58) - age   2:      24960 bytes,     354800 total
[2026-07-13T00:06:52.142+0000][7][gc,age      ] GC(58) - age   3:      29344 bytes,     384144 total
[2026-07-13T00:06:52.142+0000][7][gc,age      ] GC(58) - age   4:      24624 bytes,     408768 total
[2026-07-13T00:06:52.143+0000][7][gc,age      ] GC(58) - age   5:      25248 bytes,     434016 total
[2026-07-13T00:06:52.144+0000][7][gc,age      ] GC(58) - age   6:      23168 bytes,     457184 total
[2026-07-13T00:06:52.145+0000][7][gc,age      ] GC(58) - age   7:      24624 bytes,     481808 total
[2026-07-13T00:06:52.146+0000][7][gc,age      ] GC(58) - age   8:      26600 bytes,     508408 total
[2026-07-13T00:06:52.147+0000][7][gc,age      ] GC(58) - age   9:      26912 bytes,     535320 total
[2026-07-13T00:06:52.147+0000][7][gc,age      ] GC(58) - age  10:      49928 bytes,     585248 total
[2026-07-13T00:06:52.148+0000][7][gc,age      ] GC(58) - age  11:      51920 bytes,     637168 total
[2026-07-13T00:06:52.149+0000][7][gc,age      ] GC(58) - age  12:      27200 bytes,     664368 total
[2026-07-13T00:06:52.149+0000][7][gc,age      ] GC(58) - age  13:      28816 bytes,     693184 total
[2026-07-13T00:06:52.150+0000][7][gc,age      ] GC(58) - age  14:      60176 bytes,     753360 total
[2026-07-13T00:06:52.151+0000][7][gc,age      ] GC(58) - age  15:      27432 bytes,     780792 total
[2026-07-13T00:06:52.152+0000][7][gc,heap     ] GC(58) Eden regions: 75->0(75)
[2026-07-13T00:06:52.152+0000][7][gc,heap     ] GC(58) Survivor regions: 1->1(10)
[2026-07-13T00:06:52.153+0000][7][gc,heap     ] GC(58) Old regions: 21->21
[2026-07-13T00:06:52.154+0000][7][gc,heap     ] GC(58) Humongous regions: 2->2
[2026-07-13T00:06:52.155+0000][7][gc,metaspace] GC(58) Metaspace: 112866K(115712K)->112866K(115712K) NonClass: 97271K(98816K)->97271K(98816K) Class: 15594K(16896K)->15594K(16896K)
[2026-07-13T00:06:52.156+0000][7][gc          ] GC(58) Pause Young (Normal) (G1 Evacuation Pause) 390M->90M(512M) 37.000ms
[2026-07-13T00:06:52.157+0000][7][gc,cpu      ] GC(58) User=0.02s Sys=0.01s Real=0.04s
[2026-07-13T00:06:52.158+0000][7][safepoint   ] Safepoint "G1CollectForAllocation", Time since last: 29110955074 ns, Reaching safepoint: 425157 ns, Cleanup: 41801 ns, At safepoint: 39508064 ns, Total: 39975022 ns
[2026-07-13T00:12:01.362+0000][7][safepoint   ] Safepoint "Cleanup", Time since last: 309207077946 ns, Reaching safepoint: 10473 ns, Cleanup: 14036 ns, At safepoint: 6913 ns, Total: 31422 ns
[2026-07-13T00:14:47.349+0000][7][safepoint   ] Safepoint "Cleanup", Time since last: 165976468643 ns, Reaching safepoint: 22279 ns, Cleanup: 22703 ns, At safepoint: 21489 ns, Total: 66471 ns
[2026-07-13T00:14:57.366+0000][7][safepoint   ] Safepoint "Cleanup", Time since last: 10011729688 ns, Reaching safepoint: 196233 ns, Cleanup: 23248 ns, At safepoint: 21951 ns, Total: 241432 ns
[2026-07-13T00:15:58.355+0000][7][safepoint   ] Safepoint "Cleanup", Time since last: 60985547912 ns, Reaching safepoint: 43772 ns, Cleanup: 16799 ns, At safepoint: 13892 ns, Total: 74463 ns
[2026-07-13T00:17:48.453+0000][7][safepoint   ] Safepoint "Cleanup", Time since last: 110095000328 ns, Reaching safepoint: 48166 ns, Cleanup: 17424 ns, At safepoint: 11301 ns, Total: 76891 ns
[2026-07-13T00:21:55.589+0000][7][safepoint   ] Safepoint "Cleanup", Time since last: 247129818203 ns, Reaching safepoint: 47081 ns, Cleanup: 14632 ns, At safepoint: 14151 ns, Total: 75864 ns
[2026-07-13T00:22:01.594+0000][7][safepoint   ] Safepoint "Cleanup", Time since last: 6004983367 ns, Reaching safepoint: 15105 ns, Cleanup: 15553 ns, At safepoint: 11834 ns, Total: 42492 ns
[2026-07-13T00:24:15.725+0000][7][gc,start    ] GC(59) Pause Young (Normal) (G1 Evacuation Pause)
[2026-07-13T00:24:15.725+0000][7][gc,task     ] GC(59) Using 4 workers of 4 for evacuation
[2026-07-13T00:24:15.726+0000][7][gc,age      ] GC(59) Desired survivor size 20971520 bytes, new threshold 15 (max threshold 15)
[2026-07-13T00:24:15.729+0000][7][gc,phases   ] GC(59)   Pre Evacuate Collection Set: 0.65ms
[2026-07-13T00:24:15.730+0000][7][gc,phases   ] GC(59)   Merge Heap Roots: 0.32ms
[2026-07-13T00:24:15.730+0000][7][gc,phases   ] GC(59)   Evacuate Collection Set: 1.40ms
[2026-07-13T00:24:15.730+0000][7][gc,phases   ] GC(59)   Post Evacuate Collection Set: 1.04ms
[2026-07-13T00:24:15.731+0000][7][gc,phases   ] GC(59)   Other: 0.44ms
[2026-07-13T00:24:15.731+0000][7][gc,age      ] GC(59) Age table with threshold 15 (max threshold 15)
[2026-07-13T00:24:15.731+0000][7][gc,age      ] GC(59) - age   1:     534232 bytes,     534232 total
[2026-07-13T00:24:15.731+0000][7][gc,age      ] GC(59) - age   2:     130456 bytes,     664688 total
[2026-07-13T00:24:15.732+0000][7][gc,age      ] GC(59) - age   3:      24632 bytes,     689320 total
[2026-07-13T00:24:15.732+0000][7][gc,age      ] GC(59) - age   4:      29280 bytes,     718600 total
[2026-07-13T00:24:15.732+0000][7][gc,age      ] GC(59) - age   5:      24560 bytes,     743160 total
[2026-07-13T00:24:15.733+0000][7][gc,age      ] GC(59) - age   6:      25248 bytes,     768408 total
[2026-07-13T00:24:15.733+0000][7][gc,age      ] GC(59) - age   7:      23168 bytes,     791576 total
[2026-07-13T00:24:15.733+0000][7][gc,age      ] GC(59) - age   8:      24624 bytes,     816200 total
[2026-07-13T00:24:15.733+0000][7][gc,age      ] GC(59) - age   9:      26600 bytes,     842800 total
[2026-07-13T00:24:15.734+0000][7][gc,age      ] GC(59) - age  10:      26912 bytes,     869712 total
[2026-07-13T00:24:15.734+0000][7][gc,age      ] GC(59) - age  11:      49928 bytes,     919640 total
[2026-07-13T00:24:15.734+0000][7][gc,age      ] GC(59) - age  12:      51920 bytes,     971560 total
[2026-07-13T00:24:15.734+0000][7][gc,age      ] GC(59) - age  13:      27200 bytes,     998760 total
[2026-07-13T00:24:15.734+0000][7][gc,age      ] GC(59) - age  14:      28816 bytes,    1027576 total
[2026-07-13T00:24:15.735+0000][7][gc,age      ] GC(59) - age  15:      60176 bytes,    1087752 total
[2026-07-13T00:24:15.735+0000][7][gc,heap     ] GC(59) Eden regions: 75->0(75)
[2026-07-13T00:24:15.735+0000][7][gc,heap     ] GC(59) Survivor regions: 1->1(10)
[2026-07-13T00:24:15.735+0000][7][gc,heap     ] GC(59) Old regions: 21->21
[2026-07-13T00:24:15.735+0000][7][gc,heap     ] GC(59) Humongous regions: 2->2
[2026-07-13T00:24:15.735+0000][7][gc,metaspace] GC(59) Metaspace: 112883K(115712K)->112883K(115712K) NonClass: 97288K(98816K)->97288K(98816K) Class: 15594K(16896K)->15594K(16896K)
[2026-07-13T00:24:15.736+0000][7][gc          ] GC(59) Pause Young (Normal) (G1 Evacuation Pause) 390M->90M(512M) 10.376ms
[2026-07-13T00:24:15.736+0000][7][gc,cpu      ] GC(59) User=0.01s Sys=0.01s Real=0.01s
[2026-07-13T00:24:15.736+0000][7][safepoint   ] Safepoint "G1CollectForAllocation", Time since last: 134127699325 ns, Reaching safepoint: 39518 ns, Cleanup: 4729 ns, At safepoint: 10745569 ns, Total: 10789816 ns
[2026-07-13T00:32:01.499+0000][7][safepoint   ] Safepoint "Cleanup", Time since last: 465750700938 ns, Reaching safepoint: 47551 ns, Cleanup: 14265 ns, At safepoint: 14546 ns, Total: 76362 ns
[2026-07-13T00:34:56.280+0000][7][safepoint   ] Safepoint "Cleanup", Time since last: 174775799612 ns, Reaching safepoint: 59342 ns, Cleanup: 16146 ns, At safepoint: 16768 ns, Total: 92256 ns
[2026-07-13T00:38:26.263+0000][7][gc,start    ] GC(60) Pause Young (Normal) (G1 Evacuation Pause)
[2026-07-13T00:38:26.264+0000][7][gc,task     ] GC(60) Using 4 workers of 4 for evacuation
[2026-07-13T00:38:26.265+0000][7][gc,age      ] GC(60) Desired survivor size 20971520 bytes, new threshold 15 (max threshold 15)
[2026-07-13T00:38:26.267+0000][7][gc,phases   ] GC(60)   Pre Evacuate Collection Set: 0.28ms
[2026-07-13T00:38:26.268+0000][7][gc,phases   ] GC(60)   Merge Heap Roots: 0.11ms
[2026-07-13T00:38:26.268+0000][7][gc,phases   ] GC(60)   Evacuate Collection Set: 1.23ms
[2026-07-13T00:38:26.268+0000][7][gc,phases   ] GC(60)   Post Evacuate Collection Set: 0.95ms
[2026-07-13T00:38:26.268+0000][7][gc,phases   ] GC(60)   Other: 0.44ms
[2026-07-13T00:38:26.268+0000][7][gc,age      ] GC(60) Age table with threshold 15 (max threshold 15)
[2026-07-13T00:38:26.268+0000][7][gc,age      ] GC(60) - age   1:      64280 bytes,      64280 total
[2026-07-13T00:38:26.269+0000][7][gc,age      ] GC(60) - age   2:     518848 bytes,     583128 total
[2026-07-13T00:38:26.269+0000][7][gc,age      ] GC(60) - age   3:     130000 bytes,     713128 total
[2026-07-13T00:38:26.269+0000][7][gc,age      ] GC(60) - age   4:      24632 bytes,     737760 total
[2026-07-13T00:38:26.269+0000][7][gc,age      ] GC(60) - age   5:      29280 bytes,     767040 total
[2026-07-13T00:38:26.269+0000][7][gc,age      ] GC(60) - age   6:      24560 bytes,     791600 total
[2026-07-13T00:38:26.269+0000][7][gc,age      ] GC(60) - age   7:      25248 bytes,     816848 total
[2026-07-13T00:38:26.269+0000][7][gc,age      ] GC(60) - age   8:      23168 bytes,     840016 total
[2026-07-13T00:38:26.269+0000][7][gc,age      ] GC(60) - age   9:      24624 bytes,     864640 total
[2026-07-13T00:38:26.270+0000][7][gc,age      ] GC(60) - age  10:      26600 bytes,     891240 total
[2026-07-13T00:38:26.270+0000][7][gc,age      ] GC(60) - age  11:      26912 bytes,     918152 total
[2026-07-13T00:38:26.270+0000][7][gc,age      ] GC(60) - age  12:      48104 bytes,     966256 total
[2026-07-13T00:38:26.270+0000][7][gc,age      ] GC(60) - age  13:      27336 bytes,     993592 total
[2026-07-13T00:38:26.270+0000][7][gc,age      ] GC(60) - age  14:      27200 bytes,    1020792 total
[2026-07-13T00:38:26.270+0000][7][gc,age      ] GC(60) - age  15:      28816 bytes,    1049608 total
[2026-07-13T00:38:26.270+0000][7][gc,heap     ] GC(60) Eden regions: 75->0(75)
[2026-07-13T00:38:26.270+0000][7][gc,heap     ] GC(60) Survivor regions: 1->1(10)
[2026-07-13T00:38:26.271+0000][7][gc,heap     ] GC(60) Old regions: 21->21
[2026-07-13T00:38:26.271+0000][7][gc,heap     ] GC(60) Humongous regions: 2->2
[2026-07-13T00:38:26.271+0000][7][gc,metaspace] GC(60) Metaspace: 112887K(115712K)->112887K(115712K) NonClass: 97292K(98816K)->97292K(98816K) Class: 15594K(16896K)->15594K(16896K)
[2026-07-13T00:38:26.271+0000][7][gc          ] GC(60) Pause Young (Normal) (G1 Evacuation Pause) 390M->90M(512M) 7.521ms
[2026-07-13T00:38:26.271+0000][7][gc,cpu      ] GC(60) User=0.00s Sys=0.00s Real=0.01s
[2026-07-13T00:38:26.271+0000][7][safepoint   ] Safepoint "G1CollectForAllocation", Time since last: 209978346134 ns, Reaching safepoint: 25872 ns, Cleanup: 2787 ns, At safepoint: 7880046 ns, Total: 7908705 ns
[2026-07-13T00:48:26.008+0000][7][safepoint   ] Safepoint "Cleanup", Time since last: 599721584050 ns, Reaching safepoint: 48786 ns, Cleanup: 15704 ns, At safepoint: 15604 ns, Total: 80094 ns
[2026-07-13T00:52:41.783+0000][7][gc,start    ] GC(61) Pause Young (Normal) (G1 Evacuation Pause)
[2026-07-13T00:52:41.784+0000][7][gc,task     ] GC(61) Using 4 workers of 4 for evacuation
[2026-07-13T00:52:41.785+0000][7][gc,age      ] GC(61) Desired survivor size 20971520 bytes, new threshold 15 (max threshold 15)
[2026-07-13T00:52:41.788+0000][7][gc,phases   ] GC(61)   Pre Evacuate Collection Set: 0.54ms
[2026-07-13T00:52:41.788+0000][7][gc,phases   ] GC(61)   Merge Heap Roots: 0.21ms
[2026-07-13T00:52:41.788+0000][7][gc,phases   ] GC(61)   Evacuate Collection Set: 1.06ms
[2026-07-13T00:52:41.788+0000][7][gc,phases   ] GC(61)   Post Evacuate Collection Set: 1.03ms
[2026-07-13T00:52:41.789+0000][7][gc,phases   ] GC(61)   Other: 0.52ms
[2026-07-13T00:52:41.789+0000][7][gc,age      ] GC(61) Age table with threshold 15 (max threshold 15)
[2026-07-13T00:52:41.789+0000][7][gc,age      ] GC(61) - age   1:      86272 bytes,      86272 total
[2026-07-13T00:52:41.789+0000][7][gc,age      ] GC(61) - age   2:      49496 bytes,     135768 total
[2026-07-13T00:52:41.789+0000][7][gc,age      ] GC(61) - age   3:     518016 bytes,     653784 total
[2026-07-13T00:52:41.790+0000][7][gc,age      ] GC(61) - age   4:     113664 bytes,     767448 total
[2026-07-13T00:52:41.790+0000][7][gc,age      ] GC(61) - age   5:      24632 bytes,     792080 total
[2026-07-13T00:52:41.790+0000][7][gc,age      ] GC(61) - age   6:      29280 bytes,     821360 total
[2026-07-13T00:52:41.790+0000][7][gc,age      ] GC(61) - age   7:      24560 bytes,     845920 total
[2026-07-13T00:52:41.790+0000][7][gc,age      ] GC(61) - age   8:      25248 bytes,     871168 total
[2026-07-13T00:52:41.790+0000][7][gc,age      ] GC(61) - age   9:      23168 bytes,     894336 total
[2026-07-13T00:52:41.790+0000][7][gc,age      ] GC(61) - age  10:      24624 bytes,     918960 total
[2026-07-13T00:52:41.791+0000][7][gc,age      ] GC(61) - age  11:      26600 bytes,     945560 total
[2026-07-13T00:52:41.791+0000][7][gc,age      ] GC(61) - age  12:      26912 bytes,     972472 total
[2026-07-13T00:52:41.791+0000][7][gc,age      ] GC(61) - age  13:      23520 bytes,     995992 total
[2026-07-13T00:52:41.791+0000][7][gc,age      ] GC(61) - age  14:      27296 bytes,    1023288 total
[2026-07-13T00:52:41.791+0000][7][gc,age      ] GC(61) - age  15:      27200 bytes,    1050488 total
[2026-07-13T00:52:41.791+0000][7][gc,heap     ] GC(61) Eden regions: 75->0(75)
[2026-07-13T00:52:41.792+0000][7][gc,heap     ] GC(61) Survivor regions: 1->1(10)
[2026-07-13T00:52:41.792+0000][7][gc,heap     ] GC(61) Old regions: 21->21
[2026-07-13T00:52:41.792+0000][7][gc,heap     ] GC(61) Humongous regions: 2->2
[2026-07-13T00:52:41.792+0000][7][gc,metaspace] GC(61) Metaspace: 112888K(115712K)->112888K(115712K) NonClass: 97293K(98816K)->97293K(98816K) Class: 15594K(16896K)->15594K(16896K)
[2026-07-13T00:52:41.792+0000][7][gc          ] GC(61) Pause Young (Normal) (G1 Evacuation Pause) 390M->90M(512M) 9.208ms
[2026-07-13T00:52:41.792+0000][7][gc,cpu      ] GC(61) User=0.01s Sys=0.01s Real=0.01s
[2026-07-13T00:52:41.793+0000][7][safepoint   ] Safepoint "G1CollectForAllocation", Time since last: 255768834797 ns, Reaching safepoint: 9953 ns, Cleanup: 3536 ns, At safepoint: 9662990 ns, Total: 9676479 ns
[2026-07-13T01:00:01.340+0000][7][safepoint   ] Safepoint "Cleanup", Time since last: 439535219207 ns, Reaching safepoint: 29436 ns, Cleanup: 12803 ns, At safepoint: 8251 ns, Total: 50490 ns
[2026-07-13T01:01:56.447+0000][7][safepoint   ] Safepoint "Cleanup", Time since last: 115104803968 ns, Reaching safepoint: 10667 ns, Cleanup: 10213 ns, At safepoint: 17753 ns, Total: 38633 ns
[2026-07-13T01:03:25.529+0000][7][safepoint   ] Safepoint "Cleanup", Time since last: 89080388408 ns, Reaching safepoint: 43178 ns, Cleanup: 12920 ns, At safepoint: 13323 ns, Total: 69421 ns
[2026-07-13T01:06:55.663+0000][7][gc,start    ] GC(62) Pause Young (Normal) (G1 Evacuation Pause)
[2026-07-13T01:06:55.663+0000][7][gc,task     ] GC(62) Using 4 workers of 4 for evacuation
[2026-07-13T01:06:55.664+0000][7][gc,age      ] GC(62) Desired survivor size 20971520 bytes, new threshold 15 (max threshold 15)
[2026-07-13T01:06:55.668+0000][7][gc,phases   ] GC(62)   Pre Evacuate Collection Set: 0.37ms
[2026-07-13T01:06:55.668+0000][7][gc,phases   ] GC(62)   Merge Heap Roots: 0.07ms
[2026-07-13T01:06:55.668+0000][7][gc,phases   ] GC(62)   Evacuate Collection Set: 1.65ms
[2026-07-13T01:06:55.668+0000][7][gc,phases   ] GC(62)   Post Evacuate Collection Set: 1.42ms
[2026-07-13T01:06:55.669+0000][7][gc,phases   ] GC(62)   Other: 0.72ms
[2026-07-13T01:06:55.669+0000][7][gc,age      ] GC(62) Age table with threshold 15 (max threshold 15)
[2026-07-13T01:06:55.669+0000][7][gc,age      ] GC(62) - age   1:      83920 bytes,      83920 total
[2026-07-13T01:06:55.669+0000][7][gc,age      ] GC(62) - age   2:      71200 bytes,     155120 total
[2026-07-13T01:06:55.670+0000][7][gc,age      ] GC(62) - age   3:      48792 bytes,     203912 total
[2026-07-13T01:06:55.670+0000][7][gc,age      ] GC(62) - age   4:     517976 bytes,     721888 total
[2026-07-13T01:06:55.670+0000][7][gc,age      ] GC(62) - age   5:     113664 bytes,     835552 total
[2026-07-13T01:06:55.670+0000][7][gc,age      ] GC(62) - age   6:      24632 bytes,     860184 total
[2026-07-13T01:06:55.670+0000][7][gc,age      ] GC(62) - age   7:      29280 bytes,     889464 total
[2026-07-13T01:06:55.671+0000][7][gc,age      ] GC(62) - age   8:      24560 bytes,     914024 total
[2026-07-13T01:06:55.671+0000][7][gc,age      ] GC(62) - age   9:      25248 bytes,     939272 total
[2026-07-13T01:06:55.671+0000][7][gc,age      ] GC(62) - age  10:      23168 bytes,     962440 total
[2026-07-13T01:06:55.671+0000][7][gc,age      ] GC(62) - age  11:      24624 bytes,     987064 total
[2026-07-13T01:06:55.671+0000][7][gc,age      ] GC(62) - age  12:      26600 bytes,    1013664 total
[2026-07-13T01:06:55.671+0000][7][gc,age      ] GC(62) - age  13:      26912 bytes,    1040576 total
[2026-07-13T01:06:55.671+0000][7][gc,age      ] GC(62) - age  14:      23480 bytes,    1064056 total
[2026-07-13T01:06:55.672+0000][7][gc,age      ] GC(62) - age  15:      27296 bytes,    1091352 total
[2026-07-13T01:06:55.672+0000][7][gc,heap     ] GC(62) Eden regions: 75->0(75)
[2026-07-13T01:06:55.672+0000][7][gc,heap     ] GC(62) Survivor regions: 1->1(10)
[2026-07-13T01:06:55.672+0000][7][gc,heap     ] GC(62) Old regions: 21->21
[2026-07-13T01:06:55.672+0000][7][gc,heap     ] GC(62) Humongous regions: 2->2
[2026-07-13T01:06:55.672+0000][7][gc,metaspace] GC(62) Metaspace: 112888K(115712K)->112888K(115712K) NonClass: 97293K(98816K)->97293K(98816K) Class: 15594K(16896K)->15594K(16896K)
[2026-07-13T01:06:55.673+0000][7][gc          ] GC(62) Pause Young (Normal) (G1 Evacuation Pause) 390M->90M(512M) 10.041ms
[2026-07-13T01:06:55.673+0000][7][gc,cpu      ] GC(62) User=0.01s Sys=0.00s Real=0.01s
[2026-07-13T01:06:55.673+0000][7][safepoint   ] Safepoint "G1CollectForAllocation", Time since last: 210128217591 ns, Reaching safepoint: 46126 ns, Cleanup: 6483 ns, At safepoint: 10470391 ns, Total: 10523000 ns
[2026-07-13T01:14:43.755+0000][7][safepoint   ] Safepoint "Cleanup", Time since last: 468069137451 ns, Reaching safepoint: 15821 ns, Cleanup: 13123 ns, At safepoint: 30008 ns, Total: 58952 ns
[2026-07-13T01:28:13.945+0000][7][gc,start    ] GC(63) Pause Young (Normal) (G1 Evacuation Pause)
[2026-07-13T01:28:13.947+0000][7][gc,task     ] GC(63) Using 4 workers of 4 for evacuation
[2026-07-13T01:28:13.947+0000][7][gc,age      ] GC(63) Desired survivor size 20971520 bytes, new threshold 15 (max threshold 15)
[2026-07-13T01:28:13.952+0000][7][gc,phases   ] GC(63)   Pre Evacuate Collection Set: 0.50ms
[2026-07-13T01:28:13.953+0000][7][gc,phases   ] GC(63)   Merge Heap Roots: 0.24ms
[2026-07-13T01:28:13.953+0000][7][gc,phases   ] GC(63)   Evacuate Collection Set: 2.42ms
[2026-07-13T01:28:13.953+0000][7][gc,phases   ] GC(63)   Post Evacuate Collection Set: 1.18ms
[2026-07-13T01:28:13.954+0000][7][gc,phases   ] GC(63)   Other: 0.72ms
[2026-07-13T01:28:13.954+0000][7][gc,age      ] GC(63) Age table with threshold 15 (max threshold 15)
[2026-07-13T01:28:13.954+0000][7][gc,age      ] GC(63) - age   1:     148336 bytes,     148336 total
[2026-07-13T01:28:13.954+0000][7][gc,age      ] GC(63) - age   2:      52624 bytes,     200960 total
[2026-07-13T01:28:13.955+0000][7][gc,age      ] GC(63) - age   3:      54096 bytes,     255056 total
[2026-07-13T01:28:13.955+0000][7][gc,age      ] GC(63) - age   4:      27976 bytes,     283032 total
[2026-07-13T01:28:13.955+0000][7][gc,age      ] GC(63) - age   5:     463944 bytes,     746976 total
[2026-07-13T01:28:13.955+0000][7][gc,age      ] GC(63) - age   6:      75496 bytes,     822472 total
[2026-07-13T01:28:13.956+0000][7][gc,age      ] GC(63) - age   7:      24632 bytes,     847104 total
[2026-07-13T01:28:13.956+0000][7][gc,age      ] GC(63) - age   8:      29280 bytes,     876384 total
[2026-07-13T01:28:13.956+0000][7][gc,age      ] GC(63) - age   9:      24560 bytes,     900944 total
[2026-07-13T01:28:13.956+0000][7][gc,age      ] GC(63) - age  10:      25248 bytes,     926192 total
[2026-07-13T01:28:13.957+0000][7][gc,age      ] GC(63) - age  11:      23168 bytes,     949360 total
[2026-07-13T01:28:13.957+0000][7][gc,age      ] GC(63) - age  12:      24624 bytes,     973984 total
[2026-07-13T01:28:13.957+0000][7][gc,age      ] GC(63) - age  13:      26600 bytes,    1000584 total
[2026-07-13T01:28:13.957+0000][7][gc,age      ] GC(63) - age  14:      26912 bytes,    1027496 total
[2026-07-13T01:28:13.958+0000][7][gc,age      ] GC(63) - age  15:      23480 bytes,    1050976 total
[2026-07-13T01:28:13.958+0000][7][gc,heap     ] GC(63) Eden regions: 75->0(75)
[2026-07-13T01:28:13.958+0000][7][gc,heap     ] GC(63) Survivor regions: 1->1(10)
[2026-07-13T01:28:13.959+0000][7][gc,heap     ] GC(63) Old regions: 21->21
[2026-07-13T01:28:13.959+0000][7][gc,heap     ] GC(63) Humongous regions: 2->2
[2026-07-13T01:28:13.959+0000][7][gc,metaspace] GC(63) Metaspace: 112891K(115712K)->112891K(115712K) NonClass: 97297K(98816K)->97297K(98816K) Class: 15594K(16896K)->15594K(16896K)
[2026-07-13T01:28:13.959+0000][7][gc          ] GC(63) Pause Young (Normal) (G1 Evacuation Pause) 390M->90M(512M) 14.273ms
[2026-07-13T01:28:13.959+0000][7][gc,cpu      ] GC(63) User=0.00s Sys=0.01s Real=0.02s
[2026-07-13T01:28:13.960+0000][7][safepoint   ] Safepoint "G1CollectForAllocation", Time since last: 810299577357 ns, Reaching safepoint: 39456 ns, Cleanup: 5240 ns, At safepoint: 14965731 ns, Total: 15010427 ns
[2026-07-13T01:32:05.522+0000][7][safepoint   ] Safepoint "Cleanup", Time since last: 231550250640 ns, Reaching safepoint: 14635 ns, Cleanup: 36589 ns, At safepoint: 14744 ns, Total: 65968 ns
[2026-07-13T01:37:05.898+0000][7][safepoint   ] Safepoint "Cleanup", Time since last: 300383535353 ns, Reaching safepoint: 103420 ns, Cleanup: 31474 ns, At safepoint: 294146 ns, Total: 429040 ns
[2026-07-13T02:07:39.506+0000][7][safepoint   ] Safepoint "Cleanup", Time since last: 184826000273 ns, Reaching safepoint: 80350 ns, Cleanup: 84368 ns, At safepoint: 7977 ns, Total: 172695 ns
[2026-07-13T02:54:08.802+0000][7][safepoint   ] Safepoint "Cleanup", Time since last: 2789280894856 ns, Reaching safepoint: 1647984 ns, Cleanup: 14797 ns, At safepoint: 80491 ns, Total: 1743272 ns
[2026-07-13T02:54:09.803+0000][7][safepoint   ] Safepoint "Cleanup", Time since last: 1000864928 ns, Reaching safepoint: 14569 ns, Cleanup: 25305 ns, At safepoint: 8314 ns, Total: 48188 ns
[2026-07-13T02:55:33.924+0000][7][gc,start    ] GC(64) Pause Young (Normal) (G1 Evacuation Pause)
[2026-07-13T02:55:33.928+0000][7][gc,task     ] GC(64) Using 4 workers of 4 for evacuation
[2026-07-13T02:55:33.930+0000][7][gc,age      ] GC(64) Desired survivor size 20971520 bytes, new threshold 15 (max threshold 15)
[2026-07-13T02:55:34.049+0000][7][gc,phases   ] GC(64)   Pre Evacuate Collection Set: 8.19ms
[2026-07-13T02:55:34.049+0000][7][gc,phases   ] GC(64)   Merge Heap Roots: 1.51ms
[2026-07-13T02:55:34.050+0000][7][gc,phases   ] GC(64)   Evacuate Collection Set: 67.20ms
[2026-07-13T02:55:34.051+0000][7][gc,phases   ] GC(64)   Post Evacuate Collection Set: 37.90ms
[2026-07-13T02:55:34.052+0000][7][gc,phases   ] GC(64)   Other: 6.21ms
[2026-07-13T02:55:34.053+0000][7][gc,age      ] GC(64) Age table with threshold 15 (max threshold 15)
[2026-07-13T02:55:34.054+0000][7][gc,age      ] GC(64) - age   1:     346208 bytes,     346208 total
[2026-07-13T02:55:34.055+0000][7][gc,age      ] GC(64) - age   2:      58720 bytes,     404928 total
[2026-07-13T02:55:34.055+0000][7][gc,age      ] GC(64) - age   3:      52592 bytes,     457520 total
[2026-07-13T02:55:34.056+0000][7][gc,age      ] GC(64) - age   4:      52816 bytes,     510336 total
[2026-07-13T02:55:34.057+0000][7][gc,age      ] GC(64) - age   5:      26880 bytes,     537216 total
[2026-07-13T02:55:34.058+0000][7][gc,age      ] GC(64) - age   6:      30136 bytes,     567352 total
[2026-07-13T02:55:34.058+0000][7][gc,age      ] GC(64) - age   7:      28088 bytes,     595440 total
[2026-07-13T02:55:34.059+0000][7][gc,age      ] GC(64) - age   8:      24632 bytes,     620072 total
[2026-07-13T02:55:34.059+0000][7][gc,age      ] GC(64) - age   9:      29280 bytes,     649352 total
[2026-07-13T02:55:34.060+0000][7][gc,age      ] GC(64) - age  10:      24560 bytes,     673912 total
[2026-07-13T02:55:34.061+0000][7][gc,age      ] GC(64) - age  11:      25248 bytes,     699160 total
[2026-07-13T02:55:34.062+0000][7][gc,age      ] GC(64) - age  12:      23168 bytes,     722328 total
[2026-07-13T02:55:34.062+0000][7][gc,age      ] GC(64) - age  13:      24624 bytes,     746952 total
[2026-07-13T02:55:34.063+0000][7][gc,age      ] GC(64) - age  14:      26600 bytes,     773552 total
[2026-07-13T02:55:34.064+0000][7][gc,age      ] GC(64) - age  15:      26912 bytes,     800464 total
[2026-07-13T02:55:34.065+0000][7][gc,heap     ] GC(64) Eden regions: 75->0(75)
[2026-07-13T02:55:34.065+0000][7][gc,heap     ] GC(64) Survivor regions: 1->1(10)
[2026-07-13T02:55:34.066+0000][7][gc,heap     ] GC(64) Old regions: 21->21
[2026-07-13T02:55:34.067+0000][7][gc,heap     ] GC(64) Humongous regions: 2->2
[2026-07-13T02:55:34.068+0000][7][gc,metaspace] GC(64) Metaspace: 112926K(115712K)->112926K(115712K) NonClass: 97331K(98816K)->97331K(98816K) Class: 15594K(16896K)->15594K(16896K)
[2026-07-13T02:55:34.069+0000][7][gc          ] GC(64) Pause Young (Normal) (G1 Evacuation Pause) 390M->90M(512M) 144.555ms
[2026-07-13T02:55:34.069+0000][7][gc,cpu      ] GC(64) User=0.34s Sys=0.00s Real=0.15s
[2026-07-13T02:55:34.070+0000][7][safepoint   ] Safepoint "G1CollectForAllocation", Time since last: 84128718554 ns, Reaching safepoint: 72541 ns, Cleanup: 8927 ns, At safepoint: 147087217 ns, Total: 147168685 ns
[2026-07-13T03:05:46.690+0000][7][safepoint   ] Safepoint "Cleanup", Time since last: 612467638122 ns, Reaching safepoint: 97414484 ns, Cleanup: 145994 ns, At safepoint: 66723227 ns, Total: 164283705 ns
[2026-07-13T03:05:47.718+0000][7][safepoint   ] Safepoint "Cleanup", Time since last: 1027626095 ns, Reaching safepoint: 13006 ns, Cleanup: 13179 ns, At safepoint: 7849 ns, Total: 34034 ns
[2026-07-13T03:19:38.019+0000][7][gc,start    ] GC(65) Pause Young (Normal) (G1 Evacuation Pause)
[2026-07-13T03:19:38.020+0000][7][gc,task     ] GC(65) Using 4 workers of 4 for evacuation
[2026-07-13T03:19:38.022+0000][7][gc,age      ] GC(65) Desired survivor size 20971520 bytes, new threshold 15 (max threshold 15)
[2026-07-13T03:19:38.046+0000][7][gc,phases   ] GC(65)   Pre Evacuate Collection Set: 0.97ms
[2026-07-13T03:19:38.046+0000][7][gc,phases   ] GC(65)   Merge Heap Roots: 9.94ms
[2026-07-13T03:19:38.046+0000][7][gc,phases   ] GC(65)   Evacuate Collection Set: 10.78ms
[2026-07-13T03:19:38.047+0000][7][gc,phases   ] GC(65)   Post Evacuate Collection Set: 1.45ms
[2026-07-13T03:19:38.047+0000][7][gc,phases   ] GC(65)   Other: 2.58ms
[2026-07-13T03:19:38.047+0000][7][gc,age      ] GC(65) Age table with threshold 15 (max threshold 15)
[2026-07-13T03:19:38.047+0000][7][gc,age      ] GC(65) - age   1:     508744 bytes,     508744 total
[2026-07-13T03:19:38.047+0000][7][gc,age      ] GC(65) - age   2:     135912 bytes,     644656 total
[2026-07-13T03:19:38.048+0000][7][gc,age      ] GC(65) - age   3:      27808 bytes,     672464 total
[2026-07-13T03:19:38.048+0000][7][gc,age      ] GC(65) - age   4:      52592 bytes,     725056 total
[2026-07-13T03:19:38.048+0000][7][gc,age      ] GC(65) - age   5:      28232 bytes,     753288 total
[2026-07-13T03:19:38.048+0000][7][gc,age      ] GC(65) - age   6:      26880 bytes,     780168 total
[2026-07-13T03:19:38.048+0000][7][gc,age      ] GC(65) - age   7:      29704 bytes,     809872 total
[2026-07-13T03:19:38.049+0000][7][gc,age      ] GC(65) - age   8:      27216 bytes,     837088 total
[2026-07-13T03:19:38.049+0000][7][gc,age      ] GC(65) - age   9:      24632 bytes,     861720 total
[2026-07-13T03:19:38.049+0000][7][gc,age      ] GC(65) - age  10:      29280 bytes,     891000 total
[2026-07-13T03:19:38.049+0000][7][gc,age      ] GC(65) - age  11:      24560 bytes,     915560 total
[2026-07-13T03:19:38.049+0000][7][gc,age      ] GC(65) - age  12:      25248 bytes,     940808 total
[2026-07-13T03:19:38.050+0000][7][gc,age      ] GC(65) - age  13:      23168 bytes,     963976 total
[2026-07-13T03:19:38.050+0000][7][gc,age      ] GC(65) - age  14:      24624 bytes,     988600 total
[2026-07-13T03:19:38.050+0000][7][gc,age      ] GC(65) - age  15:      26600 bytes,    1015200 total
[2026-07-13T03:19:38.050+0000][7][gc,heap     ] GC(65) Eden regions: 75->0(75)
[2026-07-13T03:19:38.050+0000][7][gc,heap     ] GC(65) Survivor regions: 1->1(10)
[2026-07-13T03:19:38.050+0000][7][gc,heap     ] GC(65) Old regions: 21->21
[2026-07-13T03:19:38.051+0000][7][gc,heap     ] GC(65) Humongous regions: 2->2
[2026-07-13T03:19:38.051+0000][7][gc,metaspace] GC(65) Metaspace: 112927K(115712K)->112927K(115712K) NonClass: 97332K(98816K)->97332K(98816K) Class: 15594K(16896K)->15594K(16896K)
[2026-07-13T03:19:38.051+0000][7][gc          ] GC(65) Pause Young (Normal) (G1 Evacuation Pause) 390M->90M(512M) 32.120ms
[2026-07-13T03:19:38.052+0000][7][gc,cpu      ] GC(65) User=0.05s Sys=0.01s Real=0.03s
[2026-07-13T03:19:38.052+0000][7][safepoint   ] Safepoint "G1CollectForAllocation", Time since last: 830280798764 ns, Reaching safepoint: 259691 ns, Cleanup: 7868 ns, At safepoint: 32669307 ns, Total: 32936866 ns
[2026-07-13T03:25:27.376+0000][7][safepoint   ] Safepoint "Cleanup", Time since last: 349348836764 ns, Reaching safepoint: 30470 ns, Cleanup: 11325 ns, At safepoint: 6024 ns, Total: 47819 ns
[2026-07-13T03:26:58.774+0000][7][safepoint   ] Safepoint "Cleanup", Time since last: 91395725024 ns, Reaching safepoint: 18061 ns, Cleanup: 17907 ns, At safepoint: 14316 ns, Total: 50284 ns
[2026-07-13T03:33:48.482+0000][7][gc,start    ] GC(66) Pause Young (Normal) (G1 Evacuation Pause)
[2026-07-13T03:33:48.482+0000][7][gc,task     ] GC(66) Using 4 workers of 4 for evacuation
[2026-07-13T03:33:48.482+0000][7][gc,age      ] GC(66) Desired survivor size 20971520 bytes, new threshold 15 (max threshold 15)
[2026-07-13T03:33:48.486+0000][7][gc,phases   ] GC(66)   Pre Evacuate Collection Set: 0.24ms
[2026-07-13T03:33:48.486+0000][7][gc,phases   ] GC(66)   Merge Heap Roots: 0.15ms
[2026-07-13T03:33:48.486+0000][7][gc,phases   ] GC(66)   Evacuate Collection Set: 1.56ms
[2026-07-13T03:33:48.487+0000][7][gc,phases   ] GC(66)   Post Evacuate Collection Set: 1.27ms
[2026-07-13T03:33:48.487+0000][7][gc,phases   ] GC(66)   Other: 0.45ms
[2026-07-13T03:33:48.487+0000][7][gc,age      ] GC(66) Age table with threshold 15 (max threshold 15)
[2026-07-13T03:33:48.487+0000][7][gc,age      ] GC(66) - age   1:      91528 bytes,      91528 total
[2026-07-13T03:33:48.487+0000][7][gc,age      ] GC(66) - age   2:     493504 bytes,     585032 total
[2026-07-13T03:33:48.488+0000][7][gc,age      ] GC(66) - age   3:     135848 bytes,     720880 total
[2026-07-13T03:33:48.488+0000][7][gc,age      ] GC(66) - age   4:      27808 bytes,     748688 total
[2026-07-13T03:33:48.488+0000][7][gc,age      ] GC(66) - age   5:      28008 bytes,     776696 total
[2026-07-13T03:33:48.488+0000][7][gc,age      ] GC(66) - age   6:      28192 bytes,     804888 total
[2026-07-13T03:33:48.488+0000][7][gc,age      ] GC(66) - age   7:      26880 bytes,     831768 total
[2026-07-13T03:33:48.488+0000][7][gc,age      ] GC(66) - age   8:      29704 bytes,     861472 total
[2026-07-13T03:33:48.488+0000][7][gc,age      ] GC(66) - age   9:      27216 bytes,     888688 total
[2026-07-13T03:33:48.489+0000][7][gc,age      ] GC(66) - age  10:      23408 bytes,     912096 total
[2026-07-13T03:33:48.489+0000][7][gc,age      ] GC(66) - age  11:      29280 bytes,     941376 total
[2026-07-13T03:33:48.489+0000][7][gc,age      ] GC(66) - age  12:      24560 bytes,     965936 total
[2026-07-13T03:33:48.489+0000][7][gc,age      ] GC(66) - age  13:      25248 bytes,     991184 total
[2026-07-13T03:33:48.489+0000][7][gc,age      ] GC(66) - age  14:      23168 bytes,    1014352 total
[2026-07-13T03:33:48.489+0000][7][gc,age      ] GC(66) - age  15:      24624 bytes,    1038976 total
[2026-07-13T03:33:48.490+0000][7][gc,heap     ] GC(66) Eden regions: 75->0(75)
[2026-07-13T03:33:48.490+0000][7][gc,heap     ] GC(66) Survivor regions: 1->1(10)
[2026-07-13T03:33:48.490+0000][7][gc,heap     ] GC(66) Old regions: 21->21
[2026-07-13T03:33:48.490+0000][7][gc,heap     ] GC(66) Humongous regions: 2->2
[2026-07-13T03:33:48.490+0000][7][gc,metaspace] GC(66) Metaspace: 112927K(115712K)->112927K(115712K) NonClass: 97332K(98816K)->97332K(98816K) Class: 15594K(16896K)->15594K(16896K)
[2026-07-13T03:33:48.490+0000][7][gc          ] GC(66) Pause Young (Normal) (G1 Evacuation Pause) 390M->90M(512M) 8.041ms
[2026-07-13T03:33:48.490+0000][7][gc,cpu      ] GC(66) User=0.01s Sys=0.00s Real=0.01s
[2026-07-13T03:33:48.491+0000][7][safepoint   ] Safepoint "G1CollectForAllocation", Time since last: 409700835136 ns, Reaching safepoint: 9478 ns, Cleanup: 3358 ns, At safepoint: 8492409 ns, Total: 8505245 ns
[2026-07-13T03:35:47.417+0000][7][safepoint   ] Safepoint "Cleanup", Time since last: 118924837842 ns, Reaching safepoint: 12219 ns, Cleanup: 11454 ns, At safepoint: 7690 ns, Total: 31363 ns
[2026-07-13T03:36:17.784+0000][7][safepoint   ] Safepoint "Cleanup", Time since last: 30365994645 ns, Reaching safepoint: 36073 ns, Cleanup: 11036 ns, At safepoint: 5353 ns, Total: 52462 ns
[2026-07-13T03:38:18.004+0000][7][safepoint   ] Safepoint "Cleanup", Time since last: 120216951716 ns, Reaching safepoint: 73716 ns, Cleanup: 12027 ns, At safepoint: 10554 ns, Total: 96297 ns
[2026-07-13T03:38:47.028+0000][7][safepoint   ] Safepoint "Cleanup", Time since last: 29024050668 ns, Reaching safepoint: 22222 ns, Cleanup: 17390 ns, At safepoint: 12301 ns, Total: 51913 ns
[2026-07-13T03:40:47.271+0000][7][safepoint   ] Safepoint "Cleanup", Time since last: 120105720099 ns, Reaching safepoint: 33131 ns, Cleanup: 14873 ns, At safepoint: 7721 ns, Total: 55725 ns
[2026-07-13T03:47:59.078+0000][7][gc,start    ] GC(67) Pause Young (Normal) (G1 Evacuation Pause)
[2026-07-13T03:47:59.078+0000][7][gc,task     ] GC(67) Using 4 workers of 4 for evacuation
[2026-07-13T03:47:59.078+0000][7][gc,age      ] GC(67) Desired survivor size 20971520 bytes, new threshold 15 (max threshold 15)
[2026-07-13T03:47:59.083+0000][7][gc,phases   ] GC(67)   Pre Evacuate Collection Set: 0.27ms
[2026-07-13T03:47:59.084+0000][7][gc,phases   ] GC(67)   Merge Heap Roots: 0.15ms
[2026-07-13T03:47:59.084+0000][7][gc,phases   ] GC(67)   Evacuate Collection Set: 2.28ms
[2026-07-13T03:47:59.085+0000][7][gc,phases   ] GC(67)   Post Evacuate Collection Set: 2.48ms
[2026-07-13T03:47:59.087+0000][7][gc,phases   ] GC(67)   Other: 0.43ms
[2026-07-13T03:47:59.089+0000][7][gc,age      ] GC(67) Age table with threshold 15 (max threshold 15)
[2026-07-13T03:47:59.090+0000][7][gc,age      ] GC(67) - age   1:      73904 bytes,      73904 total
[2026-07-13T03:47:59.092+0000][7][gc,age      ] GC(67) - age   2:      75912 bytes,     149816 total
[2026-07-13T03:47:59.094+0000][7][gc,age      ] GC(67) - age   3:     493408 bytes,     643224 total
[2026-07-13T03:47:59.097+0000][7][gc,age      ] GC(67) - age   4:     135848 bytes,     779072 total
[2026-07-13T03:47:59.097+0000][7][gc,age      ] GC(67) - age   5:      27808 bytes,     806880 total
[2026-07-13T03:47:59.098+0000][7][gc,age      ] GC(67) - age   6:      27968 bytes,     834848 total
[2026-07-13T03:47:59.098+0000][7][gc,age      ] GC(67) - age   7:      28192 bytes,     863040 total
[2026-07-13T03:47:59.098+0000][7][gc,age      ] GC(67) - age   8:      26880 bytes,     889920 total
[2026-07-13T03:47:59.098+0000][7][gc,age      ] GC(67) - age   9:      29704 bytes,     919624 total
[2026-07-13T03:47:59.098+0000][7][gc,age      ] GC(67) - age  10:      27216 bytes,     946840 total
[2026-07-13T03:47:59.099+0000][7][gc,age      ] GC(67) - age  11:      23408 bytes,     970248 total
[2026-07-13T03:47:59.099+0000][7][gc,age      ] GC(67) - age  12:      29280 bytes,     999528 total
[2026-07-13T03:47:59.099+0000][7][gc,age      ] GC(67) - age  13:      24560 bytes,    1024088 total
[2026-07-13T03:47:59.099+0000][7][gc,age      ] GC(67) - age  14:      25248 bytes,    1049336 total
[2026-07-13T03:47:59.099+0000][7][gc,age      ] GC(67) - age  15:      23168 bytes,    1072504 total
[2026-07-13T03:47:59.100+0000][7][gc,heap     ] GC(67) Eden regions: 75->0(75)
[2026-07-13T03:47:59.100+0000][7][gc,heap     ] GC(67) Survivor regions: 1->1(10)
[2026-07-13T03:47:59.100+0000][7][gc,heap     ] GC(67) Old regions: 21->21
[2026-07-13T03:47:59.100+0000][7][gc,heap     ] GC(67) Humongous regions: 2->2
[2026-07-13T03:47:59.100+0000][7][gc,metaspace] GC(67) Metaspace: 112939K(115776K)->112939K(115776K) NonClass: 97344K(98880K)->97344K(98880K) Class: 15594K(16896K)->15594K(16896K)
[2026-07-13T03:47:59.101+0000][7][gc          ] GC(67) Pause Young (Normal) (G1 Evacuation Pause) 390M->90M(512M) 22.902ms
[2026-07-13T03:47:59.101+0000][7][gc,cpu      ] GC(67) User=0.01s Sys=0.00s Real=0.02s
[2026-07-13T03:47:59.101+0000][7][safepoint   ] Safepoint "G1CollectForAllocation", Time since last: 431794401491 ns, Reaching safepoint: 9632 ns, Cleanup: 3494 ns, At safepoint: 23590600 ns, Total: 23603726 ns
[2026-07-13T03:49:39.201+0000][7][safepoint   ] Safepoint "Cleanup", Time since last: 100097108547 ns, Reaching safepoint: 38719 ns, Cleanup: 12845 ns, At safepoint: 11895 ns, Total: 63459 ns
[2026-07-13T03:50:47.515+0000][7][safepoint   ] Safepoint "Cleanup", Time since last: 68310912026 ns, Reaching safepoint: 16170 ns, Cleanup: 18297 ns, At safepoint: 9604 ns, Total: 44071 ns
[2026-07-13T03:53:03.184+0000][7][safepoint   ] Safepoint "Cleanup", Time since last: 135664950365 ns, Reaching safepoint: 12302 ns, Cleanup: 11975 ns, At safepoint: 8277 ns, Total: 32554 ns
[2026-07-13T03:55:47.522+0000][7][safepoint   ] Safepoint "Cleanup", Time since last: 164332852894 ns, Reaching safepoint: 32129 ns, Cleanup: 11113 ns, At safepoint: 6345 ns, Total: 49587 ns
[2026-07-13T03:57:23.852+0000][7][safepoint   ] Safepoint "Cleanup", Time since last: 96327031736 ns, Reaching safepoint: 34366 ns, Cleanup: 13668 ns, At safepoint: 6818 ns, Total: 54852 ns
[2026-07-13T03:57:47.882+0000][7][safepoint   ] Safepoint "Cleanup", Time since last: 24028984994 ns, Reaching safepoint: 40358 ns, Cleanup: 13089 ns, At safepoint: 10808 ns, Total: 64255 ns
[2026-07-13T04:02:15.138+0000][7][gc,start    ] GC(68) Pause Young (Normal) (G1 Evacuation Pause)
[2026-07-13T04:02:15.138+0000][7][gc,task     ] GC(68) Using 4 workers of 4 for evacuation
[2026-07-13T04:02:15.138+0000][7][gc,age      ] GC(68) Desired survivor size 20971520 bytes, new threshold 15 (max threshold 15)
[2026-07-13T04:02:15.141+0000][7][gc,phases   ] GC(68)   Pre Evacuate Collection Set: 0.32ms
[2026-07-13T04:02:15.141+0000][7][gc,phases   ] GC(68)   Merge Heap Roots: 0.19ms
[2026-07-13T04:02:15.141+0000][7][gc,phases   ] GC(68)   Evacuate Collection Set: 1.16ms
[2026-07-13T04:02:15.141+0000][7][gc,phases   ] GC(68)   Post Evacuate Collection Set: 0.71ms
[2026-07-13T04:02:15.141+0000][7][gc,phases   ] GC(68)   Other: 0.37ms
[2026-07-13T04:02:15.141+0000][7][gc,age      ] GC(68) Age table with threshold 15 (max threshold 15)
[2026-07-13T04:02:15.141+0000][7][gc,age      ] GC(68) - age   1:      44328 bytes,      44328 total
[2026-07-13T04:02:15.142+0000][7][gc,age      ] GC(68) - age   2:      58776 bytes,     103104 total
[2026-07-13T04:02:15.142+0000][7][gc,age      ] GC(68) - age   3:      75680 bytes,     178784 total
[2026-07-13T04:02:15.142+0000][7][gc,age      ] GC(68) - age   4:     476904 bytes,     655688 total
[2026-07-13T04:02:15.142+0000][7][gc,age      ] GC(68) - age   5:     135848 bytes,     791536 total
[2026-07-13T04:02:15.142+0000][7][gc,age      ] GC(68) - age   6:      27808 bytes,     819344 total
[2026-07-13T04:02:15.142+0000][7][gc,age      ] GC(68) - age   7:      27968 bytes,     847312 total
[2026-07-13T04:02:15.142+0000][7][gc,age      ] GC(68) - age   8:      28192 bytes,     875504 total
[2026-07-13T04:02:15.142+0000][7][gc,age      ] GC(68) - age   9:      26880 bytes,     902384 total
[2026-07-13T04:02:15.142+0000][7][gc,age      ] GC(68) - age  10:      29704 bytes,     932088 total
[2026-07-13T04:02:15.143+0000][7][gc,age      ] GC(68) - age  11:      27216 bytes,     959304 total
[2026-07-13T04:02:15.143+0000][7][gc,age      ] GC(68) - age  12:      23408 bytes,     982712 total
[2026-07-13T04:02:15.143+0000][7][gc,age      ] GC(68) - age  13:      29280 bytes,    1011992 total
[2026-07-13T04:02:15.143+0000][7][gc,age      ] GC(68) - age  14:      24560 bytes,    1036552 total
[2026-07-13T04:02:15.143+0000][7][gc,age      ] GC(68) - age  15:      25248 bytes,    1061800 total
[2026-07-13T04:02:15.143+0000][7][gc,heap     ] GC(68) Eden regions: 75->0(75)
[2026-07-13T04:02:15.143+0000][7][gc,heap     ] GC(68) Survivor regions: 1->1(10)
[2026-07-13T04:02:15.143+0000][7][gc,heap     ] GC(68) Old regions: 21->21
[2026-07-13T04:02:15.143+0000][7][gc,heap     ] GC(68) Humongous regions: 2->2
[2026-07-13T04:02:15.144+0000][7][gc,metaspace] GC(68) Metaspace: 112945K(115776K)->112945K(115776K) NonClass: 97350K(98880K)->97350K(98880K) Class: 15594K(16896K)->15594K(16896K)
[2026-07-13T04:02:15.144+0000][7][gc          ] GC(68) Pause Young (Normal) (G1 Evacuation Pause) 390M->90M(512M) 6.224ms
[2026-07-13T04:02:15.144+0000][7][gc,cpu      ] GC(68) User=0.01s Sys=0.01s Real=0.01s
[2026-07-13T04:02:15.144+0000][7][safepoint   ] Safepoint "G1CollectForAllocation", Time since last: 267248560750 ns, Reaching safepoint: 25270 ns, Cleanup: 3371 ns, At safepoint: 6589189 ns, Total: 6617830 ns
[2026-07-13T04:21:25.064+0000][7][safepoint   ] Safepoint "Cleanup", Time since last: 1150093568768 ns, Reaching safepoint: 10731 ns, Cleanup: 13261 ns, At safepoint: 6821 ns, Total: 30813 ns
[2026-07-13T04:27:18.765+0000][7][safepoint   ] Safepoint "Cleanup", Time since last: 353416973147 ns, Reaching safepoint: 32147 ns, Cleanup: 10225 ns, At safepoint: 8185 ns, Total: 50557 ns
[2026-07-13T04:31:00.221+0000][7][gc,start    ] GC(69) Pause Young (Normal) (G1 Evacuation Pause)
[2026-07-13T04:31:00.223+0000][7][gc,task     ] GC(69) Using 4 workers of 4 for evacuation
[2026-07-13T04:31:00.223+0000][7][gc,age      ] GC(69) Desired survivor size 20971520 bytes, new threshold 15 (max threshold 15)
[2026-07-13T04:31:00.225+0000][7][gc,phases   ] GC(69)   Pre Evacuate Collection Set: 0.34ms
[2026-07-13T04:31:00.226+0000][7][gc,phases   ] GC(69)   Merge Heap Roots: 0.07ms
[2026-07-13T04:31:00.226+0000][7][gc,phases   ] GC(69)   Evacuate Collection Set: 1.17ms
[2026-07-13T04:31:00.226+0000][7][gc,phases   ] GC(69)   Post Evacuate Collection Set: 0.73ms
[2026-07-13T04:31:00.226+0000][7][gc,phases   ] GC(69)   Other: 0.36ms
[2026-07-13T04:31:00.226+0000][7][gc,age      ] GC(69) Age table with threshold 15 (max threshold 15)
[2026-07-13T04:31:00.226+0000][7][gc,age      ] GC(69) - age   1:     659720 bytes,     659720 total
[2026-07-13T04:31:00.226+0000][7][gc,age      ] GC(69) - age   2:      27520 bytes,     687240 total
[2026-07-13T04:31:00.227+0000][7][gc,age      ] GC(69) - age   3:      57616 bytes,     744856 total
[2026-07-13T04:31:00.227+0000][7][gc,age      ] GC(69) - age   4:      32448 bytes,     777304 total
[2026-07-13T04:31:00.227+0000][7][gc,age      ] GC(69) - age   5:      54880 bytes,     832184 total
[2026-07-13T04:31:00.227+0000][7][gc,age      ] GC(69) - age   6:      64488 bytes,     896672 total
[2026-07-13T04:31:00.227+0000][7][gc,age      ] GC(69) - age   7:      27344 bytes,     924016 total
[2026-07-13T04:31:00.228+0000][7][gc,age      ] GC(69) - age   8:      27968 bytes,     951984 total
[2026-07-13T04:31:00.228+0000][7][gc,age      ] GC(69) - age   9:      28192 bytes,     980176 total
[2026-07-13T04:31:00.228+0000][7][gc,age      ] GC(69) - age  10:      26880 bytes,    1007056 total
[2026-07-13T04:31:00.228+0000][7][gc,age      ] GC(69) - age  11:      29376 bytes,    1036432 total
[2026-07-13T04:31:00.228+0000][7][gc,age      ] GC(69) - age  12:      27216 bytes,    1063648 total
[2026-07-13T04:31:00.228+0000][7][gc,age      ] GC(69) - age  13:      23344 bytes,    1086992 total
[2026-07-13T04:31:00.229+0000][7][gc,age      ] GC(69) - age  14:      29280 bytes,    1116272 total
[2026-07-13T04:31:00.229+0000][7][gc,age      ] GC(69) - age  15:      24496 bytes,    1140768 total
[2026-07-13T04:31:00.229+0000][7][gc,heap     ] GC(69) Eden regions: 75->0(75)
[2026-07-13T04:31:00.229+0000][7][gc,heap     ] GC(69) Survivor regions: 1->1(10)
[2026-07-13T04:31:00.229+0000][7][gc,heap     ] GC(69) Old regions: 21->21
[2026-07-13T04:31:00.229+0000][7][gc,heap     ] GC(69) Humongous regions: 2->2
[2026-07-13T04:31:00.230+0000][7][gc,metaspace] GC(69) Metaspace: 112963K(115776K)->112963K(115776K) NonClass: 97368K(98880K)->97368K(98880K) Class: 15594K(16896K)->15594K(16896K)
[2026-07-13T04:31:00.230+0000][7][gc          ] GC(69) Pause Young (Normal) (G1 Evacuation Pause) 390M->91M(512M) 8.484ms
[2026-07-13T04:31:00.230+0000][7][gc,cpu      ] GC(69) User=0.01s Sys=0.01s Real=0.01s
[2026-07-13T04:31:00.233+0000][7][safepoint   ] Safepoint "G1CollectForAllocation", Time since last: 221448926255 ns, Reaching safepoint: 33312 ns, Cleanup: 4549 ns, At safepoint: 12083881 ns, Total: 12121742 ns
[2026-07-13T04:33:51.442+0000][7][safepoint   ] Safepoint "Cleanup", Time since last: 171205181917 ns, Reaching safepoint: 48066 ns, Cleanup: 15525 ns, At safepoint: 11320 ns, Total: 74911 ns
[2026-07-13T04:34:25.476+0000][7][safepoint   ] Safepoint "Cleanup", Time since last: 34030861360 ns, Reaching safepoint: 34339 ns, Cleanup: 12323 ns, At safepoint: 7044 ns, Total: 53706 ns
[2026-07-13T04:36:25.598+0000][7][safepoint   ] Safepoint "Cleanup", Time since last: 120118860908 ns, Reaching safepoint: 96154 ns, Cleanup: 33718 ns, At safepoint: 14165 ns, Total: 144037 ns
[2026-07-13T04:36:55.625+0000][7][safepoint   ] Safepoint "Cleanup", Time since last: 30025750404 ns, Reaching safepoint: 33673 ns, Cleanup: 11033 ns, At safepoint: 7260 ns, Total: 51966 ns
[2026-07-13T04:37:25.577+0000][7][safepoint   ] Safepoint "Cleanup", Time since last: 30033013661 ns, Reaching safepoint: 42586 ns, Cleanup: 13082 ns, At safepoint: 10533 ns, Total: 66201 ns
[2026-07-13T04:39:56.015+0000][7][safepoint   ] Safepoint "Cleanup", Time since last: 150436910280 ns, Reaching safepoint: 51095 ns, Cleanup: 26834 ns, At safepoint: 6244 ns, Total: 84173 ns
[2026-07-13T04:41:25.108+0000][7][safepoint   ] Safepoint "Cleanup", Time since last: 89090959655 ns, Reaching safepoint: 38783 ns, Cleanup: 15681 ns, At safepoint: 9285 ns, Total: 63749 ns
[2026-07-13T04:44:40.752+0000][7][gc,start    ] GC(70) Pause Young (Normal) (G1 Evacuation Pause)
[2026-07-13T04:44:40.753+0000][7][gc,task     ] GC(70) Using 4 workers of 4 for evacuation
[2026-07-13T04:44:40.753+0000][7][gc,age      ] GC(70) Desired survivor size 20971520 bytes, new threshold 15 (max threshold 15)
[2026-07-13T04:44:40.756+0000][7][gc,phases   ] GC(70)   Pre Evacuate Collection Set: 0.25ms
[2026-07-13T04:44:40.756+0000][7][gc,phases   ] GC(70)   Merge Heap Roots: 0.13ms
[2026-07-13T04:44:40.757+0000][7][gc,phases   ] GC(70)   Evacuate Collection Set: 1.84ms
[2026-07-13T04:44:40.757+0000][7][gc,phases   ] GC(70)   Post Evacuate Collection Set: 0.88ms
[2026-07-13T04:44:40.757+0000][7][gc,phases   ] GC(70)   Other: 0.41ms
[2026-07-13T04:44:40.757+0000][7][gc,age      ] GC(70) Age table with threshold 15 (max threshold 15)
[2026-07-13T04:44:40.757+0000][7][gc,age      ] GC(70) - age   1:     558064 bytes,     558064 total
[2026-07-13T04:44:40.757+0000][7][gc,age      ] GC(70) - age   2:     185616 bytes,     743680 total
[2026-07-13T04:44:40.758+0000][7][gc,age      ] GC(70) - age   3:      27160 bytes,     770840 total
[2026-07-13T04:44:40.758+0000][7][gc,age      ] GC(70) - age   4:      33032 bytes,     803872 total
[2026-07-13T04:44:40.758+0000][7][gc,age      ] GC(70) - age   5:      32408 bytes,     836280 total
[2026-07-13T04:44:40.758+0000][7][gc,age      ] GC(70) - age   6:      38696 bytes,     874976 total
[2026-07-13T04:44:40.758+0000][7][gc,age      ] GC(70) - age   7:      64384 bytes,     939360 total
[2026-07-13T04:44:40.758+0000][7][gc,age      ] GC(70) - age   8:      27344 bytes,     966704 total
[2026-07-13T04:44:40.758+0000][7][gc,age      ] GC(70) - age   9:      27968 bytes,     994672 total
[2026-07-13T04:44:40.759+0000][7][gc,age      ] GC(70) - age  10:      28192 bytes,    1022864 total
[2026-07-13T04:44:40.759+0000][7][gc,age      ] GC(70) - age  11:      26880 bytes,    1049744 total
[2026-07-13T04:44:40.759+0000][7][gc,age      ] GC(70) - age  12:      29280 bytes,    1079024 total
[2026-07-13T04:44:40.759+0000][7][gc,age      ] GC(70) - age  13:      27184 bytes,    1106208 total
[2026-07-13T04:44:40.759+0000][7][gc,age      ] GC(70) - age  14:      23344 bytes,    1129552 total
[2026-07-13T04:44:40.759+0000][7][gc,age      ] GC(70) - age  15:      29280 bytes,    1158832 total
[2026-07-13T04:44:40.759+0000][7][gc,heap     ] GC(70) Eden regions: 75->0(75)
[2026-07-13T04:44:40.759+0000][7][gc,heap     ] GC(70) Survivor regions: 1->1(10)
[2026-07-13T04:44:40.760+0000][7][gc,heap     ] GC(70) Old regions: 21->21
[2026-07-13T04:44:40.760+0000][7][gc,heap     ] GC(70) Humongous regions: 2->2
[2026-07-13T04:44:40.760+0000][7][gc,metaspace] GC(70) Metaspace: 112965K(115776K)->112965K(115776K) NonClass: 97370K(98880K)->97370K(98880K) Class: 15595K(16896K)->15595K(16896K)
[2026-07-13T04:44:40.760+0000][7][gc          ] GC(70) Pause Young (Normal) (G1 Evacuation Pause) 391M->91M(512M) 7.510ms
[2026-07-13T04:44:40.760+0000][7][gc,cpu      ] GC(70) User=0.01s Sys=0.00s Real=0.00s
[2026-07-13T04:44:40.760+0000][7][safepoint   ] Safepoint "G1CollectForAllocation", Time since last: 195641203110 ns, Reaching safepoint: 10128 ns, Cleanup: 3754 ns, At safepoint: 7897934 ns, Total: 7911816 ns
[2026-07-13T04:51:52.046+0000][7][safepoint   ] Safepoint "Cleanup", Time since last: 431279221111 ns, Reaching safepoint: 4905 ns, Cleanup: 47126 ns, At safepoint: 28121 ns, Total: 80152 ns
[2026-07-13T04:51:52.075+0000][7][gc,heap,exit] Heap
[2026-07-13T04:51:52.075+0000][7][gc,heap,exit]  garbage-first heap   total reserved 524288K, committed 524288K, used 274629K [0x00000000e0000000, 0x0000000100000000)
[2026-07-13T04:51:52.075+0000][7][gc,heap,exit]   region size 4096K, 46 young (188416K), 1 survivors (4096K)
[2026-07-13T04:51:52.076+0000][7][gc,heap,exit]  Metaspace       used 113172K, committed 115904K, reserved 1179648K
[2026-07-13T04:51:52.076+0000][7][gc,heap,exit]   class space    used 15631K, committed 16896K, reserved 1048576K
